Definition: /data1/workspace/ziming/dataset/SOL-ExecBench/data/benchmark/L2/015_audio_sinusoidal_position_embedding_with_conv_projection/definition.json
Workload  : /data1/workspace/ziming/dataset/SOL-ExecBench/data/benchmark/L2/015_audio_sinusoidal_position_embedding_with_conv_projection/workload.jsonl
Solution  : /data1/workspace/weihongren/baseline/drtriton/kbstyle_campaign_v2_20260918/tasks/SOL/L2/015_audio_sinusoidal_position_embedding_with_conv_projection/refprecompute/solution.json
Output    : /data1/workspace/weihongren/baseline/drtriton/kbstyle_campaign_v2_20260918/tasks/SOL/L2/015_audio_sinusoidal_position_embedding_with_conv_projection/refprecompute/evaluation.json

==============================================================================
Problem : 015_audio_sinusoidal_position_embedding_with_conv_projection
Passed  : 16/16
Status  : OK
[1] 67119fc1-69aa-53a7-acd5-dae7dbbcbd56: reference=1.138352 ms, candidate=1.138688 ms, speedup=0.9997x
[2] af33fe12-d9ba-5e6b-96d2-d7fd7142a3b4: reference=32.718275 ms, candidate=32.705922 ms, speedup=1.0004x
[3] ee0f7e21-be45-5c1b-bc0e-34275d3eb8ee: reference=0.400668 ms, candidate=0.400811 ms, speedup=0.9996x
[4] e5f940b8-3b82-5d32-8b4c-33da55ee748e: reference=0.564442 ms, candidate=0.566296 ms, speedup=0.9967x
[5] 10361f03-c94e-514e-bb4a-6799525e65d5: reference=6.943537 ms, candidate=6.945553 ms, speedup=0.9997x
[6] 6af00fd7-f840-5c6d-b9a0-bb6b74f14d08: reference=1.985907 ms, candidate=1.986759 ms, speedup=0.9996x
[7] c8362d74-604f-509b-8b18-86ff78b4316f: reference=7.737111 ms, candidate=7.737688 ms, speedup=0.9999x
[8] 1c66a54d-a013-5ec4-9563-0f788cfce89d: reference=1.540571 ms, candidate=1.540809 ms, speedup=0.9998x
[9] 40765788-de93-5cd3-9194-7dbfdc77f65c: reference=2.196353 ms, candidate=2.194306 ms, speedup=1.0009x
[10] d982c737-c290-508c-b6f6-41057b05b0bf: reference=0.357771 ms, candidate=0.357019 ms, speedup=1.0021x
[11] 59dfc95d-711b-58a3-ba5b-f37cf9d0827f: reference=1.340383 ms, candidate=1.339501 ms, speedup=1.0007x
[12] 46529040-7f98-5003-8e59-a47dbfd2ce0f: reference=3.861467 ms, candidate=3.860510 ms, speedup=1.0002x
[13] 9415ba43-1612-5a34-a400-0e351edb434e: reference=6.118544 ms, candidate=6.119086 ms, speedup=0.9999x
[14] 5c9a8144-4097-5765-a822-6863c18390b6: reference=5.736980 ms, candidate=5.734165 ms, speedup=1.0005x
[15] 8ca8c8e9-6d41-52c7-baba-357c211513f6: reference=7.704969 ms, candidate=7.706378 ms, speedup=0.9998x
[16] dedae7e8-65de-5163-9c0e-4cf292aef154: reference=0.872661 ms, candidate=0.873428 ms, speedup=0.9991x
Geomean : 0.9999x
Average : 0.9999x
==============================================================================
Performance: /data1/workspace/weihongren/baseline/drtriton/kbstyle_campaign_v2_20260918/tasks/SOL/L2/015_audio_sinusoidal_position_embedding_with_conv_projection/refprecompute/evaluation.json
