==============================================================================
Definition : dsa_sparse_attention_h16_ckv512_kpe64_topk2048_ps64  (op_type=dsa_paged)
Solution   : /home/ziming/kda-ops/kda-control/formal-kda-h100-20260920--flashinfer--dsa_sparse_attention_h16_ckv512_kpe64_topk2048_ps64/candidates/c004/solution.py
Device     : cuda:0  (NVIDIA H100 80GB HBM3)
Workloads  : 23   trials=1 warmup=2 iters=10
Selected   : [0, 1, 2, 3, 4, 5, 6, 7, 8, 9, 10, 11, 12, 13, 14, 15, 16, 17, 18, 19, 20, 21, 22]
Tolerance  : atol=0.01 rtol=0.01 matched_ratio=0.99
==============================================================================
[1/23] 0c23b10c axes={'num_tokens': 1, 'num_pages': 8462}: PASSED  ref=1.3187ms sol=0.1655ms  speedup=7.97x  abs=7.81e-03 rel=6.28e-01
[2/23] 9d4a5f21 axes={'num_tokens': 2, 'num_pages': 8462}: PASSED  ref=1.5291ms sol=0.1189ms  speedup=12.86x  abs=1.56e-02 rel=3.09e+00
[3/23] b7668cfd axes={'num_tokens': 2, 'num_pages': 8462}: PASSED  ref=1.5058ms sol=0.1162ms  speedup=12.96x  abs=1.56e-02 rel=3.90e+00
[4/23] 0a63b87b axes={'num_tokens': 2, 'num_pages': 8462}: PASSED  ref=1.5137ms sol=0.1163ms  speedup=13.02x  abs=1.56e-02 rel=9.28e+00
[5/23] 05f6de65 axes={'num_tokens': 2, 'num_pages': 8462}: PASSED  ref=1.5186ms sol=0.1181ms  speedup=12.86x  abs=1.56e-02 rel=2.36e+01
[6/23] fc85411e axes={'num_tokens': 2, 'num_pages': 8462}: PASSED  ref=1.5056ms sol=0.1153ms  speedup=13.05x  abs=1.56e-02 rel=1.38e+00
[7/23] e6b849f2 axes={'num_tokens': 2, 'num_pages': 8462}: PASSED  ref=1.5140ms sol=0.1162ms  speedup=13.03x  abs=7.81e-03 rel=3.41e+00
[8/23] 9f3f891b axes={'num_tokens': 2, 'num_pages': 8462}: PASSED  ref=1.4940ms sol=0.1161ms  speedup=12.87x  abs=1.56e-02 rel=6.74e+00
[9/23] f77df5ce axes={'num_tokens': 2, 'num_pages': 8462}: PASSED  ref=1.4963ms sol=0.1165ms  speedup=12.84x  abs=1.56e-02 rel=1.23e+00
[10/23] 385742b2 axes={'num_tokens': 8, 'num_pages': 8462}: PASSED  ref=3.0250ms sol=0.1062ms  speedup=28.48x  abs=1.56e-02 rel=2.55e+01
[11/23] 4c46a94b axes={'num_tokens': 8, 'num_pages': 8462}: PASSED  ref=3.0121ms sol=0.1068ms  speedup=28.20x  abs=1.56e-02 rel=1.88e+01
[12/23] 38389961 axes={'num_tokens': 7, 'num_pages': 8462}: PASSED  ref=2.8018ms sol=0.1066ms  speedup=26.28x  abs=1.56e-02 rel=2.13e+01
[13/23] 02d6ae9c axes={'num_tokens': 8, 'num_pages': 8462}: PASSED  ref=3.0375ms sol=0.1063ms  speedup=28.57x  abs=1.56e-02 rel=1.60e+01
[14/23] ddfa9e34 axes={'num_tokens': 6, 'num_pages': 8462}: PASSED  ref=2.5295ms sol=0.1058ms  speedup=23.91x  abs=1.56e-02 rel=2.90e+01
[15/23] 78b2e11c axes={'num_tokens': 8, 'num_pages': 8462}: PASSED  ref=3.0402ms sol=0.1058ms  speedup=28.73x  abs=1.56e-02 rel=2.84e+01
[16/23] 68d6817d axes={'num_tokens': 6, 'num_pages': 8462}: PASSED  ref=2.4854ms sol=0.1063ms  speedup=23.38x  abs=1.56e-02 rel=6.69e+01
[17/23] 564007ac axes={'num_tokens': 8, 'num_pages': 8462}: PASSED  ref=3.0325ms sol=0.1063ms  speedup=28.54x  abs=1.56e-02 rel=1.51e+01
[18/23] ae4219a9 axes={'num_tokens': 7, 'num_pages': 8462}: PASSED  ref=3.1729ms sol=0.1073ms  speedup=29.57x  abs=1.56e-02 rel=1.70e+01
[19/23] 232ed014 axes={'num_tokens': 8, 'num_pages': 8462}: PASSED  ref=3.0210ms sol=0.1071ms  speedup=28.21x  abs=7.81e-03 rel=1.85e+01
[20/23] 7a389715 axes={'num_tokens': 8, 'num_pages': 8462}: PASSED  ref=3.0235ms sol=0.1082ms  speedup=27.93x  abs=1.56e-02 rel=8.30e+00
[21/23] 5096e459 axes={'num_tokens': 8, 'num_pages': 8462}: PASSED  ref=3.0611ms sol=0.1057ms  speedup=28.96x  abs=1.56e-02 rel=2.36e+01
[22/23] d57eb9e1 axes={'num_tokens': 6, 'num_pages': 8462}: PASSED  ref=2.5740ms sol=0.1078ms  speedup=23.87x  abs=1.56e-02 rel=6.73e+00
[23/23] 2207f0fd axes={'num_tokens': 7, 'num_pages': 8462}: PASSED  ref=2.8230ms sol=0.1073ms  speedup=26.32x  abs=7.81e-03 rel=5.03e+00
==============================================================================
Passed: 23/23    valid_run=True
GEOMEAN speedup (optimization target): 19.88x
  arithmetic mean (fib/AKO4X metric):  21.41x
  min=7.97x  max=29.57x
RESULT: VALID — geomean speedup = 19.88x
==============================================================================
Wrote /home/ziming/kda-ops/kda-runs/formal-kda-h100-20260920--flashinfer--dsa_sparse_attention_h16_ckv512_kpe64_topk2048_ps64/runs/candidates/c004/feedback.json
