Definition: /data1/workspace/ziming/dataset/SOL-ExecBench/data/benchmark/L1/008_expert_output_weighted_index_add_accumulation/definition.json
Workload  : /data1/workspace/ziming/dataset/SOL-ExecBench/data/benchmark/L1/008_expert_output_weighted_index_add_accumulation/workload.jsonl
Solution  : /data1/workspace/weihongren/baseline/drtriton/kbstyle_campaign_v2_20260918/tasks/SOL/L1/008_expert_output_weighted_index_add_accumulation/final/solution.json
Output    : /data1/workspace/weihongren/baseline/drtriton/kbstyle_campaign_v2_20260918/tasks/SOL/L1/008_expert_output_weighted_index_add_accumulation/final/evaluation.json

==============================================================================
Problem : 008_expert_output_weighted_index_add_accumulation
Passed  : 16/16
Status  : OK
[1] 2c1d8396-ecc3-56cb-b46a-173371d7b576: reference=1.456961 ms, candidate=0.646626 ms, speedup=2.2532x
[2] 5a674481-0cef-5eea-a7c0-783ae5b36832: reference=1.332547 ms, candidate=0.579044 ms, speedup=2.3013x
[3] 28f8046d-9d5e-5315-9806-0885362d2f2b: reference=0.182124 ms, candidate=0.236091 ms, speedup=0.7714x
[4] c4a319ff-ce46-53b4-a081-1030fe1d24a1: reference=5.348638 ms, candidate=2.239281 ms, speedup=2.3886x
[5] 8b677344-0499-5ef8-93d8-b0b048bfaa4b: reference=1.255317 ms, candidate=0.545092 ms, speedup=2.3029x
[6] 01dfd338-611c-5ee8-949b-36007ea5c82b: reference=0.333705 ms, candidate=0.232539 ms, speedup=1.4350x
[7] b61ee9a7-7ecf-5d80-b62a-1e41323c458e: reference=2.612201 ms, candidate=1.097704 ms, speedup=2.3797x
[8] 0f250bfd-926c-5d08-8f57-d1fbf19ba0cb: reference=0.628402 ms, candidate=0.305578 ms, speedup=2.0564x
[9] edc192ac-04f2-523a-9e50-d60d90463fc6: reference=0.626803 ms, candidate=0.299914 ms, speedup=2.0899x
[10] 0bda2a65-30fb-51ee-a53d-4506adc7bf9c: reference=0.108302 ms, candidate=0.194027 ms, speedup=0.5582x
[11] a57cc129-7819-5f2f-aadf-304c838928a3: reference=0.746864 ms, candidate=0.363897 ms, speedup=2.0524x
[12] 611e32dd-b1ce-58c7-937d-00df068c919c: reference=2.396157 ms, candidate=1.082873 ms, speedup=2.2128x
[13] ada14c03-e046-5716-adaf-06898bc15ce3: reference=0.334568 ms, candidate=0.235691 ms, speedup=1.4195x
[14] 172afa25-73e6-5d1c-8a58-14096767dca7: reference=0.184652 ms, candidate=0.236635 ms, speedup=0.7803x
[15] b1b7efca-512f-5811-9e74-62be87966858: reference=5.359504 ms, candidate=2.240673 ms, speedup=2.3919x
[16] 8c5c94b5-9fee-535f-843e-b04ee1988521: reference=5.353648 ms, candidate=2.239569 ms, speedup=2.3905x
Geomean : 1.7068x
Average : 1.8615x
==============================================================================
Performance: /data1/workspace/weihongren/baseline/drtriton/kbstyle_campaign_v2_20260918/tasks/SOL/L1/008_expert_output_weighted_index_add_accumulation/final/evaluation.json
