Definition: /home/ziming/dataset/SOL-ExecBench/data/benchmark/L1/058_moe_expert_token_radix_sort_with_prefix_sum/definition.json
Workload  : /home/ziming/dataset/SOL-ExecBench/data/benchmark/L1/058_moe_expert_token_radix_sort_with_prefix_sum/workload.jsonl
Solution  : /home/ziming/kda-ops/kda-control/formal-kda-h100-20260920--sol_execbench--L1-058_moe_expert_token_radix_sort_with_prefix_sum/candidates/c003/solution.py
Output    : /home/ziming/kda-ops/kda-runs/formal-kda-h100-20260920--sol_execbench--L1-058_moe_expert_token_radix_sort_with_prefix_sum/runs/candidates/c003/final.json

==============================================================================
Problem : 058_moe_expert_token_radix_sort_with_prefix_sum
Passed  : 16/16
Status  : OK
[1] e259b448-b73a-5efa-81c4-f0c9e1531e3e: reference=0.231106 ms, candidate=0.056161 ms, speedup=4.1151x
[2] e8a84cca-bde1-5f80-b1f6-bda8c33da6a2: reference=0.247026 ms, candidate=0.107649 ms, speedup=2.2947x
[3] 582fdc96-9b88-5ba1-ab85-265013ca7f13: reference=0.228338 ms, candidate=0.055888 ms, speedup=4.0856x
[4] ce1a545f-d879-59e3-9478-e723c6755e4c: reference=0.231026 ms, candidate=0.073105 ms, speedup=3.1602x
[5] f761ce94-7784-5c3c-b4de-613546df93a0: reference=0.228178 ms, candidate=0.055889 ms, speedup=4.0827x
[6] 3baabec0-5dde-5077-b821-ef95b66f609a: reference=0.228786 ms, candidate=0.056113 ms, speedup=4.0772x
[7] c84061fe-df99-510c-a426-d19d813dcae9: reference=0.228386 ms, candidate=0.056385 ms, speedup=4.0505x
[8] 14ccf030-1525-5a46-9d8b-6ea0cc28904a: reference=0.228274 ms, candidate=0.057505 ms, speedup=3.9696x
[9] 4998bf90-ff9b-5904-82a2-afb99757ea96: reference=0.228850 ms, candidate=0.057521 ms, speedup=3.9786x
[10] 8fe645cb-f5dc-55ee-ac66-8c096a5a89ea: reference=0.233218 ms, candidate=0.073328 ms, speedup=3.1805x
[11] 368e546c-d434-51f2-9e24-11b3ca1e5a6d: reference=0.230802 ms, candidate=0.057344 ms, speedup=4.0248x
[12] bccc000a-30dc-5e58-8ad8-c96e8f10adbf: reference=0.228962 ms, candidate=0.056497 ms, speedup=4.0527x
[13] 13149551-9e61-5b11-85c2-c4c8cd6fc57b: reference=0.227874 ms, candidate=0.058240 ms, speedup=3.9127x
[14] af507a31-f4c8-5439-93ed-232378c99029: reference=0.234306 ms, candidate=0.075153 ms, speedup=3.1177x
[15] b1aeedac-77c9-5276-b49e-ae5f61291738: reference=0.231282 ms, candidate=0.072993 ms, speedup=3.1686x
[16] 2eb27620-de55-5418-a65c-c5a0cebfc1c0: reference=0.229570 ms, candidate=0.058336 ms, speedup=3.9353x
Geomean : 3.6573x
Average : 3.7004x
==============================================================================
Performance: /home/ziming/kda-ops/kda-runs/formal-kda-h100-20260920--sol_execbench--L1-058_moe_expert_token_radix_sort_with_prefix_sum/runs/candidates/c003/final.json
