==============================================================================
Definition : mla_paged_prefill_causal_h16_ckv512_kpe64_ps1  (op_type=mla_paged)
Solution   : /home/ziming/kda-ops/kda-control/formal-kda-h100-20260920--flashinfer--mla_paged_prefill_causal_h16_ckv512_kpe64_ps1/candidates/c002/solution.py
Device     : cuda:0  (NVIDIA H100 80GB HBM3)
Workloads  : 38   trials=1 warmup=2 iters=10
Selected   : [0, 1, 2, 3, 4, 5, 6, 7, 8, 9, 10, 11, 12, 13, 14, 15, 16, 17, 18, 19, 20, 21, 22, 23, 24, 25, 26, 27, 28, 29, 30, 31, 32, 33, 34, 35, 36, 37]
Tolerance  : atol=0.01 rtol=0.01 matched_ratio=0.99
==============================================================================
[1/38] 55b51e96 axes={'total_q': 33, 'num_pages': 989669, 'len_indptr': 2, 'num_kv_indices': 34}: PASSED  ref=8.1671ms sol=0.1193ms  speedup=68.48x  abs=1.56e-02 rel=2.22e+02
[2/38] d30e4c23 axes={'total_q': 1, 'num_pages': 989669, 'len_indptr': 2, 'num_kv_indices': 34}: PASSED  ref=2.1227ms sol=0.1147ms  speedup=18.51x  abs=1.56e-02 rel=1.18e+00
[3/38] 7572654f axes={'total_q': 17, 'num_pages': 989669, 'len_indptr': 2, 'num_kv_indices': 19}: PASSED  ref=4.9918ms sol=0.1113ms  speedup=44.87x  abs=1.56e-02 rel=2.30e+01
[4/38] 473e30ea axes={'total_q': 52, 'num_pages': 989669, 'len_indptr': 5, 'num_kv_indices': 67}: PASSED  ref=12.2090ms sol=0.1121ms  speedup=108.94x  abs=1.56e-02 rel=3.45e+02
[5/38] bda0e743 axes={'total_q': 376, 'num_pages': 989669, 'len_indptr': 2, 'num_kv_indices': 381}: PASSED  ref=64.8985ms sol=0.1582ms  speedup=410.18x  abs=1.56e-02 rel=7.33e+02
[6/38] 7e602557 axes={'total_q': 287, 'num_pages': 989669, 'len_indptr': 2, 'num_kv_indices': 288}: PASSED  ref=46.5168ms sol=0.1433ms  speedup=324.63x  abs=1.56e-02 rel=6.92e+02
[7/38] 5ca61491 axes={'total_q': 5, 'num_pages': 989669, 'len_indptr': 2, 'num_kv_indices': 7}: PASSED  ref=2.7587ms sol=0.1070ms  speedup=25.79x  abs=1.56e-02 rel=3.76e+03
[8/38] 77737de2 axes={'total_q': 1187, 'num_pages': 989669, 'len_indptr': 4, 'num_kv_indices': 1205}: PASSED  ref=205.1311ms sol=0.4604ms  speedup=445.51x  abs=1.56e-02 rel=2.73e+03
[9/38] b270fd9c axes={'total_q': 10, 'num_pages': 989669, 'len_indptr': 2, 'num_kv_indices': 12}: PASSED  ref=3.6728ms sol=0.1265ms  speedup=29.03x  abs=1.56e-02 rel=6.65e+01
[10/38] 3bdcf0e1 axes={'total_q': 3, 'num_pages': 989669, 'len_indptr': 2, 'num_kv_indices': 5}: PASSED  ref=2.4690ms sol=0.1136ms  speedup=21.74x  abs=1.56e-02 rel=1.53e+01
[11/38] 6c8fe593 axes={'total_q': 13, 'num_pages': 989669, 'len_indptr': 2, 'num_kv_indices': 14}: PASSED  ref=4.1582ms sol=0.1184ms  speedup=35.11x  abs=1.56e-02 rel=2.64e+02
[12/38] 98814691 axes={'total_q': 26, 'num_pages': 989669, 'len_indptr': 3, 'num_kv_indices': 32}: PASSED  ref=5.9553ms sol=0.1026ms  speedup=58.02x  abs=1.56e-02 rel=4.23e+01
[13/38] 74202b1d axes={'total_q': 8987, 'num_pages': 989669, 'len_indptr': 57, 'num_kv_indices': 14390}: PASSED  ref=1349.8293ms sol=3.0981ms  speedup=435.69x  abs=3.12e-02 rel=2.23e+04
[14/38] 6e3567c4 axes={'total_q': 29, 'num_pages': 989669, 'len_indptr': 2, 'num_kv_indices': 34}: PASSED  ref=6.2139ms sol=0.1695ms  speedup=36.67x  abs=1.56e-02 rel=3.53e+02
[15/38] a455e8fb axes={'total_q': 2, 'num_pages': 989669, 'len_indptr': 3, 'num_kv_indices': 53}: PASSED  ref=2.3407ms sol=0.1019ms  speedup=22.97x  abs=1.56e-02 rel=6.57e+00
[16/38] bb28f188 axes={'total_q': 1028, 'num_pages': 989669, 'len_indptr': 2, 'num_kv_indices': 1038}: PASSED  ref=158.3974ms sol=0.4144ms  speedup=382.19x  abs=1.56e-02 rel=2.35e+03
[17/38] ed999c80 axes={'total_q': 22, 'num_pages': 989669, 'len_indptr': 23, 'num_kv_indices': 17759}: PASSED  ref=7.3551ms sol=0.7441ms  speedup=9.88x  abs=1.56e-02 rel=1.68e+02
[18/38] cb60b649 axes={'total_q': 15, 'num_pages': 989669, 'len_indptr': 2, 'num_kv_indices': 18}: PASSED  ref=4.1127ms sol=0.0987ms  speedup=41.67x  abs=1.56e-02 rel=7.31e+01
[19/38] e6f75600 axes={'total_q': 69, 'num_pages': 989669, 'len_indptr': 4, 'num_kv_indices': 90}: PASSED  ref=12.1014ms sol=0.1092ms  speedup=110.82x  abs=1.56e-02 rel=7.79e+02
[20/38] 733a7bbe axes={'total_q': 3024, 'num_pages': 989669, 'len_indptr': 4, 'num_kv_indices': 3029}: PASSED  ref=464.3250ms sol=1.8672ms  speedup=248.67x  abs=1.56e-02 rel=2.20e+04
[21/38] 892d1b8f axes={'total_q': 1954, 'num_pages': 989669, 'len_indptr': 29, 'num_kv_indices': 2044}: PASSED  ref=290.4276ms sol=0.3171ms  speedup=915.87x  abs=1.56e-02 rel=1.42e+04
[22/38] 4eeb9b51 axes={'total_q': 199, 'num_pages': 989669, 'len_indptr': 2, 'num_kv_indices': 203}: PASSED  ref=32.1201ms sol=0.1302ms  speedup=246.71x  abs=1.56e-02 rel=5.29e+02
[23/38] 77573fb4 axes={'total_q': 473, 'num_pages': 989669, 'len_indptr': 6, 'num_kv_indices': 491}: PASSED  ref=71.3464ms sol=0.1704ms  speedup=418.58x  abs=1.56e-02 rel=1.21e+03
[24/38] 9722a8a5 axes={'total_q': 96, 'num_pages': 989669, 'len_indptr': 2, 'num_kv_indices': 98}: PASSED  ref=16.6072ms sol=0.1091ms  speedup=152.27x  abs=1.56e-02 rel=2.55e+02
[25/38] 053a88a3 axes={'total_q': 6053, 'num_pages': 989669, 'len_indptr': 12, 'num_kv_indices': 6091}: PASSED  ref=904.1240ms sol=1.8022ms  speedup=501.68x  abs=1.56e-02 rel=1.72e+04
[26/38] a06f2653 axes={'total_q': 16384, 'num_pages': 989669, 'len_indptr': 2, 'num_kv_indices': 16387}: PASSED  ref=2453.6004ms sol=56.7026ms  speedup=43.27x  abs=1.56e-02 rel=1.24e+04
[27/38] a8cff3c6 axes={'total_q': 43, 'num_pages': 989669, 'len_indptr': 2, 'num_kv_indices': 46}: PASSED  ref=8.1817ms sol=0.1021ms  speedup=80.15x  abs=1.56e-02 rel=3.39e+01
[28/38] 71df32c9 axes={'total_q': 6, 'num_pages': 989669, 'len_indptr': 7, 'num_kv_indices': 109}: PASSED  ref=3.3672ms sol=0.1178ms  speedup=28.59x  abs=1.56e-02 rel=8.12e+00
[29/38] 22689bbd axes={'total_q': 805, 'num_pages': 989669, 'len_indptr': 5, 'num_kv_indices': 814}: PASSED  ref=117.8849ms sol=0.2802ms  speedup=420.79x  abs=1.56e-02 rel=7.14e+03
[30/38] a6fbb45c axes={'total_q': 58, 'num_pages': 989669, 'len_indptr': 2, 'num_kv_indices': 60}: PASSED  ref=10.3957ms sol=0.1033ms  speedup=100.64x  abs=1.56e-02 rel=2.79e+02
[31/38] d44f32e1 axes={'total_q': 123, 'num_pages': 989669, 'len_indptr': 3, 'num_kv_indices': 185}: PASSED  ref=21.0776ms sol=0.1055ms  speedup=199.79x  abs=1.56e-02 rel=2.73e+02
[32/38] 9265de63 axes={'total_q': 4, 'num_pages': 989669, 'len_indptr': 5, 'num_kv_indices': 121}: PASSED  ref=2.8423ms sol=0.1095ms  speedup=25.95x  abs=1.56e-02 rel=7.61e+01
[33/38] 805238ee axes={'total_q': 3842, 'num_pages': 989669, 'len_indptr': 21, 'num_kv_indices': 3916}: PASSED  ref=575.6324ms sol=0.8638ms  speedup=666.43x  abs=1.56e-02 rel=5.00e+03
[34/38] fe63f292 axes={'total_q': 15883, 'num_pages': 989669, 'len_indptr': 19, 'num_kv_indices': 15937}: PASSED  ref=2345.1167ms sol=8.7663ms  speedup=267.51x  abs=1.56e-02 rel=1.57e+04
[35/38] 54187805 axes={'total_q': 15092, 'num_pages': 989669, 'len_indptr': 27, 'num_kv_indices': 15187}: PASSED  ref=2216.5941ms sol=6.4469ms  speedup=343.82x  abs=1.56e-02 rel=1.07e+04
[36/38] f96b666d axes={'total_q': 138, 'num_pages': 989669, 'len_indptr': 5, 'num_kv_indices': 151}: PASSED  ref=22.1919ms sol=0.0998ms  speedup=222.41x  abs=1.56e-02 rel=1.62e+02
[37/38] d88c9577 axes={'total_q': 8, 'num_pages': 989669, 'len_indptr': 2, 'num_kv_indices': 12}: PASSED  ref=3.0447ms sol=0.0950ms  speedup=32.04x  abs=1.56e-02 rel=3.05e+02
[38/38] 0e70750d axes={'total_q': 10870, 'num_pages': 989669, 'len_indptr': 3, 'num_kv_indices': 10875}: PASSED  ref=1618.6409ms sol=12.9980ms  speedup=124.53x  abs=1.56e-02 rel=2.34e+04
==============================================================================
Passed: 38/38    valid_run=True
GEOMEAN speedup (optimization target): 107.67x
  arithmetic mean (fib/AKO4X metric):  201.85x
  min=9.88x  max=915.87x
RESULT: VALID — geomean speedup = 107.67x
==============================================================================
Wrote /home/ziming/kda-ops/kda-runs/formal-kda-h100-20260920--flashinfer--mla_paged_prefill_causal_h16_ckv512_kpe64_ps1/runs/candidates/c002/feedback.json
