[09-22 15:30:56] STTS start: 7 tasks, iters=10 turns/seg=5 keep=4 patience=0 servers=http://127.0.0.1:8001/v1
[09-22 15:30:57] GPU pool [1, 2, 3, 4, 5] | free now: [3] | our max parallel: 4
[09-22 15:30:57] === STTS task 1: flashinfer/rmsnorm_h4096 (14 wl) ===
[09-22 15:30:57]   refcache exists: /home/ziming/whr/run/baseline/drtriton/kbstyle_campaign_v2_20260922/refcache/fib/rmsnorm_h4096
[09-22 15:30:57] === STTS task 3: flashinfer/mla_paged_decode_h16_ckv512_kpe64_ps1 (47 wl) ===
[09-22 15:30:57]   refcache exists: /home/ziming/whr/run/baseline/drtriton/kbstyle_campaign_v2_20260922/refcache/fib/mla_paged_decode_h16_ckv512_kpe64_ps1
[09-22 15:30:57] === STTS task 2: flashinfer/gemm_n4096_k4096 (43 wl) ===
[09-22 15:30:57]   refcache exists: /home/ziming/whr/run/baseline/drtriton/kbstyle_campaign_v2_20260922/refcache/fib/gemm_n4096_k4096
[09-22 15:30:57] === STTS task 4: SOL/L1/008_expert_output_weighted_index_add_accumulation (16 wl) ===
[09-22 15:30:57]   refcache exists: /home/ziming/whr/run/baseline/drtriton/kbstyle_campaign_v2_20260922/refcache/sol/008_expert_output_weighted_index_add_accumulation/reference_cache.json
[09-22 15:31:28]   seg1 turn+1: 0/1 valid
[09-22 15:31:34]   seg1 turn+1: 1/1 valid
[09-22 15:31:38] GPU 3 acquired after 10s wait
[09-22 15:31:45]   seg1 turn+1: 1/1 valid
[09-22 15:31:49]   seg1 turn+2: 0/1 valid
[09-22 15:31:57]   seg1 turn+1: 0/1 valid
[09-22 15:32:05] GPU 3 acquired after 10s wait
[09-22 15:32:14]   seg1 turn+2: 1/1 valid
[09-22 15:32:49]   seg1 turn+2: 0/1 valid
[09-22 15:34:03] GPU 2 acquired after 116s wait
[09-22 15:34:08]   seg1 turn+3: 0/1 valid
[09-22 15:34:10] GPU 2 acquired after 95s wait
[09-22 15:34:20]   seg1 turn+3: 1/1 valid
[09-22 15:34:26] GPU 2 acquired after 52s wait
[09-22 15:34:29]   seg1 turn+3: 0/1 valid
[09-22 15:34:38]   seg1 turn+4: 0/1 valid
[09-22 15:34:46] GPU 2 acquired after 10s wait
[09-22 15:34:54]   seg1 turn+4: 1/1 valid
[09-22 15:35:03] GPU 2 acquired after 10s wait
[09-22 15:36:25] STTS start: 7 tasks, iters=10 turns/seg=5 keep=4 patience=0 servers=http://127.0.0.1:8001/v1
[09-22 15:36:25] GPU pool [2] | free now: [2] | our max parallel: 1
[09-22 15:36:25] === STTS task 1: flashinfer/rmsnorm_h4096 (14 wl) ===
[09-22 15:36:25]   refcache exists: /home/ziming/whr/run/baseline/drtriton/kbstyle_campaign_v2_20260922/refcache/fib/rmsnorm_h4096
[09-22 15:36:25] === STTS task 4: SOL/L1/008_expert_output_weighted_index_add_accumulation (16 wl) ===
[09-22 15:36:25] === STTS task 3: flashinfer/mla_paged_decode_h16_ckv512_kpe64_ps1 (47 wl) ===
[09-22 15:36:25] === STTS task 2: flashinfer/gemm_n4096_k4096 (43 wl) ===
[09-22 15:36:25]   refcache exists: /home/ziming/whr/run/baseline/drtriton/kbstyle_campaign_v2_20260922/refcache/sol/008_expert_output_weighted_index_add_accumulation/reference_cache.json
[09-22 15:36:25]   refcache exists: /home/ziming/whr/run/baseline/drtriton/kbstyle_campaign_v2_20260922/refcache/fib/mla_paged_decode_h16_ckv512_kpe64_ps1
[09-22 15:36:25]   refcache exists: /home/ziming/whr/run/baseline/drtriton/kbstyle_campaign_v2_20260922/refcache/fib/gemm_n4096_k4096
[09-22 15:36:48]   seg1 turn+1: 1/1 valid
[09-22 15:36:48]   iter 1/10: +1 turns, done 0/1
[09-22 15:36:53]   seg1 turn+1: 0/1 valid
[09-22 15:36:53]   iter 1/10: +1 turns, done 0/1
[09-22 15:36:59]   seg1 turn+1: 1/1 valid
[09-22 15:37:33] STTS start: 7 tasks, iters=10 turns/seg=5 keep=4 patience=0 servers=http://127.0.0.1:8001/v1
[09-22 15:37:33] GPU pool [2] | free now: [2] | our max parallel: 1
[09-22 15:37:33] === STTS task 1: flashinfer/rmsnorm_h4096 (14 wl) ===
[09-22 15:37:33]   refcache exists: /home/ziming/whr/run/baseline/drtriton/kbstyle_campaign_v2_20260922/refcache/fib/rmsnorm_h4096
[09-22 15:37:33] === STTS task 2: flashinfer/gemm_n4096_k4096 (43 wl) ===
[09-22 15:37:33]   refcache exists: /home/ziming/whr/run/baseline/drtriton/kbstyle_campaign_v2_20260922/refcache/fib/gemm_n4096_k4096
[09-22 15:37:33] === STTS task 3: flashinfer/mla_paged_decode_h16_ckv512_kpe64_ps1 (47 wl) ===
[09-22 15:37:33]   refcache exists: /home/ziming/whr/run/baseline/drtriton/kbstyle_campaign_v2_20260922/refcache/fib/mla_paged_decode_h16_ckv512_kpe64_ps1
[09-22 15:37:33] === STTS task 4: SOL/L1/008_expert_output_weighted_index_add_accumulation (16 wl) ===
[09-22 15:37:33]   refcache exists: /home/ziming/whr/run/baseline/drtriton/kbstyle_campaign_v2_20260922/refcache/sol/008_expert_output_weighted_index_add_accumulation/reference_cache.json
[09-22 15:37:54]   seg1 turn+1: 0/1 valid
[09-22 15:38:00]   seg1 turn+1: 0/1 valid
[09-22 15:38:06]   seg1 turn+1: 1/1 valid
[09-22 15:38:20]   seg1 turn+2: 1/1 valid
[09-22 15:38:25]   seg1 turn+2: 0/1 valid
[09-22 15:38:33]   seg1 turn+2: 0/1 valid
[09-22 15:38:44]   seg1 turn+3: 1/1 valid
[09-22 15:38:47]   seg1 turn+1: 0/1 valid
[09-22 15:38:49]   seg1 turn+3: 0/1 valid
[09-22 15:39:04]   seg1 turn+3: 0/1 valid
[09-22 15:39:12]   seg1 turn+4: 1/1 valid
[09-22 15:39:17]   seg1 turn+4: 0/1 valid
[09-22 15:39:20]   seg1 turn+2: 0/1 valid
[09-22 15:39:20]   iter 1/10: +2 turns, done 0/1
[09-22 15:39:39]   seg1 turn+5: 1/1 valid
[09-22 15:39:39]   iter 1/10: +5 turns, done 0/1
[09-22 15:39:45]   seg1 turn+4: 1/1 valid
[09-22 15:39:45]   iter 1/10: +4 turns, done 0/1
[09-22 15:39:50]   seg1 turn+5: 0/1 valid
[09-22 15:39:50]   iter 1/10: +5 turns, done 0/1
[09-22 15:40:06]   seg2 turn+1: 0/1 valid
[09-22 15:40:09]   seg2 turn+1: 0/1 valid
[09-22 15:40:17]   seg2 turn+1: 1/1 valid
[09-22 15:40:23]   seg2 turn+1: 0/1 valid
[09-22 15:40:27]   seg2 turn+2: 0/1 valid
[09-22 15:40:51]   seg2 turn+3: 1/1 valid
[09-22 15:40:57]   seg2 turn+2: 0/1 valid
[09-22 15:41:02]   seg2 turn+2: 1/1 valid
[09-22 15:41:06]   seg2 turn+2: 0/1 valid
[09-22 15:41:15]   seg2 turn+4: 1/1 valid
[09-22 15:41:28]   seg2 turn+3: 0/1 valid
[09-22 15:41:33]   seg2 turn+3: 0/1 valid
[09-22 15:41:36]   seg2 turn+3: 0/1 valid
[09-22 15:41:43]   seg2 turn+5: 1/1 valid
[09-22 15:41:43]   iter 2/10: +5 turns, done 0/1
[09-22 15:41:52]   seg2 turn+4: 0/1 valid
[09-22 15:42:02]   seg2 turn+4: 0/1 valid
[09-22 15:42:06]   seg3 turn+1: 0/1 valid
[09-22 15:42:10]   seg2 turn+4: 0/1 valid
[09-22 15:42:14]   seg2 turn+5: 0/1 valid
[09-22 15:42:14]   iter 2/10: +5 turns, done 0/1
[09-22 15:42:25]   seg2 turn+5: 1/1 valid
[09-22 15:42:25]   iter 2/10: +5 turns, done 0/1
[09-22 15:42:34]   seg3 turn+2: 1/1 valid
[09-22 15:42:38]   seg3 turn+1: 0/1 valid
[09-22 15:42:45]   seg2 turn+5: 0/1 valid
[09-22 15:42:45]   iter 2/10: +5 turns, done 0/1
[09-22 15:43:01]   seg3 turn+3: 1/1 valid
[09-22 15:43:06]   seg3 turn+1: 0/1 valid
[09-22 15:43:11]   seg3 turn+2: 0/1 valid
[09-22 15:43:18]   seg3 turn+1: 0/1 valid
[09-22 15:43:26]   seg3 turn+4: 1/1 valid
[09-22 15:43:35]   seg3 turn+2: 1/1 valid
[09-22 15:43:40]   seg3 turn+3: 0/1 valid
[09-22 15:43:51]   seg3 turn+5: 1/1 valid
[09-22 15:43:51]   iter 3/10: +5 turns, done 0/1
[09-22 15:44:02]   seg3 turn+4: 0/1 valid
[09-22 15:44:03]   seg3 turn+2: 0/1 valid
[09-22 15:44:07]   seg3 turn+3: 0/1 valid
[09-22 15:44:17]   seg4 turn+1: 1/1 valid
[09-22 15:44:23]   seg3 turn+5: 0/1 valid
[09-22 15:44:23]   iter 3/10: +5 turns, done 0/1
[09-22 15:44:37]   seg3 turn+3: 0/1 valid
[09-22 15:44:45]   seg4 turn+2: 1/1 valid
[09-22 15:44:50]   seg3 turn+4: 0/1 valid
[09-22 15:44:54]   seg4 turn+1: 0/1 valid
[09-22 15:45:14]   seg4 turn+2: 0/1 valid
[09-22 15:45:18]   seg4 turn+3: 1/1 valid
[09-22 15:45:28]   seg3 turn+5: 1/1 valid
[09-22 15:45:28]   iter 3/10: +5 turns, done 0/1
[09-22 15:45:32]   seg3 turn+4: 0/1 valid
[09-22 15:45:38]   seg4 turn+3: 0/1 valid
[09-22 15:45:47]   seg4 turn+4: 1/1 valid
[09-22 15:46:01]   seg4 turn+4: 0/1 valid
[09-22 15:46:08]   seg4 turn+1: 1/1 valid
[09-22 15:46:11]   seg3 turn+5: 0/1 valid
[09-22 15:46:11]   iter 3/10: +5 turns, done 0/1
[09-22 15:46:19]   seg4 turn+5: 1/1 valid
[09-22 15:46:19]   iter 4/10: +5 turns, done 0/1
[09-22 15:46:23]   seg4 turn+5: 0/1 valid
[09-22 15:46:23]   iter 4/10: +5 turns, done 0/1
[09-22 15:46:31]   seg4 turn+2: 0/1 valid
[09-22 15:46:38]   seg5 turn+1: 0/1 valid
[09-22 15:46:47]   seg5 turn+1: 0/1 valid
[09-22 15:47:01]   seg4 turn+3: 0/1 valid
[09-22 15:47:10]   seg5 turn+2: 1/1 valid
[09-22 15:47:15]   seg5 turn+2: 0/1 valid
[09-22 15:47:23]   seg4 turn+4: 0/1 valid
[09-22 15:47:36]   seg4 turn+1: 0/1 valid
[09-22 15:47:41]   seg5 turn+3: 1/1 valid
[09-22 15:47:44]   seg5 turn+3: 0/1 valid
[09-22 15:47:51]   seg4 turn+5: 1/1 valid
[09-22 15:47:51]   iter 4/10: +5 turns, done 0/1
[09-22 15:48:07]   seg5 turn+4: 0/1 valid
[09-22 15:48:14]   seg5 turn+4: 1/1 valid
[09-22 15:48:17]   seg4 turn+2: 0/1 valid
[09-22 15:48:23]   seg5 turn+1: 1/1 valid
[09-22 15:48:28]   seg5 turn+5: 0/1 valid
[09-22 15:48:28]   iter 5/10: +5 turns, done 0/1
[09-22 15:48:44]   seg5 turn+5: 1/1 valid
[09-22 15:48:44]   iter 5/10: +5 turns, done 0/1
[09-22 15:48:56]   seg6 turn+1: 0/1 valid
[09-22 15:48:59]   seg5 turn+2: 0/1 valid
[09-22 15:49:13]   seg6 turn+1: 1/1 valid
[09-22 15:49:21]   seg6 turn+2: 0/1 valid
[09-22 15:49:26]   seg5 turn+3: 0/1 valid
[09-22 15:49:39]   seg4 turn+3: 0/1 valid
[09-22 15:49:44]   seg6 turn+2: 1/1 valid
[09-22 15:49:53]   seg6 turn+3: 1/1 valid
[09-22 15:49:59]   seg5 turn+4: 1/1 valid
[09-22 15:50:13]   seg6 turn+3: 1/1 valid
[09-22 15:50:14]   seg4 turn+4: 0/1 valid
[09-22 15:50:18]   seg6 turn+4: 0/1 valid
[09-22 15:50:33]   seg5 turn+5: 1/1 valid
[09-22 15:50:33]   iter 5/10: +5 turns, done 0/1
[09-22 15:50:44]   seg6 turn+4: 1/1 valid
[09-22 15:50:50]   seg6 turn+5: 1/1 valid
[09-22 15:50:50]   iter 6/10: +5 turns, done 0/1
[09-22 15:50:53]   seg4 turn+5: 0/1 valid
[09-22 15:50:53]   iter 4/10: +5 turns, done 0/1
[09-22 15:50:59]   seg6 turn+1: 1/1 valid
[09-22 15:51:12]   seg6 turn+5: 1/1 valid
[09-22 15:51:12]   iter 6/10: +5 turns, done 0/1
[09-22 15:51:18]   seg7 turn+1: 1/1 valid
[09-22 15:51:30]   seg6 turn+2: 0/1 valid
[09-22 15:51:33]   seg5 turn+1: 0/1 valid
[09-22 15:51:39]   seg7 turn+2: 1/1 valid
[09-22 15:51:47]   seg7 turn+1: 1/1 valid
[09-22 15:51:59]   seg7 turn+3: 1/1 valid
[09-22 15:52:02]   seg6 turn+3: 0/1 valid
[09-22 15:52:14]   seg7 turn+2: 1/1 valid
[09-22 15:52:21]   seg7 turn+4: 1/1 valid
[09-22 15:52:27]   seg6 turn+4: 1/1 valid
[09-22 15:52:40]   seg7 turn+3: 1/1 valid
[09-22 15:52:46]   seg7 turn+5: 1/1 valid
[09-22 15:52:46]   iter 7/10: +5 turns, done 0/1
[09-22 15:52:50]   seg5 turn+2: 0/1 valid
[09-22 15:52:53]   seg6 turn+5: 0/1 valid
[09-22 15:52:53]   iter 6/10: +5 turns, done 0/1
[09-22 15:53:07]   seg7 turn+4: 1/1 valid
[09-22 15:53:13]   seg8 turn+1: 1/1 valid
[09-22 15:53:19]   seg7 turn+1: 1/1 valid
[09-22 15:53:35]   seg7 turn+5: 1/1 valid
[09-22 15:53:35]   iter 7/10: +5 turns, done 0/1
[09-22 15:53:40]   seg8 turn+2: 0/1 valid
[09-22 15:53:44]   seg5 turn+3: 0/1 valid
[09-22 15:53:53]   seg7 turn+2: 1/1 valid
[09-22 15:54:04]   seg8 turn+1: 1/1 valid
[09-22 15:54:09]   seg8 turn+3: 0/1 valid
[09-22 15:54:23]   seg5 turn+4: 0/1 valid
[09-22 15:54:28]   seg7 turn+3: 0/1 valid
[09-22 15:54:33]   seg8 turn+4: 0/1 valid
[09-22 15:54:40]   seg8 turn+2: 1/1 valid
[09-22 15:54:53]   seg8 turn+5: 0/1 valid
[09-22 15:54:53]   iter 8/10: +5 turns, done 0/1
[09-22 15:55:00]   seg7 turn+4: 0/1 valid
[09-22 15:55:02]   seg5 turn+5: 0/1 valid
[09-22 15:55:02]   iter 5/10: +5 turns, done 0/1
[09-22 15:55:12]   seg8 turn+3: 1/1 valid
[09-22 15:55:19]   seg9 turn+1: 1/1 valid
[09-22 15:55:25]   seg7 turn+5: 1/1 valid
[09-22 15:55:25]   iter 7/10: +5 turns, done 0/1
[09-22 15:55:40]   seg8 turn+4: 1/1 valid
[09-22 15:55:47]   seg9 turn+2: 1/1 valid
[09-22 15:55:50]   seg6 turn+1: 0/1 valid
[09-22 15:55:56]   seg8 turn+1: 1/1 valid
[09-22 15:56:07]   seg8 turn+5: 1/1 valid
[09-22 15:56:07]   iter 8/10: +5 turns, done 0/1
[09-22 15:56:14]   seg9 turn+3: 1/1 valid
[09-22 15:56:27]   seg8 turn+2: 1/1 valid
[09-22 15:56:30]   seg6 turn+2: 0/1 valid
[09-22 15:56:39]   seg9 turn+1: 1/1 valid
[09-22 15:56:44]   seg9 turn+4: 0/1 valid
[09-22 15:56:55]   seg8 turn+3: 0/1 valid
[09-22 15:57:09]   seg9 turn+2: 1/1 valid
[09-22 15:57:16]   seg9 turn+5: 1/1 valid
[09-22 15:57:16]   iter 9/10: +5 turns, done 0/1
[09-22 15:57:22]   seg8 turn+4: 1/1 valid
[09-22 15:57:25]   seg6 turn+3: 0/1 valid
[09-22 15:57:37]   seg9 turn+3: 1/1 valid
[09-22 15:57:43]   seg10 turn+1: 1/1 valid
[09-22 15:57:50]   seg8 turn+5: 0/1 valid
[09-22 15:57:50]   iter 8/10: +5 turns, done 0/1
[09-22 15:57:55]   seg6 turn+4: 0/1 valid
[09-22 15:58:07]   seg9 turn+4: 1/1 valid
[09-22 15:58:12]   seg10 turn+2: 1/1 valid
[09-22 15:58:19]   seg9 turn+1: 0/1 valid
[09-22 15:58:29]   seg10 turn+3: 0/1 valid
[09-22 15:58:36]   seg9 turn+5: 1/1 valid
[09-22 15:58:36]   iter 9/10: +5 turns, done 0/1
[09-22 15:58:39]   seg6 turn+5: 0/1 valid
[09-22 15:58:39]   iter 6/10: +5 turns, done 0/1
[09-22 15:58:45]   seg10 turn+4: 1/1 valid
[09-22 15:58:50]   seg9 turn+2: 1/1 valid
[09-22 15:59:02]   seg10 turn+1: 1/1 valid
[09-22 15:59:08]   seg10 turn+5: 1/1 valid
[09-22 15:59:08]   iter 10/10: +5 turns, done 0/1
[09-22 15:59:10]   seg7 turn+1: 0/1 valid
[09-22 15:59:14]   seg9 turn+3: 1/1 valid
[09-22 16:46:31] STTS start: 7 tasks, iters=10 turns/seg=5 keep=4 patience=0 servers=http://127.0.0.1:8001/v1
[09-22 16:46:31] GPU pool [2] | free now: [2] | our max parallel: 1
[09-22 16:46:31] === STTS task 1: flashinfer/rmsnorm_h4096 (14 wl) ===
[09-22 16:46:31]   refcache exists: /home/ziming/whr/run/baseline/drtriton/kbstyle_campaign_v2_20260922/refcache/fib/rmsnorm_h4096
[09-22 16:46:31] === STTS task 2: flashinfer/gemm_n4096_k4096 (43 wl) ===
[09-22 16:46:31]   refcache exists: /home/ziming/whr/run/baseline/drtriton/kbstyle_campaign_v2_20260922/refcache/fib/gemm_n4096_k4096
[09-22 16:46:31] === STTS task 3: flashinfer/mla_paged_decode_h16_ckv512_kpe64_ps1 (47 wl) ===
[09-22 16:46:31]   refcache exists: /home/ziming/whr/run/baseline/drtriton/kbstyle_campaign_v2_20260922/refcache/fib/mla_paged_decode_h16_ckv512_kpe64_ps1
[09-22 16:46:31] === STTS task 5: SOL/L1/053_gaussian_topk_sparse_activation (12 wl) ===
[09-22 16:46:43]   precompute exit=0 elapsed=12.68s
[09-22 16:46:55]   seg10 turn+1: 1/1 valid
[09-22 16:46:57]   seg7 turn+1: 0/1 valid
[09-22 16:47:01]   seg9 turn+1: 1/1 valid
[09-22 16:47:18]   seg10 turn+2: 1/1 valid
[09-22 16:47:23]   seg9 turn+2: 0/1 valid
[09-22 16:47:23]   iter 9/10: +2 turns, done 0/1
[09-22 16:47:25]   seg1 turn+1: 0/1 valid
[09-22 16:47:29]   seg7 turn+2: 0/1 valid
[09-22 16:47:41]   seg10 turn+3: 1/1 valid
[09-22 16:47:50]   seg10 turn+1: 0/1 valid
[09-22 16:47:58]   seg7 turn+3: 0/1 valid
[09-22 16:47:58]   seg1 turn+2: 0/1 valid
[09-22 16:48:06]   seg10 turn+4: 1/1 valid
[09-22 16:48:06]   iter 10/10: +4 turns, done 0/1
[09-22 16:48:13]   seg10 turn+2: 0/1 valid
[09-22 16:48:18] === STTS done: flashinfer/rmsnorm_h4096 pass@1=1.00 final=1.3844933455426205
[09-22 16:48:18] === STTS task 6: SOL/L1/058_moe_expert_token_radix_sort_with_prefix_sum (16 wl) ===
[09-22 16:48:27]   precompute exit=0 elapsed=8.83s
[09-22 16:48:30]   seg7 turn+4: 0/1 valid
[09-22 16:48:30]   iter 7/10: +4 turns, done 0/1
[09-22 16:48:32]   seg10 turn+3: 0/1 valid
[09-22 16:48:32]   seg1 turn+3: 0/1 valid
[09-22 16:48:57]   seg1 turn+1: 0/1 valid
[09-22 16:49:01]   seg1 turn+4: 0/1 valid
[09-22 16:49:04]   seg10 turn+4: 0/1 valid
[09-22 16:49:15]   seg8 turn+1: 0/1 valid
[09-22 16:49:21]   seg1 turn+2: 0/1 valid
[09-22 16:49:30]   seg10 turn+5: 1/1 valid
[09-22 16:49:30]   iter 10/10: +5 turns, done 0/1
[09-22 16:49:32]   seg1 turn+5: 0/1 valid
[09-22 16:49:32]   iter 1/10: +5 turns, done 0/1
[09-22 16:49:40] === STTS done: flashinfer/gemm_n4096_k4096 pass@1=1.00 final=0.35755083285907
[09-22 16:49:40] === STTS task 7: SOL/L2/030_flux_concatenated_sequence_processing_with_split (16 wl) ===
[09-22 16:49:50]   precompute exit=0 elapsed=8.88s
[09-22 16:50:00]   seg1 turn+3: 0/1 valid
[09-22 16:50:05]   seg2 turn+1: 0/1 valid
[09-22 16:50:17]   seg8 turn+2: 0/1 valid
[09-22 16:50:26]   seg1 turn+1: 0/1 valid
[09-22 16:50:28]   seg1 turn+4: 0/1 valid
[09-22 16:50:42]   seg2 turn+2: 0/1 valid
[09-22 16:50:58]   seg1 turn+5: 0/1 valid
[09-22 16:50:58]   iter 1/10: +5 turns, done 0/1
[09-22 16:51:09]   seg2 turn+3: 0/1 valid
[09-22 16:51:10]   seg8 turn+3: 0/1 valid
[09-22 16:51:14]   seg2 turn+1: 0/1 valid
[09-22 16:51:18]   seg1 turn+2: 0/1 valid
[09-22 16:51:33]   seg8 turn+4: 0/1 valid
[09-22 16:51:36]   seg2 turn+4: 0/1 valid
[09-22 16:51:47]   seg1 turn+3: 0/1 valid
[09-22 16:51:58]   seg2 turn+2: 0/1 valid
[09-22 16:52:00]   seg8 turn+5: 0/1 valid
[09-22 16:52:00]   iter 8/10: +5 turns, done 0/1
[09-22 16:52:00]   seg2 turn+5: 0/1 valid
[09-22 16:52:00]   iter 2/10: +5 turns, done 0/1
[09-22 16:52:31]   seg3 turn+1: 0/1 valid
[09-22 16:52:35]   seg1 turn+4: 0/1 valid
[09-22 16:52:55]   seg2 turn+3: 0/1 valid
[09-22 16:52:58]   seg9 turn+1: 0/1 valid
[09-22 16:53:05]   seg3 turn+2: 0/1 valid
[09-22 16:53:25]   seg1 turn+5: 0/1 valid
[09-22 16:53:25]   iter 1/10: +5 turns, done 0/1
[09-22 16:53:42]   seg3 turn+3: 0/1 valid
[09-22 16:54:12]   seg3 turn+4: 0/1 valid
[09-22 16:54:28]   seg2 turn+4: 0/1 valid
[09-22 16:54:44]   seg9 turn+2: 0/1 valid
[09-22 16:54:45]   seg3 turn+5: 0/1 valid
[09-22 16:54:45]   iter 3/10: +5 turns, done 0/1
[09-22 16:54:46]   seg2 turn+1: 0/1 valid
[09-22 16:54:51]   seg2 turn+5: 0/1 valid
[09-22 16:54:51]   iter 2/10: +5 turns, done 0/1
[09-22 16:55:10]   seg4 turn+1: 0/1 valid
[09-22 16:55:11]   seg3 turn+1: 0/1 valid
[09-22 16:55:30]   seg9 turn+3: 0/1 valid
[09-22 16:55:35]   seg2 turn+2: 0/1 valid
[09-22 16:55:39]   seg4 turn+2: 0/1 valid
[09-22 17:07:46]   seg3 turn+2: 0/1 valid
[09-22 17:07:51]   seg4 turn+3: 0/1 valid
[09-22 17:07:58]   seg2 turn+3: 0/1 valid
[09-22 17:07:59]   seg3 turn+3: 0/1 valid
[09-22 17:08:02]   seg9 turn+4: 0/1 valid
[09-22 17:08:18]   seg4 turn+4: 0/1 valid
[09-22 17:08:18]   seg2 turn+4: 0/1 valid
[09-22 17:08:20]   seg3 turn+4: 0/1 valid
[09-22 17:08:50]   seg4 turn+5: 0/1 valid
[09-22 17:08:50]   iter 4/10: +5 turns, done 0/1
[09-22 17:09:09]   seg9 turn+5: 0/1 valid
[09-22 17:09:09]   iter 9/10: +5 turns, done 0/1
[09-22 17:10:22]   seg10 turn+1: 0/1 valid
[09-22 17:11:24]   seg10 turn+2: 0/1 valid
[09-22 17:15:11] STTS start: 7 tasks, iters=10 turns/seg=5 keep=4 patience=0 servers=http://127.0.0.1:8001/v1
[09-22 17:15:12] GPU pool [2, 5] | free now: [] | our max parallel: 2
[09-22 17:15:12] === STTS task 3: flashinfer/mla_paged_decode_h16_ckv512_kpe64_ps1 (47 wl) ===
[09-22 17:15:12] === STTS task 5: SOL/L1/053_gaussian_topk_sparse_activation (12 wl) ===
[09-22 17:15:12]   refcache exists: /home/ziming/whr/run/baseline/drtriton/kbstyle_campaign_v2_20260922/refcache/sol/053_gaussian_topk_sparse_activation/reference_cache.json
[09-22 17:15:12]   refcache exists: /home/ziming/whr/run/baseline/drtriton/kbstyle_campaign_v2_20260922/refcache/fib/mla_paged_decode_h16_ckv512_kpe64_ps1
[09-22 17:15:12] === STTS task 7: SOL/L2/030_flux_concatenated_sequence_processing_with_split (16 wl) ===
[09-22 17:15:12] === STTS task 6: SOL/L1/058_moe_expert_token_radix_sort_with_prefix_sum (16 wl) ===
[09-22 17:15:12]   refcache exists: /home/ziming/whr/run/baseline/drtriton/kbstyle_campaign_v2_20260922/refcache/sol/030_flux_concatenated_sequence_processing_with_split/reference_cache.json
[09-22 17:15:12]   refcache exists: /home/ziming/whr/run/baseline/drtriton/kbstyle_campaign_v2_20260922/refcache/sol/058_moe_expert_token_radix_sort_with_prefix_sum/reference_cache.json
[09-22 17:15:36]   seg4 turn+1: 0/1 valid
[09-22 17:15:36]   seg10 turn+1: 0/1 valid
[09-22 17:15:48]   seg10 turn+2: 0/1 valid
[09-22 17:16:17] GPU 2 acquired after 41s wait
[09-22 17:16:18]   seg10 turn+3: 0/1 valid
[09-22 17:16:18]   iter 10/10: +3 turns, done 0/1
[09-22 17:16:18] === STTS done: flashinfer/mla_paged_decode_h16_ckv512_kpe64_ps1 pass@1=0.00 final=None
[09-22 17:16:21]   seg2 turn+1: 0/1 valid
[09-22 17:16:21]   iter 2/10: +1 turns, done 0/1
[09-22 17:16:26]   seg4 turn+2: 0/1 valid
[09-22 17:16:29] GPU 2 acquired after 51s wait
[09-22 17:16:50]   seg3 turn+1: 0/1 valid
[09-22 17:16:50]   iter 3/10: +1 turns, done 0/1
[09-22 17:16:57]   seg3 turn+1: 0/1 valid
[09-22 17:16:59] GPU 2 acquired after 10s wait
[09-22 17:17:03]   seg4 turn+3: 0/1 valid
[09-22 17:17:05]   seg4 turn+1: 0/1 valid
[09-22 17:17:15]   seg3 turn+2: 0/1 valid
[09-22 17:17:29]   seg4 turn+4: 0/1 valid
[09-22 17:19:49] GPU pool: all busy, waiting (externally free: [], ours: [2])
[09-22 17:20:40] GPU 5 acquired after 51s wait
[09-22 17:20:44]   seg3 turn+3: 0/1 valid
[09-22 17:20:49]   seg4 turn+5: 0/1 valid
[09-22 17:20:49]   iter 4/10: +5 turns, done 0/1
[09-22 17:21:13]   seg5 turn+1: 0/1 valid
[09-22 17:21:17]   seg3 turn+4: 0/1 valid
[09-22 17:21:33]   seg5 turn+2: 0/1 valid
[09-22 17:21:44]   seg3 turn+5: 0/1 valid
[09-22 17:21:44]   iter 3/10: +5 turns, done 0/1
[09-22 17:22:00]   seg5 turn+3: 0/1 valid
[09-22 17:22:05]   seg4 turn+1: 0/1 valid
[09-22 17:22:26]   seg5 turn+4: 0/1 valid
[09-22 17:22:32]   seg4 turn+2: 0/1 valid
[09-22 17:22:54]   seg5 turn+5: 0/1 valid
[09-22 17:22:54]   iter 5/10: +5 turns, done 0/1
[09-22 17:22:57]   seg4 turn+3: 0/1 valid
[09-22 17:23:13]   seg4 turn+4: 0/1 valid
[09-22 17:23:17]   seg6 turn+1: 0/1 valid
[09-22 17:23:34]   seg4 turn+2: 0/1 valid
[09-22 17:23:38]   seg4 turn+5: 0/1 valid
[09-22 17:23:38]   iter 4/10: +5 turns, done 0/1
[09-22 17:23:48]   seg6 turn+2: 0/1 valid
[09-22 17:24:04]   seg5 turn+1: 0/1 valid
[09-22 17:24:09]   seg4 turn+3: 0/1 valid
[09-22 17:24:18]   seg6 turn+3: 0/1 valid
[09-22 17:24:25]   seg4 turn+4: 0/1 valid
[09-22 17:24:41]   seg5 turn+2: 0/1 valid
[09-22 17:24:43]   seg6 turn+4: 0/1 valid
[09-22 17:24:53]   seg4 turn+5: 0/1 valid
[09-22 17:24:53]   iter 4/10: +5 turns, done 0/1
[09-22 17:25:04]   seg6 turn+5: 0/1 valid
[09-22 17:25:04]   iter 6/10: +5 turns, done 0/1
[09-22 17:25:07]   seg5 turn+1: 0/1 valid
[09-22 17:25:08]   seg5 turn+3: 0/1 valid
[09-22 17:25:23]   seg7 turn+1: 0/1 valid
[09-22 17:25:36]   seg5 turn+2: 0/1 valid
[09-22 17:25:39]   seg5 turn+4: 0/1 valid
[09-22 17:25:52]   seg7 turn+2: 0/1 valid
[09-22 17:25:57]   seg5 turn+3: 0/1 valid
[09-22 17:26:00]   seg5 turn+5: 0/1 valid
[09-22 17:26:00]   iter 5/10: +5 turns, done 0/1
[09-22 17:26:10]   seg5 turn+4: 0/1 valid
[09-22 17:26:21]   seg7 turn+3: 0/1 valid
[09-22 17:26:27]   seg6 turn+1: 0/1 valid
[09-22 17:26:50]   seg7 turn+4: 0/1 valid
[09-22 17:27:06]   seg6 turn+2: 0/1 valid
[09-22 17:27:09]   seg5 turn+5: 0/1 valid
[09-22 17:27:09]   iter 5/10: +5 turns, done 0/1
[09-22 17:27:22]   seg7 turn+5: 0/1 valid
[09-22 17:27:22]   iter 7/10: +5 turns, done 0/1
[09-22 17:27:32]   seg6 turn+3: 0/1 valid
[09-22 17:27:51]   seg6 turn+1: 0/1 valid
[09-22 17:27:53]   seg8 turn+1: 0/1 valid
[09-22 17:27:58]   seg6 turn+4: 0/1 valid
[09-22 17:28:20]   seg8 turn+2: 0/1 valid
[09-22 17:28:24]   seg6 turn+5: 0/1 valid
[09-22 17:28:24]   iter 6/10: +5 turns, done 0/1
[09-22 17:28:29]   seg6 turn+2: 0/1 valid
[09-22 17:28:42]   seg6 turn+3: 0/1 valid
[09-22 17:28:45]   seg7 turn+1: 0/1 valid
[09-22 17:28:50]   seg8 turn+3: 0/1 valid
[09-22 17:29:10]   seg6 turn+4: 0/1 valid
[09-22 17:29:15]   seg8 turn+4: 0/1 valid
[09-22 17:29:26]   seg7 turn+2: 0/1 valid
[09-22 17:29:45]   seg7 turn+3: 0/1 valid
[09-22 17:29:46]   seg8 turn+5: 0/1 valid
[09-22 17:29:46]   iter 8/10: +5 turns, done 0/1
[09-22 17:30:11]   seg6 turn+5: 0/1 valid
[09-22 17:30:11]   iter 6/10: +5 turns, done 0/1
[09-22 17:30:19]   seg9 turn+1: 0/1 valid
[09-22 17:30:27]   seg7 turn+4: 0/1 valid
[09-22 17:30:58]   seg9 turn+2: 0/1 valid
[09-22 17:31:02]   seg7 turn+1: 0/1 valid
[09-22 17:31:04]   seg7 turn+5: 0/1 valid
[09-22 17:31:04]   iter 7/10: +5 turns, done 0/1
[09-22 17:31:29]   seg8 turn+1: 0/1 valid
[09-22 17:31:30]   seg9 turn+3: 0/1 valid
[09-22 17:31:38]   seg7 turn+2: 0/1 valid
[09-22 17:32:02]   seg9 turn+4: 0/1 valid
[09-22 17:32:14]   seg8 turn+2: 0/1 valid
[09-22 17:32:22]   seg7 turn+3: 0/1 valid
[09-22 17:32:33]   seg9 turn+5: 0/1 valid
[09-22 17:32:33]   iter 9/10: +5 turns, done 0/1
[09-22 17:32:39]   seg8 turn+3: 0/1 valid
[09-22 17:32:54]   seg7 turn+4: 0/1 valid
[09-22 17:32:58]   seg10 turn+1: 0/1 valid
[09-22 17:33:19]   seg7 turn+5: 0/1 valid
[09-22 17:33:19]   iter 7/10: +5 turns, done 0/1
[09-22 17:33:20]   seg8 turn+4: 0/1 valid
[09-22 17:33:26]   seg10 turn+2: 0/1 valid
[09-22 17:33:39]   seg8 turn+1: 0/1 valid
[09-22 17:33:45]   seg8 turn+5: 0/1 valid
[09-22 17:33:45]   iter 8/10: +5 turns, done 0/1
[09-22 17:33:52]   seg10 turn+3: 0/1 valid
[09-22 17:34:09]   seg9 turn+1: 0/1 valid
[09-22 17:34:16]   seg10 turn+4: 0/1 valid
[09-22 17:34:41]   seg10 turn+5: 0/1 valid
[09-22 17:34:41]   iter 10/10: +5 turns, done 0/1
[09-22 17:34:41] === STTS done: SOL/L1/053_gaussian_topk_sparse_activation pass@1=0.00 final=None
[09-22 17:34:42]   seg9 turn+2: 0/1 valid
[09-22 17:35:14]   seg9 turn+3: 0/1 valid
[09-22 17:35:46]   seg9 turn+4: 0/1 valid
[09-22 17:36:34]   seg9 turn+5: 0/1 valid
[09-22 17:36:34]   iter 9/10: +5 turns, done 0/1
[09-22 17:36:54]   seg10 turn+1: 0/1 valid
[09-22 17:37:27]   seg10 turn+2: 0/1 valid
[09-22 17:37:54]   seg10 turn+3: 0/1 valid
[09-22 17:39:51]   seg10 turn+4: 0/1 valid
[09-22 17:40:20]   seg10 turn+5: 0/1 valid
[09-22 17:40:20]   iter 10/10: +5 turns, done 0/1
[09-22 17:40:20] === STTS done: SOL/L2/030_flux_concatenated_sequence_processing_with_split pass@1=0.00 final=None
[09-22 17:54:00]   seg8 turn+2: 0/1 valid
[09-22 17:54:30]   seg8 turn+3: 0/1 valid
[09-22 17:54:56]   seg8 turn+4: 0/1 valid
[09-22 17:55:31]   seg8 turn+5: 0/1 valid
[09-22 17:55:31]   iter 8/10: +5 turns, done 0/1
[09-22 17:55:45]   seg9 turn+1: 0/1 valid
[09-22 17:56:05]   seg9 turn+2: 0/1 valid
[09-22 18:01:18]   seg9 turn+3: 0/1 valid
[09-22 18:02:22]   seg9 turn+4: 0/1 valid
[09-22 18:02:51]   seg9 turn+5: 0/1 valid
[09-22 18:02:51]   iter 9/10: +5 turns, done 0/1
[09-22 18:03:26]   seg10 turn+1: 0/1 valid
[09-22 18:04:35]   seg10 turn+2: 0/1 valid
[09-22 18:05:01]   seg10 turn+3: 0/1 valid
[09-22 18:05:35]   seg10 turn+4: 0/1 valid
[09-22 18:06:05]   seg10 turn+5: 0/1 valid
[09-22 18:06:05]   iter 10/10: +5 turns, done 0/1
[09-22 18:06:05] === STTS done: SOL/L1/058_moe_expert_token_radix_sort_with_prefix_sum pass@1=0.00 final=None
[09-22 18:06:05] STTS complete -> /home/ziming/whr/run/baseline/drtriton/kbstyle_stts_full8_20260922/results.jsonl
