Definition: /home/ziming/dataset/SOL-ExecBench/data/benchmark/L2/080_moe_complete_layer_with_shared_expert_backward/definition.json
Workload  : /home/ziming/kda-ops/kda-control/formal-kda-h100-20260920--sol_execbench--L2-080_moe_complete_layer_with_shared_expert_backward/feedback_workloads.jsonl
Solution  : /home/ziming/kda-ops/kda-control/formal-kda-h100-20260920--sol_execbench--L2-080_moe_complete_layer_with_shared_expert_backward/candidates/c002/solution.py
Output    : /home/ziming/kda-ops/kda-runs/formal-kda-h100-20260920--sol_execbench--L2-080_moe_complete_layer_with_shared_expert_backward/runs/candidates/c002/feedback.json

==============================================================================
Problem : 080_moe_complete_layer_with_shared_expert_backward
Passed  : 0/16
Status  : FAIL
[1] 8686a737-9875-569c-a926-68c9787c7c67: INCORRECT_NUMERICAL
[2] 37876d64-d41a-5f9a-b8be-a72c06e41d56: INCORRECT_NUMERICAL
[3] 1714936a-08bb-588a-940d-3cca67992d3a: INCORRECT_NUMERICAL
[4] 3dd8cb46-950f-5824-a802-82fca6b80801: INCORRECT_NUMERICAL
[5] 43f3b0f2-344c-5778-ad7a-79c347ce2166: INCORRECT_NUMERICAL
[6] c6d4e299-e01d-5415-b2fa-7857b45c9810: INCORRECT_NUMERICAL
[7] bdc774f5-1c4f-5f57-ba9b-1049c6966e28: INCORRECT_NUMERICAL
[8] 731f2dfe-3a9a-5152-9ace-b1a13dc2b24b: INCORRECT_NUMERICAL
[9] fb4d927e-51ea-548e-9b75-d04da44f801f: INCORRECT_NUMERICAL
[10] 83abaaa3-7034-5d18-9fb7-101b00d3d39a: INCORRECT_NUMERICAL
[11] cf3c81bb-9449-5a90-bc1d-e675d482956a: INCORRECT_NUMERICAL
[12] 465961d2-2572-5a61-a611-abbcb849fda9: INCORRECT_NUMERICAL
[13] 53b1fc00-0392-5132-9121-a8dcca9d1b51: INCORRECT_NUMERICAL
[14] 66560932-3b13-548b-a73f-c13f6f4299d0: INCORRECT_NUMERICAL
[15] 7829aa30-fd01-59f2-b79a-967785862664: INCORRECT_NUMERICAL
[16] 229c89b2-ade9-5bee-a787-ad8617fbb601: INCORRECT_NUMERICAL
==============================================================================
Performance: /home/ziming/kda-ops/kda-runs/formal-kda-h100-20260920--sol_execbench--L2-080_moe_complete_layer_with_shared_expert_backward/runs/candidates/c002/feedback.json
