==============================================================================
Definition : gqa_ragged_prefill_causal_h32_kv8_d128  (op_type=gqa_ragged)
Solution   : /home/ziming/kda-ops/kda-control/formal-kda-h100-20260920--flashinfer--gqa_ragged_prefill_causal_h32_kv8_d128/candidates/c004/solution.py
Device     : cuda:0  (NVIDIA H100 80GB HBM3)
Workloads  : 21   trials=1 warmup=3 iters=100
Tolerance  : atol=0.01 rtol=0.01 matched_ratio=0.99
==============================================================================
[1/21] f7a038e9 axes={'len_indptr': 2, 'total_q': 7, 'total_kv': 7}: PASSED  ref=0.4617ms sol=0.0541ms  speedup=8.54x  abs=1.56e-02 rel=2.54e+00
[2/21] f4c23a33 axes={'len_indptr': 2, 'total_q': 1, 'total_kv': 1}: PASSED  ref=0.4094ms sol=0.0524ms  speedup=7.81x  abs=4.77e-07 rel=1.05e-06
[3/21] bad384fa axes={'len_indptr': 2, 'total_q': 35, 'total_kv': 35}: PASSED  ref=0.4563ms sol=0.0522ms  speedup=8.74x  abs=1.56e-02 rel=1.49e+03
[4/21] 2068cdff axes={'len_indptr': 3, 'total_q': 81, 'total_kv': 81}: PASSED  ref=0.8214ms sol=0.0528ms  speedup=15.55x  abs=1.56e-02 rel=8.15e+01
[5/21] 6f3e1bfe axes={'len_indptr': 26, 'total_q': 13557, 'total_kv': 13557}: PASSED  ref=36.0171ms sol=1.0827ms  speedup=33.27x  abs=1.56e-02 rel=8.45e+03
[6/21] adefedc4 axes={'len_indptr': 37, 'total_q': 12845, 'total_kv': 12845}: PASSED  ref=36.8120ms sol=1.0219ms  speedup=36.02x  abs=1.56e-02 rel=2.28e+04
[7/21] fab48473 axes={'len_indptr': 2, 'total_q': 7, 'total_kv': 7}: PASSED  ref=0.4152ms sol=0.0466ms  speedup=8.91x  abs=7.81e-03 rel=1.11e+01
[8/21] 3a919718 axes={'len_indptr': 2, 'total_q': 1, 'total_kv': 1}: PASSED  ref=0.3688ms sol=0.0476ms  speedup=7.75x  abs=2.38e-07 rel=4.54e-07
[9/21] 32f5e961 axes={'len_indptr': 2, 'total_q': 35, 'total_kv': 35}: PASSED  ref=0.4161ms sol=0.0464ms  speedup=8.97x  abs=1.56e-02 rel=1.26e+02
[10/21] daa2d149 axes={'len_indptr': 2, 'total_q': 35, 'total_kv': 35}: PASSED  ref=0.4125ms sol=0.0473ms  speedup=8.72x  abs=1.56e-02 rel=2.02e+01
[11/21] ef683298 axes={'len_indptr': 2, 'total_q': 18, 'total_kv': 18}: PASSED  ref=0.4087ms sol=0.0461ms  speedup=8.86x  abs=1.56e-02 rel=1.18e+01
[12/21] 568a6016 axes={'len_indptr': 2, 'total_q': 18, 'total_kv': 18}: PASSED  ref=0.4129ms sol=0.0470ms  speedup=8.78x  abs=1.56e-02 rel=4.01e+01
[13/21] b8f94163 axes={'len_indptr': 2, 'total_q': 7, 'total_kv': 7}: PASSED  ref=0.4112ms sol=0.0465ms  speedup=8.84x  abs=1.56e-02 rel=2.76e+02
[14/21] bdc49f9e axes={'len_indptr': 2, 'total_q': 1, 'total_kv': 1}: PASSED  ref=0.3697ms sol=0.0469ms  speedup=7.87x  abs=4.77e-07 rel=2.53e-06
[15/21] da9042ea axes={'len_indptr': 2, 'total_q': 35, 'total_kv': 35}: PASSED  ref=0.4162ms sol=0.0466ms  speedup=8.94x  abs=1.56e-02 rel=2.79e+03
[16/21] 58701318 axes={'len_indptr': 2, 'total_q': 35, 'total_kv': 35}: PASSED  ref=0.4168ms sol=0.0473ms  speedup=8.81x  abs=1.56e-02 rel=9.74e+01
[17/21] 2328b031 axes={'len_indptr': 16, 'total_q': 982, 'total_kv': 982}: PASSED  ref=4.6329ms sol=0.1029ms  speedup=45.04x  abs=1.56e-02 rel=1.16e+04
[18/21] 012bb8e4 axes={'len_indptr': 2, 'total_q': 71, 'total_kv': 71}: PASSED  ref=0.4087ms sol=0.0471ms  speedup=8.67x  abs=1.56e-02 rel=9.54e+02
[19/21] 370287f0 axes={'len_indptr': 2, 'total_q': 71, 'total_kv': 71}: PASSED  ref=0.4099ms sol=0.0462ms  speedup=8.87x  abs=1.56e-02 rel=1.19e+04
[20/21] 7a08a0f6 axes={'len_indptr': 11, 'total_q': 12571, 'total_kv': 12571}: PASSED  ref=32.4775ms sol=0.9956ms  speedup=32.62x  abs=1.56e-02 rel=5.75e+03
[21/21] dc8c1d18 axes={'len_indptr': 6, 'total_q': 92, 'total_kv': 92}: PASSED  ref=1.6414ms sol=0.0470ms  speedup=34.95x  abs=1.56e-02 rel=2.00e+03
==============================================================================
Passed: 21/21    valid_run=True
GEOMEAN speedup (optimization target): 12.45x
  arithmetic mean (fib/AKO4X metric):  15.55x
  min=7.75x  max=45.04x
RESULT: VALID — geomean speedup = 12.45x
==============================================================================
Wrote /home/ziming/kda-ops/kda-runs/formal-kda-h100-20260920--flashinfer--gqa_ragged_prefill_causal_h32_kv8_d128/runs/candidates/c004/final.json
