Definition: /data1/workspace/ziming/dataset/SOL-ExecBench/data/benchmark/L1/005_conv_gated_projection_with_causal_conv/definition.json
Workload  : /data1/workspace/weihongren/kda-control/formal-kda-20260916--sol_execbench--L1-005_conv_gated_projection_with_causal_conv/feedback_workloads.jsonl
Solution  : /data1/workspace/weihongren/kda-control/formal-kda-20260916--sol_execbench--L1-005_conv_gated_projection_with_causal_conv/candidates/c005/solution.py
Output    : /data1/workspace/weihongren/kda-runs/formal-kda-20260916--sol_execbench--L1-005_conv_gated_projection_with_causal_conv/runs/candidates/c005/feedback.json

==============================================================================
Problem : 005_conv_gated_projection_with_causal_conv
Passed  : 16/16
Status  : OK
[1] 6033fd0f-a2c3-5f50-89e8-ac4aa0274a0e: reference=1.880313 ms, candidate=1.417058 ms, speedup=1.3269x
[2] 36e77f89-885f-5954-a347-343a1c5b896d: reference=0.931293 ms, candidate=0.673586 ms, speedup=1.3826x
[3] 121c8e28-4742-5bfd-946f-d60b0b24de3e: reference=1.021467 ms, candidate=0.717777 ms, speedup=1.4231x
[4] 1408082c-440a-55b2-91c6-6009a7adacbf: reference=1.007852 ms, candidate=0.717969 ms, speedup=1.4038x
[5] bb262a64-b4a4-5ef1-b5c5-ad69550e822c: reference=0.543845 ms, candidate=0.389880 ms, speedup=1.3949x
[6] 66fd2ad8-d067-5554-9b98-f398f27a6ff5: reference=0.157148 ms, candidate=0.111262 ms, speedup=1.4124x
[7] 58e3ac47-d122-5f30-bfb2-1bc2608bf230: reference=1.874684 ms, candidate=1.379589 ms, speedup=1.3589x
[8] 0a859b3a-d71a-5598-bff8-593e4c7020a3: reference=1.010284 ms, candidate=0.717746 ms, speedup=1.4076x
[9] 3ac091d6-0457-5f48-83d0-c0d786e35551: reference=0.537910 ms, candidate=0.390344 ms, speedup=1.3780x
[10] dcc98535-84bd-59c0-8809-bdc3e54137fd: reference=0.156893 ms, candidate=0.111086 ms, speedup=1.4124x
[11] d9432839-c38b-58d3-95ae-e3a9e8c36fb4: reference=1.810590 ms, candidate=1.386053 ms, speedup=1.3063x
[12] 01719394-09fb-5ec2-a70f-282a9c8120e8: reference=1.903355 ms, candidate=1.398486 ms, speedup=1.3610x
[13] b0a9e3f0-2835-5ab1-8de9-8dbe153a7868: reference=0.284411 ms, candidate=0.210940 ms, speedup=1.3483x
[14] b662596d-ccb4-5df5-803a-f3688a9db2f6: reference=0.555109 ms, candidate=0.403864 ms, speedup=1.3745x
[15] 1979d4cb-bf58-5329-ba26-956b954af9dd: reference=0.540134 ms, candidate=0.390041 ms, speedup=1.3848x
[16] 8b678b13-80e9-5e65-8f33-251542987fbd: reference=0.287674 ms, candidate=0.210556 ms, speedup=1.3663x
Geomean : 1.3772x
Average : 1.3776x
==============================================================================
Performance: /data1/workspace/weihongren/kda-runs/formal-kda-20260916--sol_execbench--L1-005_conv_gated_projection_with_causal_conv/runs/candidates/c005/feedback.json
