==============================================================================
Definition : dsa_sparse_attention_h16_ckv512_kpe64_topk2048_ps64  (op_type=dsa_paged)
Solution   : /data1/workspace/weihongren/kda-control/formal-kda-20260916--flashinfer--dsa_sparse_attention_h16_ckv512_kpe64_topk2048_ps64/candidates/c003/solution.py
Device     : cuda:0  (NVIDIA A800-SXM4-80GB)
Workloads  : 5   trials=1 warmup=3 iters=100
Selected   : [12, 13, 1, 8, 16]
Tolerance  : atol=0.01 rtol=0.01 matched_ratio=0.99
==============================================================================
[1/5] 02d6ae9c axes={'num_tokens': 8, 'num_pages': 8462}: PASSED  ref=4.4244ms sol=0.1289ms  speedup=34.31x  abs=1.56e-02 rel=1.08e+02
[2/5] ddfa9e34 axes={'num_tokens': 6, 'num_pages': 8462}: PASSED  ref=3.6293ms sol=0.1289ms  speedup=28.16x  abs=1.56e-02 rel=1.45e+01
[3/5] 9d4a5f21 axes={'num_tokens': 2, 'num_pages': 8462}: PASSED  ref=2.2834ms sol=0.1280ms  speedup=17.84x  abs=1.56e-02 rel=3.95e+01
[4/5] f77df5ce axes={'num_tokens': 2, 'num_pages': 8462}: PASSED  ref=2.2862ms sol=0.1284ms  speedup=17.81x  abs=1.56e-02 rel=5.65e+00
[5/5] 564007ac axes={'num_tokens': 8, 'num_pages': 8462}: PASSED  ref=4.3004ms sol=0.1298ms  speedup=33.13x  abs=1.56e-02 rel=4.18e+02
==============================================================================
Passed: 5/5    valid_run=True
GEOMEAN speedup (optimization target): 25.20x
  arithmetic mean (fib/AKO4X metric):  26.25x
  min=17.81x  max=34.31x
RESULT: VALID — geomean speedup = 25.20x
==============================================================================
Wrote /data1/workspace/weihongren/kda-runs/formal-kda-20260916--flashinfer--dsa_sparse_attention_h16_ckv512_kpe64_topk2048_ps64/runs/candidates/c003/feedback.json
