Definition: /data1/workspace/ziming/dataset/SOL-ExecBench/data/benchmark/L1/070_mamba2_fused_intra_chunk_diagonal_computation/definition.json
Workload  : /data1/workspace/ziming/dataset/SOL-ExecBench/data/benchmark/L1/070_mamba2_fused_intra_chunk_diagonal_computation/workload.jsonl
Solution  : /data1/workspace/weihongren/baseline/drtriton/kbstyle_campaign_v2_20260918/tasks/SOL/L1/070_mamba2_fused_intra_chunk_diagonal_computation/refprecompute/solution.json
Output    : /data1/workspace/weihongren/baseline/drtriton/kbstyle_campaign_v2_20260918/tasks/SOL/L1/070_mamba2_fused_intra_chunk_diagonal_computation/refprecompute/evaluation.json

==============================================================================
Problem : 070_mamba2_fused_intra_chunk_diagonal_computation
Passed  : 14/14
Status  : OK
[1] 46445623-3380-543e-a18a-36207b92819c: reference=27.352323 ms, candidate=27.349677 ms, speedup=1.0001x
[2] b7d2ce3a-fd20-5012-bd43-bca76173490b: reference=7.909292 ms, candidate=7.913326 ms, speedup=0.9995x
[3] cfca350b-79db-50c4-8a09-73b02c46744a: reference=4.128356 ms, candidate=4.127060 ms, speedup=1.0003x
[4] 34c7ec75-e345-5cff-853e-59d46317337a: reference=15.698475 ms, candidate=15.696908 ms, speedup=1.0001x
[5] cccd1cb3-f45b-5a7f-8b6c-39c7910b9641: reference=4.126243 ms, candidate=4.150082 ms, speedup=0.9943x
[6] 336c7221-6c95-543c-bc5a-44a18cdf6948: reference=2.232599 ms, candidate=2.235509 ms, speedup=0.9987x
[7] 019db6f8-2167-5460-9502-e7c08af0576e: reference=3.179957 ms, candidate=3.178692 ms, speedup=1.0004x
[8] 213a8256-b0e7-583d-a3a6-cf005f4ed76e: reference=15.699341 ms, candidate=15.699387 ms, speedup=1.0000x
[9] d947725d-6f52-5ed4-9753-d06340034d38: reference=4.128051 ms, candidate=4.130689 ms, speedup=0.9994x
[10] b16ebbcb-17ad-546b-824d-e6f00c913c38: reference=62.429411 ms, candidate=62.422781 ms, speedup=1.0001x
[11] 405de7ad-bd6b-5213-8c17-8c2d6e75662a: reference=31.201608 ms, candidate=31.206725 ms, speedup=0.9998x
[12] 77a66754-bd40-5d81-960d-1c8dfa15e1d2: reference=31.251852 ms, candidate=31.247179 ms, speedup=1.0001x
[13] 6c45c19e-4614-5b04-af27-c7e79069cdf3: reference=15.695797 ms, candidate=15.697961 ms, speedup=0.9999x
[14] 314bcaf9-78fc-5099-924d-c3ee5b6e8801: reference=7.913874 ms, candidate=7.914081 ms, speedup=1.0000x
Geomean : 0.9995x
Average : 0.9995x
==============================================================================
Performance: /data1/workspace/weihongren/baseline/drtriton/kbstyle_campaign_v2_20260918/tasks/SOL/L1/070_mamba2_fused_intra_chunk_diagonal_computation/refprecompute/evaluation.json
