==============================================================================
Definition : gqa_ragged_prefill_causal_h32_kv8_d128  (op_type=gqa_ragged)
Solution   : /home/ziming/kda-ops/kda-control/formal-kda-h100-20260920--flashinfer--gqa_ragged_prefill_causal_h32_kv8_d128/candidates/c004/solution.py
Device     : cuda:0  (NVIDIA H100 80GB HBM3)
Workloads  : 21   trials=1 warmup=2 iters=10
Selected   : [0, 1, 2, 3, 4, 5, 6, 7, 8, 9, 10, 11, 12, 13, 14, 15, 16, 17, 18, 19, 20]
Tolerance  : atol=0.01 rtol=0.01 matched_ratio=0.99
==============================================================================
[1/21] f7a038e9 axes={'len_indptr': 2, 'total_q': 7, 'total_kv': 7}: PASSED  ref=0.5030ms sol=0.0613ms  speedup=8.21x  abs=1.56e-02 rel=1.05e+01
[2/21] f4c23a33 axes={'len_indptr': 2, 'total_q': 1, 'total_kv': 1}: PASSED  ref=0.4139ms sol=0.0563ms  speedup=7.36x  abs=4.77e-07 rel=1.37e-06
[3/21] bad384fa axes={'len_indptr': 2, 'total_q': 35, 'total_kv': 35}: PASSED  ref=0.4764ms sol=0.0572ms  speedup=8.33x  abs=1.56e-02 rel=2.43e+03
[4/21] 2068cdff axes={'len_indptr': 3, 'total_q': 81, 'total_kv': 81}: PASSED  ref=0.8466ms sol=0.0559ms  speedup=15.15x  abs=1.56e-02 rel=5.09e+02
[5/21] 6f3e1bfe axes={'len_indptr': 26, 'total_q': 13557, 'total_kv': 13557}: PASSED  ref=34.5909ms sol=1.0066ms  speedup=34.36x  abs=1.56e-02 rel=9.11e+03
[6/21] adefedc4 axes={'len_indptr': 37, 'total_q': 12845, 'total_kv': 12845}: PASSED  ref=38.2052ms sol=1.0490ms  speedup=36.42x  abs=1.56e-02 rel=1.43e+04
[7/21] fab48473 axes={'len_indptr': 2, 'total_q': 7, 'total_kv': 7}: PASSED  ref=0.4632ms sol=0.0562ms  speedup=8.24x  abs=1.56e-02 rel=5.57e+01
[8/21] 3a919718 axes={'len_indptr': 2, 'total_q': 1, 'total_kv': 1}: PASSED  ref=0.4134ms sol=0.0554ms  speedup=7.47x  abs=4.77e-07 rel=3.22e-07
[9/21] 32f5e961 axes={'len_indptr': 2, 'total_q': 35, 'total_kv': 35}: PASSED  ref=0.4754ms sol=0.0558ms  speedup=8.52x  abs=1.56e-02 rel=7.19e+01
[10/21] daa2d149 axes={'len_indptr': 2, 'total_q': 35, 'total_kv': 35}: PASSED  ref=0.4672ms sol=0.0560ms  speedup=8.34x  abs=1.56e-02 rel=7.23e+01
[11/21] ef683298 axes={'len_indptr': 2, 'total_q': 18, 'total_kv': 18}: PASSED  ref=0.4668ms sol=0.0552ms  speedup=8.45x  abs=1.56e-02 rel=5.50e+02
[12/21] 568a6016 axes={'len_indptr': 2, 'total_q': 18, 'total_kv': 18}: PASSED  ref=0.4678ms sol=0.0573ms  speedup=8.17x  abs=1.56e-02 rel=7.59e+01
[13/21] b8f94163 axes={'len_indptr': 2, 'total_q': 7, 'total_kv': 7}: PASSED  ref=0.4639ms sol=0.0560ms  speedup=8.28x  abs=1.56e-02 rel=1.69e+01
[14/21] bdc49f9e axes={'len_indptr': 2, 'total_q': 1, 'total_kv': 1}: PASSED  ref=0.4163ms sol=0.0549ms  speedup=7.58x  abs=3.58e-07 rel=6.67e-07
[15/21] da9042ea axes={'len_indptr': 2, 'total_q': 35, 'total_kv': 35}: PASSED  ref=0.4711ms sol=0.0553ms  speedup=8.52x  abs=1.56e-02 rel=3.88e+02
[16/21] 58701318 axes={'len_indptr': 2, 'total_q': 35, 'total_kv': 35}: PASSED  ref=0.4692ms sol=0.0565ms  speedup=8.30x  abs=1.56e-02 rel=1.32e+02
[17/21] 2328b031 axes={'len_indptr': 16, 'total_q': 982, 'total_kv': 982}: PASSED  ref=5.0476ms sol=0.1145ms  speedup=44.08x  abs=1.56e-02 rel=1.46e+03
[18/21] 012bb8e4 axes={'len_indptr': 2, 'total_q': 71, 'total_kv': 71}: PASSED  ref=0.4663ms sol=0.0556ms  speedup=8.38x  abs=1.56e-02 rel=1.79e+02
[19/21] 370287f0 axes={'len_indptr': 2, 'total_q': 71, 'total_kv': 71}: PASSED  ref=0.4728ms sol=0.0553ms  speedup=8.55x  abs=1.56e-02 rel=2.36e+02
[20/21] 7a08a0f6 axes={'len_indptr': 11, 'total_q': 12571, 'total_kv': 12571}: PASSED  ref=31.2093ms sol=0.9892ms  speedup=31.55x  abs=1.56e-02 rel=8.48e+03
[21/21] dc8c1d18 axes={'len_indptr': 6, 'total_q': 92, 'total_kv': 92}: PASSED  ref=1.7928ms sol=0.0561ms  speedup=31.96x  abs=1.56e-02 rel=8.57e+01
==============================================================================
Passed: 21/21    valid_run=True
GEOMEAN speedup (optimization target): 11.93x
  arithmetic mean (fib/AKO4X metric):  15.06x
  min=7.36x  max=44.08x
RESULT: VALID — geomean speedup = 11.93x
==============================================================================
Wrote /home/ziming/kda-ops/kda-runs/formal-kda-h100-20260920--flashinfer--gqa_ragged_prefill_causal_h32_kv8_d128/runs/candidates/c004/feedback.json
