Definition: /data1/workspace/ziming/dataset/SOL-ExecBench/data/benchmark/L2/080_moe_complete_layer_with_shared_expert_backward/definition.json
Workload  : /data1/workspace/ziming/dataset/SOL-ExecBench/data/benchmark/L2/080_moe_complete_layer_with_shared_expert_backward/workload.jsonl
Solution  : /data1/workspace/weihongren/baseline/drtriton/kbstyle_campaign_v2_20260918/tasks/SOL/L2/080_moe_complete_layer_with_shared_expert_backward/refprecompute/solution.json
Output    : /data1/workspace/weihongren/baseline/drtriton/kbstyle_campaign_v2_20260918/tasks/SOL/L2/080_moe_complete_layer_with_shared_expert_backward/refprecompute/evaluation.json

==============================================================================
Problem : 080_moe_complete_layer_with_shared_expert_backward
Passed  : 16/16
Status  : OK
[1] 8686a737-9875-569c-a926-68c9787c7c67: reference=1.499572 ms, candidate=1.553652 ms, speedup=0.9652x
[2] 37876d64-d41a-5f9a-b8be-a72c06e41d56: reference=15.513774 ms, candidate=15.513196 ms, speedup=1.0000x
[3] 1714936a-08bb-588a-940d-3cca67992d3a: reference=20.556993 ms, candidate=20.559841 ms, speedup=0.9999x
[4] 3dd8cb46-950f-5824-a802-82fca6b80801: reference=9.573837 ms, candidate=9.574586 ms, speedup=0.9999x
[5] 43f3b0f2-344c-5778-ad7a-79c347ce2166: reference=1.602947 ms, candidate=1.604352 ms, speedup=0.9991x
[6] c6d4e299-e01d-5415-b2fa-7857b45c9810: reference=0.945440 ms, candidate=0.945358 ms, speedup=1.0001x
[7] bdc774f5-1c4f-5f57-ba9b-1049c6966e28: reference=0.950783 ms, candidate=0.958030 ms, speedup=0.9924x
[8] 731f2dfe-3a9a-5152-9ace-b1a13dc2b24b: reference=7.947675 ms, candidate=7.930253 ms, speedup=1.0022x
[9] fb4d927e-51ea-548e-9b75-d04da44f801f: reference=10.460445 ms, candidate=10.461197 ms, speedup=0.9999x
[10] 83abaaa3-7034-5d18-9fb7-101b00d3d39a: reference=4.972084 ms, candidate=4.974660 ms, speedup=0.9995x
[11] cf3c81bb-9449-5a90-bc1d-e675d482956a: reference=8.022635 ms, candidate=8.022475 ms, speedup=1.0000x
[12] 465961d2-2572-5a61-a611-abbcb849fda9: reference=5.453533 ms, candidate=5.453660 ms, speedup=1.0000x
[13] 53b1fc00-0392-5132-9121-a8dcca9d1b51: reference=2.842043 ms, candidate=2.844460 ms, speedup=0.9992x
[14] 66560932-3b13-548b-a73f-c13f6f4299d0: reference=4.237218 ms, candidate=4.236498 ms, speedup=1.0002x
[15] 7829aa30-fd01-59f2-b79a-967785862664: reference=3.638972 ms, candidate=3.637915 ms, speedup=1.0003x
[16] 229c89b2-ade9-5bee-a787-ad8617fbb601: reference=1.112522 ms, candidate=1.112684 ms, speedup=0.9999x
Geomean : 0.9973x
Average : 0.9974x
==============================================================================
Performance: /data1/workspace/weihongren/baseline/drtriton/kbstyle_campaign_v2_20260918/tasks/SOL/L2/080_moe_complete_layer_with_shared_expert_backward/refprecompute/evaluation.json
