Definition: /data1/workspace/ziming/dataset/SOL-ExecBench/data/benchmark/L1/058_moe_expert_token_radix_sort_with_prefix_sum/definition.json
Workload  : /data1/workspace/ziming/dataset/SOL-ExecBench/data/benchmark/L1/058_moe_expert_token_radix_sort_with_prefix_sum/workload.jsonl
Solution  : /data1/workspace/weihongren/baseline/drtriton/kbstyle_campaign_v2_20260918/tasks/SOL/L1/058_moe_expert_token_radix_sort_with_prefix_sum/refprecompute/solution.json
Output    : /data1/workspace/weihongren/baseline/drtriton/kbstyle_campaign_v2_20260918/tasks/SOL/L1/058_moe_expert_token_radix_sort_with_prefix_sum/refprecompute/evaluation.json

==============================================================================
Problem : 058_moe_expert_token_radix_sort_with_prefix_sum
Passed  : 16/16
Status  : OK
[1] e259b448-b73a-5efa-81c4-f0c9e1531e3e: reference=0.308329 ms, candidate=0.312907 ms, speedup=0.9854x
[2] e8a84cca-bde1-5f80-b1f6-bda8c33da6a2: reference=0.327433 ms, candidate=0.327466 ms, speedup=0.9999x
[3] 582fdc96-9b88-5ba1-ab85-265013ca7f13: reference=0.307546 ms, candidate=0.309210 ms, speedup=0.9946x
[4] ce1a545f-d879-59e3-9478-e723c6755e4c: reference=0.313545 ms, candidate=0.319418 ms, speedup=0.9816x
[5] f761ce94-7784-5c3c-b4de-613546df93a0: reference=0.309050 ms, candidate=0.308394 ms, speedup=1.0021x
[6] 3baabec0-5dde-5077-b821-ef95b66f609a: reference=0.311083 ms, candidate=0.310426 ms, speedup=1.0021x
[7] c84061fe-df99-510c-a426-d19d813dcae9: reference=0.308027 ms, candidate=0.309307 ms, speedup=0.9959x
[8] 14ccf030-1525-5a46-9d8b-6ea0cc28904a: reference=0.307339 ms, candidate=0.310139 ms, speedup=0.9910x
[9] 4998bf90-ff9b-5904-82a2-afb99757ea96: reference=0.310107 ms, candidate=0.309114 ms, speedup=1.0032x
[10] 8fe645cb-f5dc-55ee-ac66-8c096a5a89ea: reference=0.318825 ms, candidate=0.318730 ms, speedup=1.0003x
[11] 368e546c-d434-51f2-9e24-11b3ca1e5a6d: reference=0.306042 ms, candidate=0.313065 ms, speedup=0.9776x
[12] bccc000a-30dc-5e58-8ad8-c96e8f10adbf: reference=0.308697 ms, candidate=0.312858 ms, speedup=0.9867x
[13] 13149551-9e61-5b11-85c2-c4c8cd6fc57b: reference=0.308554 ms, candidate=0.312395 ms, speedup=0.9877x
[14] af507a31-f4c8-5439-93ed-232378c99029: reference=0.317561 ms, candidate=0.321242 ms, speedup=0.9885x
[15] b1aeedac-77c9-5276-b49e-ae5f61291738: reference=0.316922 ms, candidate=0.316939 ms, speedup=0.9999x
[16] 2eb27620-de55-5418-a65c-c5a0cebfc1c0: reference=0.310858 ms, candidate=0.312827 ms, speedup=0.9937x
Geomean : 0.9931x
Average : 0.9931x
==============================================================================
Performance: /data1/workspace/weihongren/baseline/drtriton/kbstyle_campaign_v2_20260918/tasks/SOL/L1/058_moe_expert_token_radix_sort_with_prefix_sum/refprecompute/evaluation.json
