Definition: /data1/workspace/ziming/dataset/SOL-ExecBench/data/benchmark/L1/002_vae_conv3x3_groupnorm_silu_residual_fused/definition.json
Workload  : /data1/workspace/ziming/dataset/SOL-ExecBench/data/benchmark/L1/002_vae_conv3x3_groupnorm_silu_residual_fused/workload.jsonl
Solution  : /data1/workspace/weihongren/kda-control/formal-kda-20260916--sol_execbench--L1-002_vae_conv3x3_groupnorm_silu_residual_fused/candidates/c006/solution.py
Output    : /data1/workspace/weihongren/kda-runs/formal-kda-20260916--sol_execbench--L1-002_vae_conv3x3_groupnorm_silu_residual_fused/runs/candidates/c006/final.json

==============================================================================
Problem : 002_vae_conv3x3_groupnorm_silu_residual_fused
Passed  : 20/20
Status  : OK
[1] 7b00c2c8-1eaa-55ec-a575-64639d605881: reference=2.014168 ms, candidate=2.489170 ms, speedup=0.8092x
[2] a4c930bb-4694-570b-8d51-97ba053f74ac: reference=0.763176 ms, candidate=1.072804 ms, speedup=0.7114x
[3] f1b799bf-831f-5434-98be-68e897f6a219: reference=0.797303 ms, candidate=1.242850 ms, speedup=0.6415x
[4] b7c12247-9822-5484-b556-12272c60c95b: reference=15.199531 ms, candidate=18.106567 ms, speedup=0.8394x
[5] 697db7ab-bed6-5b19-a6d9-ee56785b0031: reference=1.248259 ms, candidate=1.757437 ms, speedup=0.7103x
[6] c27f80fd-cda1-5e21-9a89-61e03f7fab92: reference=2.163865 ms, candidate=2.729236 ms, speedup=0.7928x
[7] d6d0256b-9fcc-58e1-b170-418468a285ff: reference=4.666353 ms, candidate=6.002819 ms, speedup=0.7774x
[8] 69ceed6e-126b-5583-8bba-fabb3a09f4db: reference=0.613226 ms, candidate=0.904967 ms, speedup=0.6776x
[9] 144fdf2b-0296-5d64-819b-eab16d18c752: reference=7.638422 ms, candidate=9.134182 ms, speedup=0.8362x
[10] 8d631edd-1bc9-5142-9253-b0378a890e67: reference=0.374829 ms, candidate=0.545483 ms, speedup=0.6872x
[11] 38357eec-a997-567f-a5e4-07cb993c02f9: reference=45.976055 ms, candidate=57.082098 ms, speedup=0.8054x
[12] 102b9359-8f90-5a29-a5a5-dd7bce9f32c3: reference=3.899648 ms, candidate=5.884288 ms, speedup=0.6627x
[13] 952fec71-f323-5dab-9340-dad59ad7a3f1: reference=8.345468 ms, candidate=10.167613 ms, speedup=0.8208x
[14] 6284bbd2-bc2e-5002-856a-c4f2c7582254: reference=3.886593 ms, candidate=4.776026 ms, speedup=0.8138x
[15] 99881f0c-5281-5728-a4fa-de56d6c2bbe0: reference=1.047880 ms, candidate=1.499252 ms, speedup=0.6989x
[16] 8de1dc63-b34a-5618-ba36-abaa79de54cf: reference=25.886043 ms, candidate=32.305687 ms, speedup=0.8013x
[17] d6339761-5f71-58dc-b823-4b5caf913838: reference=1.704260 ms, candidate=2.188991 ms, speedup=0.7786x
[18] 7a72b3ef-ddf9-5788-bcda-d4e310ffbc2a: reference=1.702419 ms, candidate=2.172703 ms, speedup=0.7835x
[19] cdb231f0-8b76-5b89-a93b-21af0627e037: reference=2.033376 ms, candidate=2.559245 ms, speedup=0.7945x
[20] c318e734-9c16-5ca9-8379-1ebdd11da8c0: reference=3.600981 ms, candidate=4.722508 ms, speedup=0.7625x
Geomean : 0.7578x
Average : 0.7603x
==============================================================================
Performance: /data1/workspace/weihongren/kda-runs/formal-kda-20260916--sol_execbench--L1-002_vae_conv3x3_groupnorm_silu_residual_fused/runs/candidates/c006/final.json
