holder_keeper: gpus=[3] interval=10.0s idle-threshold=90.0s
{"gpu": 3, "action": "holder-restarted", "time": "2026-09-21T20:52:49.370698+08:00"}
holder_keeper: gpus=[3] interval=10.0s idle-threshold=90.0s
holder_keeper: gpus=[5] interval=10.0s idle-threshold=90.0s
holder_keeper: gpus=[5] interval=10.0s idle-threshold=90.0s
{"gpu": 5, "action": "holder-restart-initiated", "time": "2026-09-21T21:07:27.461531+08:00"}
{"gpu": 5, "action": "holder-restarted", "time": "2026-09-21T21:07:37.463256+08:00"}
holder_keeper: gpus=[5] interval=10.0s idle-threshold=30.0s
holder_keeper: gpus=[2, 5] interval=10.0s idle-threshold=30.0s
{"gpu": 2, "action": "holder-restart-initiated", "time": "2026-09-21T21:30:08.783659+08:00"}
{"gpu": 2, "action": "holder-restarted", "time": "2026-09-21T21:30:18.785545+08:00"}
holder_keeper: gpus=[0, 1, 2, 5] interval=10.0s idle-threshold=30.0s
{"gpu": 0, "action": "holder-restart-initiated", "time": "2026-09-21T21:42:28.151094+08:00"}
{"gpu": 1, "action": "holder-restart-initiated", "time": "2026-09-21T21:42:28.152497+08:00"}
{"gpu": 0, "action": "holder-restarted", "time": "2026-09-21T21:42:38.154433+08:00"}
{"gpu": 1, "action": "holder-restarted", "time": "2026-09-21T21:42:38.155479+08:00"}
{"gpu": 0, "action": "holder-restart-initiated", "time": "2026-09-21T22:05:48.348882+08:00"}
{"gpu": 0, "action": "holder-restarted", "time": "2026-09-21T22:05:58.350201+08:00"}
{"gpu": 0, "action": "holder-restart-initiated", "time": "2026-09-21T22:13:38.413473+08:00"}
{"gpu": 0, "action": "holder-restarted", "time": "2026-09-21T22:13:48.415550+08:00"}
{"gpu": 0, "action": "holder-restart-initiated", "time": "2026-09-21T22:17:58.451718+08:00"}
{"gpu": 0, "action": "holder-restarted", "time": "2026-09-21T22:18:08.453738+08:00"}
{"gpu": 0, "action": "holder-restart-initiated", "time": "2026-09-21T22:22:18.490999+08:00"}
{"gpu": 0, "action": "holder-restarted", "time": "2026-09-21T22:22:28.493031+08:00"}
{"gpu": 0, "action": "holder-restart-initiated", "time": "2026-09-21T22:24:49.622710+08:00"}
{"gpu": 0, "action": "holder-restarted", "time": "2026-09-21T22:24:59.625047+08:00"}
{"gpu": 0, "action": "holder-restart-initiated", "time": "2026-09-21T22:45:29.790106+08:00"}
{"gpu": 0, "action": "holder-restarted", "time": "2026-09-21T22:45:39.792214+08:00"}
{"gpu": 2, "action": "holder-restart-initiated", "time": "2026-09-21T22:57:49.911410+08:00"}
{"gpu": 2, "action": "holder-restarted", "time": "2026-09-21T22:57:59.914043+08:00"}
{"gpu": 0, "action": "holder-restart-initiated", "time": "2026-09-21T23:11:10.056437+08:00"}
{"gpu": 0, "action": "holder-restarted", "time": "2026-09-21T23:11:20.058510+08:00"}
{"gpu": 0, "action": "holder-restart-initiated", "time": "2026-09-21T23:14:10.550845+08:00"}
{"gpu": 0, "action": "holder-restarted", "time": "2026-09-21T23:14:20.552077+08:00"}
{"gpu": 0, "action": "holder-restart-initiated", "time": "2026-09-21T23:19:40.610624+08:00"}
{"gpu": 0, "action": "holder-restarted", "time": "2026-09-21T23:19:50.612780+08:00"}
{"gpu": 0, "action": "holder-restart-initiated", "time": "2026-09-21T23:24:20.665325+08:00"}
{"gpu": 0, "action": "holder-restarted", "time": "2026-09-21T23:24:30.667029+08:00"}
{"gpu": 1, "action": "holder-restart-initiated", "time": "2026-09-21T23:28:50.711151+08:00"}
{"gpu": 1, "action": "holder-restarted", "time": "2026-09-21T23:29:00.713592+08:00"}
{"gpu": 0, "action": "holder-restart-initiated", "time": "2026-09-21T23:31:00.742143+08:00"}
{"gpu": 0, "action": "holder-restarted", "time": "2026-09-21T23:31:10.744198+08:00"}
{"gpu": 0, "action": "holder-restart-initiated", "time": "2026-09-21T23:54:50.992556+08:00"}
{"gpu": 0, "action": "holder-restarted", "time": "2026-09-21T23:55:00.995440+08:00"}
{"gpu": 1, "action": "holder-restart-initiated", "time": "2026-09-21T23:56:51.019455+08:00"}
{"gpu": 1, "action": "holder-restarted", "time": "2026-09-21T23:57:01.021884+08:00"}
{"gpu": 0, "action": "holder-restart-initiated", "time": "2026-09-21T23:57:31.030972+08:00"}
{"gpu": 0, "action": "holder-restarted", "time": "2026-09-21T23:57:41.033884+08:00"}
{"gpu": 1, "action": "holder-restart-initiated", "time": "2026-09-22T00:04:51.114567+08:00"}
{"gpu": 1, "action": "holder-restarted", "time": "2026-09-22T00:05:01.116896+08:00"}
{"gpu": 1, "action": "holder-restart-initiated", "time": "2026-09-22T00:11:31.192151+08:00"}
{"gpu": 1, "action": "holder-restarted", "time": "2026-09-22T00:11:41.236622+08:00"}
{"gpu": 2, "action": "holder-restart-initiated", "time": "2026-09-22T00:11:41.239204+08:00"}
{"gpu": 2, "action": "holder-restarted", "time": "2026-09-22T00:11:51.241634+08:00"}
{"gpu": 1, "action": "holder-restart-initiated", "time": "2026-09-22T00:12:51.254851+08:00"}
{"gpu": 1, "action": "holder-restarted", "time": "2026-09-22T00:13:01.256352+08:00"}
{"gpu": 1, "action": "holder-restart-initiated", "time": "2026-09-22T00:15:11.280189+08:00"}
{"gpu": 1, "action": "holder-restarted", "time": "2026-09-22T00:15:21.282769+08:00"}
{"gpu": 2, "action": "holder-restart-initiated", "time": "2026-09-22T00:17:51.310284+08:00"}
{"gpu": 2, "action": "holder-restarted", "time": "2026-09-22T00:18:01.312683+08:00"}
{"gpu": 1, "action": "holder-restart-initiated", "time": "2026-09-22T00:21:21.345690+08:00"}
{"gpu": 1, "action": "holder-restarted", "time": "2026-09-22T00:21:31.347909+08:00"}
{"gpu": 2, "action": "holder-restart-initiated", "time": "2026-09-22T00:21:51.355278+08:00"}
{"gpu": 2, "action": "holder-restarted", "time": "2026-09-22T00:22:01.358001+08:00"}
{"gpu": 1, "action": "holder-restart-initiated", "time": "2026-09-22T00:22:51.369002+08:00"}
{"gpu": 1, "action": "holder-restarted", "time": "2026-09-22T00:23:01.370125+08:00"}
{"gpu": 1, "action": "holder-restart-initiated", "time": "2026-09-22T00:25:31.396491+08:00"}
{"gpu": 1, "action": "holder-restarted", "time": "2026-09-22T00:25:41.398756+08:00"}
{"gpu": 2, "action": "holder-restart-initiated", "time": "2026-09-22T00:29:11.434998+08:00"}
{"gpu": 1, "action": "holder-restart-initiated", "time": "2026-09-22T00:29:21.439672+08:00"}
{"gpu": 2, "action": "holder-restarted", "time": "2026-09-22T00:29:21.440639+08:00"}
{"gpu": 1, "action": "holder-restarted", "time": "2026-09-22T00:29:31.442809+08:00"}
{"gpu": 2, "action": "holder-restart-initiated", "time": "2026-09-22T00:35:51.532314+08:00"}
{"gpu": 2, "action": "holder-restarted", "time": "2026-09-22T00:36:01.534466+08:00"}
{"gpu": 1, "action": "holder-restart-initiated", "time": "2026-09-22T00:41:11.582305+08:00"}
{"gpu": 1, "action": "holder-restarted", "time": "2026-09-22T00:41:21.584593+08:00"}
{"gpu": 1, "action": "holder-restart-initiated", "time": "2026-09-22T00:49:11.659137+08:00"}
{"gpu": 1, "action": "holder-restarted", "time": "2026-09-22T00:49:21.660715+08:00"}
{"gpu": 0, "action": "holder-restart-initiated", "time": "2026-09-22T00:52:12.269948+08:00"}
{"gpu": 0, "action": "holder-restarted", "time": "2026-09-22T00:52:22.271935+08:00"}
{"gpu": 0, "action": "holder-restart-initiated", "time": "2026-09-22T01:00:03.383968+08:00"}
{"gpu": 0, "action": "holder-restarted", "time": "2026-09-22T01:00:13.385196+08:00"}
{"gpu": 1, "action": "holder-restart-initiated", "time": "2026-09-22T01:03:23.417935+08:00"}
{"gpu": 1, "action": "holder-restarted", "time": "2026-09-22T01:03:33.423583+08:00"}
{"gpu": 2, "action": "holder-restart-initiated", "time": "2026-09-22T01:05:33.445203+08:00"}
{"gpu": 2, "action": "holder-restarted", "time": "2026-09-22T01:05:43.447589+08:00"}
{"gpu": 0, "action": "holder-restart-initiated", "time": "2026-09-22T01:06:43.460471+08:00"}
{"gpu": 0, "action": "holder-restarted", "time": "2026-09-22T01:06:53.462404+08:00"}
{"gpu": 1, "action": "holder-restart-initiated", "time": "2026-09-22T01:12:43.799200+08:00"}
{"gpu": 0, "action": "holder-restart-initiated", "time": "2026-09-22T01:12:53.802457+08:00"}
{"gpu": 1, "action": "holder-restarted", "time": "2026-09-22T01:12:53.802843+08:00"}
{"gpu": 0, "action": "holder-restarted", "time": "2026-09-22T01:13:03.804746+08:00"}
{"gpu": 1, "action": "holder-restart-initiated", "time": "2026-09-22T01:21:13.881038+08:00"}
{"gpu": 1, "action": "holder-restarted", "time": "2026-09-22T01:21:23.883292+08:00"}
{"gpu": 2, "action": "holder-restart-initiated", "time": "2026-09-22T01:26:43.933093+08:00"}
{"gpu": 2, "action": "holder-restarted", "time": "2026-09-22T01:26:53.935285+08:00"}
{"gpu": 1, "action": "holder-restart-initiated", "time": "2026-09-22T01:28:23.951444+08:00"}
{"gpu": 1, "action": "holder-restarted", "time": "2026-09-22T01:28:33.953052+08:00"}
{"gpu": 1, "action": "holder-restart-initiated", "time": "2026-09-22T01:35:14.384000+08:00"}
{"gpu": 1, "action": "holder-restarted", "time": "2026-09-22T01:35:24.385422+08:00"}
{"gpu": 2, "action": "holder-restart-initiated", "time": "2026-09-22T01:41:45.354744+08:00"}
{"gpu": 2, "action": "holder-restarted", "time": "2026-09-22T01:41:55.357051+08:00"}
{"gpu": 2, "action": "holder-restart-initiated", "time": "2026-09-22T01:46:15.401091+08:00"}
{"gpu": 2, "action": "holder-restarted", "time": "2026-09-22T01:46:25.402757+08:00"}
{"gpu": 1, "action": "holder-restart-initiated", "time": "2026-09-22T01:48:05.420976+08:00"}
{"gpu": 1, "action": "holder-restarted", "time": "2026-09-22T01:48:15.423226+08:00"}
{"gpu": 2, "action": "holder-restart-initiated", "time": "2026-09-22T01:54:45.545227+08:00"}
{"gpu": 2, "action": "holder-restarted", "time": "2026-09-22T01:54:55.548004+08:00"}
{"gpu": 2, "action": "holder-restart-initiated", "time": "2026-09-22T02:00:05.600875+08:00"}
{"gpu": 2, "action": "holder-restarted", "time": "2026-09-22T02:00:15.603405+08:00"}
{"gpu": 2, "action": "holder-restart-initiated", "time": "2026-09-22T02:04:45.652131+08:00"}
{"gpu": 2, "action": "holder-restarted", "time": "2026-09-22T02:04:55.654417+08:00"}
{"gpu": 1, "action": "holder-restart-initiated", "time": "2026-09-22T02:06:55.675732+08:00"}
{"gpu": 1, "action": "holder-restarted", "time": "2026-09-22T02:07:05.677941+08:00"}
{"gpu": 1, "action": "holder-restart-initiated", "time": "2026-09-22T02:12:55.739510+08:00"}
{"gpu": 1, "action": "restart-stuck-cleared"}
{"gpu": 1, "action": "holder-restart-initiated", "time": "2026-09-22T02:15:25.771219+08:00"}
{"gpu": 1, "action": "restart-stuck-cleared"}
{"gpu": 1, "action": "holder-restart-initiated", "time": "2026-09-22T02:17:55.800471+08:00"}
{"gpu": 1, "action": "holder-restarted", "time": "2026-09-22T02:18:05.803100+08:00"}
{"gpu": 2, "action": "holder-restart-initiated", "time": "2026-09-22T02:33:05.951165+08:00"}
{"gpu": 2, "action": "holder-restarted", "time": "2026-09-22T02:33:15.953587+08:00"}
{"gpu": 0, "action": "holder-restart-initiated", "time": "2026-09-22T10:38:42.258582+08:00"}
{"gpu": 0, "action": "holder-restarted", "time": "2026-09-22T10:38:52.260929+08:00"}
{"gpu": 1, "action": "holder-restart-initiated", "time": "2026-09-22T10:43:22.303850+08:00"}
{"gpu": 1, "action": "holder-restarted", "time": "2026-09-22T10:43:32.306298+08:00"}
{"gpu": 0, "action": "holder-restart-initiated", "time": "2026-09-22T10:46:42.745107+08:00"}
{"gpu": 0, "action": "holder-restarted", "time": "2026-09-22T10:46:52.747443+08:00"}
{"gpu": 0, "action": "holder-restart-initiated", "time": "2026-09-22T10:48:42.767105+08:00"}
{"gpu": 0, "action": "holder-restarted", "time": "2026-09-22T10:48:52.768765+08:00"}
{"gpu": 0, "action": "holder-restart-initiated", "time": "2026-09-22T10:50:52.789604+08:00"}
{"gpu": 0, "action": "holder-restarted", "time": "2026-09-22T10:51:02.791735+08:00"}
{"gpu": 0, "action": "holder-restart-initiated", "time": "2026-09-22T10:55:32.838690+08:00"}
{"gpu": 0, "action": "holder-restarted", "time": "2026-09-22T10:55:42.841315+08:00"}
{"gpu": 0, "action": "holder-restart-initiated", "time": "2026-09-22T10:57:32.862155+08:00"}
{"gpu": 0, "action": "holder-restarted", "time": "2026-09-22T10:57:42.864229+08:00"}
{"gpu": 0, "action": "holder-restart-initiated", "time": "2026-09-22T11:00:02.892278+08:00"}
{"gpu": 0, "action": "holder-restarted", "time": "2026-09-22T11:00:12.894538+08:00"}
{"gpu": 0, "action": "holder-restart-initiated", "time": "2026-09-22T11:04:02.936653+08:00"}
{"gpu": 0, "action": "holder-restarted", "time": "2026-09-22T11:04:12.938727+08:00"}
{"gpu": 0, "action": "holder-restart-initiated", "time": "2026-09-22T11:07:52.977988+08:00"}
{"gpu": 0, "action": "holder-restarted", "time": "2026-09-22T11:08:02.980094+08:00"}
{"gpu": 0, "action": "holder-restart-initiated", "time": "2026-09-22T11:14:53.033605+08:00"}
{"gpu": 0, "action": "holder-restarted", "time": "2026-09-22T11:15:03.034932+08:00"}
holder_keeper: gpus=[0] interval=10.0s idle-threshold=30.0s
{"gpu": 0, "action": "holder-restart-initiated", "time": "2026-09-22T11:24:14.358924+08:00"}
{"gpu": 0, "action": "holder-restarted", "time": "2026-09-22T11:24:24.360641+08:00"}
{"gpu": 0, "action": "holder-restart-initiated", "time": "2026-09-22T11:28:14.383671+08:00"}
{"gpu": 0, "action": "holder-restarted", "time": "2026-09-22T11:28:24.385410+08:00"}
holder_keeper: gpus=[0, 2] interval=10.0s idle-threshold=30.0s
{"gpu": 0, "action": "holder-restart-initiated", "time": "2026-09-22T11:32:25.870644+08:00"}
{"gpu": 0, "action": "holder-restarted", "time": "2026-09-22T11:32:35.872510+08:00"}
{"gpu": 2, "action": "holder-restart-initiated", "time": "2026-09-22T11:33:05.879706+08:00"}
{"gpu": 2, "action": "holder-restarted", "time": "2026-09-22T11:33:15.881638+08:00"}
{"gpu": 0, "action": "holder-restart-initiated", "time": "2026-09-22T11:37:45.913042+08:00"}
{"gpu": 0, "action": "holder-restarted", "time": "2026-09-22T11:37:55.915105+08:00"}
{"gpu": 2, "action": "holder-restart-initiated", "time": "2026-09-22T11:40:56.049392+08:00"}
{"gpu": 2, "action": "holder-restarted", "time": "2026-09-22T11:41:06.050303+08:00"}
{"gpu": 0, "action": "holder-restart-initiated", "time": "2026-09-22T11:43:46.839112+08:00"}
{"gpu": 2, "action": "holder-restart-initiated", "time": "2026-09-22T11:43:46.840511+08:00"}
{"gpu": 0, "action": "holder-restarted", "time": "2026-09-22T11:43:56.842112+08:00"}
{"gpu": 2, "action": "holder-restarted", "time": "2026-09-22T11:43:56.842835+08:00"}
{"gpu": 2, "action": "holder-restart-initiated", "time": "2026-09-22T11:46:47.639668+08:00"}
{"gpu": 2, "action": "holder-restarted", "time": "2026-09-22T11:46:57.641665+08:00"}
{"gpu": 2, "action": "holder-restart-initiated", "time": "2026-09-22T11:49:27.660034+08:00"}
{"gpu": 2, "action": "restart-stuck-cleared"}
{"gpu": 2, "action": "holder-restart-initiated", "time": "2026-09-22T11:54:17.693691+08:00"}
{"gpu": 2, "action": "holder-restarted", "time": "2026-09-22T11:54:27.695555+08:00"}
{"gpu": 2, "action": "holder-restart-initiated", "time": "2026-09-22T12:04:27.758350+08:00"}
{"gpu": 2, "action": "holder-restarted", "time": "2026-09-22T12:04:37.760261+08:00"}
{"gpu": 0, "action": "holder-restart-initiated", "time": "2026-09-22T15:03:28.795263+08:00"}
{"gpu": 0, "action": "holder-restarted", "time": "2026-09-22T15:03:38.797353+08:00"}
holder_keeper: gpus=[0] interval=10.0s idle-threshold=30.0s
{"gpu": 0, "action": "holder-restart-initiated", "time": "2026-09-23T10:43:39.429182+08:00"}
{"gpu": 0, "action": "holder-restarted", "time": "2026-09-23T10:43:49.430935+08:00"}
{"gpu": 0, "action": "holder-restart-initiated", "time": "2026-09-23T10:50:19.462062+08:00"}
{"gpu": 0, "action": "holder-restarted", "time": "2026-09-23T10:50:29.463756+08:00"}
{"gpu": 0, "action": "holder-restart-initiated", "time": "2026-09-23T10:53:10.148806+08:00"}
{"gpu": 0, "action": "holder-restarted", "time": "2026-09-23T10:53:20.150467+08:00"}
{"gpu": 0, "action": "holder-restart-initiated", "time": "2026-09-23T11:04:50.206124+08:00"}
{"gpu": 0, "action": "holder-restarted", "time": "2026-09-23T11:05:00.207797+08:00"}
{"gpu": 0, "action": "holder-restart-initiated", "time": "2026-09-23T11:07:10.219282+08:00"}
{"gpu": 0, "action": "holder-restarted", "time": "2026-09-23T11:07:20.220956+08:00"}
{"gpu": 0, "action": "holder-restart-initiated", "time": "2026-09-23T11:11:00.240148+08:00"}
{"gpu": 0, "action": "holder-restarted", "time": "2026-09-23T11:11:10.241857+08:00"}
{"gpu": 0, "action": "holder-restart-initiated", "time": "2026-09-23T11:40:10.374171+08:00"}
{"gpu": 0, "action": "holder-restarted", "time": "2026-09-23T11:40:20.375865+08:00"}
{"gpu": 0, "action": "holder-restart-initiated", "time": "2026-09-23T11:42:10.388251+08:00"}
{"gpu": 0, "action": "holder-restarted", "time": "2026-09-23T11:42:20.389975+08:00"}
