Definition: /data1/workspace/ziming/dataset/SOL-ExecBench/data/benchmark/L2/043_mamba_chunk_scan_with_segsum/definition.json
Workload  : /data1/workspace/ziming/dataset/SOL-ExecBench/data/benchmark/L2/043_mamba_chunk_scan_with_segsum/workload.jsonl
Solution  : /data1/workspace/weihongren/kda-control/formal-kda-20260916--sol_execbench--L2-043_mamba_chunk_scan_with_segsum/candidates/c007/solution.py
Output    : /data1/workspace/weihongren/kda-runs/formal-kda-20260916--sol_execbench--L2-043_mamba_chunk_scan_with_segsum/runs/candidates/c007/final.json

==============================================================================
Problem : 043_mamba_chunk_scan_with_segsum
Passed  : 16/16
Status  : OK
[1] 6dc47920-87cb-522b-be70-75445f3d5ec2: reference=1.432338 ms, candidate=0.083822 ms, speedup=17.0879x
[2] d991fa5b-44ea-5382-9dd7-ab2de30edb3f: reference=1.628302 ms, candidate=0.083406 ms, speedup=19.5226x
[3] 8b5183aa-fb88-5f42-93e0-7a7f93d21e39: reference=5.726985 ms, candidate=0.298090 ms, speedup=19.2123x
[4] ee5f8f4c-bcd1-579f-ba67-111dad5de40e: reference=1.126665 ms, candidate=0.060608 ms, speedup=18.5895x
[5] 5fd24475-8733-54c5-9b2f-b4c6e85c6346: reference=2.769335 ms, candidate=0.122701 ms, speedup=22.5697x
[6] b1a54ea4-b4a1-5ba2-bdde-629f3fc44ac4: reference=6.379739 ms, candidate=0.245275 ms, speedup=26.0106x
[7] a85c5733-0c73-556f-8514-570137ce6445: reference=1.424691 ms, candidate=0.083807 ms, speedup=16.9998x
[8] e46fbbbe-6435-5117-95a2-8765cae044b2: reference=1.457138 ms, candidate=0.083790 ms, speedup=17.3904x
[9] 7314d24b-0c2b-56b1-b284-a4788dbdd312: reference=5.664170 ms, candidate=0.288298 ms, speedup=19.6469x
[10] ac631b51-84e2-59cb-b2a7-7f5eb5323d33: reference=3.070496 ms, candidate=0.181596 ms, speedup=16.9083x
[11] cc6cc950-8370-53a7-a4b9-3ca3a06f0fe6: reference=3.589237 ms, candidate=0.174957 ms, speedup=20.5150x
[12] d0a303ee-a62b-52db-bbd2-be2c00180686: reference=5.602283 ms, candidate=0.311033 ms, speedup=18.0119x
[13] 4bf2c843-37b5-5bcc-8809-79651bc70a27: reference=1.646238 ms, candidate=0.082174 ms, speedup=20.0334x
[14] 12f5f749-116b-52a6-995a-daf4b2160b3f: reference=5.615692 ms, candidate=0.251771 ms, speedup=22.3048x
[15] 61c84e38-30c7-54c8-90b4-62584998568e: reference=3.251996 ms, candidate=0.125230 ms, speedup=25.9682x
[16] 2907639d-da31-514e-aad2-1a90f808b3ad: reference=3.109184 ms, candidate=0.157101 ms, speedup=19.7910x
Geomean : 19.8541x
Average : 20.0351x
==============================================================================
Performance: /data1/workspace/weihongren/kda-runs/formal-kda-20260916--sol_execbench--L2-043_mamba_chunk_scan_with_segsum/runs/candidates/c007/final.json
