==============================================================================
Definition : mla_paged_decode_h16_ckv512_kpe64_ps1  (op_type=mla_paged)
Solution   : /home/ziming/kda-ops/kda-control/formal-kda-h100-20260920--flashinfer--mla_paged_decode_h16_ckv512_kpe64_ps1/candidates/c002/solution.py
Device     : cuda:0  (NVIDIA H100 80GB HBM3)
Workloads  : 47   trials=1 warmup=3 iters=100
Tolerance  : atol=0.01 rtol=0.01 matched_ratio=0.99
==============================================================================
[1/47] 00cb2bc2 axes={'batch_size': 1, 'num_pages': 989669, 'len_indptr': 2, 'num_kv_indices': 8}: PASSED  ref=2.1313ms sol=0.0922ms  speedup=23.11x  abs=7.81e-03 rel=2.17e+00
[2/47] c2e8ef55 axes={'batch_size': 1, 'num_pages': 989669, 'len_indptr': 2, 'num_kv_indices': 108}: PASSED  ref=2.1552ms sol=0.0889ms  speedup=24.25x  abs=7.81e-03 rel=3.36e+00
[3/47] deb5f26c axes={'batch_size': 1, 'num_pages': 989669, 'len_indptr': 2, 'num_kv_indices': 208}: PASSED  ref=2.3185ms sol=0.0897ms  speedup=25.85x  abs=7.81e-03 rel=1.46e+00
[4/47] 7cd78cb9 axes={'batch_size': 1, 'num_pages': 989669, 'len_indptr': 2, 'num_kv_indices': 308}: PASSED  ref=2.1646ms sol=0.0890ms  speedup=24.33x  abs=7.81e-03 rel=3.30e+01
[5/47] 951de642 axes={'batch_size': 1, 'num_pages': 989669, 'len_indptr': 2, 'num_kv_indices': 408}: PASSED  ref=2.3786ms sol=0.0896ms  speedup=26.54x  abs=7.81e-03 rel=1.77e+00
[6/47] 4d9f5e3e axes={'batch_size': 1, 'num_pages': 989669, 'len_indptr': 2, 'num_kv_indices': 508}: PASSED  ref=2.1658ms sol=0.0896ms  speedup=24.16x  abs=3.91e-03 rel=9.60e-01
[7/47] 5c200fe9 axes={'batch_size': 1, 'num_pages': 989669, 'len_indptr': 2, 'num_kv_indices': 608}: PASSED  ref=2.3988ms sol=0.0960ms  speedup=24.99x  abs=7.81e-03 rel=2.02e+00
[8/47] d232cde2 axes={'batch_size': 1, 'num_pages': 989669, 'len_indptr': 2, 'num_kv_indices': 708}: PASSED  ref=2.2135ms sol=0.0895ms  speedup=24.74x  abs=7.81e-03 rel=1.46e+01
[9/47] 2cde88e6 axes={'batch_size': 1, 'num_pages': 989669, 'len_indptr': 2, 'num_kv_indices': 808}: PASSED  ref=2.2315ms sol=0.0914ms  speedup=24.41x  abs=3.91e-03 rel=4.89e+00
[10/47] 53a7dfec axes={'batch_size': 1, 'num_pages': 989669, 'len_indptr': 2, 'num_kv_indices': 2708}: PASSED  ref=2.2909ms sol=0.1479ms  speedup=15.49x  abs=7.81e-03 rel=9.75e-01
[11/47] f26d4f7f axes={'batch_size': 1, 'num_pages': 989669, 'len_indptr': 2, 'num_kv_indices': 1908}: PASSED  ref=2.1890ms sol=0.1282ms  speedup=17.07x  abs=7.81e-03 rel=3.50e+01
[12/47] e6bef587 axes={'batch_size': 1, 'num_pages': 989669, 'len_indptr': 2, 'num_kv_indices': 1008}: PASSED  ref=2.3101ms sol=0.0948ms  speedup=24.38x  abs=3.91e-03 rel=4.71e+00
[13/47] d0da33e2 axes={'batch_size': 1, 'num_pages': 989669, 'len_indptr': 2, 'num_kv_indices': 2408}: PASSED  ref=2.1709ms sol=0.1329ms  speedup=16.34x  abs=7.81e-03 rel=1.82e+00
[14/47] 990b57e3 axes={'batch_size': 1, 'num_pages': 989669, 'len_indptr': 2, 'num_kv_indices': 1108}: PASSED  ref=2.2627ms sol=0.0947ms  speedup=23.89x  abs=7.81e-03 rel=6.25e+01
[15/47] 28210082 axes={'batch_size': 1, 'num_pages': 989669, 'len_indptr': 2, 'num_kv_indices': 1208}: PASSED  ref=2.2227ms sol=0.0964ms  speedup=23.06x  abs=3.91e-03 rel=1.25e+00
[16/47] 5e86857b axes={'batch_size': 16, 'num_pages': 989669, 'len_indptr': 17, 'num_kv_indices': 2757}: PASSED  ref=5.3595ms sol=0.0974ms  speedup=55.05x  abs=1.56e-02 rel=7.08e+01
[17/47] 34026642 axes={'batch_size': 16, 'num_pages': 989669, 'len_indptr': 17, 'num_kv_indices': 1857}: PASSED  ref=4.9032ms sol=0.0759ms  speedup=64.61x  abs=1.56e-02 rel=1.49e+02
[18/47] 89070a1d axes={'batch_size': 16, 'num_pages': 989669, 'len_indptr': 17, 'num_kv_indices': 3557}: PASSED  ref=4.9158ms sol=0.0902ms  speedup=54.52x  abs=1.56e-02 rel=2.15e+01
[19/47] 1250b1f6 axes={'batch_size': 16, 'num_pages': 989669, 'len_indptr': 17, 'num_kv_indices': 4357}: PASSED  ref=5.0090ms sol=0.0945ms  speedup=53.00x  abs=7.81e-03 rel=3.97e+01
[20/47] 5bfb8416 axes={'batch_size': 16, 'num_pages': 989669, 'len_indptr': 17, 'num_kv_indices': 7257}: PASSED  ref=4.8713ms sol=0.0757ms  speedup=64.34x  abs=7.81e-03 rel=9.99e+00
[21/47] 57106903 axes={'batch_size': 16, 'num_pages': 989669, 'len_indptr': 17, 'num_kv_indices': 8057}: PASSED  ref=4.8587ms sol=0.0753ms  speedup=64.50x  abs=7.81e-03 rel=1.11e+01
[22/47] 373074ba axes={'batch_size': 16, 'num_pages': 989669, 'len_indptr': 17, 'num_kv_indices': 5057}: PASSED  ref=4.7492ms sol=0.0745ms  speedup=63.71x  abs=7.81e-03 rel=2.65e+01
[23/47] c4e14a53 axes={'batch_size': 16, 'num_pages': 989669, 'len_indptr': 17, 'num_kv_indices': 9657}: PASSED  ref=4.8770ms sol=0.1106ms  speedup=44.10x  abs=7.81e-03 rel=7.21e+01
[24/47] f42ce054 axes={'batch_size': 16, 'num_pages': 989669, 'len_indptr': 17, 'num_kv_indices': 5857}: PASSED  ref=4.8074ms sol=0.0749ms  speedup=64.18x  abs=7.81e-03 rel=5.32e+00
[25/47] 220b10b5 axes={'batch_size': 16, 'num_pages': 989669, 'len_indptr': 17, 'num_kv_indices': 10857}: PASSED  ref=5.0088ms sol=0.1133ms  speedup=44.20x  abs=1.56e-02 rel=3.12e+01
[26/47] 787d2d2f axes={'batch_size': 16, 'num_pages': 989669, 'len_indptr': 17, 'num_kv_indices': 6657}: PASSED  ref=4.8527ms sol=0.0768ms  speedup=63.21x  abs=1.56e-02 rel=6.70e+01
[27/47] e417264f axes={'batch_size': 16, 'num_pages': 989669, 'len_indptr': 17, 'num_kv_indices': 12857}: PASSED  ref=4.9731ms sol=0.1179ms  speedup=42.16x  abs=7.81e-03 rel=1.44e+01
[28/47] a128f96f axes={'batch_size': 16, 'num_pages': 989669, 'len_indptr': 17, 'num_kv_indices': 457}: PASSED  ref=4.8450ms sol=0.0747ms  speedup=64.85x  abs=1.56e-02 rel=7.56e+01
[29/47] bd2dae14 axes={'batch_size': 16, 'num_pages': 989669, 'len_indptr': 17, 'num_kv_indices': 14857}: PASSED  ref=4.9338ms sol=0.1210ms  speedup=40.76x  abs=7.81e-03 rel=2.15e+01
[30/47] 84221f45 axes={'batch_size': 16, 'num_pages': 989669, 'len_indptr': 17, 'num_kv_indices': 17257}: PASSED  ref=4.9395ms sol=0.1292ms  speedup=38.23x  abs=1.56e-02 rel=4.61e+01
[31/47] 7a9dc58c axes={'batch_size': 16, 'num_pages': 989669, 'len_indptr': 17, 'num_kv_indices': 8857}: PASSED  ref=4.9534ms sol=0.0968ms  speedup=51.16x  abs=7.81e-03 rel=2.03e+02
[32/47] fd4b2558 axes={'batch_size': 64, 'num_pages': 989669, 'len_indptr': 65, 'num_kv_indices': 27545}: PASSED  ref=13.6677ms sol=0.1278ms  speedup=106.98x  abs=1.56e-02 rel=4.08e+02
[33/47] 7e083fc8 axes={'batch_size': 64, 'num_pages': 989669, 'len_indptr': 65, 'num_kv_indices': 30745}: PASSED  ref=13.8811ms sol=0.1300ms  speedup=106.75x  abs=1.56e-02 rel=3.65e+02
[34/47] 60b29b12 axes={'batch_size': 64, 'num_pages': 989669, 'len_indptr': 65, 'num_kv_indices': 33945}: PASSED  ref=13.9750ms sol=0.1348ms  speedup=103.68x  abs=7.81e-03 rel=5.40e+01
[35/47] b018a35e axes={'batch_size': 64, 'num_pages': 989669, 'len_indptr': 65, 'num_kv_indices': 37145}: PASSED  ref=13.9788ms sol=0.1379ms  speedup=101.34x  abs=1.56e-02 rel=3.74e+01
[36/47] 86a0eb47 axes={'batch_size': 64, 'num_pages': 989669, 'len_indptr': 65, 'num_kv_indices': 40345}: PASSED  ref=13.9904ms sol=0.1404ms  speedup=99.64x  abs=7.81e-03 rel=1.24e+02
[37/47] 80797c3d axes={'batch_size': 64, 'num_pages': 989669, 'len_indptr': 65, 'num_kv_indices': 44845}: PASSED  ref=13.7864ms sol=0.1687ms  speedup=81.72x  abs=1.56e-02 rel=1.09e+02
[38/47] f4367b30 axes={'batch_size': 64, 'num_pages': 989669, 'len_indptr': 65, 'num_kv_indices': 48045}: PASSED  ref=14.0274ms sol=0.1676ms  speedup=83.68x  abs=1.56e-02 rel=1.23e+03
[39/47] b15c7099 axes={'batch_size': 64, 'num_pages': 989669, 'len_indptr': 65, 'num_kv_indices': 51245}: PASSED  ref=14.1110ms sol=0.1726ms  speedup=81.78x  abs=1.56e-02 rel=3.52e+02
[40/47] 65082ffb axes={'batch_size': 64, 'num_pages': 989669, 'len_indptr': 65, 'num_kv_indices': 54445}: PASSED  ref=14.1615ms sol=0.1742ms  speedup=81.28x  abs=7.81e-03 rel=4.42e+03
[41/47] d771f51c axes={'batch_size': 64, 'num_pages': 989669, 'len_indptr': 65, 'num_kv_indices': 57645}: PASSED  ref=14.0832ms sol=0.1753ms  speedup=80.34x  abs=1.56e-02 rel=1.16e+04
[42/47] 5bef8d88 axes={'batch_size': 64, 'num_pages': 989669, 'len_indptr': 65, 'num_kv_indices': 75145}: PASSED  ref=14.2278ms sol=0.3538ms  speedup=40.21x  abs=7.81e-03 rel=9.59e+01
[43/47] 45be562f axes={'batch_size': 64, 'num_pages': 989669, 'len_indptr': 65, 'num_kv_indices': 9945}: PASSED  ref=13.9329ms sol=0.1136ms  speedup=122.64x  abs=1.56e-02 rel=4.27e+01
[44/47] 939f995a axes={'batch_size': 64, 'num_pages': 989669, 'len_indptr': 65, 'num_kv_indices': 62345}: PASSED  ref=14.1796ms sol=0.3524ms  speedup=40.24x  abs=1.56e-02 rel=8.17e+01
[45/47] c9ba5e7f axes={'batch_size': 64, 'num_pages': 989669, 'len_indptr': 65, 'num_kv_indices': 16345}: PASSED  ref=14.2142ms sol=0.1198ms  speedup=118.67x  abs=1.56e-02 rel=8.13e+01
[46/47] 0c746a7a axes={'batch_size': 64, 'num_pages': 989669, 'len_indptr': 65, 'num_kv_indices': 22745}: PASSED  ref=14.1241ms sol=0.1174ms  speedup=120.31x  abs=7.81e-03 rel=5.52e+03
[47/47] 1c3743b9 axes={'batch_size': 64, 'num_pages': 989669, 'len_indptr': 65, 'num_kv_indices': 68745}: PASSED  ref=14.3987ms sol=0.3535ms  speedup=40.73x  abs=1.56e-02 rel=1.98e+02
==============================================================================
Passed: 47/47    valid_run=True
GEOMEAN speedup (optimization target): 47.19x
  arithmetic mean (fib/AKO4X metric):  55.85x
  min=15.49x  max=122.64x
RESULT: VALID — geomean speedup = 47.19x
==============================================================================
Wrote /home/ziming/kda-ops/kda-runs/formal-kda-h100-20260920--flashinfer--mla_paged_decode_h16_ckv512_kpe64_ps1/runs/candidates/c002/final.json
