==============================================================================
Definition : rmsnorm_h4096  (op_type=rmsnorm)
Solution   : /home/ziming/whr/run/baseline/drtriton/kbstyle_stts_full8_20260922/tasks/flashinfer/rmsnorm_h4096/final/solution.py
Device     : cuda:0  (NVIDIA H100 80GB HBM3)
Workloads  : 14   trials=1 warmup=3 iters=100
Tolerance  : atol=0.01 rtol=0.01 matched_ratio=0.99
==============================================================================
[1/14] 33bf737d axes={'batch_size': 7}: PASSED  ref=0.0790ms sol=0.0848ms  speedup=0.93x  abs=0.00e+00 rel=0.00e+00
[2/14] 864d596c axes={'batch_size': 1}: PASSED  ref=0.0774ms sol=0.0840ms  speedup=0.92x  abs=0.00e+00 rel=0.00e+00
[3/14] f7c3b329 axes={'batch_size': 34}: PASSED  ref=0.0778ms sol=0.0849ms  speedup=0.92x  abs=4.88e-04 rel=4.12e-03
[4/14] b010c7f2 axes={'batch_size': 170}: PASSED  ref=0.0765ms sol=0.0844ms  speedup=0.91x  abs=2.44e-04 rel=4.22e-03
[5/14] f0f508c3 axes={'batch_size': 14418}: PASSED  ref=0.9794ms sol=0.3397ms  speedup=2.88x  abs=1.56e-02 rel=7.75e-03
[6/14] cfddc087 axes={'batch_size': 11832}: PASSED  ref=0.8338ms sol=0.2901ms  speedup=2.87x  abs=1.56e-02 rel=7.75e-03
[7/14] 14531e96 axes={'batch_size': 64}: PASSED  ref=0.0776ms sol=0.0842ms  speedup=0.92x  abs=0.00e+00 rel=0.00e+00
[8/14] a497c980 axes={'batch_size': 16}: PASSED  ref=0.0775ms sol=0.0825ms  speedup=0.94x  abs=0.00e+00 rel=0.00e+00
[9/14] d1337dc1 axes={'batch_size': 10827}: PASSED  ref=0.7497ms sol=0.2700ms  speedup=2.78x  abs=3.12e-02 rel=7.75e-03
[10/14] 0cf0fdba axes={'batch_size': 8804}: PASSED  ref=0.6308ms sol=0.2291ms  speedup=2.75x  abs=1.56e-02 rel=7.46e-03
[11/14] d9e317ac axes={'batch_size': 63}: PASSED  ref=0.0813ms sol=0.0840ms  speedup=0.97x  abs=0.00e+00 rel=0.00e+00
[12/14] 818219cc axes={'batch_size': 79}: PASSED  ref=0.0779ms sol=0.0843ms  speedup=0.92x  abs=0.00e+00 rel=0.00e+00
[13/14] 841b0afa axes={'batch_size': 14509}: PASSED  ref=0.9948ms sol=0.3410ms  speedup=2.92x  abs=3.12e-02 rel=7.46e-03
[14/14] 9d403d2b axes={'batch_size': 15}: PASSED  ref=0.0773ms sol=0.0831ms  speedup=0.93x  abs=0.00e+00 rel=0.00e+00
==============================================================================
Passed: 14/14    valid_run=True
GEOMEAN speedup (optimization target): 1.38x
  arithmetic mean (fib/AKO4X metric):  1.61x
  min=0.91x  max=2.92x
RESULT: VALID — geomean speedup = 1.38x
==============================================================================
Wrote /home/ziming/whr/run/baseline/drtriton/kbstyle_stts_full8_20260922/tasks/flashinfer/rmsnorm_h4096/final/performance.json
