Definition: /home/ziming/dataset/SOL-ExecBench/data/benchmark/L1/058_moe_expert_token_radix_sort_with_prefix_sum/definition.json
Workload  : /home/ziming/kda-ops/kda-control/formal-kda-h100-20260920--sol_execbench--L1-058_moe_expert_token_radix_sort_with_prefix_sum/feedback_workloads.jsonl
Solution  : /home/ziming/kda-ops/kda-control/formal-kda-h100-20260920--sol_execbench--L1-058_moe_expert_token_radix_sort_with_prefix_sum/candidates/c003/solution.py
Output    : /home/ziming/kda-ops/kda-runs/formal-kda-h100-20260920--sol_execbench--L1-058_moe_expert_token_radix_sort_with_prefix_sum/runs/candidates/c003/feedback.json

==============================================================================
Problem : 058_moe_expert_token_radix_sort_with_prefix_sum
Passed  : 16/16
Status  : OK
[1] e259b448-b73a-5efa-81c4-f0c9e1531e3e: reference=0.225088 ms, candidate=0.064176 ms, speedup=3.5074x
[2] e8a84cca-bde1-5f80-b1f6-bda8c33da6a2: reference=0.248287 ms, candidate=0.109328 ms, speedup=2.2710x
[3] 582fdc96-9b88-5ba1-ab85-265013ca7f13: reference=0.231389 ms, candidate=0.061776 ms, speedup=3.7456x
[4] ce1a545f-d879-59e3-9478-e723c6755e4c: reference=0.231040 ms, candidate=0.075967 ms, speedup=3.0413x
[5] f761ce94-7784-5c3c-b4de-613546df93a0: reference=0.228416 ms, candidate=0.058863 ms, speedup=3.8804x
[6] 3baabec0-5dde-5077-b821-ef95b66f609a: reference=0.221200 ms, candidate=0.058817 ms, speedup=3.7608x
[7] c84061fe-df99-510c-a426-d19d813dcae9: reference=0.223839 ms, candidate=0.060864 ms, speedup=3.6777x
[8] 14ccf030-1525-5a46-9d8b-6ea0cc28904a: reference=0.242689 ms, candidate=0.060384 ms, speedup=4.0191x
[9] 4998bf90-ff9b-5904-82a2-afb99757ea96: reference=0.238144 ms, candidate=0.063872 ms, speedup=3.7285x
[10] 8fe645cb-f5dc-55ee-ac66-8c096a5a89ea: reference=0.243377 ms, candidate=0.077872 ms, speedup=3.1254x
[11] 368e546c-d434-51f2-9e24-11b3ca1e5a6d: reference=0.232096 ms, candidate=0.061280 ms, speedup=3.7875x
[12] bccc000a-30dc-5e58-8ad8-c96e8f10adbf: reference=0.236559 ms, candidate=0.061983 ms, speedup=3.8165x
[13] 13149551-9e61-5b11-85c2-c4c8cd6fc57b: reference=0.235376 ms, candidate=0.062288 ms, speedup=3.7788x
[14] af507a31-f4c8-5439-93ed-232378c99029: reference=0.238208 ms, candidate=0.078432 ms, speedup=3.0371x
[15] b1aeedac-77c9-5276-b49e-ae5f61291738: reference=0.237104 ms, candidate=0.077216 ms, speedup=3.0707x
[16] 2eb27620-de55-5418-a65c-c5a0cebfc1c0: reference=0.236752 ms, candidate=0.061409 ms, speedup=3.8554x
Geomean : 3.4730x
Average : 3.5064x
==============================================================================
Performance: /home/ziming/kda-ops/kda-runs/formal-kda-h100-20260920--sol_execbench--L1-058_moe_expert_token_radix_sort_with_prefix_sum/runs/candidates/c003/feedback.json
