==============================================================================
Definition : mla_paged_decode_h16_ckv512_kpe64_ps1  (op_type=mla_paged)
Solution   : /data1/workspace/weihongren/kda-control/formal-kda-20260916--flashinfer--mla_paged_decode_h16_ckv512_kpe64_ps1/candidates/c002/solution.py
Device     : cuda:0  (NVIDIA A800-SXM4-80GB)
Workloads  : 5   trials=1 warmup=3 iters=100
Selected   : [24, 26, 2, 16, 32]
Tolerance  : atol=0.01 rtol=0.01 matched_ratio=0.99
==============================================================================
[1/5] 220b10b5 axes={'batch_size': 16, 'num_pages': 989669, 'len_indptr': 17, 'num_kv_indices': 10857}: PASSED  ref=8.0911ms sol=0.1751ms  speedup=46.22x  abs=1.56e-02 rel=6.06e+02
[2/5] e417264f axes={'batch_size': 16, 'num_pages': 989669, 'len_indptr': 17, 'num_kv_indices': 12857}: PASSED  ref=7.9867ms sol=0.1833ms  speedup=43.58x  abs=1.56e-02 rel=1.45e+01
[3/5] deb5f26c axes={'batch_size': 1, 'num_pages': 989669, 'len_indptr': 2, 'num_kv_indices': 208}: PASSED  ref=3.2444ms sol=0.0706ms  speedup=45.93x  abs=7.81e-03 rel=7.97e-01
[4/5] 34026642 axes={'batch_size': 16, 'num_pages': 989669, 'len_indptr': 17, 'num_kv_indices': 1857}: PASSED  ref=7.8444ms sol=0.0837ms  speedup=93.68x  abs=1.56e-02 rel=1.53e+02
[5/5] 7e083fc8 axes={'batch_size': 64, 'num_pages': 989669, 'len_indptr': 65, 'num_kv_indices': 30745}: PASSED  ref=23.1261ms sol=0.1922ms  speedup=120.33x  abs=1.56e-02 rel=3.32e+02
==============================================================================
Passed: 5/5    valid_run=True
GEOMEAN speedup (optimization target): 63.63x
  arithmetic mean (fib/AKO4X metric):  69.95x
  min=43.58x  max=120.33x
RESULT: VALID — geomean speedup = 63.63x
==============================================================================
Wrote /data1/workspace/weihongren/kda-runs/formal-kda-20260916--flashinfer--mla_paged_decode_h16_ckv512_kpe64_ps1/runs/candidates/c002/feedback.json
