==============================================================================
Definition : mla_paged_prefill_causal_h16_ckv512_kpe64_ps1  (op_type=mla_paged)
Solution   : /data1/workspace/weihongren/kda-control/formal-kda-20260916--flashinfer--mla_paged_prefill_causal_h16_ckv512_kpe64_ps1/candidates/c002/solution.py
Device     : cuda:0  (NVIDIA A800-SXM4-80GB)
Workloads  : 5   trials=1 warmup=3 iters=100
Selected   : [24, 26, 2, 16, 32]
Tolerance  : atol=0.01 rtol=0.01 matched_ratio=0.99
==============================================================================
[1/5] 053a88a3 axes={'total_q': 6053, 'num_pages': 989669, 'len_indptr': 12, 'num_kv_indices': 6091}: PASSED  ref=1419.2074ms sol=4.2173ms  speedup=336.52x  abs=1.56e-02 rel=8.72e+03
[2/5] a8cff3c6 axes={'total_q': 43, 'num_pages': 989669, 'len_indptr': 2, 'num_kv_indices': 46}: PASSED  ref=13.0961ms sol=0.4011ms  speedup=32.65x  abs=1.56e-02 rel=3.00e+01
[3/5] 7572654f axes={'total_q': 17, 'num_pages': 989669, 'len_indptr': 2, 'num_kv_indices': 19}: PASSED  ref=7.0667ms sol=0.4009ms  speedup=17.63x  abs=1.56e-02 rel=7.18e+01
[4/5] ed999c80 axes={'total_q': 22, 'num_pages': 989669, 'len_indptr': 23, 'num_kv_indices': 17759}: PASSED  ref=11.5944ms sol=0.6883ms  speedup=16.85x  abs=1.56e-02 rel=1.14e+02
[5/5] 805238ee axes={'total_q': 3842, 'num_pages': 989669, 'len_indptr': 21, 'num_kv_indices': 3916}: PASSED  ref=903.8980ms sol=1.9604ms  speedup=461.07x  abs=1.56e-02 rel=9.66e+03
==============================================================================
Passed: 5/5    valid_run=True
GEOMEAN speedup (optimization target): 68.46x
  arithmetic mean (fib/AKO4X metric):  172.94x
  min=16.85x  max=461.07x
RESULT: VALID — geomean speedup = 68.46x
==============================================================================
Wrote /data1/workspace/weihongren/kda-runs/formal-kda-20260916--flashinfer--mla_paged_prefill_causal_h16_ckv512_kpe64_ps1/runs/candidates/c002/feedback.json
