Definition: /home/ziming/dataset/SOL-ExecBench/data/benchmark/L1/070_mamba2_fused_intra_chunk_diagonal_computation/definition.json
Workload  : /home/ziming/kda-ops/kda-control/formal-kda-h100-20260920--sol_execbench--L1-070_mamba2_fused_intra_chunk_diagonal_computation/feedback_workloads.jsonl
Solution  : /home/ziming/kda-ops/kda-control/formal-kda-h100-20260920--sol_execbench--L1-070_mamba2_fused_intra_chunk_diagonal_computation/candidates/c005/solution.py
Output    : /home/ziming/kda-ops/kda-runs/formal-kda-h100-20260920--sol_execbench--L1-070_mamba2_fused_intra_chunk_diagonal_computation/runs/candidates/c005/feedback.json

==============================================================================
Problem : 070_mamba2_fused_intra_chunk_diagonal_computation
Passed  : 14/14
Status  : OK
[1] 46445623-3380-543e-a18a-36207b92819c: reference=20.317020 ms, candidate=0.044721 ms, speedup=454.3060x
[2] b7d2ce3a-fd20-5012-bd43-bca76173490b: reference=5.458296 ms, candidate=0.013729 ms, speedup=397.5886x
[3] cfca350b-79db-50c4-8a09-73b02c46744a: reference=2.838666 ms, candidate=0.009312 ms, speedup=304.8395x
[4] 34c7ec75-e345-5cff-853e-59d46317337a: reference=11.477395 ms, candidate=0.026912 ms, speedup=426.4787x
[5] cccd1cb3-f45b-5a7f-8b6c-39c7910b9641: reference=2.815243 ms, candidate=0.009392 ms, speedup=299.7490x
[6] 336c7221-6c95-543c-bc5a-44a18cdf6948: reference=1.551797 ms, candidate=0.008240 ms, speedup=188.3249x
[7] 019db6f8-2167-5460-9502-e7c08af0576e: reference=2.177160 ms, candidate=0.008736 ms, speedup=249.2170x
[8] 213a8256-b0e7-583d-a3a6-cf005f4ed76e: reference=11.364577 ms, candidate=0.028560 ms, speedup=397.9193x
[9] d947725d-6f52-5ed4-9753-d06340034d38: reference=2.804635 ms, candidate=0.009248 ms, speedup=303.2694x
[10] b16ebbcb-17ad-546b-824d-e6f00c913c38: reference=46.934569 ms, candidate=0.101185 ms, speedup=463.8514x
[11] 405de7ad-bd6b-5213-8c17-8c2d6e75662a: reference=23.189689 ms, candidate=0.051040 ms, speedup=454.3479x
[12] 77a66754-bd40-5d81-960d-1c8dfa15e1d2: reference=23.228936 ms, candidate=0.051344 ms, speedup=452.4177x
[13] 6c45c19e-4614-5b04-af27-c7e79069cdf3: reference=11.048928 ms, candidate=0.027984 ms, speedup=394.8232x
[14] 314bcaf9-78fc-5099-924d-c3ee5b6e8801: reference=5.344359 ms, candidate=0.013856 ms, speedup=385.7072x
Geomean : 358.4845x
Average : 369.4886x
==============================================================================
Performance: /home/ziming/kda-ops/kda-runs/formal-kda-h100-20260920--sol_execbench--L1-070_mamba2_fused_intra_chunk_diagonal_computation/runs/candidates/c005/feedback.json
