Definition: /data1/workspace/ziming/dataset/SOL-ExecBench/data/benchmark/L1/005_conv_gated_projection_with_causal_conv/definition.json
Workload  : /data1/workspace/ziming/dataset/SOL-ExecBench/data/benchmark/L1/005_conv_gated_projection_with_causal_conv/workload.jsonl
Solution  : /data1/workspace/weihongren/kda-control/formal-kda-20260916--sol_execbench--L1-005_conv_gated_projection_with_causal_conv/candidates/c003/solution.py
Output    : /data1/workspace/weihongren/kda-runs/formal-kda-20260916--sol_execbench--L1-005_conv_gated_projection_with_causal_conv/runs/candidates/c003/final.json

==============================================================================
Problem : 005_conv_gated_projection_with_causal_conv
Passed  : 14/16
Status  : FAIL
[1] 6033fd0f-a2c3-5f50-89e8-ac4aa0274a0e: reference=1.880397 ms, candidate=1.421606 ms, speedup=1.3227x
[2] 36e77f89-885f-5954-a347-343a1c5b896d: reference=0.927391 ms, candidate=0.675220 ms, speedup=1.3735x
[3] 121c8e28-4742-5bfd-946f-d60b0b24de3e: reference=1.021454 ms, candidate=0.717523 ms, speedup=1.4236x
[4] 1408082c-440a-55b2-91c6-6009a7adacbf: reference=1.007726 ms, candidate=0.718867 ms, speedup=1.4018x
[5] bb262a64-b4a4-5ef1-b5c5-ad69550e822c: reference=0.543910 ms, candidate=0.391193 ms, speedup=1.3904x
[6] 66fd2ad8-d067-5554-9b98-f398f27a6ff5: INCORRECT_NUMERICAL
[7] 58e3ac47-d122-5f30-bfb2-1bc2608bf230: reference=1.874527 ms, candidate=1.421767 ms, speedup=1.3184x
[8] 0a859b3a-d71a-5598-bff8-593e4c7020a3: reference=1.007999 ms, candidate=0.718804 ms, speedup=1.4023x
[9] 3ac091d6-0457-5f48-83d0-c0d786e35551: reference=0.537847 ms, candidate=0.391385 ms, speedup=1.3742x
[10] dcc98535-84bd-59c0-8809-bdc3e54137fd: INCORRECT_NUMERICAL
[11] d9432839-c38b-58d3-95ae-e3a9e8c36fb4: reference=1.826865 ms, candidate=1.395176 ms, speedup=1.3094x
[12] 01719394-09fb-5ec2-a70f-282a9c8120e8: reference=1.903199 ms, candidate=1.427367 ms, speedup=1.3334x
[13] b0a9e3f0-2835-5ab1-8de9-8dbe153a7868: reference=0.284027 ms, candidate=0.211517 ms, speedup=1.3428x
[14] b662596d-ccb4-5df5-803a-f3688a9db2f6: reference=0.554326 ms, candidate=0.405306 ms, speedup=1.3677x
[15] 1979d4cb-bf58-5329-ba26-956b954af9dd: reference=0.540087 ms, candidate=0.391273 ms, speedup=1.3803x
[16] 8b678b13-80e9-5e65-8f33-251542987fbd: reference=0.287915 ms, candidate=0.211612 ms, speedup=1.3606x
Geomean : 1.3640x
Average : 1.3644x
==============================================================================
Performance: /data1/workspace/weihongren/kda-runs/formal-kda-20260916--sol_execbench--L1-005_conv_gated_projection_with_causal_conv/runs/candidates/c003/final.json
