
[STAGE] init SolutionDB

[STAGE] initialize world model
WM status: nodes=4 attached_solutions=0 active_leaf_id=general_staged_path depth=1
  last_trace: status=unevaluated speedup=- latency=-
  active_path: root:<root> | general_staged_path:execution_family->balanced_general_shape
  nodes_preview: root:<root> | general_staged_path:execution_family→balanced_general_shape | long_sequence_path:execution_family→long_sequence_traffic_minimizing | short_latency_path:execution_family→short_workload_latency
[STAGE] world model init latency: 86.03s

[STAGE] world model: select next action (cycle start @ round 1)
WM status: nodes=4 attached_solutions=0 active_leaf_id=general_staged_path depth=1
  last_trace: status=unevaluated speedup=- latency=-
  active_path: root:<root> | general_staged_path:execution_family->balanced_general_shape
  nodes_preview: root:<root> | general_staged_path:execution_family→balanced_general_shape | long_sequence_path:execution_family→long_sequence_traffic_minimizing | short_latency_path:execution_family→short_workload_latency
World Model: Open Action Nodes (candidates) frontier=3 total_open=3
1. rating=8.0/10 score=0.84 diff=3/5 conf=0.82 vs_base~0.72x | node_id=general_staged_path parent_id=root | Build the balanced general-shape path — Implement a shape-general Triton path with separately materialized convolution stages, fused bias/GELU epilogues, and a projection epilogue that performs scaling and positional addition.
2. rating=8.0/10 score=0.77 diff=5/5 conf=0.61 vs_base~0.60x | node_id=long_sequence_path parent_id=root | Test the long-sequence traffic-minimizing path — Implement and benchmark a long-sequence path that computes the inexpensive first convolution locally while producing second-stage tiles, then materializes only Conv2 and Conv3 before projection.
3. rating=7.0/10 score=0.65 diff=4/5 conf=0.58 vs_base~0.80x | node_id=short_latency_path parent_id=root | Build the short-workload latency path — Implement a compact-shape execution path with smaller work tiles and reduced intermediate conversion launches, specialized for low batch size and short time dimensions.
World Model: Chosen Next Action (from decision tree node)
- node_id: general_staged_path
- base_node_id: root
- title: Build the balanced general-shape path
- difficulty_1_to_5: 3
- description: Implement a shape-general Triton path with separately materialized convolution stages, fused bias/GELU epilogues, and a projection epilogue that performs scaling and positional addition.
- expected_vs_baseline_factor: 0.72x
- rationale: This establishes a reliable optimized baseline, maps the dominant reductions to BF16 matrix-style contractions, and removes standalone GELU, permutation, scaling, and position-add kernels.

=== Optimization Round 1/100 ===
[CYCLE] action_node=1 action_node_id=general_staged_path attempt=1 parent_is_root=yes base_code=no

[STAGE] codegen: attempt 1 (round 1) no_improve_streak=0/5 no_improve_over_base=0/5

[STAGE] create Solution object from current code (round 1)

[STAGE] evaluate solution (round 1)
[sol-task] 015_audio_sinusoidal_position_embedding_with_conv_projection: 0/5 feedback workloads passed (RUNTIME_ERROR, wall 7.9s)

=== Optimization Round 2/100 ===
[CYCLE] action_node=1 action_node_id=general_staged_path attempt=2 parent_is_root=yes base_code=no

[STAGE] codegen: attempt 2 (round 2) no_improve_streak=1/5 no_improve_over_base=0/5

[STAGE] create Solution object from current code (round 2)

[STAGE] evaluate solution (round 2)
[sol-task] 015_audio_sinusoidal_position_embedding_with_conv_projection: 0/5 feedback workloads passed (INCORRECT_NUMERICAL, wall 11.4s)

=== Optimization Round 3/100 ===
[CYCLE] action_node=1 action_node_id=general_staged_path attempt=3 parent_is_root=yes base_code=no

[STAGE] codegen: attempt 3 (round 3) no_improve_streak=2/5 no_improve_over_base=0/5

[STAGE] create Solution object from current code (round 3)

[STAGE] evaluate solution (round 3)
[sol-task] 015_audio_sinusoidal_position_embedding_with_conv_projection: 5/5 feedback workloads passed (passed, wall 24.0s)

=== Optimization Round 4/100 ===
[CYCLE] action_node=1 action_node_id=general_staged_path attempt=4 parent_is_root=yes base_code=no

[STAGE] codegen: attempt 4 (round 4) no_improve_streak=0/5 no_improve_over_base=0/5

[STAGE] create Solution object from current code (round 4)

[STAGE] evaluate solution (round 4)
[sol-task] 015_audio_sinusoidal_position_embedding_with_conv_projection: 5/5 feedback workloads passed (passed, wall 16.0s)

=== Optimization Round 5/100 ===
[CYCLE] action_node=1 action_node_id=general_staged_path attempt=5 parent_is_root=yes base_code=no

[STAGE] codegen: attempt 5 (round 5) no_improve_streak=1/5 no_improve_over_base=0/5

[STAGE] create Solution object from current code (round 5)

[STAGE] evaluate solution (round 5)
[sol-task] 015_audio_sinusoidal_position_embedding_with_conv_projection: 5/5 feedback workloads passed (passed, wall 15.4s)

[STAGE] cycle end: attach+refine best PASSED (round 3, score=1.003)
WM status: nodes=4 attached_solutions=1 active_leaf_id=general_staged_path depth=1
  last_trace: status=unevaluated speedup=- latency=-
  active_path: root:<root> | general_staged_path:execution_family->balanced_general_shape
  nodes_preview: root:<root> | general_staged_path:execution_family→balanced_general_shape | long_sequence_path:execution_family→long_sequence_traffic_minimizing | short_latency_path:execution_family→short_workload_latency
[WM] apply_edit_ops: ops=2 updates=1 inserts=1 split_children=0 deletes=0 new_nodes_added=1/3 skipped_cap=0 skipped_missing_parent=0 skipped_parent_solution_id_mismatch=0 skipped_update_missing_node=0 skipped_insert_invalid_node=0 skipped_split_invalid_children=0 skipped_delete_not_allowed=0
WM status: nodes=5 attached_solutions=1 active_leaf_id=direct_layout_fused_projection depth=2
  last_trace: status=passed speedup=1.00x latency=5.2727ms
  active_path: root:<root> | general_staged_path:execution_family->balanced_general_shape | direct_layout_fused_projection:projection_mapping->direct_nchw_fused_projection
  nodes_preview: root:<root> | general_staged_path:execution_family→balanced_general_shape | long_sequence_path:execution_family→long_sequence_traffic_minimizing | short_latency_path:execution_family→short_workload_latency | direct_layout_fused_projection:projection_mapping→direct_nchw_fused_projection

[STAGE] world model: select next action (cycle start @ round 6)
WM status: nodes=5 attached_solutions=1 active_leaf_id=direct_layout_fused_projection depth=2
  last_trace: status=passed speedup=1.00x latency=5.2727ms
  active_path: root:<root> | general_staged_path:execution_family->balanced_general_shape | direct_layout_fused_projection:projection_mapping->direct_nchw_fused_projection
  nodes_preview: root:<root> | general_staged_path:execution_family→balanced_general_shape | long_sequence_path:execution_family→long_sequence_traffic_minimizing | short_latency_path:execution_family→short_workload_latency | direct_layout_fused_projection:projection_mapping→direct_nchw_fused_projection
World Model: Open Action Nodes (candidates) frontier=3 total_open=3
1. rating=8.0/10 score=0.77 diff=5/5 conf=0.61 vs_base~0.60x | node_id=long_sequence_path parent_id=root | Test the long-sequence traffic-minimizing path — Implement and benchmark a long-sequence path that computes the inexpensive first convolution locally while producing second-stage tiles, then materializes only Conv2 and Conv3 before projection.
2. rating=7.7/10 score=0.79 diff=4/5 conf=0.72 vs_base~0.88x | node_id=direct_layout_fused_projection parent_id=general_staged_path | Fuse layout conversion, projection, scaling, and position addition
3. rating=7.0/10 score=0.65 diff=4/5 conf=0.58 vs_base~0.80x | node_id=short_latency_path parent_id=root | Build the short-workload latency path — Implement a compact-shape execution path with smaller work tiles and reduced intermediate conversion launches, specialized for low batch size and short time dimensions.
World Model: Chosen Next Action (from decision tree node)
- node_id: direct_layout_fused_projection
- base_node_id: general_staged_path
- title: Fuse layout conversion, projection, scaling, and position addition
- difficulty_1_to_5: 4
- expected_vs_baseline_factor: 0.88x

=== Optimization Round 6/100 ===
[CYCLE] action_node=2 action_node_id=direct_layout_fused_projection attempt=1 parent_is_root=no base_code=yes

[STAGE] codegen: attempt 1 (round 6) no_improve_streak=0/5 no_improve_over_base=0/5

[STAGE] create Solution object from current code (round 6)

[STAGE] evaluate solution (round 6)
[sol-task] 015_audio_sinusoidal_position_embedding_with_conv_projection: 4/5 feedback workloads passed (INCORRECT_NUMERICAL, wall 16.2s)

=== Optimization Round 7/100 ===
[CYCLE] action_node=2 action_node_id=direct_layout_fused_projection attempt=2 parent_is_root=no base_code=yes

[STAGE] codegen: attempt 2 (round 7) no_improve_streak=1/5 no_improve_over_base=0/5

[STAGE] create Solution object from current code (round 7)

[STAGE] evaluate solution (round 7)
[sol-task] 015_audio_sinusoidal_position_embedding_with_conv_projection: 5/5 feedback workloads passed (passed, wall 16.3s)

=== Optimization Round 8/100 ===
[CYCLE] action_node=2 action_node_id=direct_layout_fused_projection attempt=3 parent_is_root=no base_code=yes

[STAGE] codegen: attempt 3 (round 8) no_improve_streak=0/5 no_improve_over_base=0/5

[STAGE] create Solution object from current code (round 8)

[STAGE] evaluate solution (round 8)
[sol-task] 015_audio_sinusoidal_position_embedding_with_conv_projection: 5/5 feedback workloads passed (passed, wall 15.3s)

=== Optimization Round 9/100 ===
[CYCLE] action_node=2 action_node_id=direct_layout_fused_projection attempt=4 parent_is_root=no base_code=yes

[STAGE] codegen: attempt 4 (round 9) no_improve_streak=0/5 no_improve_over_base=0/5

[STAGE] create Solution object from current code (round 9)

[STAGE] evaluate solution (round 9)
[sol-task] 015_audio_sinusoidal_position_embedding_with_conv_projection: 5/5 feedback workloads passed (passed, wall 16.7s)

=== Optimization Round 10/100 ===
[CYCLE] action_node=2 action_node_id=direct_layout_fused_projection attempt=5 parent_is_root=no base_code=yes

[STAGE] codegen: attempt 5 (round 10) no_improve_streak=0/5 no_improve_over_base=0/5

[STAGE] create Solution object from current code (round 10)

[STAGE] evaluate solution (round 10)
[sol-task] 015_audio_sinusoidal_position_embedding_with_conv_projection: 5/5 feedback workloads passed (passed, wall 17.5s)

[STAGE] cycle end: attach+refine best PASSED (round 9, score=1.006)
WM status: nodes=5 attached_solutions=2 active_leaf_id=direct_layout_fused_projection depth=2
  last_trace: status=passed speedup=1.00x latency=5.2727ms
  active_path: root:<root> | general_staged_path:execution_family->balanced_general_shape | direct_layout_fused_projection:projection_mapping->direct_nchw_fused_projection
  nodes_preview: root:<root> | general_staged_path:execution_family→balanced_general_shape | long_sequence_path:execution_family→long_sequence_traffic_minimizing | short_latency_path:execution_family→short_workload_latency | direct_layout_fused_projection:projection_mapping→direct_nchw_fused_projection
[WM] apply_edit_ops: ops=3 updates=2 inserts=0 split_children=0 deletes=0 new_nodes_added=0/3 skipped_cap=0 skipped_missing_parent=0 skipped_parent_solution_id_mismatch=1 skipped_update_missing_node=0 skipped_insert_invalid_node=0 skipped_split_invalid_children=0 skipped_delete_not_allowed=0
[WM][WARN] edit-ops had skipped operations; refine will retry if this was a refine call.
[WM] apply_edit_ops: ops=3 updates=2 inserts=0 split_children=0 deletes=0 new_nodes_added=0/3 skipped_cap=0 skipped_missing_parent=0 skipped_parent_solution_id_mismatch=1 skipped_update_missing_node=0 skipped_insert_invalid_node=0 skipped_split_invalid_children=0 skipped_delete_not_allowed=0
[WM][WARN] edit-ops had skipped operations; refine will retry if this was a refine call.
[WM] apply_edit_ops: ops=3 updates=2 inserts=0 split_children=0 deletes=0 new_nodes_added=0/3 skipped_cap=0 skipped_missing_parent=0 skipped_parent_solution_id_mismatch=1 skipped_update_missing_node=0 skipped_insert_invalid_node=0 skipped_split_invalid_children=0 skipped_delete_not_allowed=0
[WM][WARN] edit-ops had skipped operations; refine will retry if this was a refine call.
WM status: nodes=6 attached_solutions=2 active_leaf_id=direct_layout_fused_projection depth=2
  last_trace: status=passed speedup=1.01x latency=5.2375ms
  active_path: root:<root> | general_staged_path:execution_family->balanced_general_shape | direct_layout_fused_projection:projection_mapping->direct_nchw_fused_projection
  nodes_preview: root:<root> | general_staged_path:execution_family→balanced_general_shape | long_sequence_path:execution_family→long_sequence_traffic_minimizing | short_latency_path:execution_family→short_workload_latency | direct_layout_fused_projection:projection_mapping→direct_nchw_fused_projection | node_015_audio_sinusoidal_position_embedding_with_con_r9_cont_1:Continue→Next-step refinement

[STAGE] world model: select next action (cycle start @ round 11)
WM status: nodes=6 attached_solutions=2 active_leaf_id=direct_layout_fused_projection depth=2
  last_trace: status=passed speedup=1.01x latency=5.2375ms
  active_path: root:<root> | general_staged_path:execution_family->balanced_general_shape | direct_layout_fused_projection:projection_mapping->direct_nchw_fused_projection
  nodes_preview: root:<root> | general_staged_path:execution_family→balanced_general_shape | long_sequence_path:execution_family→long_sequence_traffic_minimizing | short_latency_path:execution_family→short_workload_latency | direct_layout_fused_projection:projection_mapping→direct_nchw_fused_projection | node_015_audio_sinusoidal_position_embedding_with_con_r9_cont_1:Continue→Next-step refinement
World Model: Open Action Nodes (candidates) frontier=3 total_open=3
1. rating=8.0/10 score=0.77 diff=5/5 conf=0.61 vs_base~0.60x | node_id=long_sequence_path parent_id=root | Test the long-sequence traffic-minimizing path — Implement and benchmark a long-sequence path that computes the inexpensive first convolution locally while producing second-stage tiles, then materializes only Conv2 and Conv3 before projection.
2. rating=7.3/10 score=0.35 diff=2/5 conf=0.99 vs_base~? | node_id=node_015_audio_sinusoidal_position_embedding_with_con_r9_cont_1 parent_id=direct_layout_fused_projection | Next-step refinement: target the top bottleneck operation — Propose one small change that targets the primary bottleneck operation indicated by the latest eval (e.g., reduce sync, reduce redundant loads, or improve locality), without changing the overall mapping plan.
3. rating=7.0/10 score=0.65 diff=4/5 conf=0.58 vs_base~0.80x | node_id=short_latency_path parent_id=root | Build the short-workload latency path — Implement a compact-shape execution path with smaller work tiles and reduced intermediate conversion launches, specialized for low batch size and short time dimensions.
World Model: Chosen Next Action (from decision tree node)
- node_id: short_latency_path
- base_node_id: root
- title: Build the short-workload latency path
- difficulty_1_to_5: 4
- description: Implement a compact-shape execution path with smaller work tiles and reduced intermediate conversion launches, specialized for low batch size and short time dimensions.
- expected_vs_baseline_factor: 0.80x
- rationale: For small workloads, launch count, boundary handling, and weight-read latency can dominate before large contraction tiles become efficient.

=== Optimization Round 11/100 ===
[CYCLE] action_node=3 action_node_id=short_latency_path attempt=1 parent_is_root=yes base_code=no

[STAGE] codegen: attempt 1 (round 11) no_improve_streak=0/5 no_improve_over_base=0/5

[STAGE] create Solution object from current code (round 11)

[STAGE] evaluate solution (round 11)
[sol-task] 015_audio_sinusoidal_position_embedding_with_conv_projection: 5/5 feedback workloads passed (passed, wall 14.7s)

=== Optimization Round 12/100 ===
[CYCLE] action_node=3 action_node_id=short_latency_path attempt=2 parent_is_root=yes base_code=no

[STAGE] codegen: attempt 2 (round 12) no_improve_streak=0/5 no_improve_over_base=0/5

[STAGE] create Solution object from current code (round 12)

[STAGE] evaluate solution (round 12)
[sol-task] 015_audio_sinusoidal_position_embedding_with_conv_projection: 5/5 feedback workloads passed (passed, wall 18.0s)

=== Optimization Round 13/100 ===
[CYCLE] action_node=3 action_node_id=short_latency_path attempt=3 parent_is_root=yes base_code=no

[STAGE] codegen: attempt 3 (round 13) no_improve_streak=1/5 no_improve_over_base=0/5

[STAGE] create Solution object from current code (round 13)

[STAGE] evaluate solution (round 13)
[sol-task] 015_audio_sinusoidal_position_embedding_with_conv_projection: 4/5 feedback workloads passed (INCORRECT_NUMERICAL, wall 13.9s)

=== Optimization Round 14/100 ===
[CYCLE] action_node=3 action_node_id=short_latency_path attempt=4 parent_is_root=yes base_code=no

[STAGE] codegen: attempt 4 (round 14) no_improve_streak=2/5 no_improve_over_base=0/5

[STAGE] create Solution object from current code (round 14)

[STAGE] evaluate solution (round 14)
[sol-task] 015_audio_sinusoidal_position_embedding_with_conv_projection: 5/5 feedback workloads passed (passed, wall 15.0s)

=== Optimization Round 15/100 ===
[CYCLE] action_node=3 action_node_id=short_latency_path attempt=5 parent_is_root=yes base_code=no

[STAGE] codegen: attempt 5 (round 15) no_improve_streak=0/5 no_improve_over_base=0/5

[STAGE] create Solution object from current code (round 15)

[STAGE] evaluate solution (round 15)
[sol-task] 015_audio_sinusoidal_position_embedding_with_conv_projection: 0/5 feedback workloads passed (INCORRECT_NUMERICAL, wall 5.2s)

[STAGE] cycle end: attach+refine best PASSED (round 14, score=1.002)
WM status: nodes=6 attached_solutions=3 active_leaf_id=short_latency_path depth=1
  last_trace: status=passed speedup=1.01x latency=5.2375ms
  active_path: root:<root> | short_latency_path:execution_family->short_workload_latency
  nodes_preview: root:<root> | general_staged_path:execution_family→balanced_general_shape | long_sequence_path:execution_family→long_sequence_traffic_minimizing | short_latency_path:execution_family→short_workload_latency | direct_layout_fused_projection:projection_mapping→direct_nchw_fused_projection | node_015_audio_sinusoidal_position_embedding_with_con_r9_cont_1:Continue→Next-step refinement
[WM] apply_edit_ops: ops=3 updates=2 inserts=1 split_children=0 deletes=0 new_nodes_added=1/3 skipped_cap=0 skipped_missing_parent=0 skipped_parent_solution_id_mismatch=0 skipped_update_missing_node=0 skipped_insert_invalid_node=0 skipped_split_invalid_children=0 skipped_delete_not_allowed=0
WM status: nodes=7 attached_solutions=3 active_leaf_id=long_sequence_path depth=1
  last_trace: status=passed speedup=1.00x latency=5.2757ms
  active_path: root:<root> | long_sequence_path:execution_family->long_sequence_traffic_minimizing
  nodes_preview: root:<root> | general_staged_path:execution_family→balanced_general_shape | long_sequence_path:execution_family→long_sequence_traffic_minimizing | short_latency_path:execution_family→short_workload_latency | direct_layout_fused_projection:projection_mapping→direct_nchw_fused_projection | node_015_audio_sinusoidal_position_embedding_with_con_r9_cont_1:Continue→Next-step refinement | short_fused_projection_position:compact_path_refinement→fuse_strided_pro ... and_position

[STAGE] world model: select next action (cycle start @ round 16)
WM status: nodes=7 attached_solutions=3 active_leaf_id=long_sequence_path depth=1
  last_trace: status=passed speedup=1.00x latency=5.2757ms
  active_path: root:<root> | long_sequence_path:execution_family->long_sequence_traffic_minimizing
  nodes_preview: root:<root> | general_staged_path:execution_family→balanced_general_shape | long_sequence_path:execution_family→long_sequence_traffic_minimizing | short_latency_path:execution_family→short_workload_latency | direct_layout_fused_projection:projection_mapping→direct_nchw_fused_projection | node_015_audio_sinusoidal_position_embedding_with_con_r9_cont_1:Continue→Next-step refinement | short_fused_projection_position:compact_path_refinement→fuse_strided_pro ... and_position
World Model: Open Action Nodes (candidates) frontier=3 total_open=3
1. rating=7.7/10 score=0.73 diff=5/5 conf=0.64 vs_base~0.88x | node_id=long_sequence_path parent_id=root | Test the long-sequence traffic-minimizing path — Implement and benchmark a long-sequence path that computes the inexpensive first convolution locally while producing second-stage tiles, then materializes only Conv2 and Conv3 before projection.
2. rating=7.3/10 score=0.35 diff=2/5 conf=0.99 vs_base~? | node_id=node_015_audio_sinusoidal_position_embedding_with_con_r9_cont_1 parent_id=direct_layout_fused_projection | Next-step refinement: target the top bottleneck operation — Propose one small change that targets the primary bottleneck operation indicated by the latest eval (e.g., reduce sync, reduce redundant loads, or improve locality), without changing the overall mapping plan.
3. rating=6.2/10 score=0.61 diff=4/5 conf=0.56 vs_base~0.94x | node_id=short_fused_projection_position parent_id=short_latency_path | Fuse compact strided projection and positional addition
World Model: Chosen Next Action (from decision tree node)
- node_id: short_fused_projection_position
- base_node_id: short_latency_path
- title: Fuse compact strided projection and positional addition
- difficulty_1_to_5: 4
- expected_vs_baseline_factor: 0.94x

=== Optimization Round 16/100 ===
[CYCLE] action_node=4 action_node_id=short_fused_projection_position attempt=1 parent_is_root=no base_code=yes

[STAGE] codegen: attempt 1 (round 16) no_improve_streak=0/5 no_improve_over_base=0/5

[STAGE] create Solution object from current code (round 16)

[STAGE] evaluate solution (round 16)
[sol-task] 015_audio_sinusoidal_position_embedding_with_conv_projection: 5/5 feedback workloads passed (passed, wall 15.1s)

=== Optimization Round 17/100 ===
[CYCLE] action_node=4 action_node_id=short_fused_projection_position attempt=2 parent_is_root=no base_code=yes

[STAGE] codegen: attempt 2 (round 17) no_improve_streak=0/5 no_improve_over_base=0/5
