==============================================================================
Definition : rmsnorm_h4096  (op_type=rmsnorm)
Solution   : /home/ziming/kda-ops/kda-control/formal-kda-h100-20260920--flashinfer--rmsnorm_h4096/candidates/c003/solution.py
Device     : cuda:0  (NVIDIA H100 80GB HBM3)
Workloads  : 14   trials=1 warmup=2 iters=10
Selected   : [0, 1, 2, 3, 4, 5, 6, 7, 8, 9, 10, 11, 12, 13]
Tolerance  : atol=0.01 rtol=0.01 matched_ratio=0.99
==============================================================================
[1/14] 33bf737d axes={'batch_size': 7}: PASSED  ref=0.0953ms sol=0.0365ms  speedup=2.62x  abs=0.00e+00 rel=0.00e+00
[2/14] 864d596c axes={'batch_size': 1}: PASSED  ref=0.0859ms sol=0.0302ms  speedup=2.84x  abs=0.00e+00 rel=0.00e+00
[3/14] f7c3b329 axes={'batch_size': 34}: PASSED  ref=0.0855ms sol=0.0301ms  speedup=2.84x  abs=0.00e+00 rel=0.00e+00
[4/14] b010c7f2 axes={'batch_size': 170}: PASSED  ref=0.0874ms sol=0.0303ms  speedup=2.88x  abs=1.95e-03 rel=4.10e-03
[5/14] f0f508c3 axes={'batch_size': 14418}: PASSED  ref=0.9568ms sol=0.1357ms  speedup=7.05x  abs=3.12e-02 rel=7.75e-03
[6/14] cfddc087 axes={'batch_size': 11832}: PASSED  ref=0.7963ms sol=0.1171ms  speedup=6.80x  abs=3.12e-02 rel=7.75e-03
[7/14] 14531e96 axes={'batch_size': 64}: PASSED  ref=0.0874ms sol=0.0297ms  speedup=2.94x  abs=3.91e-03 rel=4.27e-03
[8/14] a497c980 axes={'batch_size': 16}: PASSED  ref=0.0840ms sol=0.0295ms  speedup=2.84x  abs=0.00e+00 rel=0.00e+00
[9/14] d1337dc1 axes={'batch_size': 10827}: PASSED  ref=0.7363ms sol=0.1067ms  speedup=6.90x  abs=1.56e-02 rel=7.81e-03
[10/14] 0cf0fdba axes={'batch_size': 8804}: PASSED  ref=0.6145ms sol=0.0934ms  speedup=6.58x  abs=3.12e-02 rel=7.58e-03
[11/14] d9e317ac axes={'batch_size': 63}: PASSED  ref=0.0839ms sol=0.0297ms  speedup=2.82x  abs=1.22e-04 rel=4.26e-03
[12/14] 818219cc axes={'batch_size': 79}: PASSED  ref=0.0836ms sol=0.0303ms  speedup=2.76x  abs=1.56e-02 rel=7.09e-03
[13/14] 841b0afa axes={'batch_size': 14509}: PASSED  ref=0.9710ms sol=0.1379ms  speedup=7.04x  abs=1.56e-02 rel=7.63e-03
[14/14] 9d403d2b axes={'batch_size': 15}: PASSED  ref=0.0833ms sol=0.0290ms  speedup=2.87x  abs=0.00e+00 rel=0.00e+00
==============================================================================
Passed: 14/14    valid_run=True
GEOMEAN speedup (optimization target): 3.88x
  arithmetic mean (fib/AKO4X metric):  4.27x
  min=2.62x  max=7.05x
RESULT: VALID — geomean speedup = 3.88x
==============================================================================
Wrote /home/ziming/kda-ops/kda-runs/formal-kda-h100-20260920--flashinfer--rmsnorm_h4096/runs/candidates/c003/feedback.json
