==============================================================================
Definition : gemm_n4096_k4096  (op_type=gemm)
Solution   : /data1/workspace/weihongren/kda-control/formal-kda-20260916--flashinfer--gemm_n4096_k4096/candidates/c008/solution.py
Device     : cuda:0  (NVIDIA A800-SXM4-80GB)
Workloads  : 5   trials=1 warmup=3 iters=100
Selected   : [24, 26, 2, 16, 32]
Tolerance  : atol=0.01 rtol=0.01 matched_ratio=0.99
==============================================================================
[1/5] 67d4c8f3 axes={'M': 64}: PASSED  ref=0.0458ms sol=0.0848ms  speedup=0.54x  abs=1.25e-01 rel=1.19e-01
[2/5] 59ca23f5 axes={'M': 48}: PASSED  ref=0.0448ms sol=0.0818ms  speedup=0.55x  abs=1.25e-01 rel=6.01e-01
[3/5] e7c939ae axes={'M': 240}: PASSED  ref=0.0698ms sol=0.1120ms  speedup=0.62x  abs=2.50e-01 rel=5.77e+01
[4/5] 29ebd771 axes={'M': 128}: PASSED  ref=0.0507ms sol=0.0898ms  speedup=0.56x  abs=0.00e+00 rel=0.00e+00
[5/5] f439da26 axes={'M': 4}: PASSED  ref=0.0436ms sol=0.4611ms  speedup=0.09x  abs=6.25e-02 rel=2.25e-01
==============================================================================
Passed: 5/5    valid_run=True
GEOMEAN speedup (optimization target): 0.40x
  arithmetic mean (fib/AKO4X metric):  0.47x
  min=0.09x  max=0.62x
RESULT: VALID — geomean speedup = 0.40x
==============================================================================
Wrote /data1/workspace/weihongren/kda-runs/formal-kda-20260916--flashinfer--gemm_n4096_k4096/runs/candidates/c008/feedback.json
