Definition: /home/ziming/dataset/SOL-ExecBench/data/benchmark/L1/070_mamba2_fused_intra_chunk_diagonal_computation/definition.json
Workload  : /home/ziming/kda-ops/kda-control/formal-kda-h100-20260920--sol_execbench--L1-070_mamba2_fused_intra_chunk_diagonal_computation/feedback_workloads.jsonl
Solution  : /home/ziming/kda-ops/kda-control/formal-kda-h100-20260920--sol_execbench--L1-070_mamba2_fused_intra_chunk_diagonal_computation/candidates/c004/solution.py
Output    : /home/ziming/kda-ops/kda-runs/formal-kda-h100-20260920--sol_execbench--L1-070_mamba2_fused_intra_chunk_diagonal_computation/runs/candidates/c004/feedback.json

==============================================================================
Problem : 070_mamba2_fused_intra_chunk_diagonal_computation
Passed  : 14/14
Status  : OK
[1] 46445623-3380-543e-a18a-36207b92819c: reference=20.317020 ms, candidate=0.061024 ms, speedup=332.9349x
[2] b7d2ce3a-fd20-5012-bd43-bca76173490b: reference=5.458296 ms, candidate=0.043312 ms, speedup=126.0227x
[3] cfca350b-79db-50c4-8a09-73b02c46744a: reference=2.838666 ms, candidate=0.041168 ms, speedup=68.9532x
[4] 34c7ec75-e345-5cff-853e-59d46317337a: reference=11.477395 ms, candidate=0.051056 ms, speedup=224.8001x
[5] cccd1cb3-f45b-5a7f-8b6c-39c7910b9641: reference=2.815243 ms, candidate=0.040016 ms, speedup=70.3529x
[6] 336c7221-6c95-543c-bc5a-44a18cdf6948: reference=1.551797 ms, candidate=0.040944 ms, speedup=37.9005x
[7] 019db6f8-2167-5460-9502-e7c08af0576e: reference=2.177160 ms, candidate=0.040432 ms, speedup=53.8474x
[8] 213a8256-b0e7-583d-a3a6-cf005f4ed76e: reference=11.364577 ms, candidate=0.051088 ms, speedup=222.4510x
[9] d947725d-6f52-5ed4-9753-d06340034d38: reference=2.804635 ms, candidate=0.040127 ms, speedup=69.8931x
[10] b16ebbcb-17ad-546b-824d-e6f00c913c38: reference=46.934569 ms, candidate=0.138817 ms, speedup=338.1051x
[11] 405de7ad-bd6b-5213-8c17-8c2d6e75662a: reference=23.189689 ms, candidate=0.065904 ms, speedup=351.8707x
[12] 77a66754-bd40-5d81-960d-1c8dfa15e1d2: reference=23.228936 ms, candidate=0.068848 ms, speedup=337.3945x
[13] 6c45c19e-4614-5b04-af27-c7e79069cdf3: reference=11.048928 ms, candidate=0.049776 ms, speedup=221.9730x
[14] 314bcaf9-78fc-5099-924d-c3ee5b6e8801: reference=5.344359 ms, candidate=0.045440 ms, speedup=117.6135x
Geomean : 143.1776x
Average : 183.8652x
==============================================================================
Performance: /home/ziming/kda-ops/kda-runs/formal-kda-h100-20260920--sol_execbench--L1-070_mamba2_fused_intra_chunk_diagonal_computation/runs/candidates/c004/feedback.json
