
[STAGE] init SolutionDB

[STAGE] initialize world model
WM status: nodes=4 attached_solutions=0 active_leaf_id=root depth=0
  last_trace: status=unevaluated speedup=- latency=-
  active_path: root:<root>
  nodes_preview: root:<root> | direct_recurrence:algorithm_family→direct_recurrent_evaluation | chunk_prefix:algorithm_family→associative_chunk_prefix | tiny_independent_prefix:algorithm_family→independent_prefix_evaluation
[STAGE] world model init latency: 60.29s

[STAGE] world model: select next action (cycle start @ round 1)
WM status: nodes=4 attached_solutions=0 active_leaf_id=root depth=0
  last_trace: status=unevaluated speedup=- latency=-
  active_path: root:<root>
  nodes_preview: root:<root> | direct_recurrence:algorithm_family→direct_recurrent_evaluation | chunk_prefix:algorithm_family→associative_chunk_prefix | tiny_independent_prefix:algorithm_family→independent_prefix_evaluation
World Model: Open Action Nodes (candidates) frontier=3 total_open=3
1. rating=9.0/10 score=0.86 diff=3/5 conf=0.84 vs_base~? | node_id=direct_recurrence parent_id=root | Implement direct recurrent evaluation — Implement one fused Triton kernel in which each program owns independent contiguous channel lanes for one batch item, executes the timestep recurrence in order, stores every output, and emits final states.
2. rating=6.0/10 score=0.62 diff=3/5 conf=0.61 vs_base~? | node_id=tiny_independent_prefix parent_id=root | Implement tiny-sequence independent-prefix evaluation — Implement a very-short-sequence specialization where each output position evaluates its small causal prefix independently, while one designated path computes the final recurrent state.
3. rating=6.0/10 score=0.57 diff=5/5 conf=0.57 vs_base~? | node_id=chunk_prefix parent_id=root | Prototype chunk-prefix evaluation — Prototype a chunkwise associative-prefix path that summarizes fixed sequence chunks, propagates stable boundary states, and then produces outputs within each chunk from the resolved boundary.
World Model: Chosen Next Action (from decision tree node)
- node_id: direct_recurrence
- base_node_id: root
- title: Implement direct recurrent evaluation
- difficulty_1_to_5: 3
- description: Implement one fused Triton kernel in which each program owns independent contiguous channel lanes for one batch item, executes the timestep recurrence in order, stores every output, and emits final states.
- rationale: This directly matches the dependency graph, eliminates intermediate state traffic, and should be the strongest general baseline across most batch and sequence sizes.

=== Optimization Round 1/100 ===
[CYCLE] action_node=1 action_node_id=direct_recurrence attempt=1 parent_is_root=yes base_code=no

[STAGE] codegen: attempt 1 (round 1) no_improve_streak=0/5 no_improve_over_base=0/5

[STAGE] create Solution object from current code (round 1)

[STAGE] evaluate solution (round 1)
