==============================================================================
Definition : gqa_paged_decode_h32_kv8_d128_ps1  (op_type=gqa_paged)
Solution   : /home/ziming/kda-ops/kda-control/formal-kda-h100-20260920--flashinfer--gqa_paged_decode_h32_kv8_d128_ps1/candidates/c005/solution.py
Device     : cuda:0  (NVIDIA H100 80GB HBM3)
Workloads  : 48   trials=1 warmup=2 iters=10
Selected   : [0, 1, 2, 3, 4, 5, 6, 7, 8, 9, 10, 11, 12, 13, 14, 15, 16, 17, 18, 19, 20, 21, 22, 23, 24, 25, 26, 27, 28, 29, 30, 31, 32, 33, 34, 35, 36, 37, 38, 39, 40, 41, 42, 43, 44, 45, 46, 47]
Tolerance  : atol=0.01 rtol=0.01 matched_ratio=0.99
==============================================================================
[1/48] e2142798 axes={'batch_size': 1, 'num_pages': 9316, 'len_indptr': 2, 'num_kv_indices': 73}: PASSED  ref=4.0446ms sol=0.0576ms  speedup=70.22x  abs=7.81e-03 rel=1.07e+01
[2/48] 2849bdc5 axes={'batch_size': 1, 'num_pages': 63, 'len_indptr': 2, 'num_kv_indices': 46}: PASSED  ref=3.9796ms sol=0.0508ms  speedup=78.41x  abs=3.91e-03 rel=6.23e+00
[3/48] aa937325 axes={'batch_size': 1, 'num_pages': 82, 'len_indptr': 2, 'num_kv_indices': 65}: PASSED  ref=4.1056ms sol=0.0521ms  speedup=78.85x  abs=3.91e-03 rel=6.05e+00
[4/48] be0e9c07 axes={'batch_size': 1, 'num_pages': 18, 'len_indptr': 2, 'num_kv_indices': 2}: PASSED  ref=4.0018ms sol=0.0518ms  speedup=77.32x  abs=1.56e-02 rel=1.00e+00
[5/48] 13bd6f6d axes={'batch_size': 1, 'num_pages': 67, 'len_indptr': 2, 'num_kv_indices': 50}: PASSED  ref=3.9962ms sol=0.0523ms  speedup=76.47x  abs=3.91e-03 rel=6.12e+00
[6/48] 4b6e577b axes={'batch_size': 1, 'num_pages': 406, 'len_indptr': 2, 'num_kv_indices': 356}: PASSED  ref=4.0404ms sol=0.0510ms  speedup=79.17x  abs=1.95e-03 rel=2.70e+00
[7/48] 233743f3 axes={'batch_size': 1, 'num_pages': 597, 'len_indptr': 2, 'num_kv_indices': 547}: PASSED  ref=4.0279ms sol=0.0514ms  speedup=78.43x  abs=9.77e-04 rel=2.94e+00
[8/48] 55b7d182 axes={'batch_size': 1, 'num_pages': 71, 'len_indptr': 2, 'num_kv_indices': 54}: PASSED  ref=3.9927ms sol=0.0503ms  speedup=79.43x  abs=3.91e-03 rel=5.36e+00
[9/48] d8826343 axes={'batch_size': 1, 'num_pages': 223, 'len_indptr': 2, 'num_kv_indices': 173}: PASSED  ref=4.5649ms sol=0.0510ms  speedup=89.54x  abs=1.95e-03 rel=2.20e+00
[10/48] cc152036 axes={'batch_size': 1, 'num_pages': 74, 'len_indptr': 2, 'num_kv_indices': 57}: PASSED  ref=3.9473ms sol=0.0516ms  speedup=76.54x  abs=3.91e-03 rel=1.26e+00
[11/48] 2f08e877 axes={'batch_size': 1, 'num_pages': 78, 'len_indptr': 2, 'num_kv_indices': 61}: PASSED  ref=3.9975ms sol=0.0515ms  speedup=77.67x  abs=3.91e-03 rel=4.91e+00
[12/48] 62aad293 axes={'batch_size': 1, 'num_pages': 11, 'len_indptr': 2, 'num_kv_indices': 10}: PASSED  ref=3.9693ms sol=0.0507ms  speedup=78.34x  abs=7.81e-03 rel=8.00e+00
[13/48] 7e5dca40 axes={'batch_size': 1, 'num_pages': 15, 'len_indptr': 2, 'num_kv_indices': 14}: PASSED  ref=3.9712ms sol=0.0505ms  speedup=78.70x  abs=7.81e-03 rel=1.17e+02
[14/48] d58b7e5a axes={'batch_size': 1, 'num_pages': 55, 'len_indptr': 2, 'num_kv_indices': 38}: PASSED  ref=3.9548ms sol=0.0503ms  speedup=78.64x  abs=3.91e-03 rel=2.84e+00
[15/48] 86584e1f axes={'batch_size': 1, 'num_pages': 9341, 'len_indptr': 2, 'num_kv_indices': 98}: PASSED  ref=4.0422ms sol=0.0507ms  speedup=79.68x  abs=1.95e-03 rel=1.08e+01
[16/48] 1ae14253 axes={'batch_size': 1, 'num_pages': 59, 'len_indptr': 2, 'num_kv_indices': 42}: PASSED  ref=3.9786ms sol=0.0503ms  speedup=79.04x  abs=3.91e-03 rel=1.12e+01
[17/48] 39ca5ed6 axes={'batch_size': 16, 'num_pages': 2708, 'len_indptr': 17, 'num_kv_indices': 2681}: PASSED  ref=62.4582ms sol=0.0518ms  speedup=1204.75x  abs=3.91e-03 rel=1.53e+02
[18/48] 85fac3ed axes={'batch_size': 16, 'num_pages': 2212, 'len_indptr': 17, 'num_kv_indices': 2185}: PASSED  ref=61.7437ms sol=0.0518ms  speedup=1191.41x  abs=3.91e-03 rel=5.63e+03
[19/48] cd36924a axes={'batch_size': 16, 'num_pages': 1220, 'len_indptr': 17, 'num_kv_indices': 1193}: PASSED  ref=62.1442ms sol=0.0511ms  speedup=1216.87x  abs=7.81e-03 rel=7.72e+01
[20/48] db2de7f1 axes={'batch_size': 16, 'num_pages': 1732, 'len_indptr': 17, 'num_kv_indices': 1705}: PASSED  ref=68.7971ms sol=0.0706ms  speedup=974.26x  abs=3.91e-03 rel=5.66e+01
[21/48] 1e15ed03 axes={'batch_size': 16, 'num_pages': 81390, 'len_indptr': 17, 'num_kv_indices': 12942}: PASSED  ref=64.8620ms sol=0.0953ms  speedup=680.45x  abs=7.81e-03 rel=5.22e+01
[22/48] f31598f9 axes={'batch_size': 16, 'num_pages': 1069, 'len_indptr': 17, 'num_kv_indices': 1034}: PASSED  ref=62.3226ms sol=0.0512ms  speedup=1216.33x  abs=7.81e-03 rel=1.88e+02
[23/48] 5aecf120 axes={'batch_size': 16, 'num_pages': 2868, 'len_indptr': 17, 'num_kv_indices': 2841}: PASSED  ref=62.4167ms sol=0.0522ms  speedup=1195.76x  abs=3.91e-03 rel=7.03e+01
[24/48] 8a1fd5df axes={'batch_size': 16, 'num_pages': 2372, 'len_indptr': 17, 'num_kv_indices': 2345}: PASSED  ref=62.3222ms sol=0.0517ms  speedup=1205.25x  abs=3.91e-03 rel=2.59e+02
[25/48] ccdc67b6 axes={'batch_size': 16, 'num_pages': 30163, 'len_indptr': 17, 'num_kv_indices': 20911}: PASSED  ref=63.1059ms sol=0.1047ms  speedup=602.76x  abs=1.95e-03 rel=1.23e+02
[26/48] 16e73fbc axes={'batch_size': 16, 'num_pages': 1892, 'len_indptr': 17, 'num_kv_indices': 1865}: PASSED  ref=55.6980ms sol=0.0449ms  speedup=1239.28x  abs=3.91e-03 rel=4.68e+01
[27/48] d2c89e1d axes={'batch_size': 16, 'num_pages': 1396, 'len_indptr': 17, 'num_kv_indices': 1369}: PASSED  ref=55.1533ms sol=0.0446ms  speedup=1236.49x  abs=7.81e-03 rel=7.24e+01
[28/48] 434980b4 axes={'batch_size': 16, 'num_pages': 4333, 'len_indptr': 17, 'num_kv_indices': 4298}: PASSED  ref=55.0606ms sol=0.0471ms  speedup=1167.88x  abs=3.91e-03 rel=1.53e+02
[29/48] 0ea2f83b axes={'batch_size': 16, 'num_pages': 3044, 'len_indptr': 17, 'num_kv_indices': 3017}: PASSED  ref=55.1329ms sol=0.0458ms  speedup=1202.64x  abs=3.91e-03 rel=2.91e+01
[30/48] 127a80a4 axes={'batch_size': 16, 'num_pages': 2548, 'len_indptr': 17, 'num_kv_indices': 2521}: PASSED  ref=54.6680ms sol=0.0457ms  speedup=1195.25x  abs=3.91e-03 rel=1.19e+02
[31/48] f248b828 axes={'batch_size': 16, 'num_pages': 2052, 'len_indptr': 17, 'num_kv_indices': 2025}: PASSED  ref=55.4645ms sol=0.0468ms  speedup=1184.98x  abs=3.91e-03 rel=1.37e+02
[32/48] ebe29c4a axes={'batch_size': 16, 'num_pages': 1556, 'len_indptr': 17, 'num_kv_indices': 1529}: PASSED  ref=54.6198ms sol=0.0451ms  speedup=1211.15x  abs=3.91e-03 rel=1.31e+02
[33/48] 91552da7 axes={'batch_size': 64, 'num_pages': 60071, 'len_indptr': 65, 'num_kv_indices': 50902}: PASSED  ref=221.0967ms sol=0.1532ms  speedup=1442.86x  abs=1.95e-03 rel=3.86e+02
[34/48] 27b811f9 axes={'batch_size': 64, 'num_pages': 66637, 'len_indptr': 65, 'num_kv_indices': 57366}: PASSED  ref=220.3991ms sol=0.1692ms  speedup=1302.84x  abs=1.95e-03 rel=6.61e+01
[35/48] cfccc048 axes={'batch_size': 64, 'num_pages': 62605, 'len_indptr': 65, 'num_kv_indices': 53334}: PASSED  ref=221.3966ms sol=0.1598ms  speedup=1385.17x  abs=1.95e-03 rel=1.15e+04
[36/48] 9608dc13 axes={'batch_size': 64, 'num_pages': 64653, 'len_indptr': 65, 'num_kv_indices': 55382}: PASSED  ref=220.1984ms sol=0.1634ms  speedup=1347.51x  abs=1.95e-03 rel=2.38e+03
[37/48] d4415ca7 axes={'batch_size': 64, 'num_pages': 67021, 'len_indptr': 65, 'num_kv_indices': 57750}: PASSED  ref=220.5555ms sol=0.1722ms  speedup=1280.73x  abs=1.95e-03 rel=7.19e+01
[38/48] 43de6e71 axes={'batch_size': 64, 'num_pages': 65037, 'len_indptr': 65, 'num_kv_indices': 55766}: PASSED  ref=220.3890ms sol=0.1696ms  speedup=1299.22x  abs=1.95e-03 rel=2.39e+02
[39/48] 12b921da axes={'batch_size': 64, 'num_pages': 63053, 'len_indptr': 65, 'num_kv_indices': 53782}: PASSED  ref=248.1012ms sol=0.1722ms  speedup=1440.63x  abs=1.95e-03 rel=1.07e+02
[40/48] 817a4061 axes={'batch_size': 64, 'num_pages': 67405, 'len_indptr': 65, 'num_kv_indices': 58134}: PASSED  ref=228.2129ms sol=0.1728ms  speedup=1321.02x  abs=1.95e-03 rel=2.02e+02
[41/48] 7077cfb4 axes={'batch_size': 64, 'num_pages': 65421, 'len_indptr': 65, 'num_kv_indices': 56150}: PASSED  ref=220.8355ms sol=0.1655ms  speedup=1334.17x  abs=1.95e-03 rel=9.44e+02
[42/48] d562ca35 axes={'batch_size': 64, 'num_pages': 63437, 'len_indptr': 65, 'num_kv_indices': 54166}: PASSED  ref=219.6923ms sol=0.1591ms  speedup=1381.03x  abs=1.95e-03 rel=1.69e+02
[43/48] 556fea1d axes={'batch_size': 64, 'num_pages': 65805, 'len_indptr': 65, 'num_kv_indices': 56534}: PASSED  ref=221.2087ms sol=0.1671ms  speedup=1323.80x  abs=1.95e-03 rel=6.20e+02
[44/48] 116916f0 axes={'batch_size': 64, 'num_pages': 63821, 'len_indptr': 65, 'num_kv_indices': 54550}: PASSED  ref=249.1142ms sol=0.1733ms  speedup=1437.35x  abs=1.95e-03 rel=3.96e+02
[45/48] e165c254 axes={'batch_size': 64, 'num_pages': 67853, 'len_indptr': 65, 'num_kv_indices': 58582}: PASSED  ref=248.4158ms sol=0.1859ms  speedup=1336.07x  abs=1.95e-03 rel=1.89e+02
[46/48] 486d0874 axes={'batch_size': 64, 'num_pages': 66253, 'len_indptr': 65, 'num_kv_indices': 56982}: PASSED  ref=228.3709ms sol=0.1699ms  speedup=1344.42x  abs=1.95e-03 rel=5.61e+02
[47/48] 5444fc56 axes={'batch_size': 64, 'num_pages': 68237, 'len_indptr': 65, 'num_kv_indices': 58966}: PASSED  ref=222.6101ms sol=0.1797ms  speedup=1238.75x  abs=1.95e-03 rel=1.27e+02
[48/48] d78eb414 axes={'batch_size': 64, 'num_pages': 64205, 'len_indptr': 65, 'num_kv_indices': 54934}: PASSED  ref=220.1039ms sol=0.1664ms  speedup=1322.41x  abs=1.95e-03 rel=1.48e+03
==============================================================================
Passed: 48/48    valid_run=True
GEOMEAN speedup (optimization target): 487.61x
  arithmetic mean (fib/AKO4X metric):  848.33x
  min=70.22x  max=1442.86x
RESULT: VALID — geomean speedup = 487.61x
==============================================================================
Wrote /home/ziming/kda-ops/kda-runs/formal-kda-h100-20260920--flashinfer--gqa_paged_decode_h32_kv8_d128_ps1/runs/candidates/c005/feedback.json
