Definition: /home/ziming/dataset/SOL-ExecBench/data/benchmark/L2/030_flux_concatenated_sequence_processing_with_split/definition.json
Workload  : /home/ziming/dataset/SOL-ExecBench/data/benchmark/L2/030_flux_concatenated_sequence_processing_with_split/workload.jsonl
Solution  : /home/ziming/whr/run/baseline/drtriton/kbstyle_stts_full8_20260922/tasks/SOL/L2/030_flux_concatenated_sequence_processing_with_split/refprecompute/solution.json
Output    : /home/ziming/whr/run/baseline/drtriton/kbstyle_stts_full8_20260922/tasks/SOL/L2/030_flux_concatenated_sequence_processing_with_split/refprecompute/evaluation.json

==============================================================================
Problem : 030_flux_concatenated_sequence_processing_with_split
Passed  : 16/16
Status  : OK
[1] 9de8abcb-a854-578a-9da4-9aec0f0925e0: reference=0.380512 ms, candidate=0.368800 ms, speedup=1.0318x
[2] 5c686654-84b3-5ce5-ad5b-4f50bd397416: reference=0.368336 ms, candidate=0.367952 ms, speedup=1.0010x
[3] dda2cd74-1d9c-5583-9164-5c4a0bbcf376: reference=0.411119 ms, candidate=0.409471 ms, speedup=1.0040x
[4] 2c9cc79c-e00f-583e-80b7-3904e5139b6c: reference=0.212095 ms, candidate=0.209919 ms, speedup=1.0104x
[5] e92f1fac-423f-59f2-bfcd-2154258d5a9a: reference=1.750255 ms, candidate=1.739966 ms, speedup=1.0059x
[6] 978c252a-7dc2-55db-8731-a9ff7af63f3b: reference=1.129469 ms, candidate=1.151870 ms, speedup=0.9806x
[7] a9d58452-943d-5f67-a8d6-d9ae6bcc3072: reference=0.579022 ms, candidate=0.582014 ms, speedup=0.9949x
[8] 659c4d3b-9e59-5996-9b7f-035ee408c3ac: reference=2.355181 ms, candidate=2.358239 ms, speedup=0.9987x
[9] e6aab32c-d3cd-5758-801f-212cfbaf6911: reference=2.271170 ms, candidate=2.304159 ms, speedup=0.9857x
[10] e0782f0c-bc40-55e6-bcd2-13f420f4ad1b: reference=2.865196 ms, candidate=2.866447 ms, speedup=0.9996x
[11] 71d670d9-083c-5c14-b7fb-38d9a572852b: reference=12.888944 ms, candidate=12.701282 ms, speedup=1.0148x
[12] bf56c2b5-f59b-556d-be9e-5ddd00225bd1: reference=1.659729 ms, candidate=1.687854 ms, speedup=0.9833x
[13] 7ae93ff7-0db4-5e52-8aa4-1b53f6e8ae79: reference=2.842335 ms, candidate=2.846271 ms, speedup=0.9986x
[14] d234a6e4-6f9c-55fe-ae82-58e1bd445a34: reference=1.063341 ms, candidate=1.064800 ms, speedup=0.9986x
[15] 62f6139b-7873-52e0-8738-345d10caad5e: reference=1.146256 ms, candidate=1.145792 ms, speedup=1.0004x
[16] 7a91d659-0bcc-5b47-bfcf-670cafc27ae9: reference=0.770366 ms, candidate=0.773103 ms, speedup=0.9965x
Geomean : 1.0002x
Average : 1.0003x
==============================================================================
Performance: /home/ziming/whr/run/baseline/drtriton/kbstyle_stts_full8_20260922/tasks/SOL/L2/030_flux_concatenated_sequence_processing_with_split/refprecompute/evaluation.json
