==============================================================================
Definition : gqa_ragged_prefill_causal_h32_kv8_d128  (op_type=gqa_ragged)
Solution   : /data1/workspace/weihongren/kda-control/formal-kda-20260916--flashinfer--gqa_ragged_prefill_causal_h32_kv8_d128/candidates/c001/solution.py
Device     : cuda:0  (NVIDIA A800-SXM4-80GB)
Workloads  : 5   trials=1 warmup=3 iters=100
Selected   : [12, 13, 1, 8, 16]
Tolerance  : atol=0.01 rtol=0.01 matched_ratio=0.99
==============================================================================
[1/5] b8f94163 axes={'len_indptr': 2, 'total_q': 7, 'total_kv': 7}: PASSED  ref=0.6297ms sol=0.0658ms  speedup=9.58x  abs=1.56e-02 rel=1.08e+01
[2/5] bdc49f9e axes={'len_indptr': 2, 'total_q': 1, 'total_kv': 1}: PASSED  ref=0.5778ms sol=0.0651ms  speedup=8.88x  abs=7.15e-07 rel=7.14e-07
[3/5] f4c23a33 axes={'len_indptr': 2, 'total_q': 1, 'total_kv': 1}: PASSED  ref=0.5724ms sol=0.0654ms  speedup=8.76x  abs=3.65e-07 rel=5.59e-05
[4/5] 32f5e961 axes={'len_indptr': 2, 'total_q': 35, 'total_kv': 35}: PASSED  ref=0.6278ms sol=0.0655ms  speedup=9.58x  abs=1.56e-02 rel=6.72e+01
[5/5] 2328b031 axes={'len_indptr': 16, 'total_q': 982, 'total_kv': 982}: PASSED  ref=7.5478ms sol=0.1043ms  speedup=72.38x  abs=1.56e-02 rel=4.63e+03
==============================================================================
Passed: 5/5    valid_run=True
GEOMEAN speedup (optimization target): 13.89x
  arithmetic mean (fib/AKO4X metric):  21.83x
  min=8.76x  max=72.38x
RESULT: VALID — geomean speedup = 13.89x
==============================================================================
Wrote /data1/workspace/weihongren/kda-runs/formal-kda-20260916--flashinfer--gqa_ragged_prefill_causal_h32_kv8_d128/runs/candidates/c001/feedback.json
