==============================================================================
Definition : mla_paged_decode_h16_ckv512_kpe64_ps1  (op_type=mla_paged)
Solution   : /data1/workspace/weihongren/kda-control/formal-kda-20260916--flashinfer--mla_paged_decode_h16_ckv512_kpe64_ps1/candidates/c001/solution.py
Device     : cuda:0  (NVIDIA A800-SXM4-80GB)
Workloads  : 5   trials=1 warmup=3 iters=100
Selected   : [24, 26, 2, 16, 32]
Tolerance  : atol=0.01 rtol=0.01 matched_ratio=0.99
==============================================================================
[1/5] 220b10b5 axes={'batch_size': 16, 'num_pages': 989669, 'len_indptr': 17, 'num_kv_indices': 10857}: RUNTIME_ERROR  CompilationError: at 77:32:
        m_new = tl.maximum(m_i, tl.max(qk, axis=1))
        alpha = tl.exp(m_i - m_new)
        p = tl.exp(qk - m_new[:, None])                       # [H, BLOCK_N] fp32
        l_i = l_i * alpha + tl.sum(p, axis=1)
        # PV over the 512-dim latent (value == Kc). bf16 tensor-core dot, fp32 acc.
        acc = acc * alpha[:, None] + tl.dot(p.to(tl.bfloat16), Kc)
        m_i = m_new

    out = acc / l_i[:, None]
    tl.store(out_row_ptr, out.to(tl.bfloat16))
    # base-2 log-sum-exp: (m + ln l) / ln 2 = (m + ln l) * log2(e)
    lse = (m_i + tl.log(l_i)) * _LOG2E
                                ^
NameError("Cannot access global variable _LOG2E from within @jit'ed function. Triton kernels can only access global variables that are instanstiated as constexpr (`x = triton.language.constexpr(42)`). Note that this is different from annotating a variable as constexpr (`x: triton.language.constexpr = 42`), which is not supported.  Alternatively, set the envvar TRITON_ALLOW_NON_CONSTEXPR_GLOBALS=1, but we do not promise to support this forever.")
[2/5] e417264f axes={'batch_size': 16, 'num_pages': 989669, 'len_indptr': 17, 'num_kv_indices': 12857}: RUNTIME_ERROR  CompilationError: at 77:32:
        m_new = tl.maximum(m_i, tl.max(qk, axis=1))
        alpha = tl.exp(m_i - m_new)
        p = tl.exp(qk - m_new[:, None])                       # [H, BLOCK_N] fp32
        l_i = l_i * alpha + tl.sum(p, axis=1)
        # PV over the 512-dim latent (value == Kc). bf16 tensor-core dot, fp32 acc.
        acc = acc * alpha[:, None] + tl.dot(p.to(tl.bfloat16), Kc)
        m_i = m_new

    out = acc / l_i[:, None]
    tl.store(out_row_ptr, out.to(tl.bfloat16))
    # base-2 log-sum-exp: (m + ln l) / ln 2 = (m + ln l) * log2(e)
    lse = (m_i + tl.log(l_i)) * _LOG2E
                                ^
NameError("Cannot access global variable _LOG2E from within @jit'ed function. Triton kernels can only access global variables that are instanstiated as constexpr (`x = triton.language.constexpr(42)`). Note that this is different from annotating a variable as constexpr (`x: triton.language.constexpr = 42`), which is not supported.  Alternatively, set the envvar TRITON_ALLOW_NON_CONSTEXPR_GLOBALS=1, but we do not promise to support this forever.")
[3/5] deb5f26c axes={'batch_size': 1, 'num_pages': 989669, 'len_indptr': 2, 'num_kv_indices': 208}: RUNTIME_ERROR  CompilationError: at 77:32:
        m_new = tl.maximum(m_i, tl.max(qk, axis=1))
        alpha = tl.exp(m_i - m_new)
        p = tl.exp(qk - m_new[:, None])                       # [H, BLOCK_N] fp32
        l_i = l_i * alpha + tl.sum(p, axis=1)
        # PV over the 512-dim latent (value == Kc). bf16 tensor-core dot, fp32 acc.
        acc = acc * alpha[:, None] + tl.dot(p.to(tl.bfloat16), Kc)
        m_i = m_new

    out = acc / l_i[:, None]
    tl.store(out_row_ptr, out.to(tl.bfloat16))
    # base-2 log-sum-exp: (m + ln l) / ln 2 = (m + ln l) * log2(e)
    lse = (m_i + tl.log(l_i)) * _LOG2E
                                ^
NameError("Cannot access global variable _LOG2E from within @jit'ed function. Triton kernels can only access global variables that are instanstiated as constexpr (`x = triton.language.constexpr(42)`). Note that this is different from annotating a variable as constexpr (`x: triton.language.constexpr = 42`), which is not supported.  Alternatively, set the envvar TRITON_ALLOW_NON_CONSTEXPR_GLOBALS=1, but we do not promise to support this forever.")
[4/5] 34026642 axes={'batch_size': 16, 'num_pages': 989669, 'len_indptr': 17, 'num_kv_indices': 1857}: RUNTIME_ERROR  CompilationError: at 77:32:
        m_new = tl.maximum(m_i, tl.max(qk, axis=1))
        alpha = tl.exp(m_i - m_new)
        p = tl.exp(qk - m_new[:, None])                       # [H, BLOCK_N] fp32
        l_i = l_i * alpha + tl.sum(p, axis=1)
        # PV over the 512-dim latent (value == Kc). bf16 tensor-core dot, fp32 acc.
        acc = acc * alpha[:, None] + tl.dot(p.to(tl.bfloat16), Kc)
        m_i = m_new

    out = acc / l_i[:, None]
    tl.store(out_row_ptr, out.to(tl.bfloat16))
    # base-2 log-sum-exp: (m + ln l) / ln 2 = (m + ln l) * log2(e)
    lse = (m_i + tl.log(l_i)) * _LOG2E
                                ^
NameError("Cannot access global variable _LOG2E from within @jit'ed function. Triton kernels can only access global variables that are instanstiated as constexpr (`x = triton.language.constexpr(42)`). Note that this is different from annotating a variable as constexpr (`x: triton.language.constexpr = 42`), which is not supported.  Alternatively, set the envvar TRITON_ALLOW_NON_CONSTEXPR_GLOBALS=1, but we do not promise to support this forever.")
[5/5] 7e083fc8 axes={'batch_size': 64, 'num_pages': 989669, 'len_indptr': 65, 'num_kv_indices': 30745}: RUNTIME_ERROR  CompilationError: at 77:32:
        m_new = tl.maximum(m_i, tl.max(qk, axis=1))
        alpha = tl.exp(m_i - m_new)
        p = tl.exp(qk - m_new[:, None])                       # [H, BLOCK_N] fp32
        l_i = l_i * alpha + tl.sum(p, axis=1)
        # PV over the 512-dim latent (value == Kc). bf16 tensor-core dot, fp32 acc.
        acc = acc * alpha[:, None] + tl.dot(p.to(tl.bfloat16), Kc)
        m_i = m_new

    out = acc / l_i[:, None]
    tl.store(out_row_ptr, out.to(tl.bfloat16))
    # base-2 log-sum-exp: (m + ln l) / ln 2 = (m + ln l) * log2(e)
    lse = (m_i + tl.log(l_i)) * _LOG2E
                                ^
NameError("Cannot access global variable _LOG2E from within @jit'ed function. Triton kernels can only access global variables that are instanstiated as constexpr (`x = triton.language.constexpr(42)`). Note that this is different from annotating a variable as constexpr (`x: triton.language.constexpr = 42`), which is not supported.  Alternatively, set the envvar TRITON_ALLOW_NON_CONSTEXPR_GLOBALS=1, but we do not promise to support this forever.")
==============================================================================
Passed: 0/5    valid_run=False
RESULT: INVALID — not all workloads passed correctness (geomean above is over the PASSED subset only).
==============================================================================
Wrote /data1/workspace/weihongren/kda-runs/formal-kda-20260916--flashinfer--mla_paged_decode_h16_ckv512_kpe64_ps1/runs/candidates/c001/feedback.json
