Definition: /data1/workspace/ziming/dataset/SOL-ExecBench/data/benchmark/L2/012_moe_expert_batched_execution_with_capacity_factor/definition.json
Workload  : /data1/workspace/ziming/dataset/SOL-ExecBench/data/benchmark/L2/012_moe_expert_batched_execution_with_capacity_factor/workload.jsonl
Solution  : /data1/workspace/weihongren/kda-control/formal-kda-20260916--sol_execbench--L2-012_moe_expert_batched_execution_with_capacity_factor/candidates/c006/solution.py
Output    : /data1/workspace/weihongren/kda-runs/formal-kda-20260916--sol_execbench--L2-012_moe_expert_batched_execution_with_capacity_factor/runs/candidates/c006/final.json

==============================================================================
Problem : 012_moe_expert_batched_execution_with_capacity_factor
Passed  : 16/16
Status  : OK
[1] f850f2b7-8380-57c1-9236-2771054e1971: reference=29.109611 ms, candidate=36.520139 ms, speedup=0.7971x
[2] 106f0092-d65a-594e-83d3-7498eb06cdfa: reference=24.050762 ms, candidate=34.052426 ms, speedup=0.7063x
[3] 61022909-66df-5948-b238-8b6ddbd0fc15: reference=14.360309 ms, candidate=16.648616 ms, speedup=0.8626x
[4] bf41eb28-3e46-5e09-8bd1-489f584956db: reference=26.367461 ms, candidate=34.074291 ms, speedup=0.7738x
[5] 2fe16676-be52-51fd-87bf-637612a64f5e: reference=15.790311 ms, candidate=17.339673 ms, speedup=0.9106x
[6] ab49eedb-1e04-56e3-add4-5776bd7427a6: reference=14.455457 ms, candidate=16.730823 ms, speedup=0.8640x
[7] c2a09e88-bd53-56ba-85f7-11d1ea0872b8: reference=14.567168 ms, candidate=16.831430 ms, speedup=0.8655x
[8] 2e7d2e79-d408-5b66-b0b8-d32b4abd272a: reference=14.662816 ms, candidate=16.881688 ms, speedup=0.8686x
[9] 18872872-5214-5673-8ea0-713318da014d: reference=56.097223 ms, candidate=72.802410 ms, speedup=0.7705x
[10] 604e6e46-97fb-558d-891b-96336ff3d977: reference=14.762132 ms, candidate=16.963615 ms, speedup=0.8702x
[11] 598f9037-e3c6-5b65-b49c-a1dbacc8ee95: reference=17.418790 ms, candidate=18.507379 ms, speedup=0.9412x
[12] 16755515-9001-5ccf-ae9c-ae0d5bd907b1: reference=15.447077 ms, candidate=17.165736 ms, speedup=0.8999x
[13] b983758c-5821-5998-a8c7-88209f6e17d9: reference=15.656225 ms, candidate=17.254102 ms, speedup=0.9074x
[14] 9a4bee24-ba2d-5f98-8de5-24d4a255dbf0: reference=15.432166 ms, candidate=17.086744 ms, speedup=0.9032x
[15] 3744fdcd-5cf2-5bfc-8235-751e81f8bc5f: reference=15.555235 ms, candidate=17.188023 ms, speedup=0.9050x
[16] d36f3c8b-3e15-51c6-8604-7a47a738c972: reference=15.778254 ms, candidate=17.339652 ms, speedup=0.9100x
Geomean : 0.8573x
Average : 0.8597x
==============================================================================
Performance: /data1/workspace/weihongren/kda-runs/formal-kda-20260916--sol_execbench--L2-012_moe_expert_batched_execution_with_capacity_factor/runs/candidates/c006/final.json
