Definition: /home/ziming/dataset/SOL-ExecBench/data/benchmark/L1/058_moe_expert_token_radix_sort_with_prefix_sum/definition.json
Workload  : /home/ziming/dataset/SOL-ExecBench/data/benchmark/L1/058_moe_expert_token_radix_sort_with_prefix_sum/workload.jsonl
Solution  : /home/ziming/whr/run/baseline/drtriton/kbstyle_stts_full8_20260922/tasks/SOL/L1/058_moe_expert_token_radix_sort_with_prefix_sum/refprecompute/solution.json
Output    : /home/ziming/whr/run/baseline/drtriton/kbstyle_stts_full8_20260922/tasks/SOL/L1/058_moe_expert_token_radix_sort_with_prefix_sum/refprecompute/evaluation.json

==============================================================================
Problem : 058_moe_expert_token_radix_sort_with_prefix_sum
Passed  : 16/16
Status  : OK
[1] e259b448-b73a-5efa-81c4-f0c9e1531e3e: reference=0.246240 ms, candidate=0.244560 ms, speedup=1.0069x
[2] e8a84cca-bde1-5f80-b1f6-bda8c33da6a2: reference=0.261007 ms, candidate=0.261663 ms, speedup=0.9975x
[3] 582fdc96-9b88-5ba1-ab85-265013ca7f13: reference=0.244704 ms, candidate=0.245279 ms, speedup=0.9977x
[4] ce1a545f-d879-59e3-9478-e723c6755e4c: reference=0.251408 ms, candidate=0.247647 ms, speedup=1.0152x
[5] f761ce94-7784-5c3c-b4de-613546df93a0: reference=0.243664 ms, candidate=0.242304 ms, speedup=1.0056x
[6] 3baabec0-5dde-5077-b821-ef95b66f609a: reference=0.242527 ms, candidate=0.244607 ms, speedup=0.9915x
[7] c84061fe-df99-510c-a426-d19d813dcae9: reference=0.255054 ms, candidate=0.250112 ms, speedup=1.0198x
[8] 14ccf030-1525-5a46-9d8b-6ea0cc28904a: reference=0.241231 ms, candidate=0.247007 ms, speedup=0.9766x
[9] 4998bf90-ff9b-5904-82a2-afb99757ea96: reference=0.241039 ms, candidate=0.244480 ms, speedup=0.9859x
[10] 8fe645cb-f5dc-55ee-ac66-8c096a5a89ea: reference=0.245216 ms, candidate=0.245472 ms, speedup=0.9990x
[11] 368e546c-d434-51f2-9e24-11b3ca1e5a6d: reference=0.244336 ms, candidate=0.246048 ms, speedup=0.9930x
[12] bccc000a-30dc-5e58-8ad8-c96e8f10adbf: reference=0.243135 ms, candidate=0.256528 ms, speedup=0.9478x
[13] 13149551-9e61-5b11-85c2-c4c8cd6fc57b: reference=0.246560 ms, candidate=0.243567 ms, speedup=1.0123x
[14] af507a31-f4c8-5439-93ed-232378c99029: reference=0.250239 ms, candidate=0.249424 ms, speedup=1.0033x
[15] b1aeedac-77c9-5276-b49e-ae5f61291738: reference=0.246495 ms, candidate=0.246142 ms, speedup=1.0014x
[16] 2eb27620-de55-5418-a65c-c5a0cebfc1c0: reference=0.242832 ms, candidate=0.242511 ms, speedup=1.0013x
Geomean : 0.9970x
Average : 0.9972x
==============================================================================
Performance: /home/ziming/whr/run/baseline/drtriton/kbstyle_stts_full8_20260922/tasks/SOL/L1/058_moe_expert_token_radix_sort_with_prefix_sum/refprecompute/evaluation.json
