Definition: /data1/workspace/ziming/dataset/SOL-ExecBench/data/benchmark/L2/040_altup_predict_correction_cycle_backward/definition.json
Workload  : /data1/workspace/ziming/dataset/SOL-ExecBench/data/benchmark/L2/040_altup_predict_correction_cycle_backward/workload.jsonl
Solution  : /data1/workspace/weihongren/kda-control/formal-kda-20260916--sol_execbench--L2-040_altup_predict_correction_cycle_backward/candidates/c012/solution.py
Output    : /data1/workspace/weihongren/kda-runs/formal-kda-20260916--sol_execbench--L2-040_altup_predict_correction_cycle_backward/runs/candidates/c012/final.json

==============================================================================
Problem : 040_altup_predict_correction_cycle_backward
Passed  : 16/16
Status  : OK
[1] e9c4303d-4391-5cb3-a6e1-674c1d19bbfd: reference=37.155598 ms, candidate=2.762801 ms, speedup=13.4485x
[2] ae0bb3db-c205-5a42-9126-e1937cb9baa3: reference=2.901216 ms, candidate=0.345228 ms, speedup=8.4038x
[3] 04873afa-11c7-53fe-8114-2aba06465dae: reference=3.228492 ms, candidate=0.383820 ms, speedup=8.4115x
[4] 5080d4ce-017c-5be0-a62b-0716cd7e31ed: reference=1.783068 ms, candidate=0.380764 ms, speedup=4.6829x
[5] a6c812e5-eb06-5abe-a527-84583b7e08ba: reference=7.242927 ms, candidate=0.639561 ms, speedup=11.3248x
[6] 55c60666-0298-5352-9bf9-4ff481bf224a: reference=2.063705 ms, candidate=0.387532 ms, speedup=5.3253x
[7] f2508211-757f-5c74-a08a-621ce070f77d: reference=3.386379 ms, candidate=0.401931 ms, speedup=8.4253x
[8] 718c12d5-c355-5f07-99d7-bf996be88f6a: reference=5.326101 ms, candidate=0.601609 ms, speedup=8.8531x
[9] 66b9a3e2-47cc-5803-819e-d0c73770e2fc: reference=18.969104 ms, candidate=1.421536 ms, speedup=13.3441x
[10] 0916b372-d314-5c69-b17b-a1fdbc53f807: reference=9.784165 ms, candidate=0.854407 ms, speedup=11.4514x
[11] 978eb29a-222a-5b3a-b05e-c09c336145ad: reference=9.783782 ms, candidate=0.847719 ms, speedup=11.5413x
[12] 00fec07f-2b13-515b-9011-a7674b426146: reference=9.780214 ms, candidate=0.857590 ms, speedup=11.4043x
[13] fcd64c92-9a71-592e-ab33-71843be9270f: reference=88.011353 ms, candidate=6.358125 ms, speedup=13.8423x
[14] 6565986f-6dfa-5b52-8692-7ff971fbe02f: reference=16.691834 ms, candidate=1.334499 ms, speedup=12.5079x
[15] d4170c6e-19fe-553e-8ba6-b68311715a89: reference=2.895636 ms, candidate=0.345245 ms, speedup=8.3872x
[16] 5834489e-1f51-5995-b499-8765bd31a705: reference=18.964948 ms, candidate=1.411778 ms, speedup=13.4334x
Geomean : 9.8504x
Average : 10.2992x
==============================================================================
Performance: /data1/workspace/weihongren/kda-runs/formal-kda-20260916--sol_execbench--L2-040_altup_predict_correction_cycle_backward/runs/candidates/c012/final.json
