==============================================================================
Definition : gqa_paged_decode_h32_kv8_d128_ps1  (op_type=gqa_paged)
Solution   : /home/ziming/kda-ops/kda-control/formal-kda-h100-20260920--flashinfer--gqa_paged_decode_h32_kv8_d128_ps1/candidates/c002/solution.py
Device     : cuda:0  (NVIDIA H100 80GB HBM3)
Workloads  : 48   trials=1 warmup=2 iters=10
Selected   : [0, 1, 2, 3, 4, 5, 6, 7, 8, 9, 10, 11, 12, 13, 14, 15, 16, 17, 18, 19, 20, 21, 22, 23, 24, 25, 26, 27, 28, 29, 30, 31, 32, 33, 34, 35, 36, 37, 38, 39, 40, 41, 42, 43, 44, 45, 46, 47]
Tolerance  : atol=0.01 rtol=0.01 matched_ratio=0.99
==============================================================================
[1/48] e2142798 axes={'batch_size': 1, 'num_pages': 9316, 'len_indptr': 2, 'num_kv_indices': 73}: PASSED  ref=3.7714ms sol=0.0522ms  speedup=72.23x  abs=3.91e-03 rel=1.54e+01
[2/48] 2849bdc5 axes={'batch_size': 1, 'num_pages': 63, 'len_indptr': 2, 'num_kv_indices': 46}: PASSED  ref=3.6808ms sol=0.0466ms  speedup=78.98x  abs=3.91e-03 rel=8.93e+01
[3/48] aa937325 axes={'batch_size': 1, 'num_pages': 82, 'len_indptr': 2, 'num_kv_indices': 65}: PASSED  ref=4.5311ms sol=0.0528ms  speedup=85.85x  abs=3.91e-03 rel=4.48e+00
[4/48] be0e9c07 axes={'batch_size': 1, 'num_pages': 18, 'len_indptr': 2, 'num_kv_indices': 2}: PASSED  ref=4.1097ms sol=0.0522ms  speedup=78.66x  abs=1.56e-02 rel=1.21e+00
[5/48] 13bd6f6d axes={'batch_size': 1, 'num_pages': 67, 'len_indptr': 2, 'num_kv_indices': 50}: PASSED  ref=4.1220ms sol=0.0528ms  speedup=78.12x  abs=3.91e-03 rel=3.30e+01
[6/48] 4b6e577b axes={'batch_size': 1, 'num_pages': 406, 'len_indptr': 2, 'num_kv_indices': 356}: PASSED  ref=4.1546ms sol=0.0527ms  speedup=78.85x  abs=1.95e-03 rel=7.17e+00
[7/48] 233743f3 axes={'batch_size': 1, 'num_pages': 597, 'len_indptr': 2, 'num_kv_indices': 547}: PASSED  ref=4.1588ms sol=0.0569ms  speedup=73.14x  abs=9.77e-04 rel=1.63e+00
[8/48] 55b7d182 axes={'batch_size': 1, 'num_pages': 71, 'len_indptr': 2, 'num_kv_indices': 54}: PASSED  ref=4.1605ms sol=0.0529ms  speedup=78.71x  abs=3.91e-03 rel=8.15e-01
[9/48] d8826343 axes={'batch_size': 1, 'num_pages': 223, 'len_indptr': 2, 'num_kv_indices': 173}: PASSED  ref=5.8759ms sol=0.0517ms  speedup=113.67x  abs=1.95e-03 rel=1.87e+01
[10/48] cc152036 axes={'batch_size': 1, 'num_pages': 74, 'len_indptr': 2, 'num_kv_indices': 57}: PASSED  ref=4.1084ms sol=0.0532ms  speedup=77.25x  abs=3.91e-03 rel=2.61e+00
[11/48] 2f08e877 axes={'batch_size': 1, 'num_pages': 78, 'len_indptr': 2, 'num_kv_indices': 61}: PASSED  ref=4.5750ms sol=0.0525ms  speedup=87.13x  abs=3.91e-03 rel=4.68e+00
[12/48] 62aad293 axes={'batch_size': 1, 'num_pages': 11, 'len_indptr': 2, 'num_kv_indices': 10}: PASSED  ref=4.1393ms sol=0.0522ms  speedup=79.36x  abs=7.81e-03 rel=3.22e+00
[13/48] 7e5dca40 axes={'batch_size': 1, 'num_pages': 15, 'len_indptr': 2, 'num_kv_indices': 14}: PASSED  ref=4.1675ms sol=0.0537ms  speedup=77.55x  abs=7.81e-03 rel=2.23e+01
[14/48] d58b7e5a axes={'batch_size': 1, 'num_pages': 55, 'len_indptr': 2, 'num_kv_indices': 38}: PASSED  ref=4.1257ms sol=0.0527ms  speedup=78.32x  abs=3.91e-03 rel=5.99e+00
[15/48] 86584e1f axes={'batch_size': 1, 'num_pages': 9341, 'len_indptr': 2, 'num_kv_indices': 98}: PASSED  ref=4.1734ms sol=0.0533ms  speedup=78.26x  abs=1.95e-03 rel=3.73e+00
[16/48] 1ae14253 axes={'batch_size': 1, 'num_pages': 59, 'len_indptr': 2, 'num_kv_indices': 42}: PASSED  ref=4.1487ms sol=0.0516ms  speedup=80.33x  abs=3.91e-03 rel=5.82e+00
[17/48] 39ca5ed6 axes={'batch_size': 16, 'num_pages': 2708, 'len_indptr': 17, 'num_kv_indices': 2681}: PASSED  ref=64.8403ms sol=0.0538ms  speedup=1204.67x  abs=3.91e-03 rel=1.80e+02
[18/48] 85fac3ed axes={'batch_size': 16, 'num_pages': 2212, 'len_indptr': 17, 'num_kv_indices': 2185}: PASSED  ref=65.2242ms sol=0.0553ms  speedup=1180.37x  abs=3.91e-03 rel=2.66e+02
[19/48] cd36924a axes={'batch_size': 16, 'num_pages': 1220, 'len_indptr': 17, 'num_kv_indices': 1193}: PASSED  ref=65.2397ms sol=0.0540ms  speedup=1208.86x  abs=7.81e-03 rel=3.64e+01
[20/48] db2de7f1 axes={'batch_size': 16, 'num_pages': 1732, 'len_indptr': 17, 'num_kv_indices': 1705}: PASSED  ref=64.8546ms sol=0.0540ms  speedup=1201.94x  abs=3.91e-03 rel=1.40e+02
[21/48] 1e15ed03 axes={'batch_size': 16, 'num_pages': 81390, 'len_indptr': 17, 'num_kv_indices': 12942}: PASSED  ref=65.5084ms sol=0.1413ms  speedup=463.75x  abs=7.81e-03 rel=4.30e+01
[22/48] f31598f9 axes={'batch_size': 16, 'num_pages': 1069, 'len_indptr': 17, 'num_kv_indices': 1034}: PASSED  ref=64.1683ms sol=0.0535ms  speedup=1200.32x  abs=7.81e-03 rel=8.94e+01
[23/48] 5aecf120 axes={'batch_size': 16, 'num_pages': 2868, 'len_indptr': 17, 'num_kv_indices': 2841}: PASSED  ref=59.8433ms sol=0.0501ms  speedup=1193.89x  abs=3.91e-03 rel=4.05e+01
[24/48] 8a1fd5df axes={'batch_size': 16, 'num_pages': 2372, 'len_indptr': 17, 'num_kv_indices': 2345}: PASSED  ref=58.1373ms sol=0.0491ms  speedup=1182.88x  abs=3.91e-03 rel=1.46e+02
[25/48] ccdc67b6 axes={'batch_size': 16, 'num_pages': 30163, 'len_indptr': 17, 'num_kv_indices': 20911}: PASSED  ref=58.0302ms sol=0.1544ms  speedup=375.91x  abs=1.95e-03 rel=1.02e+02
[26/48] 16e73fbc axes={'batch_size': 16, 'num_pages': 1892, 'len_indptr': 17, 'num_kv_indices': 1865}: PASSED  ref=57.6842ms sol=0.0498ms  speedup=1157.24x  abs=3.91e-03 rel=1.84e+02
[27/48] d2c89e1d axes={'batch_size': 16, 'num_pages': 1396, 'len_indptr': 17, 'num_kv_indices': 1369}: PASSED  ref=57.2468ms sol=0.0480ms  speedup=1193.20x  abs=7.81e-03 rel=4.17e+01
[28/48] 434980b4 axes={'batch_size': 16, 'num_pages': 4333, 'len_indptr': 17, 'num_kv_indices': 4298}: PASSED  ref=57.5301ms sol=0.0532ms  speedup=1080.81x  abs=1.95e-03 rel=7.67e+01
[29/48] 0ea2f83b axes={'batch_size': 16, 'num_pages': 3044, 'len_indptr': 17, 'num_kv_indices': 3017}: PASSED  ref=58.1072ms sol=0.0510ms  speedup=1138.46x  abs=1.95e-03 rel=9.00e+01
[30/48] 127a80a4 axes={'batch_size': 16, 'num_pages': 2548, 'len_indptr': 17, 'num_kv_indices': 2521}: PASSED  ref=58.3660ms sol=0.0494ms  speedup=1182.69x  abs=3.91e-03 rel=9.75e+01
[31/48] f248b828 axes={'batch_size': 16, 'num_pages': 2052, 'len_indptr': 17, 'num_kv_indices': 2025}: PASSED  ref=58.5752ms sol=0.0497ms  speedup=1179.51x  abs=3.91e-03 rel=9.51e+02
[32/48] ebe29c4a axes={'batch_size': 16, 'num_pages': 1556, 'len_indptr': 17, 'num_kv_indices': 1529}: PASSED  ref=57.5670ms sol=0.0477ms  speedup=1207.93x  abs=7.81e-03 rel=5.53e+01
[33/48] 91552da7 axes={'batch_size': 64, 'num_pages': 60071, 'len_indptr': 65, 'num_kv_indices': 50902}: PASSED  ref=231.5744ms sol=0.1863ms  speedup=1242.74x  abs=1.95e-03 rel=6.88e+01
[34/48] 27b811f9 axes={'batch_size': 64, 'num_pages': 66637, 'len_indptr': 65, 'num_kv_indices': 57366}: PASSED  ref=231.2985ms sol=0.1980ms  speedup=1168.29x  abs=1.95e-03 rel=1.18e+02
[35/48] cfccc048 axes={'batch_size': 64, 'num_pages': 62605, 'len_indptr': 65, 'num_kv_indices': 53334}: PASSED  ref=231.6053ms sol=0.1896ms  speedup=1221.46x  abs=1.95e-03 rel=1.61e+02
[36/48] 9608dc13 axes={'batch_size': 64, 'num_pages': 64653, 'len_indptr': 65, 'num_kv_indices': 55382}: PASSED  ref=231.4989ms sol=0.1939ms  speedup=1193.73x  abs=1.95e-03 rel=4.55e+02
[37/48] d4415ca7 axes={'batch_size': 64, 'num_pages': 67021, 'len_indptr': 65, 'num_kv_indices': 57750}: PASSED  ref=234.8212ms sol=0.1976ms  speedup=1188.08x  abs=1.95e-03 rel=1.75e+02
[38/48] 43de6e71 axes={'batch_size': 64, 'num_pages': 65037, 'len_indptr': 65, 'num_kv_indices': 55766}: PASSED  ref=231.1701ms sol=0.1966ms  speedup=1175.66x  abs=1.95e-03 rel=7.75e+02
[39/48] 12b921da axes={'batch_size': 64, 'num_pages': 63053, 'len_indptr': 65, 'num_kv_indices': 53782}: PASSED  ref=249.3176ms sol=0.1898ms  speedup=1313.55x  abs=1.95e-03 rel=1.62e+02
[40/48] 817a4061 axes={'batch_size': 64, 'num_pages': 67405, 'len_indptr': 65, 'num_kv_indices': 58134}: PASSED  ref=256.2595ms sol=0.2004ms  speedup=1278.49x  abs=1.95e-03 rel=9.28e+01
[41/48] 7077cfb4 axes={'batch_size': 64, 'num_pages': 65421, 'len_indptr': 65, 'num_kv_indices': 56150}: PASSED  ref=231.1277ms sol=0.1961ms  speedup=1178.70x  abs=1.95e-03 rel=6.51e+02
[42/48] d562ca35 axes={'batch_size': 64, 'num_pages': 63437, 'len_indptr': 65, 'num_kv_indices': 54166}: PASSED  ref=232.1252ms sol=0.1930ms  speedup=1202.45x  abs=1.95e-03 rel=5.79e+02
[43/48] 556fea1d axes={'batch_size': 64, 'num_pages': 65805, 'len_indptr': 65, 'num_kv_indices': 56534}: PASSED  ref=235.7991ms sol=0.1945ms  speedup=1212.32x  abs=1.95e-03 rel=2.41e+02
[44/48] 116916f0 axes={'batch_size': 64, 'num_pages': 63821, 'len_indptr': 65, 'num_kv_indices': 54550}: PASSED  ref=256.9544ms sol=0.2015ms  speedup=1274.90x  abs=1.95e-03 rel=1.72e+02
[45/48] e165c254 axes={'batch_size': 64, 'num_pages': 67853, 'len_indptr': 65, 'num_kv_indices': 58582}: PASSED  ref=248.0818ms sol=0.2000ms  speedup=1240.11x  abs=1.95e-03 rel=1.21e+02
[46/48] 486d0874 axes={'batch_size': 64, 'num_pages': 66253, 'len_indptr': 65, 'num_kv_indices': 56982}: PASSED  ref=231.3881ms sol=0.1964ms  speedup=1178.05x  abs=1.95e-03 rel=4.83e+02
[47/48] 5444fc56 axes={'batch_size': 64, 'num_pages': 68237, 'len_indptr': 65, 'num_kv_indices': 58966}: PASSED  ref=231.5681ms sol=0.1984ms  speedup=1167.25x  abs=1.95e-03 rel=5.70e+02
[48/48] d78eb414 axes={'batch_size': 64, 'num_pages': 64205, 'len_indptr': 65, 'num_kv_indices': 54934}: PASSED  ref=259.1751ms sol=0.2010ms  speedup=1289.40x  abs=1.95e-03 rel=1.59e+02
==============================================================================
Passed: 48/48    valid_run=True
GEOMEAN speedup (optimization target): 466.88x
  arithmetic mean (fib/AKO4X metric):  795.29x
  min=72.23x  max=1313.55x
RESULT: VALID — geomean speedup = 466.88x
==============================================================================
Wrote /home/ziming/kda-ops/kda-runs/formal-kda-h100-20260920--flashinfer--gqa_paged_decode_h32_kv8_d128_ps1/runs/candidates/c002/feedback.json
