==============================================================================
Definition : gemm_n4096_k4096  (op_type=gemm)
Solution   : /data1/workspace/weihongren/kda-control/formal-kda-20260916--flashinfer--gemm_n4096_k4096/candidates/c003/solution.py
Device     : cuda:0  (NVIDIA A800-SXM4-80GB)
Workloads  : 5   trials=1 warmup=3 iters=100
Selected   : [24, 26, 2, 16, 32]
Tolerance  : atol=0.01 rtol=0.01 matched_ratio=0.99
==============================================================================
[1/5] 67d4c8f3 axes={'M': 64}: PASSED  ref=0.0456ms sol=0.1202ms  speedup=0.38x  abs=1.25e-01 rel=2.11e-01
[2/5] 59ca23f5 axes={'M': 48}: PASSED  ref=0.0469ms sol=0.1159ms  speedup=0.40x  abs=1.25e-01 rel=2.06e+01
[3/5] e7c939ae axes={'M': 240}: PASSED  ref=0.0696ms sol=0.1956ms  speedup=0.36x  abs=2.50e-01 rel=1.66e+02
[4/5] 29ebd771 axes={'M': 128}: PASSED  ref=0.0503ms sol=0.1513ms  speedup=0.33x  abs=1.25e-01 rel=4.53e-01
[5/5] f439da26 axes={'M': 4}: PASSED  ref=0.0436ms sol=0.0987ms  speedup=0.44x  abs=1.25e-01 rel=2.08e-02
==============================================================================
Passed: 5/5    valid_run=True
GEOMEAN speedup (optimization target): 0.38x
  arithmetic mean (fib/AKO4X metric):  0.38x
  min=0.33x  max=0.44x
RESULT: VALID — geomean speedup = 0.38x
==============================================================================
Wrote /data1/workspace/weihongren/kda-runs/formal-kda-20260916--flashinfer--gemm_n4096_k4096/runs/candidates/c003/feedback.json
