Definition: /data1/workspace/ziming/dataset/SOL-ExecBench/data/benchmark/L2/057_residual_coupling_flow_block/definition.json
Workload  : /data1/workspace/ziming/dataset/SOL-ExecBench/data/benchmark/L2/057_residual_coupling_flow_block/workload.jsonl
Solution  : /data1/workspace/weihongren/baseline/drtriton/kbstyle_campaign_v2_20260918/tasks/SOL/L2/057_residual_coupling_flow_block/refprecompute/solution.json
Output    : /data1/workspace/weihongren/baseline/drtriton/kbstyle_campaign_v2_20260918/tasks/SOL/L2/057_residual_coupling_flow_block/refprecompute/evaluation.json

==============================================================================
Problem : 057_residual_coupling_flow_block
Passed  : 16/16
Status  : OK
[1] 84fb0bc5-380f-55f4-9705-d65fce3b644b: reference=1.228202 ms, candidate=1.240074 ms, speedup=0.9904x
[2] 6128fbf5-c10e-5f12-947d-e24fb89b15f0: reference=1.198250 ms, candidate=1.206473 ms, speedup=0.9932x
[3] 2a151224-f78e-54f0-b5c3-b46599c7ea1d: reference=3.539837 ms, candidate=3.541101 ms, speedup=0.9996x
[4] 3c84b2d6-31ff-554c-af86-f96e6b151b3e: reference=1.203304 ms, candidate=1.199976 ms, speedup=1.0028x
[5] ea5ae433-92c8-539f-a8a6-db5ce7c92b8f: reference=38.432771 ms, candidate=38.430689 ms, speedup=1.0001x
[6] 7b2424f5-8bd6-5b58-b25d-6b0457b2e065: reference=17.305008 ms, candidate=17.305115 ms, speedup=1.0000x
[7] 3c3868a4-4479-54e6-b24e-901b97b7913d: reference=2.698973 ms, candidate=2.699295 ms, speedup=0.9999x
[8] 564874ed-0a28-55fd-ac62-7f6be221d66d: reference=1.078110 ms, candidate=1.080906 ms, speedup=0.9974x
[9] 5d0f4920-73c4-5831-93b9-9f4f03a0fd0a: reference=1.200552 ms, candidate=1.190792 ms, speedup=1.0082x
[10] 7109cae6-26df-5299-8640-5d7e2696e6ae: reference=2.088939 ms, candidate=2.444480 ms, speedup=0.8546x
[11] 2a33eeb0-ad13-5afd-81a8-b4bd85b8fe88: reference=1.174105 ms, candidate=1.178507 ms, speedup=0.9963x
[12] 1652542c-4da9-509f-a234-4530a74db4b2: reference=1.166905 ms, candidate=1.173642 ms, speedup=0.9943x
[13] 0e8f2568-5276-530d-af57-2138f78cd2e1: reference=1.494627 ms, candidate=1.495652 ms, speedup=0.9993x
[14] 40d72809-495b-54de-8499-3ba7a021c4b0: reference=1.290953 ms, candidate=1.291015 ms, speedup=1.0000x
[15] 23133e5c-2804-55a3-b302-7089887c69cb: reference=1.384821 ms, candidate=1.385703 ms, speedup=0.9994x
[16] f274d392-db38-5930-acc5-ea1a4101b6c2: reference=1.162410 ms, candidate=1.166746 ms, speedup=0.9963x
Geomean : 0.9888x
Average : 0.9895x
==============================================================================
Performance: /data1/workspace/weihongren/baseline/drtriton/kbstyle_campaign_v2_20260918/tasks/SOL/L2/057_residual_coupling_flow_block/refprecompute/evaluation.json
