Definition: /home/ziming/dataset/SOL-ExecBench/data/benchmark/L2/080_moe_complete_layer_with_shared_expert_backward/definition.json
Workload  : /home/ziming/kda-ops/kda-control/formal-kda-h100-20260920--sol_execbench--L2-080_moe_complete_layer_with_shared_expert_backward/feedback_workloads.jsonl
Solution  : /home/ziming/kda-ops/kda-control/formal-kda-h100-20260920--sol_execbench--L2-080_moe_complete_layer_with_shared_expert_backward/candidates/c001/solution.py
Output    : /home/ziming/kda-ops/kda-runs/formal-kda-h100-20260920--sol_execbench--L2-080_moe_complete_layer_with_shared_expert_backward/runs/candidates/c001/feedback.json

==============================================================================
Problem : 080_moe_complete_layer_with_shared_expert_backward
Passed  : 16/16
Status  : OK
[1] 8686a737-9875-569c-a926-68c9787c7c67: reference=0.773075 ms, candidate=0.304929 ms, speedup=2.5353x
[2] 37876d64-d41a-5f9a-b8be-a72c06e41d56: reference=6.287980 ms, candidate=1.799814 ms, speedup=3.4937x
[3] 1714936a-08bb-588a-940d-3cca67992d3a: reference=8.567577 ms, candidate=2.323453 ms, speedup=3.6874x
[4] 3dd8cb46-950f-5824-a802-82fca6b80801: reference=3.905615 ms, candidate=1.113014 ms, speedup=3.5090x
[5] 43f3b0f2-344c-5778-ad7a-79c347ce2166: reference=0.859923 ms, candidate=0.322641 ms, speedup=2.6653x
[6] c6d4e299-e01d-5415-b2fa-7857b45c9810: reference=0.816659 ms, candidate=0.327745 ms, speedup=2.4918x
[7] bdc774f5-1c4f-5f57-ba9b-1049c6966e28: reference=0.760707 ms, candidate=0.307266 ms, speedup=2.4757x
[8] 731f2dfe-3a9a-5152-9ace-b1a13dc2b24b: reference=3.261281 ms, candidate=0.959317 ms, speedup=3.3996x
[9] fb4d927e-51ea-548e-9b75-d04da44f801f: reference=4.239923 ms, candidate=1.178244 ms, speedup=3.5985x
[10] 83abaaa3-7034-5d18-9fb7-101b00d3d39a: reference=2.210218 ms, candidate=0.597314 ms, speedup=3.7003x
[11] cf3c81bb-9449-5a90-bc1d-e675d482956a: reference=3.304493 ms, candidate=1.003012 ms, speedup=3.2946x
[12] 465961d2-2572-5a61-a611-abbcb849fda9: reference=2.358090 ms, candidate=0.629474 ms, speedup=3.7461x
[13] 53b1fc00-0392-5132-9121-a8dcca9d1b51: reference=1.342596 ms, candidate=0.320769 ms, speedup=4.1856x
[14] 66560932-3b13-548b-a73f-c13f6f4299d0: reference=1.962168 ms, candidate=0.524050 ms, speedup=3.7442x
[15] 7829aa30-fd01-59f2-b79a-967785862664: reference=1.686648 ms, candidate=0.446145 ms, speedup=3.7805x
[16] 229c89b2-ade9-5bee-a787-ad8617fbb601: reference=0.786499 ms, candidate=0.306241 ms, speedup=2.5682x
Geomean : 3.2568x
Average : 3.3047x
==============================================================================
Performance: /home/ziming/kda-ops/kda-runs/formal-kda-h100-20260920--sol_execbench--L2-080_moe_complete_layer_with_shared_expert_backward/runs/candidates/c001/feedback.json
