Definition: /home/ziming/dataset/SOL-ExecBench/data/benchmark/L2/015_audio_sinusoidal_position_embedding_with_conv_projection/definition.json
Workload  : /home/ziming/kda-ops/kda-control/formal-kda-h100-20260920--sol_execbench--L2-015_audio_sinusoidal_position_embedding_with_conv_projection/feedback_workloads.jsonl
Solution  : /home/ziming/kda-ops/kda-control/formal-kda-h100-20260920--sol_execbench--L2-015_audio_sinusoidal_position_embedding_with_conv_projection/candidates/c001/solution.py
Output    : /home/ziming/kda-ops/kda-runs/formal-kda-h100-20260920--sol_execbench--L2-015_audio_sinusoidal_position_embedding_with_conv_projection/runs/candidates/c001/feedback.json

==============================================================================
Problem : 015_audio_sinusoidal_position_embedding_with_conv_projection
Passed  : 0/16
Status  : FAIL
[1] 67119fc1-69aa-53a7-acd5-dae7dbbcbd56: RUNTIME_ERROR
[2] af33fe12-d9ba-5e6b-96d2-d7fd7142a3b4: RUNTIME_ERROR
[3] ee0f7e21-be45-5c1b-bc0e-34275d3eb8ee: RUNTIME_ERROR
[4] e5f940b8-3b82-5d32-8b4c-33da55ee748e: RUNTIME_ERROR
[5] 10361f03-c94e-514e-bb4a-6799525e65d5: RUNTIME_ERROR
[6] 6af00fd7-f840-5c6d-b9a0-bb6b74f14d08: RUNTIME_ERROR
[7] c8362d74-604f-509b-8b18-86ff78b4316f: RUNTIME_ERROR
[8] 1c66a54d-a013-5ec4-9563-0f788cfce89d: RUNTIME_ERROR
[9] 40765788-de93-5cd3-9194-7dbfdc77f65c: RUNTIME_ERROR
[10] d982c737-c290-508c-b6f6-41057b05b0bf: RUNTIME_ERROR
[11] 59dfc95d-711b-58a3-ba5b-f37cf9d0827f: RUNTIME_ERROR
[12] 46529040-7f98-5003-8e59-a47dbfd2ce0f: RUNTIME_ERROR
[13] 9415ba43-1612-5a34-a400-0e351edb434e: RUNTIME_ERROR
[14] 5c9a8144-4097-5765-a822-6863c18390b6: RUNTIME_ERROR
[15] 8ca8c8e9-6d41-52c7-baba-357c211513f6: RUNTIME_ERROR
[16] dedae7e8-65de-5163-9c0e-4cf292aef154: RUNTIME_ERROR
==============================================================================
Performance: /home/ziming/kda-ops/kda-runs/formal-kda-h100-20260920--sol_execbench--L2-015_audio_sinusoidal_position_embedding_with_conv_projection/runs/candidates/c001/feedback.json
