09-21 17:36 RESTART formal_solL2_h100 (第 1/4 次)
09-21 17:41 RESTART formal_solL2_h100 (第 2/4 次)
09-21 17:46 RESTART formal_solL2_h100 (第 3/4 次)
09-21 17:51 RESTART formal_solL2_h100 (第 4/4 次)
09-21 17:56 SKIP formal_solL2_h100 (重启预算耗尽 4/4)
09-21 18:01 SKIP formal_solL2_h100 (重启预算耗尽 4/4)
09-21 18:06 SKIP formal_solL2_h100 (重启预算耗尽 4/4)
09-21 18:11 SKIP formal_solL2_h100 (重启预算耗尽 4/4)
09-21 18:16 SKIP formal_solL2_h100 (重启预算耗尽 4/4)
09-21 18:21 SKIP formal_solL2_h100 (重启预算耗尽 4/4)
09-21 18:26 SKIP formal_solL2_h100 (重启预算耗尽 4/4)
09-21 18:31 SKIP formal_solL2_h100 (重启预算耗尽 4/4)
09-21 18:36 SKIP formal_solL2_h100 (重启预算耗尽 4/4)
09-21 18:41 SKIP formal_solL2_h100 (重启预算耗尽 4/4)
09-21 18:46 SKIP formal_solL2_h100 (重启预算耗尽 4/4)
09-21 18:51 SKIP formal_solL2_h100 (重启预算耗尽 4/4)
09-21 18:56 RESTART formal_sol_h100 (第 1/4 次)
09-21 18:56 SKIP formal_solL2_h100 (重启预算耗尽 4/4)
09-21 19:01 SKIP formal_solL2_h100 (重启预算耗尽 4/4)
09-21 19:05 SKIP formal_solL2_h100 (重启预算耗尽 4/4)
09-21 19:10 SKIP formal_solL2_h100 (重启预算耗尽 4/4)
09-21 19:15 SKIP formal_solL2_h100 (重启预算耗尽 4/4)
09-21 19:20 SKIP formal_solL2_h100 (重启预算耗尽 4/4)
09-21 19:22 SKIP formal_solL2_h100 (重启预算耗尽 4/4)
09-21 19:27 SKIP formal_solL2_h100 (重启预算耗尽 4/4)
09-21 19:50 RESTART formal_sol_h100 (第 2/4 次)
09-21 19:50 SKIP formal_solL2_h100 (重启预算耗尽 4/4)
09-21 19:55 SKIP formal_solL2_h100 (重启预算耗尽 4/4)
09-21 20:00 SKIP formal_solL2_h100 (重启预算耗尽 4/4)
09-21 20:05 SKIP formal_solL2_h100 (重启预算耗尽 4/4)
09-21 20:10 SKIP formal_solL2_h100 (重启预算耗尽 4/4)
09-21 20:15 SKIP formal_solL2_h100 (重启预算耗尽 4/4)
09-21 20:20 SKIP formal_solL2_h100 (重启预算耗尽 4/4)
09-21 20:25 SKIP formal_solL2_h100 (重启预算耗尽 4/4)
09-21 20:30 SKIP formal_solL2_h100 (重启预算耗尽 4/4)
09-21 20:35 SKIP formal_solL2_h100 (重启预算耗尽 4/4)
09-21 20:40 SKIP formal_solL2_h100 (重启预算耗尽 4/4)
09-21 20:45 SKIP formal_solL2_h100 (重启预算耗尽 4/4)
09-21 20:50 SKIP formal_solL2_h100 (重启预算耗尽 4/4)
09-21 20:55 SKIP formal_solL2_h100 (重启预算耗尽 4/4)
09-21 21:00 SKIP formal_solL2_h100 (重启预算耗尽 4/4)
09-21 21:05 SKIP formal_solL2_h100 (重启预算耗尽 4/4)
09-21 21:10 SKIP formal_solL2_h100 (重启预算耗尽 4/4)
09-21 21:15 SKIP formal_solL2_h100 (重启预算耗尽 4/4)
09-21 21:27 SKIP formal_solL2_h100 (重启预算耗尽 4/4)
09-21 21:32 SKIP formal_solL2_h100 (重启预算耗尽 4/4)
09-21 21:37 SKIP formal_solL2_h100 (重启预算耗尽 4/4)
09-21 21:42 SKIP formal_solL2_h100 (重启预算耗尽 4/4)
09-21 21:47 SKIP formal_solL2_h100 (重启预算耗尽 4/4)
09-21 21:52 SKIP formal_solL2_h100 (重启预算耗尽 4/4)
09-21 21:57 SKIP formal_solL2_h100 (重启预算耗尽 4/4)
09-21 22:02 SKIP formal_solL2_h100 (重启预算耗尽 4/4)
09-21 22:07 SKIP formal_solL2_h100 (重启预算耗尽 4/4)
09-21 22:12 SKIP formal_solL2_h100 (重启预算耗尽 4/4)
09-21 22:17 SKIP formal_solL2_h100 (重启预算耗尽 4/4)
09-21 22:22 SKIP formal_solL2_h100 (重启预算耗尽 4/4)
09-21 22:27 SKIP formal_solL2_h100 (重启预算耗尽 4/4)
09-21 22:31 SKIP formal_solL2_h100 (重启预算耗尽 4/4)
09-22 10:21 RESTART formal_sol_h100 (第 1/4 次)
09-22 10:21 RESTART formal_solL2_h100 (第 1/4 次)
09-22 10:26 RESTART formal_solL2_h100 (第 2/4 次)
09-22 10:31 RESTART formal_solL2_h100 (第 3/4 次)
09-22 10:36 RESTART formal_solL2_h100 (第 4/4 次)
09-22 10:41 SKIP formal_solL2_h100 (重启预算耗尽 4/4)
09-22 10:46 SKIP formal_solL2_h100 (重启预算耗尽 4/4)
09-22 10:51 SKIP formal_solL2_h100 (重启预算耗尽 4/4)
09-22 10:56 SKIP formal_solL2_h100 (重启预算耗尽 4/4)
09-22 11:01 SKIP formal_solL2_h100 (重启预算耗尽 4/4)
09-22 11:06 SKIP formal_solL2_h100 (重启预算耗尽 4/4)
09-22 11:11 SKIP formal_solL2_h100 (重启预算耗尽 4/4)
09-22 11:16 SKIP formal_solL2_h100 (重启预算耗尽 4/4)
09-22 11:21 SKIP formal_solL2_h100 (重启预算耗尽 4/4)
09-22 11:26 SKIP formal_solL2_h100 (重启预算耗尽 4/4)
09-22 11:31 SKIP formal_solL2_h100 (重启预算耗尽 4/4)
09-22 11:36 SKIP formal_solL2_h100 (重启预算耗尽 4/4)
09-22 11:41 SKIP formal_solL2_h100 (重启预算耗尽 4/4)
09-22 11:46 SKIP formal_solL2_h100 (重启预算耗尽 4/4)
09-22 11:51 SKIP formal_solL2_h100 (重启预算耗尽 4/4)
09-22 11:56 SKIP formal_solL2_h100 (重启预算耗尽 4/4)
09-22 12:01 SKIP formal_solL2_h100 (重启预算耗尽 4/4)
09-22 12:06 SKIP formal_solL2_h100 (重启预算耗尽 4/4)
09-22 12:11 SKIP formal_solL2_h100 (重启预算耗尽 4/4)
09-22 12:16 SKIP formal_solL2_h100 (重启预算耗尽 4/4)
09-22 12:21 SKIP formal_solL2_h100 (重启预算耗尽 4/4)
09-22 12:26 SKIP formal_solL2_h100 (重启预算耗尽 4/4)
09-22 12:31 SKIP formal_solL2_h100 (重启预算耗尽 4/4)
09-22 12:36 SKIP formal_solL2_h100 (重启预算耗尽 4/4)
09-22 12:41 SKIP formal_solL2_h100 (重启预算耗尽 4/4)
09-22 12:46 SKIP formal_solL2_h100 (重启预算耗尽 4/4)
09-22 12:51 SKIP formal_solL2_h100 (重启预算耗尽 4/4)
09-22 12:56 SKIP formal_solL2_h100 (重启预算耗尽 4/4)
09-22 13:01 SKIP formal_solL2_h100 (重启预算耗尽 4/4)
09-22 13:06 SKIP formal_solL2_h100 (重启预算耗尽 4/4)
09-22 13:11 SKIP formal_solL2_h100 (重启预算耗尽 4/4)
09-22 13:16 SKIP formal_solL2_h100 (重启预算耗尽 4/4)
09-22 13:21 SKIP formal_solL2_h100 (重启预算耗尽 4/4)
09-22 13:26 SKIP formal_solL2_h100 (重启预算耗尽 4/4)
09-22 13:31 SKIP formal_solL2_h100 (重启预算耗尽 4/4)
09-22 13:36 SKIP formal_solL2_h100 (重启预算耗尽 4/4)
09-22 13:41 SKIP formal_solL2_h100 (重启预算耗尽 4/4)
09-22 13:46 SKIP formal_solL2_h100 (重启预算耗尽 4/4)
09-22 13:51 SKIP formal_solL2_h100 (重启预算耗尽 4/4)
09-22 13:56 SKIP formal_solL2_h100 (重启预算耗尽 4/4)
09-22 14:01 SKIP formal_solL2_h100 (重启预算耗尽 4/4)
09-22 14:06 SKIP formal_solL2_h100 (重启预算耗尽 4/4)
09-22 14:11 RESTART formal_sol_h100 (第 2/4 次)
09-22 14:12 SKIP formal_solL2_h100 (重启预算耗尽 4/4)
09-22 14:17 SKIP formal_solL2_h100 (重启预算耗尽 4/4)
09-22 14:22 SKIP formal_solL2_h100 (重启预算耗尽 4/4)
09-22 14:27 SKIP formal_solL2_h100 (重启预算耗尽 4/4)
09-22 14:32 SKIP formal_solL2_h100 (重启预算耗尽 4/4)
09-22 14:37 SKIP formal_solL2_h100 (重启预算耗尽 4/4)
09-22 14:42 SKIP formal_solL2_h100 (重启预算耗尽 4/4)
09-22 14:47 SKIP formal_solL2_h100 (重启预算耗尽 4/4)
09-22 14:52 SKIP formal_solL2_h100 (重启预算耗尽 4/4)
09-22 14:57 SKIP formal_solL2_h100 (重启预算耗尽 4/4)
09-22 15:02 SKIP formal_solL2_h100 (重启预算耗尽 4/4)
09-22 15:07 SKIP formal_solL2_h100 (重启预算耗尽 4/4)
09-22 15:12 SKIP formal_solL2_h100 (重启预算耗尽 4/4)
09-22 15:17 SKIP formal_solL2_h100 (重启预算耗尽 4/4)
09-22 15:22 SKIP formal_solL2_h100 (重启预算耗尽 4/4)
09-22 15:27 SKIP formal_solL2_h100 (重启预算耗尽 4/4)
09-22 15:32 SKIP formal_solL2_h100 (重启预算耗尽 4/4)
09-22 15:37 SKIP formal_solL2_h100 (重启预算耗尽 4/4)
09-22 15:42 SKIP formal_solL2_h100 (重启预算耗尽 4/4)
09-22 15:47 SKIP formal_solL2_h100 (重启预算耗尽 4/4)
09-22 15:52 SKIP formal_solL2_h100 (重启预算耗尽 4/4)
09-22 15:57 SKIP formal_solL2_h100 (重启预算耗尽 4/4)
09-22 16:02 SKIP formal_solL2_h100 (重启预算耗尽 4/4)
09-22 16:07 SKIP formal_solL2_h100 (重启预算耗尽 4/4)
09-22 16:12 SKIP formal_solL2_h100 (重启预算耗尽 4/4)
09-22 16:17 SKIP formal_solL2_h100 (重启预算耗尽 4/4)
09-22 16:22 SKIP formal_solL2_h100 (重启预算耗尽 4/4)
09-22 16:27 SKIP formal_solL2_h100 (重启预算耗尽 4/4)
09-22 16:32 SKIP formal_solL2_h100 (重启预算耗尽 4/4)
09-22 16:37 SKIP formal_solL2_h100 (重启预算耗尽 4/4)
09-22 16:42 SKIP formal_solL2_h100 (重启预算耗尽 4/4)
09-22 16:47 SKIP formal_solL2_h100 (重启预算耗尽 4/4)
09-22 16:52 SKIP formal_solL2_h100 (重启预算耗尽 4/4)
09-22 16:57 SKIP formal_solL2_h100 (重启预算耗尽 4/4)
09-22 17:02 SKIP formal_solL2_h100 (重启预算耗尽 4/4)
09-22 17:07 SKIP formal_solL2_h100 (重启预算耗尽 4/4)
09-22 17:12 SKIP formal_solL2_h100 (重启预算耗尽 4/4)
09-22 17:17 SKIP formal_solL2_h100 (重启预算耗尽 4/4)
09-22 17:22 SKIP formal_solL2_h100 (重启预算耗尽 4/4)
09-22 17:27 SKIP formal_solL2_h100 (重启预算耗尽 4/4)
09-22 17:32 SKIP formal_solL2_h100 (重启预算耗尽 4/4)
09-22 17:37 SKIP formal_solL2_h100 (重启预算耗尽 4/4)
09-22 17:42 SKIP formal_solL2_h100 (重启预算耗尽 4/4)
09-22 17:47 SKIP formal_solL2_h100 (重启预算耗尽 4/4)
09-22 17:52 SKIP formal_solL2_h100 (重启预算耗尽 4/4)
09-22 17:57 SKIP formal_solL2_h100 (重启预算耗尽 4/4)
09-22 18:02 SKIP formal_solL2_h100 (重启预算耗尽 4/4)
09-22 18:07 SKIP formal_solL2_h100 (重启预算耗尽 4/4)
09-22 18:12 SKIP formal_solL2_h100 (重启预算耗尽 4/4)
09-22 18:17 SKIP formal_solL2_h100 (重启预算耗尽 4/4)
09-22 18:22 SKIP formal_solL2_h100 (重启预算耗尽 4/4)
09-22 18:27 SKIP formal_solL2_h100 (重启预算耗尽 4/4)
09-22 18:32 SKIP formal_solL2_h100 (重启预算耗尽 4/4)
09-22 18:37 SKIP formal_solL2_h100 (重启预算耗尽 4/4)
09-22 18:42 SKIP formal_solL2_h100 (重启预算耗尽 4/4)
09-22 18:47 SKIP formal_solL2_h100 (重启预算耗尽 4/4)
09-22 18:52 SKIP formal_solL2_h100 (重启预算耗尽 4/4)
09-22 18:57 SKIP formal_solL2_h100 (重启预算耗尽 4/4)
09-22 19:02 SKIP formal_solL2_h100 (重启预算耗尽 4/4)
09-22 19:07 SKIP formal_solL2_h100 (重启预算耗尽 4/4)
09-22 19:12 SKIP formal_solL2_h100 (重启预算耗尽 4/4)
09-22 19:17 SKIP formal_solL2_h100 (重启预算耗尽 4/4)
09-22 19:22 SKIP formal_solL2_h100 (重启预算耗尽 4/4)
09-22 19:27 SKIP formal_solL2_h100 (重启预算耗尽 4/4)
09-22 19:32 SKIP formal_solL2_h100 (重启预算耗尽 4/4)
09-22 19:37 SKIP formal_solL2_h100 (重启预算耗尽 4/4)
09-22 19:42 SKIP formal_solL2_h100 (重启预算耗尽 4/4)
09-22 19:47 SKIP formal_solL2_h100 (重启预算耗尽 4/4)
09-22 19:52 SKIP formal_solL2_h100 (重启预算耗尽 4/4)
09-22 19:57 SKIP formal_solL2_h100 (重启预算耗尽 4/4)
09-22 20:02 SKIP formal_solL2_h100 (重启预算耗尽 4/4)
09-22 20:07 SKIP formal_solL2_h100 (重启预算耗尽 4/4)
09-22 20:12 SKIP formal_solL2_h100 (重启预算耗尽 4/4)
09-22 20:17 SKIP formal_solL2_h100 (重启预算耗尽 4/4)
09-22 20:22 SKIP formal_solL2_h100 (重启预算耗尽 4/4)
09-22 20:27 SKIP formal_solL2_h100 (重启预算耗尽 4/4)
09-22 20:32 SKIP formal_solL2_h100 (重启预算耗尽 4/4)
09-22 20:37 SKIP formal_solL2_h100 (重启预算耗尽 4/4)
09-22 20:42 SKIP formal_solL2_h100 (重启预算耗尽 4/4)
09-22 20:47 SKIP formal_solL2_h100 (重启预算耗尽 4/4)
09-22 20:52 SKIP formal_solL2_h100 (重启预算耗尽 4/4)
09-22 20:57 SKIP formal_solL2_h100 (重启预算耗尽 4/4)
09-22 21:02 SKIP formal_solL2_h100 (重启预算耗尽 4/4)
09-22 21:07 SKIP formal_solL2_h100 (重启预算耗尽 4/4)
09-22 21:13 SKIP formal_solL2_h100 (重启预算耗尽 4/4)
09-22 21:18 SKIP formal_solL2_h100 (重启预算耗尽 4/4)
09-22 21:23 SKIP formal_solL2_h100 (重启预算耗尽 4/4)
09-22 21:28 SKIP formal_solL2_h100 (重启预算耗尽 4/4)
09-22 21:33 SKIP formal_solL2_h100 (重启预算耗尽 4/4)
09-22 21:38 SKIP formal_solL2_h100 (重启预算耗尽 4/4)
09-22 21:42 SKIP formal_solL2_h100 (重启预算耗尽 4/4)
09-22 21:47 SKIP formal_solL2_h100 (重启预算耗尽 4/4)
09-22 21:52 SKIP formal_solL2_h100 (重启预算耗尽 4/4)
09-22 21:57 RESTART formal_sol_h100 (第 3/4 次)
09-22 21:57 SKIP formal_solL2_h100 (重启预算耗尽 4/4)
09-22 22:02 RESTART formal_sol_h100 (第 4/4 次)
09-22 22:02 SKIP formal_solL2_h100 (重启预算耗尽 4/4)
09-22 22:07 SKIP formal_sol_h100 (重启预算耗尽 4/4)
09-22 22:07 SKIP formal_solL2_h100 (重启预算耗尽 4/4)
09-22 22:12 SKIP formal_sol_h100 (重启预算耗尽 4/4)
09-22 22:12 SKIP formal_solL2_h100 (重启预算耗尽 4/4)
09-22 22:17 SKIP formal_sol_h100 (重启预算耗尽 4/4)
09-22 22:17 SKIP formal_solL2_h100 (重启预算耗尽 4/4)
09-22 22:22 SKIP formal_sol_h100 (重启预算耗尽 4/4)
09-22 22:22 SKIP formal_solL2_h100 (重启预算耗尽 4/4)
09-22 22:27 SKIP formal_sol_h100 (重启预算耗尽 4/4)
09-22 22:27 SKIP formal_solL2_h100 (重启预算耗尽 4/4)
09-22 22:32 SKIP formal_sol_h100 (重启预算耗尽 4/4)
09-22 22:32 SKIP formal_solL2_h100 (重启预算耗尽 4/4)
09-22 22:37 SKIP formal_sol_h100 (重启预算耗尽 4/4)
09-22 22:37 SKIP formal_solL2_h100 (重启预算耗尽 4/4)
09-22 22:42 SKIP formal_sol_h100 (重启预算耗尽 4/4)
09-22 22:42 SKIP formal_solL2_h100 (重启预算耗尽 4/4)
09-22 22:47 SKIP formal_sol_h100 (重启预算耗尽 4/4)
09-22 22:47 SKIP formal_solL2_h100 (重启预算耗尽 4/4)
09-22 22:49 SKIP formal_sol_h100 (重启预算耗尽 4/4)
09-22 22:49 SKIP formal_solL2_h100 (重启预算耗尽 4/4)
09-22 22:53 SKIP formal_sol_h100 (重启预算耗尽 4/4)
09-22 22:53 SKIP formal_solL2_h100 (重启预算耗尽 4/4)
09-22 22:57 SKIP formal_sol_h100 (重启预算耗尽 4/4)
09-22 22:57 SKIP formal_solL2_h100 (重启预算耗尽 4/4)
09-22 23:02 SKIP formal_sol_h100 (重启预算耗尽 4/4)
09-22 23:02 SKIP formal_solL2_h100 (重启预算耗尽 4/4)
09-22 23:07 SKIP formal_sol_h100 (重启预算耗尽 4/4)
09-22 23:07 SKIP formal_solL2_h100 (重启预算耗尽 4/4)
09-22 23:12 SKIP formal_sol_h100 (重启预算耗尽 4/4)
09-22 23:12 SKIP formal_solL2_h100 (重启预算耗尽 4/4)
09-22 23:17 SKIP formal_sol_h100 (重启预算耗尽 4/4)
09-22 23:17 SKIP formal_solL2_h100 (重启预算耗尽 4/4)
09-22 23:22 SKIP formal_sol_h100 (重启预算耗尽 4/4)
09-22 23:22 SKIP formal_solL2_h100 (重启预算耗尽 4/4)
09-22 23:27 SKIP formal_sol_h100 (重启预算耗尽 4/4)
09-22 23:27 SKIP formal_solL2_h100 (重启预算耗尽 4/4)
09-22 23:32 SKIP formal_sol_h100 (重启预算耗尽 4/4)
09-22 23:32 SKIP formal_solL2_h100 (重启预算耗尽 4/4)
09-22 23:37 SKIP formal_sol_h100 (重启预算耗尽 4/4)
09-22 23:37 SKIP formal_solL2_h100 (重启预算耗尽 4/4)
09-22 23:42 SKIP formal_sol_h100 (重启预算耗尽 4/4)
09-22 23:42 SKIP formal_solL2_h100 (重启预算耗尽 4/4)
09-22 23:47 SKIP formal_sol_h100 (重启预算耗尽 4/4)
09-22 23:47 SKIP formal_solL2_h100 (重启预算耗尽 4/4)
09-22 23:52 SKIP formal_sol_h100 (重启预算耗尽 4/4)
09-22 23:52 SKIP formal_solL2_h100 (重启预算耗尽 4/4)
09-22 23:57 SKIP formal_sol_h100 (重启预算耗尽 4/4)
09-22 23:57 SKIP formal_solL2_h100 (重启预算耗尽 4/4)
09-23 00:02 RESTART formal_sol_h100 (第 1/4 次)
09-23 00:02 RESTART formal_solL2_h100 (第 1/4 次)
09-23 00:07 RESTART formal_sol_h100 (第 2/4 次)
09-23 00:07 RESTART formal_solL2_h100 (第 2/4 次)
09-23 00:12 RESTART formal_sol_h100 (第 3/4 次)
09-23 00:12 RESTART formal_solL2_h100 (第 3/4 次)
09-23 00:17 RESTART formal_sol_h100 (第 4/4 次)
09-23 00:17 RESTART formal_solL2_h100 (第 4/4 次)
09-23 00:22 SKIP formal_sol_h100 (重启预算耗尽 4/4)
09-23 00:22 SKIP formal_solL2_h100 (重启预算耗尽 4/4)
09-23 00:28 SKIP formal_sol_h100 (重启预算耗尽 4/4)
09-23 00:28 SKIP formal_solL2_h100 (重启预算耗尽 4/4)
09-23 00:33 SKIP formal_sol_h100 (重启预算耗尽 4/4)
09-23 00:33 SKIP formal_solL2_h100 (重启预算耗尽 4/4)
09-23 00:38 SKIP formal_sol_h100 (重启预算耗尽 4/4)
09-23 00:38 SKIP formal_solL2_h100 (重启预算耗尽 4/4)
09-23 00:43 SKIP formal_sol_h100 (重启预算耗尽 4/4)
09-23 00:43 SKIP formal_solL2_h100 (重启预算耗尽 4/4)
09-23 00:48 SKIP formal_sol_h100 (重启预算耗尽 4/4)
09-23 00:48 SKIP formal_solL2_h100 (重启预算耗尽 4/4)
09-23 00:53 SKIP formal_sol_h100 (重启预算耗尽 4/4)
09-23 00:53 SKIP formal_solL2_h100 (重启预算耗尽 4/4)
09-23 00:58 SKIP formal_sol_h100 (重启预算耗尽 4/4)
09-23 00:58 SKIP formal_solL2_h100 (重启预算耗尽 4/4)
09-23 01:03 SKIP formal_sol_h100 (重启预算耗尽 4/4)
09-23 01:03 SKIP formal_solL2_h100 (重启预算耗尽 4/4)
09-23 01:08 SKIP formal_sol_h100 (重启预算耗尽 4/4)
09-23 01:08 SKIP formal_solL2_h100 (重启预算耗尽 4/4)
09-23 01:13 SKIP formal_sol_h100 (重启预算耗尽 4/4)
09-23 01:13 SKIP formal_solL2_h100 (重启预算耗尽 4/4)
09-23 01:18 SKIP formal_sol_h100 (重启预算耗尽 4/4)
09-23 01:18 SKIP formal_solL2_h100 (重启预算耗尽 4/4)
09-23 01:23 SKIP formal_sol_h100 (重启预算耗尽 4/4)
09-23 01:23 SKIP formal_solL2_h100 (重启预算耗尽 4/4)
09-23 01:28 SKIP formal_sol_h100 (重启预算耗尽 4/4)
09-23 01:28 SKIP formal_solL2_h100 (重启预算耗尽 4/4)
09-23 01:33 SKIP formal_sol_h100 (重启预算耗尽 4/4)
09-23 01:33 SKIP formal_solL2_h100 (重启预算耗尽 4/4)
09-23 01:38 SKIP formal_sol_h100 (重启预算耗尽 4/4)
09-23 01:38 SKIP formal_solL2_h100 (重启预算耗尽 4/4)
09-23 01:43 SKIP formal_sol_h100 (重启预算耗尽 4/4)
09-23 01:43 SKIP formal_solL2_h100 (重启预算耗尽 4/4)
09-23 01:48 SKIP formal_sol_h100 (重启预算耗尽 4/4)
09-23 01:48 SKIP formal_solL2_h100 (重启预算耗尽 4/4)
09-23 01:53 SKIP formal_sol_h100 (重启预算耗尽 4/4)
09-23 01:53 SKIP formal_solL2_h100 (重启预算耗尽 4/4)
09-23 01:58 SKIP formal_sol_h100 (重启预算耗尽 4/4)
09-23 01:58 SKIP formal_solL2_h100 (重启预算耗尽 4/4)
09-23 02:03 SKIP formal_sol_h100 (重启预算耗尽 4/4)
09-23 02:03 SKIP formal_solL2_h100 (重启预算耗尽 4/4)
09-23 02:08 SKIP formal_sol_h100 (重启预算耗尽 4/4)
09-23 02:08 SKIP formal_solL2_h100 (重启预算耗尽 4/4)
09-23 02:13 SKIP formal_sol_h100 (重启预算耗尽 4/4)
09-23 02:13 SKIP formal_solL2_h100 (重启预算耗尽 4/4)
09-23 02:18 SKIP formal_sol_h100 (重启预算耗尽 4/4)
09-23 02:18 SKIP formal_solL2_h100 (重启预算耗尽 4/4)
09-23 02:23 SKIP formal_sol_h100 (重启预算耗尽 4/4)
09-23 02:23 SKIP formal_solL2_h100 (重启预算耗尽 4/4)
09-23 02:28 SKIP formal_sol_h100 (重启预算耗尽 4/4)
09-23 02:28 SKIP formal_solL2_h100 (重启预算耗尽 4/4)
09-23 02:33 SKIP formal_sol_h100 (重启预算耗尽 4/4)
09-23 02:33 SKIP formal_solL2_h100 (重启预算耗尽 4/4)
09-23 02:38 SKIP formal_sol_h100 (重启预算耗尽 4/4)
09-23 02:38 SKIP formal_solL2_h100 (重启预算耗尽 4/4)
09-23 02:43 SKIP formal_sol_h100 (重启预算耗尽 4/4)
09-23 02:43 SKIP formal_solL2_h100 (重启预算耗尽 4/4)
09-23 02:48 SKIP formal_sol_h100 (重启预算耗尽 4/4)
09-23 02:48 SKIP formal_solL2_h100 (重启预算耗尽 4/4)
09-23 02:53 SKIP formal_sol_h100 (重启预算耗尽 4/4)
09-23 02:53 SKIP formal_solL2_h100 (重启预算耗尽 4/4)
09-23 02:58 SKIP formal_sol_h100 (重启预算耗尽 4/4)
09-23 02:58 SKIP formal_solL2_h100 (重启预算耗尽 4/4)
09-23 03:03 SKIP formal_sol_h100 (重启预算耗尽 4/4)
09-23 03:03 SKIP formal_solL2_h100 (重启预算耗尽 4/4)
09-23 03:08 SKIP formal_sol_h100 (重启预算耗尽 4/4)
09-23 03:08 SKIP formal_solL2_h100 (重启预算耗尽 4/4)
09-23 03:13 SKIP formal_sol_h100 (重启预算耗尽 4/4)
09-23 03:13 SKIP formal_solL2_h100 (重启预算耗尽 4/4)
09-23 03:18 SKIP formal_sol_h100 (重启预算耗尽 4/4)
09-23 03:18 SKIP formal_solL2_h100 (重启预算耗尽 4/4)
09-23 03:23 SKIP formal_sol_h100 (重启预算耗尽 4/4)
09-23 03:23 SKIP formal_solL2_h100 (重启预算耗尽 4/4)
09-23 03:28 SKIP formal_sol_h100 (重启预算耗尽 4/4)
09-23 03:28 SKIP formal_solL2_h100 (重启预算耗尽 4/4)
09-23 03:33 SKIP formal_sol_h100 (重启预算耗尽 4/4)
09-23 03:33 SKIP formal_solL2_h100 (重启预算耗尽 4/4)
09-23 03:38 SKIP formal_sol_h100 (重启预算耗尽 4/4)
09-23 03:38 SKIP formal_solL2_h100 (重启预算耗尽 4/4)
09-23 03:43 SKIP formal_sol_h100 (重启预算耗尽 4/4)
09-23 03:43 SKIP formal_solL2_h100 (重启预算耗尽 4/4)
09-23 03:48 SKIP formal_sol_h100 (重启预算耗尽 4/4)
09-23 03:48 SKIP formal_solL2_h100 (重启预算耗尽 4/4)
09-23 03:53 SKIP formal_sol_h100 (重启预算耗尽 4/4)
09-23 03:53 SKIP formal_solL2_h100 (重启预算耗尽 4/4)
09-23 03:58 SKIP formal_sol_h100 (重启预算耗尽 4/4)
09-23 03:58 SKIP formal_solL2_h100 (重启预算耗尽 4/4)
09-23 04:03 SKIP formal_sol_h100 (重启预算耗尽 4/4)
09-23 04:03 SKIP formal_solL2_h100 (重启预算耗尽 4/4)
09-23 04:08 SKIP formal_sol_h100 (重启预算耗尽 4/4)
09-23 04:08 SKIP formal_solL2_h100 (重启预算耗尽 4/4)
09-23 04:13 SKIP formal_sol_h100 (重启预算耗尽 4/4)
09-23 04:13 SKIP formal_solL2_h100 (重启预算耗尽 4/4)
09-23 04:18 SKIP formal_sol_h100 (重启预算耗尽 4/4)
09-23 04:18 SKIP formal_solL2_h100 (重启预算耗尽 4/4)
09-23 04:23 SKIP formal_sol_h100 (重启预算耗尽 4/4)
09-23 04:23 SKIP formal_solL2_h100 (重启预算耗尽 4/4)
09-23 04:28 SKIP formal_sol_h100 (重启预算耗尽 4/4)
09-23 04:28 SKIP formal_solL2_h100 (重启预算耗尽 4/4)
09-23 04:33 SKIP formal_sol_h100 (重启预算耗尽 4/4)
09-23 04:33 SKIP formal_solL2_h100 (重启预算耗尽 4/4)
09-23 04:38 SKIP formal_sol_h100 (重启预算耗尽 4/4)
09-23 04:38 SKIP formal_solL2_h100 (重启预算耗尽 4/4)
09-23 04:43 SKIP formal_sol_h100 (重启预算耗尽 4/4)
09-23 04:43 SKIP formal_solL2_h100 (重启预算耗尽 4/4)
09-23 04:48 SKIP formal_sol_h100 (重启预算耗尽 4/4)
09-23 04:48 SKIP formal_solL2_h100 (重启预算耗尽 4/4)
09-23 04:53 SKIP formal_sol_h100 (重启预算耗尽 4/4)
09-23 04:53 SKIP formal_solL2_h100 (重启预算耗尽 4/4)
09-23 04:58 SKIP formal_sol_h100 (重启预算耗尽 4/4)
09-23 04:58 SKIP formal_solL2_h100 (重启预算耗尽 4/4)
09-23 05:03 SKIP formal_sol_h100 (重启预算耗尽 4/4)
09-23 05:03 SKIP formal_solL2_h100 (重启预算耗尽 4/4)
09-23 05:08 SKIP formal_sol_h100 (重启预算耗尽 4/4)
09-23 05:08 SKIP formal_solL2_h100 (重启预算耗尽 4/4)
09-23 05:13 SKIP formal_sol_h100 (重启预算耗尽 4/4)
09-23 05:13 SKIP formal_solL2_h100 (重启预算耗尽 4/4)
09-23 05:18 SKIP formal_sol_h100 (重启预算耗尽 4/4)
09-23 05:18 SKIP formal_solL2_h100 (重启预算耗尽 4/4)
09-23 05:23 SKIP formal_sol_h100 (重启预算耗尽 4/4)
09-23 05:23 SKIP formal_solL2_h100 (重启预算耗尽 4/4)
09-23 05:28 SKIP formal_sol_h100 (重启预算耗尽 4/4)
09-23 05:28 SKIP formal_solL2_h100 (重启预算耗尽 4/4)
09-23 05:33 SKIP formal_sol_h100 (重启预算耗尽 4/4)
09-23 05:33 SKIP formal_solL2_h100 (重启预算耗尽 4/4)
09-23 05:38 SKIP formal_sol_h100 (重启预算耗尽 4/4)
09-23 05:38 SKIP formal_solL2_h100 (重启预算耗尽 4/4)
09-23 05:43 SKIP formal_sol_h100 (重启预算耗尽 4/4)
09-23 05:43 SKIP formal_solL2_h100 (重启预算耗尽 4/4)
09-23 05:48 SKIP formal_sol_h100 (重启预算耗尽 4/4)
09-23 05:48 SKIP formal_solL2_h100 (重启预算耗尽 4/4)
09-23 05:53 SKIP formal_sol_h100 (重启预算耗尽 4/4)
09-23 05:53 SKIP formal_solL2_h100 (重启预算耗尽 4/4)
09-23 05:58 SKIP formal_sol_h100 (重启预算耗尽 4/4)
09-23 05:58 SKIP formal_solL2_h100 (重启预算耗尽 4/4)
09-23 06:03 SKIP formal_sol_h100 (重启预算耗尽 4/4)
09-23 06:03 SKIP formal_solL2_h100 (重启预算耗尽 4/4)
09-23 06:08 SKIP formal_sol_h100 (重启预算耗尽 4/4)
09-23 06:08 SKIP formal_solL2_h100 (重启预算耗尽 4/4)
09-23 06:13 SKIP formal_sol_h100 (重启预算耗尽 4/4)
09-23 06:13 SKIP formal_solL2_h100 (重启预算耗尽 4/4)
09-23 06:15 SKIP formal_sol_h100 (重启预算耗尽 4/4)
09-23 06:15 SKIP formal_solL2_h100 (重启预算耗尽 4/4)
09-23 06:20 SKIP formal_sol_h100 (重启预算耗尽 4/4)
09-23 06:20 SKIP formal_solL2_h100 (重启预算耗尽 4/4)
09-23 06:25 SKIP formal_sol_h100 (重启预算耗尽 4/4)
09-23 06:25 SKIP formal_solL2_h100 (重启预算耗尽 4/4)
09-23 06:30 SKIP formal_sol_h100 (重启预算耗尽 4/4)
09-23 06:30 SKIP formal_solL2_h100 (重启预算耗尽 4/4)
09-23 06:35 SKIP formal_sol_h100 (重启预算耗尽 4/4)
09-23 06:35 SKIP formal_solL2_h100 (重启预算耗尽 4/4)
09-23 06:40 SKIP formal_sol_h100 (重启预算耗尽 4/4)
09-23 06:40 SKIP formal_solL2_h100 (重启预算耗尽 4/4)
09-23 06:45 SKIP formal_sol_h100 (重启预算耗尽 4/4)
09-23 06:45 SKIP formal_solL2_h100 (重启预算耗尽 4/4)
09-23 06:50 SKIP formal_sol_h100 (重启预算耗尽 4/4)
09-23 06:50 SKIP formal_solL2_h100 (重启预算耗尽 4/4)
09-23 06:55 SKIP formal_sol_h100 (重启预算耗尽 4/4)
09-23 06:55 SKIP formal_solL2_h100 (重启预算耗尽 4/4)
09-23 07:00 SKIP formal_sol_h100 (重启预算耗尽 4/4)
09-23 07:00 SKIP formal_solL2_h100 (重启预算耗尽 4/4)
09-23 07:05 SKIP formal_sol_h100 (重启预算耗尽 4/4)
09-23 07:05 SKIP formal_solL2_h100 (重启预算耗尽 4/4)
09-23 07:10 SKIP formal_sol_h100 (重启预算耗尽 4/4)
09-23 07:10 SKIP formal_solL2_h100 (重启预算耗尽 4/4)
09-23 07:15 SKIP formal_sol_h100 (重启预算耗尽 4/4)
09-23 07:15 SKIP formal_solL2_h100 (重启预算耗尽 4/4)
09-23 07:20 SKIP formal_sol_h100 (重启预算耗尽 4/4)
09-23 07:20 SKIP formal_solL2_h100 (重启预算耗尽 4/4)
09-23 07:25 SKIP formal_sol_h100 (重启预算耗尽 4/4)
09-23 07:25 SKIP formal_solL2_h100 (重启预算耗尽 4/4)
09-23 07:30 SKIP formal_sol_h100 (重启预算耗尽 4/4)
09-23 07:30 SKIP formal_solL2_h100 (重启预算耗尽 4/4)
09-23 07:35 SKIP formal_sol_h100 (重启预算耗尽 4/4)
09-23 07:35 SKIP formal_solL2_h100 (重启预算耗尽 4/4)
09-23 07:40 SKIP formal_sol_h100 (重启预算耗尽 4/4)
09-23 07:40 SKIP formal_solL2_h100 (重启预算耗尽 4/4)
09-23 07:45 SKIP formal_sol_h100 (重启预算耗尽 4/4)
09-23 07:45 SKIP formal_solL2_h100 (重启预算耗尽 4/4)
09-23 07:50 SKIP formal_sol_h100 (重启预算耗尽 4/4)
09-23 07:50 SKIP formal_solL2_h100 (重启预算耗尽 4/4)
09-23 07:55 SKIP formal_sol_h100 (重启预算耗尽 4/4)
09-23 07:55 SKIP formal_solL2_h100 (重启预算耗尽 4/4)
09-23 08:00 SKIP formal_sol_h100 (重启预算耗尽 4/4)
09-23 08:00 SKIP formal_solL2_h100 (重启预算耗尽 4/4)
09-23 08:05 SKIP formal_sol_h100 (重启预算耗尽 4/4)
09-23 08:05 SKIP formal_solL2_h100 (重启预算耗尽 4/4)
09-23 08:10 SKIP formal_sol_h100 (重启预算耗尽 4/4)
09-23 08:10 SKIP formal_solL2_h100 (重启预算耗尽 4/4)
09-23 08:15 SKIP formal_sol_h100 (重启预算耗尽 4/4)
09-23 08:15 SKIP formal_solL2_h100 (重启预算耗尽 4/4)
09-23 08:20 SKIP formal_sol_h100 (重启预算耗尽 4/4)
09-23 08:20 SKIP formal_solL2_h100 (重启预算耗尽 4/4)
09-23 08:25 SKIP formal_sol_h100 (重启预算耗尽 4/4)
09-23 08:25 SKIP formal_solL2_h100 (重启预算耗尽 4/4)
09-23 08:30 SKIP formal_sol_h100 (重启预算耗尽 4/4)
09-23 08:30 SKIP formal_solL2_h100 (重启预算耗尽 4/4)
09-23 08:35 SKIP formal_sol_h100 (重启预算耗尽 4/4)
09-23 08:35 SKIP formal_solL2_h100 (重启预算耗尽 4/4)
09-23 08:40 SKIP formal_sol_h100 (重启预算耗尽 4/4)
09-23 08:40 SKIP formal_solL2_h100 (重启预算耗尽 4/4)
09-23 08:45 SKIP formal_sol_h100 (重启预算耗尽 4/4)
09-23 08:45 SKIP formal_solL2_h100 (重启预算耗尽 4/4)
09-23 08:50 SKIP formal_sol_h100 (重启预算耗尽 4/4)
09-23 08:50 SKIP formal_solL2_h100 (重启预算耗尽 4/4)
09-23 08:55 SKIP formal_sol_h100 (重启预算耗尽 4/4)
09-23 08:55 SKIP formal_solL2_h100 (重启预算耗尽 4/4)
09-23 09:00 SKIP formal_sol_h100 (重启预算耗尽 4/4)
09-23 09:00 SKIP formal_solL2_h100 (重启预算耗尽 4/4)
09-23 09:05 SKIP formal_sol_h100 (重启预算耗尽 4/4)
09-23 09:05 SKIP formal_solL2_h100 (重启预算耗尽 4/4)
09-23 09:10 SKIP formal_sol_h100 (重启预算耗尽 4/4)
09-23 09:10 SKIP formal_solL2_h100 (重启预算耗尽 4/4)
09-23 09:13 SKIP formal_sol_h100 (重启预算耗尽 4/4)
09-23 09:13 SKIP formal_solL2_h100 (重启预算耗尽 4/4)
09-23 09:18 SKIP formal_sol_h100 (重启预算耗尽 4/4)
09-23 09:18 SKIP formal_solL2_h100 (重启预算耗尽 4/4)
09-23 09:23 SKIP formal_sol_h100 (重启预算耗尽 4/4)
09-23 09:23 SKIP formal_solL2_h100 (重启预算耗尽 4/4)
09-23 09:28 SKIP formal_sol_h100 (重启预算耗尽 4/4)
09-23 09:28 SKIP formal_solL2_h100 (重启预算耗尽 4/4)
09-23 09:33 SKIP formal_sol_h100 (重启预算耗尽 4/4)
09-23 09:33 SKIP formal_solL2_h100 (重启预算耗尽 4/4)
09-23 09:38 SKIP formal_sol_h100 (重启预算耗尽 4/4)
09-23 09:38 SKIP formal_solL2_h100 (重启预算耗尽 4/4)
09-23 09:43 SKIP formal_sol_h100 (重启预算耗尽 4/4)
09-23 09:43 SKIP formal_solL2_h100 (重启预算耗尽 4/4)
09-23 09:48 SKIP formal_sol_h100 (重启预算耗尽 4/4)
09-23 09:48 SKIP formal_solL2_h100 (重启预算耗尽 4/4)
09-23 09:53 SKIP formal_sol_h100 (重启预算耗尽 4/4)
09-23 09:53 SKIP formal_solL2_h100 (重启预算耗尽 4/4)
09-23 09:58 SKIP formal_sol_h100 (重启预算耗尽 4/4)
09-23 09:58 SKIP formal_solL2_h100 (重启预算耗尽 4/4)
09-23 10:03 SKIP formal_sol_h100 (重启预算耗尽 4/4)
09-23 10:03 SKIP formal_solL2_h100 (重启预算耗尽 4/4)
09-23 10:08 SKIP formal_sol_h100 (重启预算耗尽 4/4)
09-23 10:08 SKIP formal_solL2_h100 (重启预算耗尽 4/4)
09-23 10:13 SKIP formal_sol_h100 (重启预算耗尽 4/4)
09-23 10:13 SKIP formal_solL2_h100 (重启预算耗尽 4/4)
09-23 10:18 SKIP formal_sol_h100 (重启预算耗尽 4/4)
09-23 10:18 SKIP formal_solL2_h100 (重启预算耗尽 4/4)
09-23 10:23 SKIP formal_sol_h100 (重启预算耗尽 4/4)
09-23 10:23 SKIP formal_solL2_h100 (重启预算耗尽 4/4)
09-23 10:28 SKIP formal_sol_h100 (重启预算耗尽 4/4)
09-23 10:28 SKIP formal_solL2_h100 (重启预算耗尽 4/4)
09-23 10:33 SKIP formal_sol_h100 (重启预算耗尽 4/4)
09-23 10:33 SKIP formal_solL2_h100 (重启预算耗尽 4/4)
09-23 10:38 SKIP formal_sol_h100 (重启预算耗尽 4/4)
09-23 10:38 SKIP formal_solL2_h100 (重启预算耗尽 4/4)
09-23 10:43 SKIP formal_sol_h100 (重启预算耗尽 4/4)
09-23 10:43 SKIP formal_solL2_h100 (重启预算耗尽 4/4)
09-23 10:48 SKIP formal_sol_h100 (重启预算耗尽 4/4)
09-23 10:48 SKIP formal_solL2_h100 (重启预算耗尽 4/4)
09-23 10:53 SKIP formal_sol_h100 (重启预算耗尽 4/4)
09-23 10:53 SKIP formal_solL2_h100 (重启预算耗尽 4/4)
09-23 10:58 SKIP formal_sol_h100 (重启预算耗尽 4/4)
09-23 10:58 SKIP formal_solL2_h100 (重启预算耗尽 4/4)
09-23 11:03 SKIP formal_sol_h100 (重启预算耗尽 4/4)
09-23 11:03 SKIP formal_solL2_h100 (重启预算耗尽 4/4)
09-23 11:09 SKIP formal_sol_h100 (重启预算耗尽 4/4)
09-23 11:09 SKIP formal_solL2_h100 (重启预算耗尽 4/4)
09-23 11:14 SKIP formal_sol_h100 (重启预算耗尽 4/4)
09-23 11:14 SKIP formal_solL2_h100 (重启预算耗尽 4/4)
09-23 11:19 SKIP formal_sol_h100 (重启预算耗尽 4/4)
09-23 11:19 SKIP formal_solL2_h100 (重启预算耗尽 4/4)
09-23 11:24 SKIP formal_sol_h100 (重启预算耗尽 4/4)
09-23 11:24 SKIP formal_solL2_h100 (重启预算耗尽 4/4)
09-23 11:29 SKIP formal_sol_h100 (重启预算耗尽 4/4)
09-23 11:29 SKIP formal_solL2_h100 (重启预算耗尽 4/4)
09-23 11:34 SKIP formal_sol_h100 (重启预算耗尽 4/4)
09-23 11:34 SKIP formal_solL2_h100 (重启预算耗尽 4/4)
09-23 11:39 SKIP formal_sol_h100 (重启预算耗尽 4/4)
09-23 11:39 SKIP formal_solL2_h100 (重启预算耗尽 4/4)
09-23 11:44 SKIP formal_sol_h100 (重启预算耗尽 4/4)
09-23 11:44 SKIP formal_solL2_h100 (重启预算耗尽 4/4)
09-23 11:49 SKIP formal_sol_h100 (重启预算耗尽 4/4)
09-23 11:49 SKIP formal_solL2_h100 (重启预算耗尽 4/4)
09-23 11:54 SKIP formal_sol_h100 (重启预算耗尽 4/4)
09-23 11:54 SKIP formal_solL2_h100 (重启预算耗尽 4/4)
09-23 11:59 SKIP formal_sol_h100 (重启预算耗尽 4/4)
09-23 11:59 SKIP formal_solL2_h100 (重启预算耗尽 4/4)
09-23 12:04 SKIP formal_sol_h100 (重启预算耗尽 4/4)
09-23 12:04 SKIP formal_solL2_h100 (重启预算耗尽 4/4)
09-23 12:09 SKIP formal_sol_h100 (重启预算耗尽 4/4)
09-23 12:09 SKIP formal_solL2_h100 (重启预算耗尽 4/4)
09-23 12:14 SKIP formal_sol_h100 (重启预算耗尽 4/4)
09-23 12:14 SKIP formal_solL2_h100 (重启预算耗尽 4/4)
09-23 12:19 SKIP formal_sol_h100 (重启预算耗尽 4/4)
09-23 12:19 SKIP formal_solL2_h100 (重启预算耗尽 4/4)
09-23 12:24 SKIP formal_sol_h100 (重启预算耗尽 4/4)
09-23 12:24 SKIP formal_solL2_h100 (重启预算耗尽 4/4)
09-23 12:30 SKIP formal_sol_h100 (重启预算耗尽 4/4)
09-23 12:30 SKIP formal_solL2_h100 (重启预算耗尽 4/4)
09-23 12:35 SKIP formal_sol_h100 (重启预算耗尽 4/4)
09-23 12:35 SKIP formal_solL2_h100 (重启预算耗尽 4/4)
09-23 12:40 SKIP formal_sol_h100 (重启预算耗尽 4/4)
09-23 12:40 SKIP formal_solL2_h100 (重启预算耗尽 4/4)
09-23 12:45 SKIP formal_sol_h100 (重启预算耗尽 4/4)
09-23 12:45 SKIP formal_solL2_h100 (重启预算耗尽 4/4)
09-23 12:50 SKIP formal_sol_h100 (重启预算耗尽 4/4)
09-23 12:50 SKIP formal_solL2_h100 (重启预算耗尽 4/4)
09-23 12:55 SKIP formal_sol_h100 (重启预算耗尽 4/4)
09-23 12:55 SKIP formal_solL2_h100 (重启预算耗尽 4/4)
09-23 13:00 SKIP formal_sol_h100 (重启预算耗尽 4/4)
09-23 13:00 SKIP formal_solL2_h100 (重启预算耗尽 4/4)
09-23 13:05 SKIP formal_sol_h100 (重启预算耗尽 4/4)
09-23 13:05 SKIP formal_solL2_h100 (重启预算耗尽 4/4)
09-23 13:10 SKIP formal_sol_h100 (重启预算耗尽 4/4)
09-23 13:10 SKIP formal_solL2_h100 (重启预算耗尽 4/4)
09-23 13:15 SKIP formal_sol_h100 (重启预算耗尽 4/4)
09-23 13:15 SKIP formal_solL2_h100 (重启预算耗尽 4/4)
09-23 13:20 SKIP formal_sol_h100 (重启预算耗尽 4/4)
09-23 13:20 SKIP formal_solL2_h100 (重启预算耗尽 4/4)
09-23 13:25 SKIP formal_sol_h100 (重启预算耗尽 4/4)
09-23 13:25 SKIP formal_solL2_h100 (重启预算耗尽 4/4)
09-23 13:30 SKIP formal_sol_h100 (重启预算耗尽 4/4)
09-23 13:30 SKIP formal_solL2_h100 (重启预算耗尽 4/4)
09-23 13:35 SKIP formal_sol_h100 (重启预算耗尽 4/4)
09-23 13:35 SKIP formal_solL2_h100 (重启预算耗尽 4/4)
09-23 13:40 SKIP formal_sol_h100 (重启预算耗尽 4/4)
09-23 13:40 SKIP formal_solL2_h100 (重启预算耗尽 4/4)
09-23 13:45 SKIP formal_sol_h100 (重启预算耗尽 4/4)
09-23 13:45 SKIP formal_solL2_h100 (重启预算耗尽 4/4)
09-23 13:50 SKIP formal_sol_h100 (重启预算耗尽 4/4)
09-23 13:50 SKIP formal_solL2_h100 (重启预算耗尽 4/4)
09-23 13:55 SKIP formal_sol_h100 (重启预算耗尽 4/4)
09-23 13:55 SKIP formal_solL2_h100 (重启预算耗尽 4/4)
09-23 14:00 SKIP formal_sol_h100 (重启预算耗尽 4/4)
09-23 14:00 SKIP formal_solL2_h100 (重启预算耗尽 4/4)
09-23 14:05 SKIP formal_sol_h100 (重启预算耗尽 4/4)
09-23 14:05 SKIP formal_solL2_h100 (重启预算耗尽 4/4)
09-23 14:10 SKIP formal_sol_h100 (重启预算耗尽 4/4)
09-23 14:10 SKIP formal_solL2_h100 (重启预算耗尽 4/4)
09-23 14:15 SKIP formal_sol_h100 (重启预算耗尽 4/4)
09-23 14:15 SKIP formal_solL2_h100 (重启预算耗尽 4/4)
09-23 14:20 SKIP formal_sol_h100 (重启预算耗尽 4/4)
09-23 14:20 SKIP formal_solL2_h100 (重启预算耗尽 4/4)
09-23 14:25 SKIP formal_sol_h100 (重启预算耗尽 4/4)
09-23 14:25 SKIP formal_solL2_h100 (重启预算耗尽 4/4)
09-23 14:30 SKIP formal_sol_h100 (重启预算耗尽 4/4)
09-23 14:30 SKIP formal_solL2_h100 (重启预算耗尽 4/4)
09-23 14:35 SKIP formal_sol_h100 (重启预算耗尽 4/4)
09-23 14:35 SKIP formal_solL2_h100 (重启预算耗尽 4/4)
09-23 14:40 SKIP formal_sol_h100 (重启预算耗尽 4/4)
09-23 14:40 SKIP formal_solL2_h100 (重启预算耗尽 4/4)
09-23 14:45 SKIP formal_sol_h100 (重启预算耗尽 4/4)
09-23 14:45 SKIP formal_solL2_h100 (重启预算耗尽 4/4)
09-23 14:50 SKIP formal_sol_h100 (重启预算耗尽 4/4)
09-23 14:50 SKIP formal_solL2_h100 (重启预算耗尽 4/4)
09-23 14:55 SKIP formal_sol_h100 (重启预算耗尽 4/4)
09-23 14:55 SKIP formal_solL2_h100 (重启预算耗尽 4/4)
09-23 15:00 SKIP formal_sol_h100 (重启预算耗尽 4/4)
09-23 15:00 SKIP formal_solL2_h100 (重启预算耗尽 4/4)
09-23 15:05 SKIP formal_sol_h100 (重启预算耗尽 4/4)
09-23 15:05 SKIP formal_solL2_h100 (重启预算耗尽 4/4)
09-23 15:10 SKIP formal_sol_h100 (重启预算耗尽 4/4)
09-23 15:10 SKIP formal_solL2_h100 (重启预算耗尽 4/4)
09-23 15:15 SKIP formal_sol_h100 (重启预算耗尽 4/4)
09-23 15:15 SKIP formal_solL2_h100 (重启预算耗尽 4/4)
09-23 15:20 SKIP formal_sol_h100 (重启预算耗尽 4/4)
09-23 15:20 SKIP formal_solL2_h100 (重启预算耗尽 4/4)
09-23 15:25 SKIP formal_sol_h100 (重启预算耗尽 4/4)
09-23 15:25 SKIP formal_solL2_h100 (重启预算耗尽 4/4)
09-23 15:30 SKIP formal_sol_h100 (重启预算耗尽 4/4)
09-23 15:30 SKIP formal_solL2_h100 (重启预算耗尽 4/4)
09-23 15:35 SKIP formal_sol_h100 (重启预算耗尽 4/4)
09-23 15:35 SKIP formal_solL2_h100 (重启预算耗尽 4/4)
09-23 15:40 SKIP formal_sol_h100 (重启预算耗尽 4/4)
09-23 15:40 SKIP formal_solL2_h100 (重启预算耗尽 4/4)
09-23 15:45 SKIP formal_sol_h100 (重启预算耗尽 4/4)
09-23 15:45 SKIP formal_solL2_h100 (重启预算耗尽 4/4)
09-23 15:50 SKIP formal_sol_h100 (重启预算耗尽 4/4)
09-23 15:50 SKIP formal_solL2_h100 (重启预算耗尽 4/4)
09-23 15:55 SKIP formal_sol_h100 (重启预算耗尽 4/4)
09-23 15:55 SKIP formal_solL2_h100 (重启预算耗尽 4/4)
09-23 16:00 SKIP formal_sol_h100 (重启预算耗尽 4/4)
09-23 16:00 SKIP formal_solL2_h100 (重启预算耗尽 4/4)
09-23 16:05 SKIP formal_sol_h100 (重启预算耗尽 4/4)
09-23 16:05 SKIP formal_solL2_h100 (重启预算耗尽 4/4)
09-23 16:10 SKIP formal_sol_h100 (重启预算耗尽 4/4)
09-23 16:10 SKIP formal_solL2_h100 (重启预算耗尽 4/4)
09-23 16:15 SKIP formal_sol_h100 (重启预算耗尽 4/4)
09-23 16:15 SKIP formal_solL2_h100 (重启预算耗尽 4/4)
09-23 16:20 SKIP formal_sol_h100 (重启预算耗尽 4/4)
09-23 16:20 SKIP formal_solL2_h100 (重启预算耗尽 4/4)
09-23 16:25 SKIP formal_sol_h100 (重启预算耗尽 4/4)
09-23 16:25 SKIP formal_solL2_h100 (重启预算耗尽 4/4)
09-23 16:30 SKIP formal_sol_h100 (重启预算耗尽 4/4)
09-23 16:30 SKIP formal_solL2_h100 (重启预算耗尽 4/4)
09-23 16:35 SKIP formal_sol_h100 (重启预算耗尽 4/4)
09-23 16:35 SKIP formal_solL2_h100 (重启预算耗尽 4/4)
09-23 16:40 SKIP formal_sol_h100 (重启预算耗尽 4/4)
09-23 16:40 SKIP formal_solL2_h100 (重启预算耗尽 4/4)
09-23 16:45 SKIP formal_sol_h100 (重启预算耗尽 4/4)
09-23 16:45 SKIP formal_solL2_h100 (重启预算耗尽 4/4)
09-23 16:50 SKIP formal_sol_h100 (重启预算耗尽 4/4)
09-23 16:50 SKIP formal_solL2_h100 (重启预算耗尽 4/4)
09-23 16:55 SKIP formal_sol_h100 (重启预算耗尽 4/4)
09-23 16:55 SKIP formal_solL2_h100 (重启预算耗尽 4/4)
09-23 17:00 SKIP formal_sol_h100 (重启预算耗尽 4/4)
09-23 17:00 SKIP formal_solL2_h100 (重启预算耗尽 4/4)
09-23 17:03 SKIP formal_sol_h100 (重启预算耗尽 4/4)
09-23 17:03 SKIP formal_solL2_h100 (重启预算耗尽 4/4)
09-23 17:08 SKIP formal_sol_h100 (重启预算耗尽 4/4)
09-23 17:08 SKIP formal_solL2_h100 (重启预算耗尽 4/4)
09-23 17:13 SKIP formal_sol_h100 (重启预算耗尽 4/4)
09-23 17:13 SKIP formal_solL2_h100 (重启预算耗尽 4/4)
09-23 17:18 SKIP formal_sol_h100 (重启预算耗尽 4/4)
09-23 17:18 SKIP formal_solL2_h100 (重启预算耗尽 4/4)
09-23 17:23 SKIP formal_sol_h100 (重启预算耗尽 4/4)
09-23 17:23 SKIP formal_solL2_h100 (重启预算耗尽 4/4)
09-23 17:28 SKIP formal_sol_h100 (重启预算耗尽 4/4)
09-23 17:28 SKIP formal_solL2_h100 (重启预算耗尽 4/4)
09-23 17:33 SKIP formal_sol_h100 (重启预算耗尽 4/4)
09-23 17:33 SKIP formal_solL2_h100 (重启预算耗尽 4/4)
09-23 17:38 SKIP formal_sol_h100 (重启预算耗尽 4/4)
09-23 17:38 SKIP formal_solL2_h100 (重启预算耗尽 4/4)
09-23 17:39 SKIP formal_sol_h100 (重启预算耗尽 4/4)
09-23 17:39 SKIP formal_solL2_h100 (重启预算耗尽 4/4)
09-23 17:43 SKIP formal_sol_h100 (重启预算耗尽 4/4)
09-23 17:43 SKIP formal_solL2_h100 (重启预算耗尽 4/4)
09-23 17:48 SKIP formal_sol_h100 (重启预算耗尽 4/4)
09-23 17:48 SKIP formal_solL2_h100 (重启预算耗尽 4/4)
09-23 17:53 SKIP formal_sol_h100 (重启预算耗尽 4/4)
09-23 17:53 SKIP formal_solL2_h100 (重启预算耗尽 4/4)
09-23 17:58 SKIP formal_sol_h100 (重启预算耗尽 4/4)
09-23 17:58 SKIP formal_solL2_h100 (重启预算耗尽 4/4)
09-23 18:03 SKIP formal_sol_h100 (重启预算耗尽 4/4)
09-23 18:03 SKIP formal_solL2_h100 (重启预算耗尽 4/4)
09-23 18:08 SKIP formal_sol_h100 (重启预算耗尽 4/4)
09-23 18:08 SKIP formal_solL2_h100 (重启预算耗尽 4/4)
09-23 18:13 SKIP formal_sol_h100 (重启预算耗尽 4/4)
09-23 18:13 SKIP formal_solL2_h100 (重启预算耗尽 4/4)
09-23 18:18 SKIP formal_sol_h100 (重启预算耗尽 4/4)
09-23 18:18 SKIP formal_solL2_h100 (重启预算耗尽 4/4)
09-23 18:23 SKIP formal_sol_h100 (重启预算耗尽 4/4)
09-23 18:23 SKIP formal_solL2_h100 (重启预算耗尽 4/4)
09-23 18:28 SKIP formal_sol_h100 (重启预算耗尽 4/4)
09-23 18:28 SKIP formal_solL2_h100 (重启预算耗尽 4/4)
09-23 18:33 SKIP formal_sol_h100 (重启预算耗尽 4/4)
09-23 18:33 SKIP formal_solL2_h100 (重启预算耗尽 4/4)
09-23 18:38 SKIP formal_sol_h100 (重启预算耗尽 4/4)
09-23 18:38 SKIP formal_solL2_h100 (重启预算耗尽 4/4)
09-23 18:43 SKIP formal_sol_h100 (重启预算耗尽 4/4)
09-23 18:43 SKIP formal_solL2_h100 (重启预算耗尽 4/4)
09-23 18:48 SKIP formal_sol_h100 (重启预算耗尽 4/4)
09-23 18:48 SKIP formal_solL2_h100 (重启预算耗尽 4/4)
09-23 18:53 SKIP formal_sol_h100 (重启预算耗尽 4/4)
09-23 18:53 SKIP formal_solL2_h100 (重启预算耗尽 4/4)
09-23 18:58 SKIP formal_sol_h100 (重启预算耗尽 4/4)
09-23 18:58 SKIP formal_solL2_h100 (重启预算耗尽 4/4)
09-23 19:03 SKIP formal_sol_h100 (重启预算耗尽 4/4)
09-23 19:03 SKIP formal_solL2_h100 (重启预算耗尽 4/4)
09-23 19:08 SKIP formal_sol_h100 (重启预算耗尽 4/4)
09-23 19:08 SKIP formal_solL2_h100 (重启预算耗尽 4/4)
09-23 19:13 SKIP formal_sol_h100 (重启预算耗尽 4/4)
09-23 19:13 SKIP formal_solL2_h100 (重启预算耗尽 4/4)
09-23 19:18 SKIP formal_sol_h100 (重启预算耗尽 4/4)
09-23 19:18 SKIP formal_solL2_h100 (重启预算耗尽 4/4)
09-23 19:23 SKIP formal_sol_h100 (重启预算耗尽 4/4)
09-23 19:23 SKIP formal_solL2_h100 (重启预算耗尽 4/4)
09-23 19:28 SKIP formal_sol_h100 (重启预算耗尽 4/4)
09-23 19:28 SKIP formal_solL2_h100 (重启预算耗尽 4/4)
09-23 19:33 SKIP formal_sol_h100 (重启预算耗尽 4/4)
09-23 19:33 SKIP formal_solL2_h100 (重启预算耗尽 4/4)
09-23 19:38 SKIP formal_sol_h100 (重启预算耗尽 4/4)
09-23 19:38 SKIP formal_solL2_h100 (重启预算耗尽 4/4)
09-23 19:43 SKIP formal_sol_h100 (重启预算耗尽 4/4)
09-23 19:43 SKIP formal_solL2_h100 (重启预算耗尽 4/4)
09-23 19:48 SKIP formal_sol_h100 (重启预算耗尽 4/4)
09-23 19:48 SKIP formal_solL2_h100 (重启预算耗尽 4/4)
09-23 19:53 SKIP formal_sol_h100 (重启预算耗尽 4/4)
09-23 19:53 SKIP formal_solL2_h100 (重启预算耗尽 4/4)
09-23 19:58 SKIP formal_sol_h100 (重启预算耗尽 4/4)
09-23 19:58 SKIP formal_solL2_h100 (重启预算耗尽 4/4)
09-23 20:03 SKIP formal_sol_h100 (重启预算耗尽 4/4)
09-23 20:03 SKIP formal_solL2_h100 (重启预算耗尽 4/4)
09-23 20:08 SKIP formal_sol_h100 (重启预算耗尽 4/4)
09-23 20:08 SKIP formal_solL2_h100 (重启预算耗尽 4/4)
09-23 20:13 SKIP formal_sol_h100 (重启预算耗尽 4/4)
09-23 20:13 SKIP formal_solL2_h100 (重启预算耗尽 4/4)
09-23 20:18 SKIP formal_sol_h100 (重启预算耗尽 4/4)
09-23 20:18 SKIP formal_solL2_h100 (重启预算耗尽 4/4)
09-23 20:23 SKIP formal_sol_h100 (重启预算耗尽 4/4)
09-23 20:23 SKIP formal_solL2_h100 (重启预算耗尽 4/4)
09-23 20:28 SKIP formal_sol_h100 (重启预算耗尽 4/4)
09-23 20:28 SKIP formal_solL2_h100 (重启预算耗尽 4/4)
09-23 20:33 SKIP formal_sol_h100 (重启预算耗尽 4/4)
09-23 20:34 SKIP formal_solL2_h100 (重启预算耗尽 4/4)
09-23 20:39 SKIP formal_sol_h100 (重启预算耗尽 4/4)
09-23 20:39 SKIP formal_solL2_h100 (重启预算耗尽 4/4)
09-23 20:44 SKIP formal_sol_h100 (重启预算耗尽 4/4)
09-23 20:44 SKIP formal_solL2_h100 (重启预算耗尽 4/4)
09-23 20:49 SKIP formal_sol_h100 (重启预算耗尽 4/4)
09-23 20:49 SKIP formal_solL2_h100 (重启预算耗尽 4/4)
09-23 20:54 SKIP formal_sol_h100 (重启预算耗尽 4/4)
09-23 20:54 SKIP formal_solL2_h100 (重启预算耗尽 4/4)
09-23 20:59 SKIP formal_sol_h100 (重启预算耗尽 4/4)
09-23 20:59 SKIP formal_solL2_h100 (重启预算耗尽 4/4)
09-23 21:04 SKIP formal_sol_h100 (重启预算耗尽 4/4)
09-23 21:04 SKIP formal_solL2_h100 (重启预算耗尽 4/4)
09-23 21:09 SKIP formal_sol_h100 (重启预算耗尽 4/4)
09-23 21:09 SKIP formal_solL2_h100 (重启预算耗尽 4/4)
09-23 21:14 SKIP formal_sol_h100 (重启预算耗尽 4/4)
09-23 21:14 SKIP formal_solL2_h100 (重启预算耗尽 4/4)
09-23 21:19 SKIP formal_sol_h100 (重启预算耗尽 4/4)
09-23 21:19 SKIP formal_solL2_h100 (重启预算耗尽 4/4)
09-23 21:24 SKIP formal_sol_h100 (重启预算耗尽 4/4)
09-23 21:24 SKIP formal_solL2_h100 (重启预算耗尽 4/4)
09-23 21:29 SKIP formal_sol_h100 (重启预算耗尽 4/4)
09-23 21:29 SKIP formal_solL2_h100 (重启预算耗尽 4/4)
09-23 21:34 SKIP formal_sol_h100 (重启预算耗尽 4/4)
09-23 21:34 SKIP formal_solL2_h100 (重启预算耗尽 4/4)
09-23 21:39 SKIP formal_sol_h100 (重启预算耗尽 4/4)
09-23 21:39 SKIP formal_solL2_h100 (重启预算耗尽 4/4)
09-23 21:44 SKIP formal_sol_h100 (重启预算耗尽 4/4)
09-23 21:44 SKIP formal_solL2_h100 (重启预算耗尽 4/4)
09-23 21:49 SKIP formal_sol_h100 (重启预算耗尽 4/4)
09-23 21:49 SKIP formal_solL2_h100 (重启预算耗尽 4/4)
09-23 21:54 SKIP formal_sol_h100 (重启预算耗尽 4/4)
09-23 21:54 SKIP formal_solL2_h100 (重启预算耗尽 4/4)
09-23 21:59 SKIP formal_sol_h100 (重启预算耗尽 4/4)
09-23 21:59 SKIP formal_solL2_h100 (重启预算耗尽 4/4)
09-23 22:04 SKIP formal_sol_h100 (重启预算耗尽 4/4)
09-23 22:04 SKIP formal_solL2_h100 (重启预算耗尽 4/4)
09-23 22:09 SKIP formal_sol_h100 (重启预算耗尽 4/4)
09-23 22:09 SKIP formal_solL2_h100 (重启预算耗尽 4/4)
09-23 22:14 RESTART formal_h100 (第 1/4 次)
09-23 22:14 SKIP formal_sol_h100 (重启预算耗尽 4/4)
09-23 22:14 SKIP formal_solL2_h100 (重启预算耗尽 4/4)
09-23 22:19 RESTART formal_h100 (第 2/4 次)
09-23 22:19 SKIP formal_sol_h100 (重启预算耗尽 4/4)
09-23 22:19 SKIP formal_solL2_h100 (重启预算耗尽 4/4)
