[pool-campaign] pool=0,1,2 concurrency=10 tag=formal_h100 tasks=10
[pool] 0921 10:49 RESUME dsa_sparse_attention_h16_ckv512_kpe64_topk2048_ps64 (done_evals=21 budget=79)
[pool] 0921 10:49 AFFINITY dsa_sparse_attention_h16_ckv512_kpe64_topk2048_ps64 -> gpu0
[pool] 0921 10:49 RESUME gdn_decode_qk4_v8_d128_k_last (done_evals=47 budget=53)
[pool] 0921 10:49 AFFINITY gdn_decode_qk4_v8_d128_k_last -> gpu1
[pool] 0921 10:49 RESUME gdn_prefill_qk4_v8_d128_k_last (done_evals=6 budget=94)
[pool] 0921 10:49 AFFINITY gdn_prefill_qk4_v8_d128_k_last -> gpu2
[pool] 0921 10:49 RESUME gemm_n4096_k4096 (done_evals=31 budget=69)
[pool] 0921 10:49 AFFINITY gemm_n4096_k4096 -> gpu0
[pool] 0921 10:49 RESUME gqa_paged_decode_h32_kv8_d128_ps1 (done_evals=31 budget=69)
[pool] 0921 10:49 AFFINITY gqa_paged_decode_h32_kv8_d128_ps1 -> gpu1
[pool] 0921 10:49 RESUME gqa_paged_prefill_causal_h32_kv8_d128_ps1 (done_evals=26 budget=74)
[pool] 0921 10:49 AFFINITY gqa_paged_prefill_causal_h32_kv8_d128_ps1 -> gpu2
[pool] 0921 10:49 RESUME gqa_ragged_prefill_causal_h32_kv8_d128 (done_evals=45 budget=55)
[pool] 0921 10:49 AFFINITY gqa_ragged_prefill_causal_h32_kv8_d128 -> gpu0
[pool] 0921 10:49 RESUME mla_paged_decode_h16_ckv512_kpe64_ps1 (done_evals=31 budget=69)
[pool] 0921 10:49 AFFINITY mla_paged_decode_h16_ckv512_kpe64_ps1 -> gpu1
[pool] 0921 10:49 RESUME mla_paged_prefill_causal_h16_ckv512_kpe64_ps1 (done_evals=20 budget=80)
[pool] 0921 10:49 AFFINITY mla_paged_prefill_causal_h16_ckv512_kpe64_ps1 -> gpu2
[pool] 0921 10:49 RESUME rmsnorm_h4096 (done_evals=75 budget=25)
[pool] 0921 10:49 AFFINITY rmsnorm_h4096 -> gpu0
[pool] FAIL  gqa_paged_prefill_causal_h32_kv8_d128_ps1 rc=137 -> requeue (retry 1/3)
[pool] FAIL  mla_paged_prefill_causal_h16_ckv512_kpe64_ps1 rc=137 -> requeue (retry 1/3)
[pool] 0921 12:19 RESUME gqa_paged_prefill_causal_h32_kv8_d128_ps1 (done_evals=34 budget=66)
[pool] 0921 12:19 AFFINITY gqa_paged_prefill_causal_h32_kv8_d128_ps1 -> gpu1
[pool] 0921 12:19 RESUME mla_paged_prefill_causal_h16_ckv512_kpe64_ps1 (done_evals=27 budget=73)
[pool] 0921 12:19 AFFINITY mla_paged_prefill_causal_h16_ckv512_kpe64_ps1 -> gpu2
[pool] OK    rmsnorm_h4096
[pool] FAIL  gemm_n4096_k4096 rc=1 -> requeue (retry 1/3)
[pool] 0921 14:42 RESUME gemm_n4096_k4096 (done_evals=67 budget=33)
[pool] 0921 14:42 AFFINITY gemm_n4096_k4096 -> gpu0
[pool] FAIL  dsa_sparse_attention_h16_ckv512_kpe64_topk2048_ps64 rc=1 -> requeue (retry 1/3)
[pool] 0921 14:43 RESUME dsa_sparse_attention_h16_ckv512_kpe64_topk2048_ps64 (done_evals=64 budget=36)
[pool] 0921 14:43 AFFINITY dsa_sparse_attention_h16_ckv512_kpe64_topk2048_ps64 -> gpu1
[pool-campaign] pool=0,1,2 concurrency=10 tag=formal_h100 tasks=10
[pool] 0921 14:47 RESUME dsa_sparse_attention_h16_ckv512_kpe64_topk2048_ps64 (done_evals=64 budget=36)
[pool] 0921 14:47 AFFINITY dsa_sparse_attention_h16_ckv512_kpe64_topk2048_ps64 -> gpu0
[pool] 0921 14:47 RESUME gdn_decode_qk4_v8_d128_k_last (done_evals=67 budget=33)
[pool] 0921 14:47 AFFINITY gdn_decode_qk4_v8_d128_k_last -> gpu1
[pool] 0921 14:47 RESUME gdn_prefill_qk4_v8_d128_k_last (done_evals=20 budget=80)
[pool] 0921 14:47 AFFINITY gdn_prefill_qk4_v8_d128_k_last -> gpu2
[pool] 0921 14:47 RESUME gemm_n4096_k4096 (done_evals=67 budget=33)
[pool] 0921 14:47 AFFINITY gemm_n4096_k4096 -> gpu0
[pool] 0921 14:47 RESUME gqa_paged_decode_h32_kv8_d128_ps1 (done_evals=46 budget=54)
[pool] 0921 14:47 AFFINITY gqa_paged_decode_h32_kv8_d128_ps1 -> gpu1
[pool] 0921 14:47 RESUME gqa_paged_prefill_causal_h32_kv8_d128_ps1 (done_evals=44 budget=56)
[pool] 0921 14:47 AFFINITY gqa_paged_prefill_causal_h32_kv8_d128_ps1 -> gpu1
[pool] 0921 14:47 RESUME gqa_ragged_prefill_causal_h32_kv8_d128 (done_evals=72 budget=28)
[pool] 0921 14:47 AFFINITY gqa_ragged_prefill_causal_h32_kv8_d128 -> gpu0
[pool] 0921 14:47 RESUME mla_paged_decode_h16_ckv512_kpe64_ps1 (done_evals=45 budget=55)
[pool] 0921 14:47 AFFINITY mla_paged_decode_h16_ckv512_kpe64_ps1 -> gpu1
[pool] 0921 14:47 RESUME mla_paged_prefill_causal_h16_ckv512_kpe64_ps1 (done_evals=37 budget=63)
[pool] 0921 14:47 AFFINITY mla_paged_prefill_causal_h16_ckv512_kpe64_ps1 -> gpu0
[pool] SKIP rmsnorm_h4096 (DONE)
[pool] OK    gqa_ragged_prefill_causal_h32_kv8_d128
[pool] FAIL  mla_paged_prefill_causal_h16_ckv512_kpe64_ps1 rc=137 -> requeue (retry 1/3)
[pool] 0921 15:52 RESUME mla_paged_prefill_causal_h16_ckv512_kpe64_ps1 (done_evals=40 budget=60)
[pool] 0921 15:52 AFFINITY mla_paged_prefill_causal_h16_ckv512_kpe64_ps1 -> gpu0
[pool-campaign] pool=0,1,2 concurrency=10 tag=formal_h100 tasks=10
[pool] 0921 18:14 RESUME dsa_sparse_attention_h16_ckv512_kpe64_topk2048_ps64 (done_evals=91 budget=9)
[pool] 0921 18:14 AFFINITY dsa_sparse_attention_h16_ckv512_kpe64_topk2048_ps64 -> gpu0
[pool] 0921 18:14 RESUME gdn_decode_qk4_v8_d128_k_last (done_evals=77 budget=23)
[pool] 0921 18:14 AFFINITY gdn_decode_qk4_v8_d128_k_last -> gpu1
[pool] 0921 18:14 RESUME gdn_prefill_qk4_v8_d128_k_last (done_evals=34 budget=66)
[pool] 0921 18:14 AFFINITY gdn_prefill_qk4_v8_d128_k_last -> gpu2
[pool] 0921 18:14 RESUME gemm_n4096_k4096 (done_evals=87 budget=13)
[pool] 0921 18:14 AFFINITY gemm_n4096_k4096 -> gpu0
[pool] 0921 18:14 RESUME gqa_paged_decode_h32_kv8_d128_ps1 (done_evals=58 budget=42)
[pool] 0921 18:14 AFFINITY gqa_paged_decode_h32_kv8_d128_ps1 -> gpu1
[pool] 0921 18:14 RESUME gqa_paged_prefill_causal_h32_kv8_d128_ps1 (done_evals=54 budget=46)
[pool] 0921 18:14 AFFINITY gqa_paged_prefill_causal_h32_kv8_d128_ps1 -> gpu1
[pool] SKIP gqa_ragged_prefill_causal_h32_kv8_d128 (DONE)
[pool] 0921 18:14 RESUME mla_paged_decode_h16_ckv512_kpe64_ps1 (done_evals=55 budget=45)
[pool] 0921 18:14 AFFINITY mla_paged_decode_h16_ckv512_kpe64_ps1 -> gpu1
[pool] 0921 18:14 RESUME mla_paged_prefill_causal_h16_ckv512_kpe64_ps1 (done_evals=54 budget=46)
[pool] 0921 18:14 AFFINITY mla_paged_prefill_causal_h16_ckv512_kpe64_ps1 -> gpu0
[pool] SKIP rmsnorm_h4096 (DONE)
[pool] OK    dsa_sparse_attention_h16_ckv512_kpe64_topk2048_ps64
[pool-campaign] pool=1,2 concurrency=10 tag=formal_h100 tasks=10
[pool] SKIP dsa_sparse_attention_h16_ckv512_kpe64_topk2048_ps64 (DONE)
[pool] 0921 19:49 RESUME gdn_decode_qk4_v8_d128_k_last (done_evals=85 budget=15)
[pool] 0921 19:49 AFFINITY gdn_decode_qk4_v8_d128_k_last -> gpu1
[pool] 0921 19:49 RESUME gdn_prefill_qk4_v8_d128_k_last (done_evals=41 budget=59)
[pool] 0921 19:49 AFFINITY gdn_prefill_qk4_v8_d128_k_last -> gpu2
[pool] 0921 19:49 RESUME gemm_n4096_k4096 (done_evals=97 budget=5)
[pool] 0921 19:49 AFFINITY gemm_n4096_k4096 -> gpu1
[pool] 0921 19:49 RESUME gqa_paged_decode_h32_kv8_d128_ps1 (done_evals=70 budget=30)
[pool] 0921 19:49 AFFINITY gqa_paged_decode_h32_kv8_d128_ps1 -> gpu1
[pool] 0921 19:49 RESUME gqa_paged_prefill_causal_h32_kv8_d128_ps1 (done_evals=59 budget=41)
[pool] 0921 19:49 AFFINITY gqa_paged_prefill_causal_h32_kv8_d128_ps1 -> gpu1
[pool] 0921 19:49 RESUME gqa_ragged_prefill_causal_h32_kv8_d128 (done_evals=84 budget=16)
[pool] 0921 19:49 AFFINITY gqa_ragged_prefill_causal_h32_kv8_d128 -> gpu1
[pool] 0921 19:49 RESUME mla_paged_decode_h16_ckv512_kpe64_ps1 (done_evals=60 budget=40)
[pool] 0921 19:49 AFFINITY mla_paged_decode_h16_ckv512_kpe64_ps1 -> gpu1
[pool] 0921 19:49 RESUME mla_paged_prefill_causal_h16_ckv512_kpe64_ps1 (done_evals=65 budget=35)
[pool] 0921 19:49 AFFINITY mla_paged_prefill_causal_h16_ckv512_kpe64_ps1 -> gpu1
[pool] SKIP rmsnorm_h4096 (DONE)
/home/ziming/ksearch_h100_portable/scripts/ksearch_pool_campaign.sh: line 84: 3876725 Killed                  env KSEARCH_GPU_POOL="${sticky}" KSEARCH_TASK_GPU="${sticky}" KSEARCH_RUN_TAG="${TAG}" KSEARCH_MAX_ROUNDS="${rounds}" KSEARCH_WM_MAX_ACTION_NODES="${KSEARCH_WM_MAX_ACTION_NODES:-20}" KSEARCH_WM_MAX_ATTEMPTS_PER_NODE="${KSEARCH_WM_MAX_ATTEMPTS_PER_NODE:-5}" KSEARCH_POOL_TASK="${t}" bash "${WS}/ksearch-run.sh" "${t}" 0 --wm "${extra[@]}" >> "${rd}/campaign_stdout.log" 2>&1
/home/ziming/ksearch_h100_portable/scripts/ksearch_pool_campaign.sh: line 84: 3876766 Killed                  env KSEARCH_GPU_POOL="${sticky}" KSEARCH_TASK_GPU="${sticky}" KSEARCH_RUN_TAG="${TAG}" KSEARCH_MAX_ROUNDS="${rounds}" KSEARCH_WM_MAX_ACTION_NODES="${KSEARCH_WM_MAX_ACTION_NODES:-20}" KSEARCH_WM_MAX_ATTEMPTS_PER_NODE="${KSEARCH_WM_MAX_ATTEMPTS_PER_NODE:-5}" KSEARCH_POOL_TASK="${t}" bash "${WS}/ksearch-run.sh" "${t}" 0 --wm "${extra[@]}" >> "${rd}/campaign_stdout.log" 2>&1
/home/ziming/ksearch_h100_portable/scripts/ksearch_pool_campaign.sh: line 84: 3876738 Killed                  env KSEARCH_GPU_POOL="${sticky}" KSEARCH_TASK_GPU="${sticky}" KSEARCH_RUN_TAG="${TAG}" KSEARCH_MAX_ROUNDS="${rounds}" KSEARCH_WM_MAX_ACTION_NODES="${KSEARCH_WM_MAX_ACTION_NODES:-20}" KSEARCH_WM_MAX_ATTEMPTS_PER_NODE="${KSEARCH_WM_MAX_ATTEMPTS_PER_NODE:-5}" KSEARCH_POOL_TASK="${t}" bash "${WS}/ksearch-run.sh" "${t}" 0 --wm "${extra[@]}" >> "${rd}/campaign_stdout.log" 2>&1
/home/ziming/ksearch_h100_portable/scripts/ksearch_pool_campaign.sh: line 84: 3876753 Killed                  env KSEARCH_GPU_POOL="${sticky}" KSEARCH_TASK_GPU="${sticky}" KSEARCH_RUN_TAG="${TAG}" KSEARCH_MAX_ROUNDS="${rounds}" KSEARCH_WM_MAX_ACTION_NODES="${KSEARCH_WM_MAX_ACTION_NODES:-20}" KSEARCH_WM_MAX_ATTEMPTS_PER_NODE="${KSEARCH_WM_MAX_ATTEMPTS_PER_NODE:-5}" KSEARCH_POOL_TASK="${t}" bash "${WS}/ksearch-run.sh" "${t}" 0 --wm "${extra[@]}" >> "${rd}/campaign_stdout.log" 2>&1
/home/ziming/ksearch_h100_portable/scripts/ksearch_pool_campaign.sh: line 84: 3876781 Killed                  env KSEARCH_GPU_POOL="${sticky}" KSEARCH_TASK_GPU="${sticky}" KSEARCH_RUN_TAG="${TAG}" KSEARCH_MAX_ROUNDS="${rounds}" KSEARCH_WM_MAX_ACTION_NODES="${KSEARCH_WM_MAX_ACTION_NODES:-20}" KSEARCH_WM_MAX_ATTEMPTS_PER_NODE="${KSEARCH_WM_MAX_ATTEMPTS_PER_NODE:-5}" KSEARCH_POOL_TASK="${t}" bash "${WS}/ksearch-run.sh" "${t}" 0 --wm "${extra[@]}" >> "${rd}/campaign_stdout.log" 2>&1
/home/ziming/ksearch_h100_portable/scripts/ksearch_pool_campaign.sh: line 84: 3876800 Killed                  env KSEARCH_GPU_POOL="${sticky}" KSEARCH_TASK_GPU="${sticky}" KSEARCH_RUN_TAG="${TAG}" KSEARCH_MAX_ROUNDS="${rounds}" KSEARCH_WM_MAX_ACTION_NODES="${KSEARCH_WM_MAX_ACTION_NODES:-20}" KSEARCH_WM_MAX_ATTEMPTS_PER_NODE="${KSEARCH_WM_MAX_ATTEMPTS_PER_NODE:-5}" KSEARCH_POOL_TASK="${t}" bash "${WS}/ksearch-run.sh" "${t}" 0 --wm "${extra[@]}" >> "${rd}/campaign_stdout.log" 2>&1
/home/ziming/ksearch_h100_portable/scripts/ksearch_pool_campaign.sh: line 84: 3876821 Killed                  env KSEARCH_GPU_POOL="${sticky}" KSEARCH_TASK_GPU="${sticky}" KSEARCH_RUN_TAG="${TAG}" KSEARCH_MAX_ROUNDS="${rounds}" KSEARCH_WM_MAX_ACTION_NODES="${KSEARCH_WM_MAX_ACTION_NODES:-20}" KSEARCH_WM_MAX_ATTEMPTS_PER_NODE="${KSEARCH_WM_MAX_ATTEMPTS_PER_NODE:-5}" KSEARCH_POOL_TASK="${t}" bash "${WS}/ksearch-run.sh" "${t}" 0 --wm "${extra[@]}" >> "${rd}/campaign_stdout.log" 2>&1
/home/ziming/ksearch_h100_portable/scripts/ksearch_pool_campaign.sh: line 84: 3876839 Killed                  env KSEARCH_GPU_POOL="${sticky}" KSEARCH_TASK_GPU="${sticky}" KSEARCH_RUN_TAG="${TAG}" KSEARCH_MAX_ROUNDS="${rounds}" KSEARCH_WM_MAX_ACTION_NODES="${KSEARCH_WM_MAX_ACTION_NODES:-20}" KSEARCH_WM_MAX_ATTEMPTS_PER_NODE="${KSEARCH_WM_MAX_ATTEMPTS_PER_NODE:-5}" KSEARCH_POOL_TASK="${t}" bash "${WS}/ksearch-run.sh" "${t}" 0 --wm "${extra[@]}" >> "${rd}/campaign_stdout.log" 2>&1
[pool] FAIL  gqa_paged_decode_h32_kv8_d128_ps1 rc=137 -> requeue (retry 1/3)
[pool] FAIL  mla_paged_prefill_causal_h16_ckv512_kpe64_ps1 rc=137 -> requeue (retry 1/3)
[pool] FAIL  gdn_prefill_qk4_v8_d128_k_last rc=137 -> requeue (retry 1/3)
[pool] FAIL  gemm_n4096_k4096 rc=137 -> requeue (retry 1/3)
[pool] FAIL  mla_paged_decode_h16_ckv512_kpe64_ps1 rc=137 -> requeue (retry 1/3)
[pool] FAIL  gqa_paged_prefill_causal_h32_kv8_d128_ps1 rc=137 -> requeue (retry 1/3)
[pool] FAIL  gqa_ragged_prefill_causal_h32_kv8_d128 rc=137 -> requeue (retry 1/3)
[pool] FAIL  gdn_decode_qk4_v8_d128_k_last rc=137 -> requeue (retry 1/3)
[pool] 0921 20:59 RESUME gqa_paged_decode_h32_kv8_d128_ps1 (done_evals=71 budget=29)
[pool] 0921 20:59 AFFINITY gqa_paged_decode_h32_kv8_d128_ps1 -> gpu1
[pool] 0921 20:59 RESUME mla_paged_prefill_causal_h16_ckv512_kpe64_ps1 (done_evals=66 budget=34)
[pool] 0921 20:59 AFFINITY mla_paged_prefill_causal_h16_ckv512_kpe64_ps1 -> gpu1
[pool] 0921 20:59 RESUME gdn_prefill_qk4_v8_d128_k_last (done_evals=42 budget=58)
[pool] 0921 20:59 AFFINITY gdn_prefill_qk4_v8_d128_k_last -> gpu2
[pool] 0921 20:59 RESUME gemm_n4096_k4096 (done_evals=97 budget=5)
[pool] 0921 20:59 AFFINITY gemm_n4096_k4096 -> gpu1
[pool] 0921 20:59 RESUME mla_paged_decode_h16_ckv512_kpe64_ps1 (done_evals=60 budget=40)
[pool] 0921 20:59 AFFINITY mla_paged_decode_h16_ckv512_kpe64_ps1 -> gpu1
[pool] 0921 20:59 RESUME gqa_paged_prefill_causal_h32_kv8_d128_ps1 (done_evals=61 budget=39)
[pool] 0921 20:59 AFFINITY gqa_paged_prefill_causal_h32_kv8_d128_ps1 -> gpu1
[pool] 0921 20:59 RESUME gqa_ragged_prefill_causal_h32_kv8_d128 (done_evals=84 budget=16)
[pool] 0921 20:59 AFFINITY gqa_ragged_prefill_causal_h32_kv8_d128 -> gpu1
[pool] 0921 20:59 RESUME gdn_decode_qk4_v8_d128_k_last (done_evals=87 budget=13)
[pool] 0921 20:59 AFFINITY gdn_decode_qk4_v8_d128_k_last -> gpu1
/home/ziming/ksearch_h100_portable/scripts/ksearch_pool_campaign.sh: line 84: 827234 Killed                  env KSEARCH_GPU_POOL="${sticky}" KSEARCH_TASK_GPU="${sticky}" KSEARCH_RUN_TAG="${TAG}" KSEARCH_MAX_ROUNDS="${rounds}" KSEARCH_WM_MAX_ACTION_NODES="${KSEARCH_WM_MAX_ACTION_NODES:-20}" KSEARCH_WM_MAX_ATTEMPTS_PER_NODE="${KSEARCH_WM_MAX_ATTEMPTS_PER_NODE:-5}" KSEARCH_POOL_TASK="${t}" bash "${WS}/ksearch-run.sh" "${t}" 0 --wm "${extra[@]}" >> "${rd}/campaign_stdout.log" 2>&1
[pool] FAIL  gdn_prefill_qk4_v8_d128_k_last rc=137 -> requeue (retry 2/3)
[pool] 0921 21:18 RESUME gdn_prefill_qk4_v8_d128_k_last (done_evals=42 budget=58)
[pool] 0921 21:18 AFFINITY gdn_prefill_qk4_v8_d128_k_last -> gpu2
[pool-campaign] pool=1,2 concurrency=10 tag=formal_h100 tasks=10
[pool] SKIP dsa_sparse_attention_h16_ckv512_kpe64_topk2048_ps64 (DONE)
[pool] 0921 21:27 RESUME gdn_decode_qk4_v8_d128_k_last (done_evals=87 budget=13)
[pool] 0921 21:27 AFFINITY gdn_decode_qk4_v8_d128_k_last -> gpu1
[pool] 0921 21:27 RESUME gdn_prefill_qk4_v8_d128_k_last (done_evals=42 budget=58)
[pool] 0921 21:27 AFFINITY gdn_prefill_qk4_v8_d128_k_last -> gpu2
[pool] 0921 21:27 RESUME gemm_n4096_k4096 (done_evals=97 budget=5)
[pool] 0921 21:27 AFFINITY gemm_n4096_k4096 -> gpu1
[pool] 0921 21:27 RESUME gqa_paged_decode_h32_kv8_d128_ps1 (done_evals=71 budget=29)
[pool] 0921 21:27 AFFINITY gqa_paged_decode_h32_kv8_d128_ps1 -> gpu1
[pool] 0921 21:27 RESUME gqa_paged_prefill_causal_h32_kv8_d128_ps1 (done_evals=61 budget=39)
[pool] 0921 21:27 AFFINITY gqa_paged_prefill_causal_h32_kv8_d128_ps1 -> gpu1
[pool] 0921 21:27 RESUME gqa_ragged_prefill_causal_h32_kv8_d128 (done_evals=84 budget=16)
[pool] 0921 21:27 AFFINITY gqa_ragged_prefill_causal_h32_kv8_d128 -> gpu1
[pool] 0921 21:27 RESUME mla_paged_decode_h16_ckv512_kpe64_ps1 (done_evals=60 budget=40)
[pool] 0921 21:27 AFFINITY mla_paged_decode_h16_ckv512_kpe64_ps1 -> gpu1
[pool] 0921 21:27 RESUME mla_paged_prefill_causal_h16_ckv512_kpe64_ps1 (done_evals=66 budget=34)
[pool] 0921 21:27 AFFINITY mla_paged_prefill_causal_h16_ckv512_kpe64_ps1 -> gpu1
[pool] SKIP rmsnorm_h4096 (DONE)
[pool-campaign] pool=1,2 concurrency=10 tag=formal_h100 tasks=10
[pool] SKIP dsa_sparse_attention_h16_ckv512_kpe64_topk2048_ps64 (DONE)
[pool] 0921 21:30 RESUME gdn_decode_qk4_v8_d128_k_last (done_evals=87 budget=13)
[pool] 0921 21:30 AFFINITY gdn_decode_qk4_v8_d128_k_last -> gpu1
[pool] 0921 21:30 RESUME gdn_prefill_qk4_v8_d128_k_last (done_evals=42 budget=58)
[pool] 0921 21:30 AFFINITY gdn_prefill_qk4_v8_d128_k_last -> gpu2
[pool] 0921 21:30 RESUME gemm_n4096_k4096 (done_evals=97 budget=5)
[pool] 0921 21:30 AFFINITY gemm_n4096_k4096 -> gpu1
[pool] 0921 21:30 RESUME gqa_paged_decode_h32_kv8_d128_ps1 (done_evals=71 budget=29)
[pool] 0921 21:30 AFFINITY gqa_paged_decode_h32_kv8_d128_ps1 -> gpu1
[pool] 0921 21:30 RESUME gqa_paged_prefill_causal_h32_kv8_d128_ps1 (done_evals=61 budget=39)
[pool] 0921 21:30 AFFINITY gqa_paged_prefill_causal_h32_kv8_d128_ps1 -> gpu1
[pool] 0921 21:30 RESUME gqa_ragged_prefill_causal_h32_kv8_d128 (done_evals=84 budget=16)
[pool] 0921 21:30 AFFINITY gqa_ragged_prefill_causal_h32_kv8_d128 -> gpu1
[pool] 0921 21:30 RESUME mla_paged_decode_h16_ckv512_kpe64_ps1 (done_evals=60 budget=40)
[pool] 0921 21:30 AFFINITY mla_paged_decode_h16_ckv512_kpe64_ps1 -> gpu1
[pool] 0921 21:30 RESUME mla_paged_prefill_causal_h16_ckv512_kpe64_ps1 (done_evals=66 budget=34)
[pool] 0921 21:30 AFFINITY mla_paged_prefill_causal_h16_ckv512_kpe64_ps1 -> gpu1
[pool] SKIP rmsnorm_h4096 (DONE)
[pool-campaign] pool=2,5 concurrency=10 tag=formal_h100 tasks=10
[pool] SKIP dsa_sparse_attention_h16_ckv512_kpe64_topk2048_ps64 (DONE)
[pool] 0921 21:32 RESUME gdn_decode_qk4_v8_d128_k_last (done_evals=87 budget=13)
[pool] 0921 21:32 AFFINITY gdn_decode_qk4_v8_d128_k_last -> gpu2
[pool] 0921 21:32 RESUME gdn_prefill_qk4_v8_d128_k_last (done_evals=42 budget=58)
[pool] 0921 21:32 AFFINITY gdn_prefill_qk4_v8_d128_k_last -> gpu2
[pool] 0921 21:32 RESUME gemm_n4096_k4096 (done_evals=97 budget=5)
[pool] 0921 21:32 AFFINITY gemm_n4096_k4096 -> gpu2
[pool] 0921 21:32 RESUME gqa_paged_decode_h32_kv8_d128_ps1 (done_evals=71 budget=29)
[pool] 0921 21:32 AFFINITY gqa_paged_decode_h32_kv8_d128_ps1 -> gpu5
[pool] 0921 21:32 RESUME gqa_paged_prefill_causal_h32_kv8_d128_ps1 (done_evals=61 budget=39)
[pool] 0921 21:32 AFFINITY gqa_paged_prefill_causal_h32_kv8_d128_ps1 -> gpu2
[pool] 0921 21:32 RESUME gqa_ragged_prefill_causal_h32_kv8_d128 (done_evals=84 budget=16)
[pool] 0921 21:32 AFFINITY gqa_ragged_prefill_causal_h32_kv8_d128 -> gpu5
[pool] 0921 21:32 RESUME mla_paged_decode_h16_ckv512_kpe64_ps1 (done_evals=60 budget=40)
[pool] 0921 21:32 AFFINITY mla_paged_decode_h16_ckv512_kpe64_ps1 -> gpu2
[pool] 0921 21:32 RESUME mla_paged_prefill_causal_h16_ckv512_kpe64_ps1 (done_evals=66 budget=34)
[pool] 0921 21:32 AFFINITY mla_paged_prefill_causal_h16_ckv512_kpe64_ps1 -> gpu5
[pool] SKIP rmsnorm_h4096 (DONE)
[pool-campaign] pool=3,5 concurrency=10 tag=formal_h100 tasks=10
[pool] SKIP dsa_sparse_attention_h16_ckv512_kpe64_topk2048_ps64 (DONE)
[pool] 0921 22:30 RESUME gdn_decode_qk4_v8_d128_k_last (done_evals=87 budget=13)
[pool] 0921 22:30 AFFINITY gdn_decode_qk4_v8_d128_k_last -> gpu3
[pool] 0921 22:30 RESUME gdn_prefill_qk4_v8_d128_k_last (done_evals=42 budget=58)
[pool] 0921 22:30 AFFINITY gdn_prefill_qk4_v8_d128_k_last -> gpu3
[pool] 0921 22:30 RESUME gemm_n4096_k4096 (done_evals=97 budget=5)
[pool] 0921 22:30 AFFINITY gemm_n4096_k4096 -> gpu3
[pool] 0921 22:30 RESUME gqa_paged_decode_h32_kv8_d128_ps1 (done_evals=73 budget=27)
[pool] 0921 22:30 AFFINITY gqa_paged_decode_h32_kv8_d128_ps1 -> gpu5
[pool] 0921 22:30 RESUME gqa_paged_prefill_causal_h32_kv8_d128_ps1 (done_evals=61 budget=39)
[pool] 0921 22:30 AFFINITY gqa_paged_prefill_causal_h32_kv8_d128_ps1 -> gpu3
[pool] 0921 22:30 RESUME gqa_ragged_prefill_causal_h32_kv8_d128 (done_evals=89 budget=11)
[pool] 0921 22:30 AFFINITY gqa_ragged_prefill_causal_h32_kv8_d128 -> gpu5
[pool] 0921 22:30 RESUME mla_paged_decode_h16_ckv512_kpe64_ps1 (done_evals=60 budget=40)
[pool] 0921 22:30 AFFINITY mla_paged_decode_h16_ckv512_kpe64_ps1 -> gpu3
[pool] 0921 22:30 RESUME mla_paged_prefill_causal_h16_ckv512_kpe64_ps1 (done_evals=66 budget=34)
[pool] 0921 22:30 AFFINITY mla_paged_prefill_causal_h16_ckv512_kpe64_ps1 -> gpu5
[pool] SKIP rmsnorm_h4096 (DONE)
[pool-campaign] pool=3,5 concurrency=10 tag=formal_h100 tasks=10
[pool] SKIP dsa_sparse_attention_h16_ckv512_kpe64_topk2048_ps64 (DONE)
[pool] 0921 22:30 RESUME gdn_decode_qk4_v8_d128_k_last (done_evals=87 budget=13)
[pool] 0921 22:30 AFFINITY gdn_decode_qk4_v8_d128_k_last -> gpu5
[pool] 0921 22:30 RESUME gdn_prefill_qk4_v8_d128_k_last (done_evals=42 budget=58)
[pool] 0921 22:30 AFFINITY gdn_prefill_qk4_v8_d128_k_last -> gpu3
[pool] 0921 22:30 RESUME gemm_n4096_k4096 (done_evals=97 budget=5)
[pool] 0921 22:30 AFFINITY gemm_n4096_k4096 -> gpu5
[pool] 0921 22:30 RESUME gqa_paged_decode_h32_kv8_d128_ps1 (done_evals=73 budget=27)
[pool] 0921 22:30 AFFINITY gqa_paged_decode_h32_kv8_d128_ps1 -> gpu5
[pool] 0921 22:30 RESUME gqa_paged_prefill_causal_h32_kv8_d128_ps1 (done_evals=61 budget=39)
[pool] 0921 22:30 AFFINITY gqa_paged_prefill_causal_h32_kv8_d128_ps1 -> gpu5
[pool] 0921 22:30 RESUME gqa_ragged_prefill_causal_h32_kv8_d128 (done_evals=89 budget=11)
[pool] 0921 22:30 AFFINITY gqa_ragged_prefill_causal_h32_kv8_d128 -> gpu5
[pool] 0921 22:30 RESUME mla_paged_decode_h16_ckv512_kpe64_ps1 (done_evals=60 budget=40)
[pool] 0921 22:30 AFFINITY mla_paged_decode_h16_ckv512_kpe64_ps1 -> gpu5
[pool] 0921 22:30 RESUME mla_paged_prefill_causal_h16_ckv512_kpe64_ps1 (done_evals=66 budget=34)
[pool] 0921 22:30 AFFINITY mla_paged_prefill_causal_h16_ckv512_kpe64_ps1 -> gpu5
[pool] SKIP rmsnorm_h4096 (DONE)
[pool-campaign] pool=1,5 concurrency=10 tag=formal_h100 tasks=10
[pool] SKIP dsa_sparse_attention_h16_ckv512_kpe64_topk2048_ps64 (DONE)
[pool] 0922 10:21 RESUME gdn_decode_qk4_v8_d128_k_last (done_evals=87 budget=13)
[pool] 0922 10:21 AFFINITY gdn_decode_qk4_v8_d128_k_last -> gpu1
[pool] 0922 10:21 RESUME gdn_prefill_qk4_v8_d128_k_last (done_evals=82 budget=18)
[pool] 0922 10:21 AFFINITY gdn_prefill_qk4_v8_d128_k_last -> gpu5
[pool] 0922 10:21 RESUME gemm_n4096_k4096 (done_evals=97 budget=5)
[pool] 0922 10:21 AFFINITY gemm_n4096_k4096 -> gpu1
[pool] 0922 10:21 RESUME gqa_paged_decode_h32_kv8_d128_ps1 (done_evals=73 budget=27)
[pool] 0922 10:21 AFFINITY gqa_paged_decode_h32_kv8_d128_ps1 -> gpu1
[pool] 0922 10:21 RESUME gqa_paged_prefill_causal_h32_kv8_d128_ps1 (done_evals=61 budget=39)
[pool] 0922 10:21 AFFINITY gqa_paged_prefill_causal_h32_kv8_d128_ps1 -> gpu1
[pool] 0922 10:21 RESUME gqa_ragged_prefill_causal_h32_kv8_d128 (done_evals=89 budget=11)
[pool] 0922 10:21 AFFINITY gqa_ragged_prefill_causal_h32_kv8_d128 -> gpu1
[pool] 0922 10:21 RESUME mla_paged_decode_h16_ckv512_kpe64_ps1 (done_evals=60 budget=40)
[pool] 0922 10:21 AFFINITY mla_paged_decode_h16_ckv512_kpe64_ps1 -> gpu1
[pool] 0922 10:21 RESUME mla_paged_prefill_causal_h16_ckv512_kpe64_ps1 (done_evals=66 budget=34)
[pool] 0922 10:21 AFFINITY mla_paged_prefill_causal_h16_ckv512_kpe64_ps1 -> gpu1
[pool] SKIP rmsnorm_h4096 (DONE)
[pool] FAIL  gemm_n4096_k4096 rc=1 -> requeue (retry 1/3)
[pool] 0922 10:47 RESUME gemm_n4096_k4096 (done_evals=99 budget=5)
[pool] 0922 10:47 AFFINITY gemm_n4096_k4096 -> gpu1
[pool] OK    gemm_n4096_k4096
[pool] FAIL  gdn_prefill_qk4_v8_d128_k_last rc=1 -> requeue (retry 1/3)
[pool] 0922 14:12 RESUME gdn_prefill_qk4_v8_d128_k_last (done_evals=93 budget=7)
[pool] 0922 14:12 AFFINITY gdn_prefill_qk4_v8_d128_k_last -> gpu5
[pool] OK    gdn_decode_qk4_v8_d128_k_last
[pool] FAIL  gdn_prefill_qk4_v8_d128_k_last rc=1 -> requeue (retry 2/3)
[pool] 0922 15:41 RESUME gdn_prefill_qk4_v8_d128_k_last (done_evals=97 budget=5)
[pool] 0922 15:41 AFFINITY gdn_prefill_qk4_v8_d128_k_last -> gpu5
[pool] OK    gqa_ragged_prefill_causal_h32_kv8_d128
[pool] OK    gdn_prefill_qk4_v8_d128_k_last
[pool] FAIL  gqa_paged_decode_h32_kv8_d128_ps1 rc=1 -> requeue (retry 1/3)
[pool] 0922 18:10 RESUME gqa_paged_decode_h32_kv8_d128_ps1 (done_evals=87 budget=13)
[pool] 0922 18:10 AFFINITY gqa_paged_decode_h32_kv8_d128_ps1 -> gpu1
[pool-campaign] pool=1,5 concurrency=10 tag=formal_h100 tasks=10
[pool] SKIP dsa_sparse_attention_h16_ckv512_kpe64_topk2048_ps64 (DONE)
[pool] SKIP gdn_decode_qk4_v8_d128_k_last (DONE)
[pool] SKIP gdn_prefill_qk4_v8_d128_k_last (DONE)
[pool] SKIP gemm_n4096_k4096 (DONE)
[pool] 0922 18:42 RESUME gqa_paged_decode_h32_kv8_d128_ps1 (done_evals=87 budget=13)
[pool] 0922 18:42 AFFINITY gqa_paged_decode_h32_kv8_d128_ps1 -> gpu1
[pool] 0922 18:42 RESUME gqa_paged_prefill_causal_h32_kv8_d128_ps1 (done_evals=65 budget=35)
[pool] 0922 18:42 AFFINITY gqa_paged_prefill_causal_h32_kv8_d128_ps1 -> gpu1
[pool] SKIP gqa_ragged_prefill_causal_h32_kv8_d128 (DONE)
[pool] 0922 18:42 RESUME mla_paged_decode_h16_ckv512_kpe64_ps1 (done_evals=61 budget=39)
[pool] 0922 18:42 AFFINITY mla_paged_decode_h16_ckv512_kpe64_ps1 -> gpu5
[pool] 0922 18:42 RESUME mla_paged_prefill_causal_h16_ckv512_kpe64_ps1 (done_evals=69 budget=31)
[pool] 0922 18:42 AFFINITY mla_paged_prefill_causal_h16_ckv512_kpe64_ps1 -> gpu1
[pool] SKIP rmsnorm_h4096 (DONE)
[pool] FAIL  mla_paged_decode_h16_ckv512_kpe64_ps1 rc=1 -> requeue (retry 1/3)
[pool] 0922 19:11 RESUME mla_paged_decode_h16_ckv512_kpe64_ps1 (done_evals=63 budget=37)
[pool] 0922 19:11 AFFINITY mla_paged_decode_h16_ckv512_kpe64_ps1 -> gpu5
/home/ziming/ksearch_h100_portable/scripts/ksearch_pool_campaign.sh: line 84: 1082825 Killed                  env KSEARCH_GPU_POOL="${sticky}" KSEARCH_TASK_GPU="${sticky}" KSEARCH_RUN_TAG="${TAG}" KSEARCH_MAX_ROUNDS="${rounds}" KSEARCH_WM_MAX_ACTION_NODES="${KSEARCH_WM_MAX_ACTION_NODES:-20}" KSEARCH_WM_MAX_ATTEMPTS_PER_NODE="${KSEARCH_WM_MAX_ATTEMPTS_PER_NODE:-5}" KSEARCH_POOL_TASK="${t}" bash "${WS}/ksearch-run.sh" "${t}" 0 --wm "${extra[@]}" >> "${rd}/campaign_stdout.log" 2>&1
[pool] FAIL  gqa_paged_decode_h32_kv8_d128_ps1 rc=137 -> requeue (retry 1/3)
[pool] 0922 21:20 RESUME gqa_paged_decode_h32_kv8_d128_ps1 (done_evals=93 budget=7)
[pool] 0922 21:20 AFFINITY gqa_paged_decode_h32_kv8_d128_ps1 -> gpu1
[pool-campaign] pool=0,1,5 concurrency=10 tag=formal_h100 tasks=10
[pool] SKIP dsa_sparse_attention_h16_ckv512_kpe64_topk2048_ps64 (DONE)
[pool] SKIP gdn_decode_qk4_v8_d128_k_last (DONE)
[pool] SKIP gdn_prefill_qk4_v8_d128_k_last (DONE)
[pool] SKIP gemm_n4096_k4096 (DONE)
[pool] 0922 21:42 RESUME gqa_paged_decode_h32_kv8_d128_ps1 (done_evals=93 budget=7)
[pool] 0922 21:42 AFFINITY gqa_paged_decode_h32_kv8_d128_ps1 -> gpu1
[pool] 0922 21:42 RESUME gqa_paged_prefill_causal_h32_kv8_d128_ps1 (done_evals=67 budget=33)
[pool] 0922 21:42 AFFINITY gqa_paged_prefill_causal_h32_kv8_d128_ps1 -> gpu1
[pool] SKIP gqa_ragged_prefill_causal_h32_kv8_d128 (DONE)
[pool] 0922 21:42 RESUME mla_paged_decode_h16_ckv512_kpe64_ps1 (done_evals=64 budget=36)
[pool] 0922 21:42 AFFINITY mla_paged_decode_h16_ckv512_kpe64_ps1 -> gpu0
[pool] 0922 21:42 RESUME mla_paged_prefill_causal_h16_ckv512_kpe64_ps1 (done_evals=71 budget=29)
[pool] 0922 21:42 AFFINITY mla_paged_prefill_causal_h16_ckv512_kpe64_ps1 -> gpu1
[pool] SKIP rmsnorm_h4096 (DONE)
[pool-campaign] pool=1,5 concurrency=10 tag=formal_h100 tasks=10
[pool] SKIP dsa_sparse_attention_h16_ckv512_kpe64_topk2048_ps64 (DONE)
[pool] SKIP gdn_decode_qk4_v8_d128_k_last (DONE)
[pool] SKIP gdn_prefill_qk4_v8_d128_k_last (DONE)
[pool] SKIP gemm_n4096_k4096 (DONE)
[pool] 0922 22:48 RESUME gqa_paged_decode_h32_kv8_d128_ps1 (done_evals=94 budget=6)
[pool] 0922 22:48 AFFINITY gqa_paged_decode_h32_kv8_d128_ps1 -> gpu1
[pool] 0922 22:48 RESUME gqa_paged_prefill_causal_h32_kv8_d128_ps1 (done_evals=69 budget=31)
[pool] 0922 22:48 AFFINITY gqa_paged_prefill_causal_h32_kv8_d128_ps1 -> gpu1
[pool] SKIP gqa_ragged_prefill_causal_h32_kv8_d128 (DONE)
[pool] 0922 22:48 RESUME mla_paged_decode_h16_ckv512_kpe64_ps1 (done_evals=65 budget=35)
[pool] 0922 22:48 AFFINITY mla_paged_decode_h16_ckv512_kpe64_ps1 -> gpu1
[pool] 0922 22:48 RESUME mla_paged_prefill_causal_h16_ckv512_kpe64_ps1 (done_evals=71 budget=29)
[pool] 0922 22:48 AFFINITY mla_paged_prefill_causal_h16_ckv512_kpe64_ps1 -> gpu1
[pool] SKIP rmsnorm_h4096 (DONE)
[pool-campaign] pool=1,5 concurrency=10 tag=formal_h100 tasks=10
[pool] SKIP dsa_sparse_attention_h16_ckv512_kpe64_topk2048_ps64 (DONE)
[pool] SKIP gdn_decode_qk4_v8_d128_k_last (DONE)
[pool] SKIP gdn_prefill_qk4_v8_d128_k_last (DONE)
[pool] SKIP gemm_n4096_k4096 (DONE)
[pool] 0922 22:49 RESUME gqa_paged_decode_h32_kv8_d128_ps1 (done_evals=94 budget=6)
[pool] 0922 22:49 AFFINITY gqa_paged_decode_h32_kv8_d128_ps1 -> gpu1
[pool] 0922 22:49 RESUME gqa_paged_prefill_causal_h32_kv8_d128_ps1 (done_evals=69 budget=31)
[pool] 0922 22:49 AFFINITY gqa_paged_prefill_causal_h32_kv8_d128_ps1 -> gpu1
[pool] SKIP gqa_ragged_prefill_causal_h32_kv8_d128 (DONE)
[pool] 0922 22:49 RESUME mla_paged_decode_h16_ckv512_kpe64_ps1 (done_evals=65 budget=35)
[pool] 0922 22:49 AFFINITY mla_paged_decode_h16_ckv512_kpe64_ps1 -> gpu5
[pool] 0922 22:49 RESUME mla_paged_prefill_causal_h16_ckv512_kpe64_ps1 (done_evals=71 budget=29)
[pool] 0922 22:49 AFFINITY mla_paged_prefill_causal_h16_ckv512_kpe64_ps1 -> gpu1
[pool] SKIP rmsnorm_h4096 (DONE)
[pool-campaign] pool=5 concurrency=10 tag=formal_h100 tasks=10
[pool] SKIP dsa_sparse_attention_h16_ckv512_kpe64_topk2048_ps64 (DONE)
[pool] SKIP gdn_decode_qk4_v8_d128_k_last (DONE)
[pool] SKIP gdn_prefill_qk4_v8_d128_k_last (DONE)
[pool] SKIP gemm_n4096_k4096 (DONE)
[pool] 0922 22:52 RESUME gqa_paged_decode_h32_kv8_d128_ps1 (done_evals=94 budget=6)
[pool] 0922 22:52 AFFINITY gqa_paged_decode_h32_kv8_d128_ps1 -> gpu5
[pool] 0922 22:52 RESUME gqa_paged_prefill_causal_h32_kv8_d128_ps1 (done_evals=69 budget=31)
[pool] 0922 22:52 AFFINITY gqa_paged_prefill_causal_h32_kv8_d128_ps1 -> gpu5
[pool] SKIP gqa_ragged_prefill_causal_h32_kv8_d128 (DONE)
[pool] 0922 22:52 RESUME mla_paged_decode_h16_ckv512_kpe64_ps1 (done_evals=65 budget=35)
[pool] 0922 22:52 AFFINITY mla_paged_decode_h16_ckv512_kpe64_ps1 -> gpu5
[pool] 0922 22:52 RESUME mla_paged_prefill_causal_h16_ckv512_kpe64_ps1 (done_evals=71 budget=29)
[pool] 0922 22:52 AFFINITY mla_paged_prefill_causal_h16_ckv512_kpe64_ps1 -> gpu5
[pool] SKIP rmsnorm_h4096 (DONE)
[pool-campaign] pool=0,5 concurrency=10 tag=formal_h100 tasks=10
[pool] SKIP dsa_sparse_attention_h16_ckv512_kpe64_topk2048_ps64 (DONE)
[pool] SKIP gdn_decode_qk4_v8_d128_k_last (DONE)
[pool] SKIP gdn_prefill_qk4_v8_d128_k_last (DONE)
[pool] SKIP gemm_n4096_k4096 (DONE)
[pool] 0922 22:57 RESUME gqa_paged_decode_h32_kv8_d128_ps1 (done_evals=94 budget=6)
[pool] 0922 22:57 AFFINITY gqa_paged_decode_h32_kv8_d128_ps1 -> gpu5
[pool] 0922 22:57 RESUME gqa_paged_prefill_causal_h32_kv8_d128_ps1 (done_evals=69 budget=31)
[pool] 0922 22:57 AFFINITY gqa_paged_prefill_causal_h32_kv8_d128_ps1 -> gpu0
[pool] SKIP gqa_ragged_prefill_causal_h32_kv8_d128 (DONE)
[pool] 0922 22:57 RESUME mla_paged_decode_h16_ckv512_kpe64_ps1 (done_evals=65 budget=35)
[pool] 0922 22:57 AFFINITY mla_paged_decode_h16_ckv512_kpe64_ps1 -> gpu0
[pool] 0922 22:57 RESUME mla_paged_prefill_causal_h16_ckv512_kpe64_ps1 (done_evals=71 budget=29)
[pool] 0922 22:57 AFFINITY mla_paged_prefill_causal_h16_ckv512_kpe64_ps1 -> gpu5
[pool] SKIP rmsnorm_h4096 (DONE)
[pool] OK    gqa_paged_decode_h32_kv8_d128_ps1
[pool] OK    gqa_paged_prefill_causal_h32_kv8_d128_ps1
[pool] FAIL  mla_paged_decode_h16_ckv512_kpe64_ps1 rc=1 -> requeue (retry 1/3)
[pool] 0923 05:04 RESUME mla_paged_decode_h16_ckv512_kpe64_ps1 (done_evals=69 budget=31)
[pool] 0923 05:04 AFFINITY mla_paged_decode_h16_ckv512_kpe64_ps1 -> gpu0
[pool] OK    mla_paged_prefill_causal_h16_ckv512_kpe64_ps1
[pool-campaign] pool=0,5 concurrency=10 tag=formal_h100 tasks=10
[pool] SKIP dsa_sparse_attention_h16_ckv512_kpe64_topk2048_ps64 (DONE)
[pool] SKIP gdn_decode_qk4_v8_d128_k_last (DONE)
[pool] SKIP gdn_prefill_qk4_v8_d128_k_last (DONE)
[pool] SKIP gemm_n4096_k4096 (DONE)
[pool] 0923 06:15 RESUME gqa_paged_decode_h32_kv8_d128_ps1 (done_evals=94 budget=6)
[pool] 0923 06:15 AFFINITY gqa_paged_decode_h32_kv8_d128_ps1 -> gpu5
[pool] 0923 06:15 RESUME gqa_paged_prefill_causal_h32_kv8_d128_ps1 (done_evals=79 budget=21)
[pool] 0923 06:15 AFFINITY gqa_paged_prefill_causal_h32_kv8_d128_ps1 -> gpu0
[pool] SKIP gqa_ragged_prefill_causal_h32_kv8_d128 (DONE)
[pool] 0923 06:15 RESUME mla_paged_decode_h16_ckv512_kpe64_ps1 (done_evals=71 budget=29)
[pool] 0923 06:15 AFFINITY mla_paged_decode_h16_ckv512_kpe64_ps1 -> gpu0
[pool] 0923 06:15 RESUME mla_paged_prefill_causal_h16_ckv512_kpe64_ps1 (done_evals=74 budget=26)
[pool] 0923 06:15 AFFINITY mla_paged_prefill_causal_h16_ckv512_kpe64_ps1 -> gpu5
[pool] SKIP rmsnorm_h4096 (DONE)
[pool] OK    gqa_paged_decode_h32_kv8_d128_ps1
[pool-campaign] pool=0,1,2 concurrency=10 tag=formal_h100 tasks=10
[pool] SKIP dsa_sparse_attention_h16_ckv512_kpe64_topk2048_ps64 (DONE)
[pool] SKIP gdn_decode_qk4_v8_d128_k_last (DONE)
[pool] SKIP gdn_prefill_qk4_v8_d128_k_last (DONE)
[pool] SKIP gemm_n4096_k4096 (DONE)
[pool] SKIP gqa_paged_decode_h32_kv8_d128_ps1 (DONE)
[pool] 0923 09:13 RESUME gqa_paged_prefill_causal_h32_kv8_d128_ps1 (done_evals=86 budget=14)
[pool] 0923 09:13 AFFINITY gqa_paged_prefill_causal_h32_kv8_d128_ps1 -> gpu1
[pool] SKIP gqa_ragged_prefill_causal_h32_kv8_d128 (DONE)
[pool] 0923 09:13 RESUME mla_paged_decode_h16_ckv512_kpe64_ps1 (done_evals=73 budget=27)
[pool] 0923 09:13 AFFINITY mla_paged_decode_h16_ckv512_kpe64_ps1 -> gpu0
[pool] 0923 09:13 RESUME mla_paged_prefill_causal_h16_ckv512_kpe64_ps1 (done_evals=76 budget=24)
[pool] 0923 09:13 AFFINITY mla_paged_prefill_causal_h16_ckv512_kpe64_ps1 -> gpu2
[pool] SKIP rmsnorm_h4096 (DONE)
[pool-campaign] pool=0,1 concurrency=10 tag=formal_h100 tasks=10
[pool] SKIP dsa_sparse_attention_h16_ckv512_kpe64_topk2048_ps64 (DONE)
[pool] SKIP gdn_decode_qk4_v8_d128_k_last (DONE)
[pool] SKIP gdn_prefill_qk4_v8_d128_k_last (DONE)
[pool] SKIP gemm_n4096_k4096 (DONE)
[pool] SKIP gqa_paged_decode_h32_kv8_d128_ps1 (DONE)
[pool] 0923 10:28 RESUME gqa_paged_prefill_causal_h32_kv8_d128_ps1 (done_evals=90 budget=10)
[pool] 0923 10:28 AFFINITY gqa_paged_prefill_causal_h32_kv8_d128_ps1 -> gpu1
[pool] SKIP gqa_ragged_prefill_causal_h32_kv8_d128 (DONE)
[pool] 0923 10:28 RESUME mla_paged_decode_h16_ckv512_kpe64_ps1 (done_evals=73 budget=27)
[pool] 0923 10:28 AFFINITY mla_paged_decode_h16_ckv512_kpe64_ps1 -> gpu1
[pool] 0923 10:28 RESUME mla_paged_prefill_causal_h16_ckv512_kpe64_ps1 (done_evals=76 budget=24)
[pool] 0923 10:28 AFFINITY mla_paged_prefill_causal_h16_ckv512_kpe64_ps1 -> gpu1
[pool] SKIP rmsnorm_h4096 (DONE)
[pool-campaign] pool=4 concurrency=3 tag=formal_h100 tasks=10
[pool] SKIP dsa_sparse_attention_h16_ckv512_kpe64_topk2048_ps64 (DONE)
[pool] SKIP gdn_decode_qk4_v8_d128_k_last (DONE)
[pool] SKIP gdn_prefill_qk4_v8_d128_k_last (DONE)
[pool] SKIP gemm_n4096_k4096 (DONE)
[pool] SKIP gqa_paged_decode_h32_kv8_d128_ps1 (DONE)
[pool] 0923 11:08 RESUME gqa_paged_prefill_causal_h32_kv8_d128_ps1 (done_evals=90 budget=10)
[pool] 0923 11:08 AFFINITY gqa_paged_prefill_causal_h32_kv8_d128_ps1 -> gpu4
[pool] SKIP gqa_ragged_prefill_causal_h32_kv8_d128 (DONE)
[pool] 0923 11:08 RESUME mla_paged_decode_h16_ckv512_kpe64_ps1 (done_evals=73 budget=27)
[pool] 0923 11:08 AFFINITY mla_paged_decode_h16_ckv512_kpe64_ps1 -> gpu4
[pool] 0923 11:08 RESUME mla_paged_prefill_causal_h16_ckv512_kpe64_ps1 (done_evals=77 budget=23)
[pool] 0923 11:08 AFFINITY mla_paged_prefill_causal_h16_ckv512_kpe64_ps1 -> gpu4
[pool-campaign] pool=1 concurrency=3 tag=formal_h100 tasks=10
[pool] SKIP dsa_sparse_attention_h16_ckv512_kpe64_topk2048_ps64 (DONE)
[pool] SKIP gdn_decode_qk4_v8_d128_k_last (DONE)
[pool] SKIP gdn_prefill_qk4_v8_d128_k_last (DONE)
[pool] SKIP gemm_n4096_k4096 (DONE)
[pool] SKIP gqa_paged_decode_h32_kv8_d128_ps1 (DONE)
[pool] 0923 11:57 RESUME gqa_paged_prefill_causal_h32_kv8_d128_ps1 (done_evals=91 budget=9)
[pool] 0923 11:57 AFFINITY gqa_paged_prefill_causal_h32_kv8_d128_ps1 -> gpu1
[pool] SKIP gqa_ragged_prefill_causal_h32_kv8_d128 (DONE)
[pool] 0923 11:57 RESUME mla_paged_decode_h16_ckv512_kpe64_ps1 (done_evals=74 budget=26)
[pool] 0923 11:57 AFFINITY mla_paged_decode_h16_ckv512_kpe64_ps1 -> gpu1
[pool] 0923 11:57 RESUME mla_paged_prefill_causal_h16_ckv512_kpe64_ps1 (done_evals=79 budget=21)
[pool] 0923 11:57 AFFINITY mla_paged_prefill_causal_h16_ckv512_kpe64_ps1 -> gpu1
[pool-campaign] pool=4 concurrency=3 tag=formal_h100 tasks=10
[pool] SKIP dsa_sparse_attention_h16_ckv512_kpe64_topk2048_ps64 (DONE)
[pool] SKIP gdn_decode_qk4_v8_d128_k_last (DONE)
[pool] SKIP gdn_prefill_qk4_v8_d128_k_last (DONE)
[pool] SKIP gemm_n4096_k4096 (DONE)
[pool] SKIP gqa_paged_decode_h32_kv8_d128_ps1 (DONE)
[pool] 0923 11:59 RESUME gqa_paged_prefill_causal_h32_kv8_d128_ps1 (done_evals=91 budget=9)
[pool] 0923 11:59 AFFINITY gqa_paged_prefill_causal_h32_kv8_d128_ps1 -> gpu4
[pool] SKIP gqa_ragged_prefill_causal_h32_kv8_d128 (DONE)
[pool] 0923 11:59 RESUME mla_paged_decode_h16_ckv512_kpe64_ps1 (done_evals=74 budget=26)
[pool] 0923 11:59 AFFINITY mla_paged_decode_h16_ckv512_kpe64_ps1 -> gpu4
[pool] 0923 11:59 RESUME mla_paged_prefill_causal_h16_ckv512_kpe64_ps1 (done_evals=79 budget=21)
[pool] 0923 11:59 AFFINITY mla_paged_prefill_causal_h16_ckv512_kpe64_ps1 -> gpu4
[pool] OK    gqa_paged_prefill_causal_h32_kv8_d128_ps1
[pool] SKIP rmsnorm_h4096 (DONE)
[pool-campaign] pool=4 concurrency=1 tag=formal_h100 tasks=1
[pool] 0923 15:41 RESUME gqa_paged_prefill_causal_h32_kv8_d128_ps1 (done_evals=96 budget=5)
[pool] 0923 15:41 AFFINITY gqa_paged_prefill_causal_h32_kv8_d128_ps1 -> gpu4
[pool-campaign] pool=0,4 concurrency=2 tag=formal_h100 tasks=2
[pool] 0923 16:04 RESUME mla_paged_decode_h16_ckv512_kpe64_ps1 (done_evals=76 budget=24)
[pool] 0923 16:04 AFFINITY mla_paged_decode_h16_ckv512_kpe64_ps1 -> gpu0
[pool] 0923 16:04 RESUME mla_paged_prefill_causal_h16_ckv512_kpe64_ps1 (done_evals=84 budget=16)
[pool] 0923 16:04 AFFINITY mla_paged_prefill_causal_h16_ckv512_kpe64_ps1 -> gpu4
[pool-campaign] pool=0,4 concurrency=3 tag=formal_h100 tasks=3
[pool] 0923 17:03 RESUME gqa_paged_prefill_causal_h32_kv8_d128_ps1 (done_evals=96 budget=5)
[pool] 0923 17:03 AFFINITY gqa_paged_prefill_causal_h32_kv8_d128_ps1 -> gpu4
[pool] 0923 17:03 RESUME mla_paged_decode_h16_ckv512_kpe64_ps1 (done_evals=76 budget=24)
[pool] 0923 17:03 AFFINITY mla_paged_decode_h16_ckv512_kpe64_ps1 -> gpu0
[pool] 0923 17:03 RESUME mla_paged_prefill_causal_h16_ckv512_kpe64_ps1 (done_evals=84 budget=16)
[pool] 0923 17:03 AFFINITY mla_paged_prefill_causal_h16_ckv512_kpe64_ps1 -> gpu4
[pool-campaign] pool=0,4 concurrency=1 tag=formal_h100 tasks=3
[pool] 0923 17:36 RESUME gqa_paged_prefill_causal_h32_kv8_d128_ps1 (done_evals=97 budget=5)
[pool] 0923 17:36 AFFINITY gqa_paged_prefill_causal_h32_kv8_d128_ps1 -> gpu4
[pool-campaign] pool=0,4 concurrency=1 tag=formal_h100 tasks=3
[pool] 0923 17:38 RESUME gqa_paged_prefill_causal_h32_kv8_d128_ps1 (done_evals=97 budget=5)
[pool] 0923 17:38 AFFINITY gqa_paged_prefill_causal_h32_kv8_d128_ps1 -> gpu4
[pool-campaign] pool=0,4 concurrency=2 tag=formal_h100 tasks=3
[pool] 0923 17:42 RESUME gqa_paged_prefill_causal_h32_kv8_d128_ps1 (done_evals=97 budget=5)
[pool] 0923 17:42 AFFINITY gqa_paged_prefill_causal_h32_kv8_d128_ps1 -> gpu4
[pool] 0923 17:42 RESUME mla_paged_prefill_causal_h16_ckv512_kpe64_ps1 (done_evals=84 budget=16)
[pool] 0923 17:42 AFFINITY mla_paged_prefill_causal_h16_ckv512_kpe64_ps1 -> gpu0
[pool] FAIL  gqa_paged_prefill_causal_h32_kv8_d128_ps1 rc=1 -> requeue (retry 1/3)
[pool] 0923 18:38 RESUME mla_paged_decode_h16_ckv512_kpe64_ps1 (done_evals=76 budget=24)
[pool] 0923 18:38 AFFINITY mla_paged_decode_h16_ckv512_kpe64_ps1 -> gpu4
[pool] FAIL  mla_paged_prefill_causal_h16_ckv512_kpe64_ps1 rc=1 -> requeue (retry 1/3)
[pool] 0923 20:09 RESUME gqa_paged_prefill_causal_h32_kv8_d128_ps1 (done_evals=101 budget=5)
[pool] 0923 20:09 AFFINITY gqa_paged_prefill_causal_h32_kv8_d128_ps1 -> gpu4
[pool] OK    gqa_paged_prefill_causal_h32_kv8_d128_ps1
[pool] 0923 20:44 RESUME mla_paged_prefill_causal_h16_ckv512_kpe64_ps1 (done_evals=100 budget=5)
[pool] 0923 20:44 AFFINITY mla_paged_prefill_causal_h16_ckv512_kpe64_ps1 -> gpu0
[pool] FAIL  mla_paged_prefill_causal_h16_ckv512_kpe64_ps1 rc=143 -> requeue (retry 2/3)
[pool] SKIP mla_paged_prefill_causal_h16_ckv512_kpe64_ps1 (DONE)
[pool] OK    mla_paged_decode_h16_ckv512_kpe64_ps1
================ pool campaign summary ================
[pool] FAIL  gqa_paged_prefill_causal_h32_kv8_d128_ps1 rc=1 -> requeue (retry 1/3)
[pool] FAIL  mla_paged_prefill_causal_h16_ckv512_kpe64_ps1 rc=1 -> requeue (retry 1/3)
[pool] OK    gqa_paged_prefill_causal_h32_kv8_d128_ps1
[pool] FAIL  mla_paged_prefill_causal_h16_ckv512_kpe64_ps1 rc=143 -> requeue (retry 2/3)
[pool] OK    mla_paged_decode_h16_ckv512_kpe64_ps1
[pool-campaign] pool=0,4 concurrency=1 tag=formal_h100 tasks=10
[pool] SKIP dsa_sparse_attention_h16_ckv512_kpe64_topk2048_ps64 (DONE)
[pool] SKIP gdn_decode_qk4_v8_d128_k_last (DONE)
[pool] SKIP gdn_prefill_qk4_v8_d128_k_last (DONE)
[pool] SKIP gemm_n4096_k4096 (DONE)
[pool] SKIP gqa_paged_decode_h32_kv8_d128_ps1 (DONE)
[pool] SKIP gqa_paged_prefill_causal_h32_kv8_d128_ps1 (DONE)
[pool] SKIP gqa_ragged_prefill_causal_h32_kv8_d128 (DONE)
[pool] SKIP mla_paged_decode_h16_ckv512_kpe64_ps1 (DONE)
[pool] SKIP mla_paged_prefill_causal_h16_ckv512_kpe64_ps1 (DONE)
[pool] SKIP rmsnorm_h4096 (DONE)
================ pool campaign summary ================
[pool-campaign] pool=0,4 concurrency=1 tag=formal_h100 tasks=10
[pool] SKIP dsa_sparse_attention_h16_ckv512_kpe64_topk2048_ps64 (DONE)
[pool] SKIP gdn_decode_qk4_v8_d128_k_last (DONE)
[pool] SKIP gdn_prefill_qk4_v8_d128_k_last (DONE)
[pool] SKIP gemm_n4096_k4096 (DONE)
[pool] SKIP gqa_paged_decode_h32_kv8_d128_ps1 (DONE)
[pool] SKIP gqa_paged_prefill_causal_h32_kv8_d128_ps1 (DONE)
[pool] SKIP gqa_ragged_prefill_causal_h32_kv8_d128 (DONE)
[pool] SKIP mla_paged_decode_h16_ckv512_kpe64_ps1 (DONE)
[pool] SKIP mla_paged_prefill_causal_h16_ckv512_kpe64_ps1 (DONE)
[pool] SKIP rmsnorm_h4096 (DONE)
================ pool campaign summary ================
