[pool-campaign] pool=5 concurrency=4 tag=formal_solL2_h100 tasks=10
[pool] 0921 10:49 RESUME L2/012_moe_expert_batched_execution_with_capacity_factor (done_evals=83 budget=17)
[pool] 0921 10:49 AFFINITY L2/012_moe_expert_batched_execution_with_capacity_factor -> gpu5
[pool] 0921 10:49 RESUME L2/015_audio_sinusoidal_position_embedding_with_conv_projection (done_evals=97 budget=5)
[pool] 0921 10:49 AFFINITY L2/015_audio_sinusoidal_position_embedding_with_conv_projection -> gpu5
[pool] SKIP L2/030_flux_concatenated_sequence_processing_with_split (DONE)
[pool] 0921 10:49 RESUME L2/036_convnextv2_layer_with_nhwc_persistence_backward (done_evals=96 budget=5)
[pool] 0921 10:49 AFFINITY L2/036_convnextv2_layer_with_nhwc_persistence_backward -> gpu5
[pool] 0921 10:49 RESUME L2/040_altup_predict_correction_cycle_backward (done_evals=61 budget=39)
[pool] 0921 10:49 AFFINITY L2/040_altup_predict_correction_cycle_backward -> gpu5
[pool] OK    L2/015_audio_sinusoidal_position_embedding_with_conv_projection
[pool] 0921 11:03 RESUME L2/043_mamba_chunk_scan_with_segsum (done_evals=99 budget=5)
[pool] 0921 11:03 AFFINITY L2/043_mamba_chunk_scan_with_segsum -> gpu5
[pool] OK    L2/036_convnextv2_layer_with_nhwc_persistence_backward
[pool] 0921 11:04 RESUME L2/049_group_limited_topk_routing (done_evals=55 budget=45)
[pool] 0921 11:04 AFFINITY L2/049_group_limited_topk_routing -> gpu5
[pool] OK    L2/043_mamba_chunk_scan_with_segsum
[pool] 0921 11:24 RESUME L2/051_seqlen-finetuned-reconstructed_hyena_complete_forward_block (done_evals=46 budget=54)
[pool] 0921 11:24 AFFINITY L2/051_seqlen-finetuned-reconstructed_hyena_complete_forward_block -> gpu5
[pool] OK    L2/012_moe_expert_batched_execution_with_capacity_factor
[pool] 0921 11:59 RESUME L2/057_residual_coupling_flow_block (done_evals=44 budget=56)
[pool] 0921 11:59 AFFINITY L2/057_residual_coupling_flow_block -> gpu5
[pool] OK    L2/040_altup_predict_correction_cycle_backward
[pool] 0921 15:01 RESUME L2/080_moe_complete_layer_with_shared_expert_backward (done_evals=99 budget=5)
[pool] 0921 15:01 AFFINITY L2/080_moe_complete_layer_with_shared_expert_backward -> gpu5
[pool] OK    L2/049_group_limited_topk_routing
[pool] OK    L2/080_moe_complete_layer_with_shared_expert_backward
[pool] OK    L2/057_residual_coupling_flow_block
[pool] OK    L2/051_seqlen-finetuned-reconstructed_hyena_complete_forward_block
================ pool campaign summary ================
[pool] OK    L2/015_audio_sinusoidal_position_embedding_with_conv_projection
[pool] OK    L2/036_convnextv2_layer_with_nhwc_persistence_backward
[pool] OK    L2/043_mamba_chunk_scan_with_segsum
[pool] OK    L2/012_moe_expert_batched_execution_with_capacity_factor
[pool] OK    L2/040_altup_predict_correction_cycle_backward
[pool] OK    L2/049_group_limited_topk_routing
[pool] OK    L2/080_moe_complete_layer_with_shared_expert_backward
[pool] OK    L2/057_residual_coupling_flow_block
[pool] OK    L2/051_seqlen-finetuned-reconstructed_hyena_complete_forward_block
[pool-campaign] pool=5 concurrency=4 tag=formal_solL2_h100 tasks=10
[pool] SKIP L2/012_moe_expert_batched_execution_with_capacity_factor (DONE)
[pool] SKIP L2/015_audio_sinusoidal_position_embedding_with_conv_projection (DONE)
[pool] SKIP L2/030_flux_concatenated_sequence_processing_with_split (DONE)
[pool] SKIP L2/036_convnextv2_layer_with_nhwc_persistence_backward (DONE)
[pool] SKIP L2/040_altup_predict_correction_cycle_backward (DONE)
[pool] SKIP L2/043_mamba_chunk_scan_with_segsum (DONE)
[pool] SKIP L2/049_group_limited_topk_routing (DONE)
[pool] SKIP L2/051_seqlen-finetuned-reconstructed_hyena_complete_forward_block (DONE)
[pool] SKIP L2/057_residual_coupling_flow_block (DONE)
[pool] SKIP L2/080_moe_complete_layer_with_shared_expert_backward (DONE)
================ pool campaign summary ================
[pool-campaign] pool=5 concurrency=4 tag=formal_solL2_h100 tasks=10
[pool] SKIP L2/012_moe_expert_batched_execution_with_capacity_factor (DONE)
[pool] SKIP L2/015_audio_sinusoidal_position_embedding_with_conv_projection (DONE)
[pool] SKIP L2/030_flux_concatenated_sequence_processing_with_split (DONE)
[pool] SKIP L2/036_convnextv2_layer_with_nhwc_persistence_backward (DONE)
[pool] SKIP L2/040_altup_predict_correction_cycle_backward (DONE)
[pool] SKIP L2/043_mamba_chunk_scan_with_segsum (DONE)
[pool] SKIP L2/049_group_limited_topk_routing (DONE)
[pool] SKIP L2/051_seqlen-finetuned-reconstructed_hyena_complete_forward_block (DONE)
[pool] SKIP L2/057_residual_coupling_flow_block (DONE)
[pool] SKIP L2/080_moe_complete_layer_with_shared_expert_backward (DONE)
================ pool campaign summary ================
[pool-campaign] pool=5 concurrency=4 tag=formal_solL2_h100 tasks=10
[pool] SKIP L2/012_moe_expert_batched_execution_with_capacity_factor (DONE)
[pool] SKIP L2/015_audio_sinusoidal_position_embedding_with_conv_projection (DONE)
[pool] SKIP L2/030_flux_concatenated_sequence_processing_with_split (DONE)
[pool] SKIP L2/036_convnextv2_layer_with_nhwc_persistence_backward (DONE)
[pool] SKIP L2/040_altup_predict_correction_cycle_backward (DONE)
[pool] SKIP L2/043_mamba_chunk_scan_with_segsum (DONE)
[pool] SKIP L2/049_group_limited_topk_routing (DONE)
[pool] SKIP L2/051_seqlen-finetuned-reconstructed_hyena_complete_forward_block (DONE)
[pool] SKIP L2/057_residual_coupling_flow_block (DONE)
[pool] SKIP L2/080_moe_complete_layer_with_shared_expert_backward (DONE)
================ pool campaign summary ================
[pool-campaign] pool=5 concurrency=4 tag=formal_solL2_h100 tasks=10
[pool] SKIP L2/012_moe_expert_batched_execution_with_capacity_factor (DONE)
[pool] SKIP L2/015_audio_sinusoidal_position_embedding_with_conv_projection (DONE)
[pool] SKIP L2/030_flux_concatenated_sequence_processing_with_split (DONE)
[pool] SKIP L2/036_convnextv2_layer_with_nhwc_persistence_backward (DONE)
[pool] SKIP L2/040_altup_predict_correction_cycle_backward (DONE)
[pool] SKIP L2/043_mamba_chunk_scan_with_segsum (DONE)
[pool] SKIP L2/049_group_limited_topk_routing (DONE)
[pool] SKIP L2/051_seqlen-finetuned-reconstructed_hyena_complete_forward_block (DONE)
[pool] SKIP L2/057_residual_coupling_flow_block (DONE)
[pool] SKIP L2/080_moe_complete_layer_with_shared_expert_backward (DONE)
================ pool campaign summary ================
[pool-campaign] pool=5 concurrency=4 tag=formal_solL2_h100 tasks=10
[pool] SKIP L2/012_moe_expert_batched_execution_with_capacity_factor (DONE)
[pool] SKIP L2/015_audio_sinusoidal_position_embedding_with_conv_projection (DONE)
[pool] SKIP L2/030_flux_concatenated_sequence_processing_with_split (DONE)
[pool] SKIP L2/036_convnextv2_layer_with_nhwc_persistence_backward (DONE)
[pool] SKIP L2/040_altup_predict_correction_cycle_backward (DONE)
[pool] SKIP L2/043_mamba_chunk_scan_with_segsum (DONE)
[pool] SKIP L2/049_group_limited_topk_routing (DONE)
[pool] SKIP L2/051_seqlen-finetuned-reconstructed_hyena_complete_forward_block (DONE)
[pool] SKIP L2/057_residual_coupling_flow_block (DONE)
[pool] SKIP L2/080_moe_complete_layer_with_shared_expert_backward (DONE)
================ pool campaign summary ================
[pool-campaign] pool=5 concurrency=4 tag=formal_solL2_h100 tasks=10
[pool] SKIP L2/012_moe_expert_batched_execution_with_capacity_factor (DONE)
[pool] SKIP L2/015_audio_sinusoidal_position_embedding_with_conv_projection (DONE)
[pool] SKIP L2/030_flux_concatenated_sequence_processing_with_split (DONE)
[pool] SKIP L2/036_convnextv2_layer_with_nhwc_persistence_backward (DONE)
[pool] SKIP L2/040_altup_predict_correction_cycle_backward (DONE)
[pool] SKIP L2/043_mamba_chunk_scan_with_segsum (DONE)
[pool] SKIP L2/049_group_limited_topk_routing (DONE)
[pool] SKIP L2/051_seqlen-finetuned-reconstructed_hyena_complete_forward_block (DONE)
[pool] SKIP L2/057_residual_coupling_flow_block (DONE)
[pool] SKIP L2/080_moe_complete_layer_with_shared_expert_backward (DONE)
================ pool campaign summary ================
[pool-campaign] pool=5 concurrency=4 tag=formal_solL2_h100 tasks=10
[pool] SKIP L2/012_moe_expert_batched_execution_with_capacity_factor (DONE)
[pool] SKIP L2/015_audio_sinusoidal_position_embedding_with_conv_projection (DONE)
[pool] SKIP L2/030_flux_concatenated_sequence_processing_with_split (DONE)
[pool] SKIP L2/036_convnextv2_layer_with_nhwc_persistence_backward (DONE)
[pool] SKIP L2/040_altup_predict_correction_cycle_backward (DONE)
[pool] SKIP L2/043_mamba_chunk_scan_with_segsum (DONE)
[pool] SKIP L2/049_group_limited_topk_routing (DONE)
[pool] SKIP L2/051_seqlen-finetuned-reconstructed_hyena_complete_forward_block (DONE)
[pool] SKIP L2/057_residual_coupling_flow_block (DONE)
[pool] SKIP L2/080_moe_complete_layer_with_shared_expert_backward (DONE)
================ pool campaign summary ================
[pool-campaign] pool=5 concurrency=4 tag=formal_solL2_h100 tasks=10
[pool] SKIP L2/012_moe_expert_batched_execution_with_capacity_factor (DONE)
[pool] SKIP L2/015_audio_sinusoidal_position_embedding_with_conv_projection (DONE)
[pool] SKIP L2/030_flux_concatenated_sequence_processing_with_split (DONE)
[pool] SKIP L2/036_convnextv2_layer_with_nhwc_persistence_backward (DONE)
[pool] SKIP L2/040_altup_predict_correction_cycle_backward (DONE)
[pool] SKIP L2/043_mamba_chunk_scan_with_segsum (DONE)
[pool] SKIP L2/049_group_limited_topk_routing (DONE)
[pool] SKIP L2/051_seqlen-finetuned-reconstructed_hyena_complete_forward_block (DONE)
[pool] SKIP L2/057_residual_coupling_flow_block (DONE)
[pool] SKIP L2/080_moe_complete_layer_with_shared_expert_backward (DONE)
================ pool campaign summary ================
[pool-campaign] pool=5 concurrency=4 tag=formal_solL2_h100 tasks=10
[pool] SKIP L2/012_moe_expert_batched_execution_with_capacity_factor (DONE)
[pool] SKIP L2/015_audio_sinusoidal_position_embedding_with_conv_projection (DONE)
[pool] SKIP L2/030_flux_concatenated_sequence_processing_with_split (DONE)
[pool] SKIP L2/036_convnextv2_layer_with_nhwc_persistence_backward (DONE)
[pool] SKIP L2/040_altup_predict_correction_cycle_backward (DONE)
[pool] SKIP L2/043_mamba_chunk_scan_with_segsum (DONE)
[pool] SKIP L2/049_group_limited_topk_routing (DONE)
[pool] SKIP L2/051_seqlen-finetuned-reconstructed_hyena_complete_forward_block (DONE)
[pool] SKIP L2/057_residual_coupling_flow_block (DONE)
[pool] SKIP L2/080_moe_complete_layer_with_shared_expert_backward (DONE)
================ pool campaign summary ================
[pool-campaign] pool=5 concurrency=4 tag=formal_solL2_h100 tasks=10
[pool] SKIP L2/012_moe_expert_batched_execution_with_capacity_factor (DONE)
[pool] SKIP L2/015_audio_sinusoidal_position_embedding_with_conv_projection (DONE)
[pool] SKIP L2/030_flux_concatenated_sequence_processing_with_split (DONE)
[pool] SKIP L2/036_convnextv2_layer_with_nhwc_persistence_backward (DONE)
[pool] SKIP L2/040_altup_predict_correction_cycle_backward (DONE)
[pool] SKIP L2/043_mamba_chunk_scan_with_segsum (DONE)
[pool] SKIP L2/049_group_limited_topk_routing (DONE)
[pool] SKIP L2/051_seqlen-finetuned-reconstructed_hyena_complete_forward_block (DONE)
[pool] SKIP L2/057_residual_coupling_flow_block (DONE)
[pool] SKIP L2/080_moe_complete_layer_with_shared_expert_backward (DONE)
================ pool campaign summary ================
[pool-campaign] pool=5 concurrency=4 tag=formal_solL2_h100 tasks=10
[pool] SKIP L2/012_moe_expert_batched_execution_with_capacity_factor (DONE)
[pool] SKIP L2/015_audio_sinusoidal_position_embedding_with_conv_projection (DONE)
[pool] SKIP L2/030_flux_concatenated_sequence_processing_with_split (DONE)
[pool] SKIP L2/036_convnextv2_layer_with_nhwc_persistence_backward (DONE)
[pool] SKIP L2/040_altup_predict_correction_cycle_backward (DONE)
[pool] SKIP L2/043_mamba_chunk_scan_with_segsum (DONE)
[pool] SKIP L2/049_group_limited_topk_routing (DONE)
[pool] SKIP L2/051_seqlen-finetuned-reconstructed_hyena_complete_forward_block (DONE)
[pool] SKIP L2/057_residual_coupling_flow_block (DONE)
[pool] SKIP L2/080_moe_complete_layer_with_shared_expert_backward (DONE)
================ pool campaign summary ================
[pool-campaign] pool=5 concurrency=4 tag=formal_solL2_h100 tasks=10
[pool] SKIP L2/012_moe_expert_batched_execution_with_capacity_factor (DONE)
[pool] SKIP L2/015_audio_sinusoidal_position_embedding_with_conv_projection (DONE)
[pool] SKIP L2/030_flux_concatenated_sequence_processing_with_split (DONE)
[pool] SKIP L2/036_convnextv2_layer_with_nhwc_persistence_backward (DONE)
[pool] SKIP L2/040_altup_predict_correction_cycle_backward (DONE)
[pool] SKIP L2/043_mamba_chunk_scan_with_segsum (DONE)
[pool] SKIP L2/049_group_limited_topk_routing (DONE)
[pool] SKIP L2/051_seqlen-finetuned-reconstructed_hyena_complete_forward_block (DONE)
[pool] SKIP L2/057_residual_coupling_flow_block (DONE)
[pool] SKIP L2/080_moe_complete_layer_with_shared_expert_backward (DONE)
================ pool campaign summary ================
