[pool-campaign] pool=4 concurrency=4 tag=formal_sol_h100 tasks=10
[pool] 0921 10:49 RESUME L1/002_vae_conv3x3_groupnorm_silu_residual_fused (done_evals=47 budget=53)
[pool] 0921 10:49 AFFINITY L1/002_vae_conv3x3_groupnorm_silu_residual_fused -> gpu4
[pool] 0921 10:49 RESUME L1/005_conv_gated_projection_with_causal_conv (done_evals=94 budget=6)
[pool] 0921 10:49 AFFINITY L1/005_conv_gated_projection_with_causal_conv -> gpu4
[pool] 0921 10:49 RESUME L1/007_hyena_fft_size_padding_rfft (done_evals=65 budget=35)
[pool] 0921 10:49 AFFINITY L1/007_hyena_fft_size_padding_rfft -> gpu4
[pool] 0921 10:49 RESUME L1/008_expert_output_weighted_index_add_accumulation (done_evals=60 budget=40)
[pool] 0921 10:49 AFFINITY L1/008_expert_output_weighted_index_add_accumulation -> gpu4
[pool] OK    L1/005_conv_gated_projection_with_causal_conv
[pool] 0921 14:10 RESUME L1/018_fused_rope_with_qk_norm_and_kv_cache_update (done_evals=21 budget=79)
[pool] 0921 14:10 AFFINITY L1/018_fused_rope_with_qk_norm_and_kv_cache_update -> gpu4
[pool-campaign] pool=4 concurrency=8 tag=formal_sol_h100 tasks=10
[pool] 0921 16:18 RESUME L1/002_vae_conv3x3_groupnorm_silu_residual_fused (done_evals=66 budget=34)
[pool] 0921 16:18 AFFINITY L1/002_vae_conv3x3_groupnorm_silu_residual_fused -> gpu4
[pool] SKIP L1/005_conv_gated_projection_with_causal_conv (DONE)
[pool] 0921 16:18 RESUME L1/007_hyena_fft_size_padding_rfft (done_evals=90 budget=10)
[pool] 0921 16:18 AFFINITY L1/007_hyena_fft_size_padding_rfft -> gpu4
[pool] 0921 16:18 RESUME L1/008_expert_output_weighted_index_add_accumulation (done_evals=80 budget=20)
[pool] 0921 16:18 AFFINITY L1/008_expert_output_weighted_index_add_accumulation -> gpu4
[pool] 0921 16:18 RESUME L1/018_fused_rope_with_qk_norm_and_kv_cache_update (done_evals=29 budget=71)
[pool] 0921 16:18 AFFINITY L1/018_fused_rope_with_qk_norm_and_kv_cache_update -> gpu4
[pool] 0921 16:18 RESUME L1/020_vision_patch_merger_spatial_shuffle_mlp (done_evals=17 budget=83)
[pool] 0921 16:18 AFFINITY L1/020_vision_patch_merger_spatial_shuffle_mlp -> gpu4
[pool] 0921 16:18 RESUME L1/053_gaussian_topk_sparse_activation (done_evals=10 budget=90)
[pool] 0921 16:18 AFFINITY L1/053_gaussian_topk_sparse_activation -> gpu4
[pool] 0921 16:18 RESUME L1/058_moe_expert_token_radix_sort_with_prefix_sum (done_evals=7 budget=93)
[pool] 0921 16:18 AFFINITY L1/058_moe_expert_token_radix_sort_with_prefix_sum -> gpu4
[pool] 0921 16:18 RESUME L1/070_mamba2_fused_intra_chunk_diagonal_computation (done_evals=42 budget=58)
[pool] 0921 16:18 AFFINITY L1/070_mamba2_fused_intra_chunk_diagonal_computation -> gpu4
[pool] OK    L1/007_hyena_fft_size_padding_rfft
[pool] 0921 17:11 RESUME L1/092_gqa_attention_with_qk_norm (done_evals=1 budget=99)
[pool] 0921 17:11 AFFINITY L1/092_gqa_attention_with_qk_norm -> gpu4
[pool] FAIL  L1/092_gqa_attention_with_qk_norm rc=1 -> requeue (retry 1/3)
[pool] 0921 17:14 RESUME L1/092_gqa_attention_with_qk_norm (done_evals=1 budget=99)
[pool] 0921 17:14 AFFINITY L1/092_gqa_attention_with_qk_norm -> gpu4
[pool] OK    L1/008_expert_output_weighted_index_add_accumulation
[pool] FAIL  L1/092_gqa_attention_with_qk_norm rc=137 -> requeue (retry 2/3)
[pool] FAIL  L1/018_fused_rope_with_qk_norm_and_kv_cache_update rc=137 -> requeue (retry 1/3)
[pool] FAIL  L1/053_gaussian_topk_sparse_activation rc=137 -> requeue (retry 1/3)
[pool] FAIL  L1/070_mamba2_fused_intra_chunk_diagonal_computation rc=137 -> requeue (retry 1/3)
[pool] FAIL  L1/020_vision_patch_merger_spatial_shuffle_mlp rc=137 -> requeue (retry 1/3)
[pool] FAIL  L1/058_moe_expert_token_radix_sort_with_prefix_sum rc=137 -> requeue (retry 1/3)
[pool] FAIL  L1/002_vae_conv3x3_groupnorm_silu_residual_fused rc=137 -> requeue (retry 1/3)
[pool] 0921 18:28 RESUME L1/092_gqa_attention_with_qk_norm (done_evals=19 budget=81)
[pool] 0921 18:28 AFFINITY L1/092_gqa_attention_with_qk_norm -> gpu4
[pool] 0921 18:28 RESUME L1/018_fused_rope_with_qk_norm_and_kv_cache_update (done_evals=52 budget=48)
[pool] 0921 18:28 AFFINITY L1/018_fused_rope_with_qk_norm_and_kv_cache_update -> gpu4
[pool] 0921 18:28 RESUME L1/053_gaussian_topk_sparse_activation (done_evals=34 budget=66)
[pool] 0921 18:28 AFFINITY L1/053_gaussian_topk_sparse_activation -> gpu4
[pool] 0921 18:28 RESUME L1/070_mamba2_fused_intra_chunk_diagonal_computation (done_evals=72 budget=28)
[pool] 0921 18:28 AFFINITY L1/070_mamba2_fused_intra_chunk_diagonal_computation -> gpu4
[pool] 0921 18:28 RESUME L1/020_vision_patch_merger_spatial_shuffle_mlp (done_evals=37 budget=63)
[pool] 0921 18:28 AFFINITY L1/020_vision_patch_merger_spatial_shuffle_mlp -> gpu4
[pool] 0921 18:28 RESUME L1/058_moe_expert_token_radix_sort_with_prefix_sum (done_evals=32 budget=68)
[pool] 0921 18:28 AFFINITY L1/058_moe_expert_token_radix_sort_with_prefix_sum -> gpu4
[pool] 0921 18:28 RESUME L1/002_vae_conv3x3_groupnorm_silu_residual_fused (done_evals=91 budget=9)
[pool] 0921 18:28 AFFINITY L1/002_vae_conv3x3_groupnorm_silu_residual_fused -> gpu4
[pool-campaign] pool=4 concurrency=4 tag=formal_sol_h100 tasks=10
[pool] 0921 18:56 RESUME L1/002_vae_conv3x3_groupnorm_silu_residual_fused (done_evals=96 budget=5)
[pool] 0921 18:56 AFFINITY L1/002_vae_conv3x3_groupnorm_silu_residual_fused -> gpu4
[pool] SKIP L1/005_conv_gated_projection_with_causal_conv (DONE)
[pool] SKIP L1/007_hyena_fft_size_padding_rfft (DONE)
[pool] SKIP L1/008_expert_output_weighted_index_add_accumulation (DONE)
[pool] 0921 18:56 RESUME L1/018_fused_rope_with_qk_norm_and_kv_cache_update (done_evals=55 budget=45)
[pool] 0921 18:56 AFFINITY L1/018_fused_rope_with_qk_norm_and_kv_cache_update -> gpu4
[pool] 0921 18:56 RESUME L1/020_vision_patch_merger_spatial_shuffle_mlp (done_evals=41 budget=59)
[pool] 0921 18:56 AFFINITY L1/020_vision_patch_merger_spatial_shuffle_mlp -> gpu4
[pool] 0921 18:56 RESUME L1/053_gaussian_topk_sparse_activation (done_evals=43 budget=57)
[pool] 0921 18:56 AFFINITY L1/053_gaussian_topk_sparse_activation -> gpu4
[pool-campaign] pool=3,4,5 concurrency=7 tag=formal_sol_h100 tasks=10
[pool] 0921 18:56 RESUME L1/002_vae_conv3x3_groupnorm_silu_residual_fused (done_evals=96 budget=5)
[pool] 0921 18:56 AFFINITY L1/002_vae_conv3x3_groupnorm_silu_residual_fused -> gpu4
[pool] SKIP L1/005_conv_gated_projection_with_causal_conv (DONE)
[pool] SKIP L1/007_hyena_fft_size_padding_rfft (DONE)
[pool] SKIP L1/008_expert_output_weighted_index_add_accumulation (DONE)
[pool] 0921 18:56 RESUME L1/018_fused_rope_with_qk_norm_and_kv_cache_update (done_evals=55 budget=45)
[pool] 0921 18:56 AFFINITY L1/018_fused_rope_with_qk_norm_and_kv_cache_update -> gpu4
[pool] 0921 18:56 RESUME L1/020_vision_patch_merger_spatial_shuffle_mlp (done_evals=41 budget=59)
[pool] 0921 18:56 AFFINITY L1/020_vision_patch_merger_spatial_shuffle_mlp -> gpu3
[pool] 0921 18:56 RESUME L1/053_gaussian_topk_sparse_activation (done_evals=43 budget=57)
[pool] 0921 18:56 AFFINITY L1/053_gaussian_topk_sparse_activation -> gpu4
[pool] 0921 18:56 RESUME L1/058_moe_expert_token_radix_sort_with_prefix_sum (done_evals=36 budget=64)
[pool] 0921 18:56 AFFINITY L1/058_moe_expert_token_radix_sort_with_prefix_sum -> gpu3
[pool] 0921 18:56 RESUME L1/070_mamba2_fused_intra_chunk_diagonal_computation (done_evals=82 budget=18)
[pool] 0921 18:56 AFFINITY L1/070_mamba2_fused_intra_chunk_diagonal_computation -> gpu5
[pool] 0921 18:56 RESUME L1/092_gqa_attention_with_qk_norm (done_evals=25 budget=75)
[pool] 0921 18:56 AFFINITY L1/092_gqa_attention_with_qk_norm -> gpu5
/home/ziming/ksearch_h100_portable/scripts/ksearch_pool_campaign.sh: line 84: 3001576 Killed                  env KSEARCH_GPU_POOL="${sticky}" KSEARCH_TASK_GPU="${sticky}" KSEARCH_RUN_TAG="${TAG}" KSEARCH_MAX_ROUNDS="${rounds}" KSEARCH_WM_MAX_ACTION_NODES="${KSEARCH_WM_MAX_ACTION_NODES:-20}" KSEARCH_WM_MAX_ATTEMPTS_PER_NODE="${KSEARCH_WM_MAX_ATTEMPTS_PER_NODE:-5}" KSEARCH_POOL_TASK="${t}" bash "${WS}/ksearch-run.sh" "${t}" 0 --wm "${extra[@]}" >> "${rd}/campaign_stdout.log" 2>&1
/home/ziming/ksearch_h100_portable/scripts/ksearch_pool_campaign.sh: line 84: 3001593 Killed                  env KSEARCH_GPU_POOL="${sticky}" KSEARCH_TASK_GPU="${sticky}" KSEARCH_RUN_TAG="${TAG}" KSEARCH_MAX_ROUNDS="${rounds}" KSEARCH_WM_MAX_ACTION_NODES="${KSEARCH_WM_MAX_ACTION_NODES:-20}" KSEARCH_WM_MAX_ATTEMPTS_PER_NODE="${KSEARCH_WM_MAX_ATTEMPTS_PER_NODE:-5}" KSEARCH_POOL_TASK="${t}" bash "${WS}/ksearch-run.sh" "${t}" 0 --wm "${extra[@]}" >> "${rd}/campaign_stdout.log" 2>&1
/home/ziming/ksearch_h100_portable/scripts/ksearch_pool_campaign.sh: line 84: 3001621 Killed                  env KSEARCH_GPU_POOL="${sticky}" KSEARCH_TASK_GPU="${sticky}" KSEARCH_RUN_TAG="${TAG}" KSEARCH_MAX_ROUNDS="${rounds}" KSEARCH_WM_MAX_ACTION_NODES="${KSEARCH_WM_MAX_ACTION_NODES:-20}" KSEARCH_WM_MAX_ATTEMPTS_PER_NODE="${KSEARCH_WM_MAX_ATTEMPTS_PER_NODE:-5}" KSEARCH_POOL_TASK="${t}" bash "${WS}/ksearch-run.sh" "${t}" 0 --wm "${extra[@]}" >> "${rd}/campaign_stdout.log" 2>&1
/home/ziming/ksearch_h100_portable/scripts/ksearch_pool_campaign.sh: line 84: 3001608 Killed                  env KSEARCH_GPU_POOL="${sticky}" KSEARCH_TASK_GPU="${sticky}" KSEARCH_RUN_TAG="${TAG}" KSEARCH_MAX_ROUNDS="${rounds}" KSEARCH_WM_MAX_ACTION_NODES="${KSEARCH_WM_MAX_ACTION_NODES:-20}" KSEARCH_WM_MAX_ATTEMPTS_PER_NODE="${KSEARCH_WM_MAX_ATTEMPTS_PER_NODE:-5}" KSEARCH_POOL_TASK="${t}" bash "${WS}/ksearch-run.sh" "${t}" 0 --wm "${extra[@]}" >> "${rd}/campaign_stdout.log" 2>&1
/home/ziming/ksearch_h100_portable/scripts/ksearch_pool_campaign.sh: line 84: 3001636 Killed                  env KSEARCH_GPU_POOL="${sticky}" KSEARCH_TASK_GPU="${sticky}" KSEARCH_RUN_TAG="${TAG}" KSEARCH_MAX_ROUNDS="${rounds}" KSEARCH_WM_MAX_ACTION_NODES="${KSEARCH_WM_MAX_ACTION_NODES:-20}" KSEARCH_WM_MAX_ATTEMPTS_PER_NODE="${KSEARCH_WM_MAX_ATTEMPTS_PER_NODE:-5}" KSEARCH_POOL_TASK="${t}" bash "${WS}/ksearch-run.sh" "${t}" 0 --wm "${extra[@]}" >> "${rd}/campaign_stdout.log" 2>&1
/home/ziming/ksearch_h100_portable/scripts/ksearch_pool_campaign.sh: line 84: 3001650 Killed                  env KSEARCH_GPU_POOL="${sticky}" KSEARCH_TASK_GPU="${sticky}" KSEARCH_RUN_TAG="${TAG}" KSEARCH_MAX_ROUNDS="${rounds}" KSEARCH_WM_MAX_ACTION_NODES="${KSEARCH_WM_MAX_ACTION_NODES:-20}" KSEARCH_WM_MAX_ATTEMPTS_PER_NODE="${KSEARCH_WM_MAX_ATTEMPTS_PER_NODE:-5}" KSEARCH_POOL_TASK="${t}" bash "${WS}/ksearch-run.sh" "${t}" 0 --wm "${extra[@]}" >> "${rd}/campaign_stdout.log" 2>&1
/home/ziming/ksearch_h100_portable/scripts/ksearch_pool_campaign.sh: line 84: 3001664 Killed                  env KSEARCH_GPU_POOL="${sticky}" KSEARCH_TASK_GPU="${sticky}" KSEARCH_RUN_TAG="${TAG}" KSEARCH_MAX_ROUNDS="${rounds}" KSEARCH_WM_MAX_ACTION_NODES="${KSEARCH_WM_MAX_ACTION_NODES:-20}" KSEARCH_WM_MAX_ATTEMPTS_PER_NODE="${KSEARCH_WM_MAX_ATTEMPTS_PER_NODE:-5}" KSEARCH_POOL_TASK="${t}" bash "${WS}/ksearch-run.sh" "${t}" 0 --wm "${extra[@]}" >> "${rd}/campaign_stdout.log" 2>&1
[pool] FAIL  L1/070_mamba2_fused_intra_chunk_diagonal_computation rc=137 -> requeue (retry 1/3)
[pool] FAIL  L1/058_moe_expert_token_radix_sort_with_prefix_sum rc=137 -> requeue (retry 1/3)
[pool] FAIL  L1/092_gqa_attention_with_qk_norm rc=137 -> requeue (retry 1/3)
[pool] FAIL  L1/020_vision_patch_merger_spatial_shuffle_mlp rc=137 -> requeue (retry 1/3)
[pool] FAIL  L1/002_vae_conv3x3_groupnorm_silu_residual_fused rc=137 -> requeue (retry 1/3)
[pool] FAIL  L1/018_fused_rope_with_qk_norm_and_kv_cache_update rc=137 -> requeue (retry 1/3)
[pool] FAIL  L1/053_gaussian_topk_sparse_activation rc=137 -> requeue (retry 1/3)
[pool] 0921 19:04 RESUME L1/070_mamba2_fused_intra_chunk_diagonal_computation (done_evals=82 budget=18)
[pool] 0921 19:04 AFFINITY L1/070_mamba2_fused_intra_chunk_diagonal_computation -> gpu5
[pool] 0921 19:04 RESUME L1/058_moe_expert_token_radix_sort_with_prefix_sum (done_evals=38 budget=62)
[pool] 0921 19:04 AFFINITY L1/058_moe_expert_token_radix_sort_with_prefix_sum -> gpu3
[pool] 0921 19:04 RESUME L1/092_gqa_attention_with_qk_norm (done_evals=27 budget=73)
[pool] 0921 19:04 AFFINITY L1/092_gqa_attention_with_qk_norm -> gpu5
[pool] 0921 19:04 RESUME L1/020_vision_patch_merger_spatial_shuffle_mlp (done_evals=41 budget=59)
[pool] 0921 19:04 AFFINITY L1/020_vision_patch_merger_spatial_shuffle_mlp -> gpu3
[pool] 0921 19:04 RESUME L1/002_vae_conv3x3_groupnorm_silu_residual_fused (done_evals=99 budget=5)
[pool] 0921 19:04 AFFINITY L1/002_vae_conv3x3_groupnorm_silu_residual_fused -> gpu4
[pool] 0921 19:04 RESUME L1/018_fused_rope_with_qk_norm_and_kv_cache_update (done_evals=57 budget=43)
[pool] 0921 19:04 AFFINITY L1/018_fused_rope_with_qk_norm_and_kv_cache_update -> gpu4
[pool] 0921 19:04 RESUME L1/053_gaussian_topk_sparse_activation (done_evals=45 budget=55)
[pool] 0921 19:04 AFFINITY L1/053_gaussian_topk_sparse_activation -> gpu4
[pool] FAIL  L1/070_mamba2_fused_intra_chunk_diagonal_computation rc=1 -> requeue (retry 2/3)
[pool] 0921 19:15 RESUME L1/070_mamba2_fused_intra_chunk_diagonal_computation (done_evals=86 budget=14)
[pool] 0921 19:15 AFFINITY L1/070_mamba2_fused_intra_chunk_diagonal_computation -> gpu5
[pool] OK    L1/002_vae_conv3x3_groupnorm_silu_residual_fused
[pool-campaign] pool=4 concurrency=6 tag=formal_sol_h100 tasks=10
[pool] SKIP L1/002_vae_conv3x3_groupnorm_silu_residual_fused (DONE)
[pool] SKIP L1/005_conv_gated_projection_with_causal_conv (DONE)
[pool] SKIP L1/007_hyena_fft_size_padding_rfft (DONE)
[pool] SKIP L1/008_expert_output_weighted_index_add_accumulation (DONE)
[pool] 0921 19:21 RESUME L1/018_fused_rope_with_qk_norm_and_kv_cache_update (done_evals=62 budget=38)
[pool] 0921 19:21 AFFINITY L1/018_fused_rope_with_qk_norm_and_kv_cache_update -> gpu4
[pool] 0921 19:21 RESUME L1/020_vision_patch_merger_spatial_shuffle_mlp (done_evals=46 budget=54)
[pool] 0921 19:21 AFFINITY L1/020_vision_patch_merger_spatial_shuffle_mlp -> gpu4
[pool] 0921 19:21 RESUME L1/053_gaussian_topk_sparse_activation (done_evals=50 budget=50)
[pool] 0921 19:21 AFFINITY L1/053_gaussian_topk_sparse_activation -> gpu4
[pool] 0921 19:21 RESUME L1/058_moe_expert_token_radix_sort_with_prefix_sum (done_evals=45 budget=55)
[pool] 0921 19:21 AFFINITY L1/058_moe_expert_token_radix_sort_with_prefix_sum -> gpu4
[pool] 0921 19:21 RESUME L1/070_mamba2_fused_intra_chunk_diagonal_computation (done_evals=88 budget=12)
[pool] 0921 19:21 AFFINITY L1/070_mamba2_fused_intra_chunk_diagonal_computation -> gpu4
[pool] 0921 19:21 RESUME L1/092_gqa_attention_with_qk_norm (done_evals=31 budget=69)
[pool] 0921 19:21 AFFINITY L1/092_gqa_attention_with_qk_norm -> gpu4
[pool-campaign] pool=4 concurrency=6 tag=formal_sol_h100 tasks=10
[pool] SKIP L1/002_vae_conv3x3_groupnorm_silu_residual_fused (DONE)
[pool] SKIP L1/005_conv_gated_projection_with_causal_conv (DONE)
[pool] SKIP L1/007_hyena_fft_size_padding_rfft (DONE)
[pool] SKIP L1/008_expert_output_weighted_index_add_accumulation (DONE)
[pool] 0921 19:50 RESUME L1/018_fused_rope_with_qk_norm_and_kv_cache_update (done_evals=62 budget=38)
[pool] 0921 19:50 AFFINITY L1/018_fused_rope_with_qk_norm_and_kv_cache_update -> gpu4
[pool] 0921 19:50 RESUME L1/020_vision_patch_merger_spatial_shuffle_mlp (done_evals=46 budget=54)
[pool] 0921 19:50 AFFINITY L1/020_vision_patch_merger_spatial_shuffle_mlp -> gpu4
[pool] 0921 19:50 RESUME L1/053_gaussian_topk_sparse_activation (done_evals=50 budget=50)
[pool] 0921 19:50 AFFINITY L1/053_gaussian_topk_sparse_activation -> gpu4
[pool] 0921 19:50 RESUME L1/058_moe_expert_token_radix_sort_with_prefix_sum (done_evals=45 budget=55)
[pool] 0921 19:50 AFFINITY L1/058_moe_expert_token_radix_sort_with_prefix_sum -> gpu4
[pool] 0921 19:50 RESUME L1/070_mamba2_fused_intra_chunk_diagonal_computation (done_evals=88 budget=12)
[pool] 0921 19:50 AFFINITY L1/070_mamba2_fused_intra_chunk_diagonal_computation -> gpu4
[pool] 0921 19:50 RESUME L1/092_gqa_attention_with_qk_norm (done_evals=31 budget=69)
[pool] 0921 19:50 AFFINITY L1/092_gqa_attention_with_qk_norm -> gpu4
[pool] FAIL  L1/018_fused_rope_with_qk_norm_and_kv_cache_update rc=1 -> requeue (retry 1/3)
[pool] 0921 22:22 RESUME L1/018_fused_rope_with_qk_norm_and_kv_cache_update (done_evals=63 budget=37)
[pool] 0921 22:22 AFFINITY L1/018_fused_rope_with_qk_norm_and_kv_cache_update -> gpu4
[pool-campaign] pool=4 concurrency=6 tag=formal_sol_h100 tasks=10
[pool] SKIP L1/002_vae_conv3x3_groupnorm_silu_residual_fused (DONE)
[pool] SKIP L1/005_conv_gated_projection_with_causal_conv (DONE)
[pool] SKIP L1/007_hyena_fft_size_padding_rfft (DONE)
[pool] SKIP L1/008_expert_output_weighted_index_add_accumulation (DONE)
[pool] 0922 10:21 RESUME L1/018_fused_rope_with_qk_norm_and_kv_cache_update (done_evals=67 budget=33)
[pool] 0922 10:21 AFFINITY L1/018_fused_rope_with_qk_norm_and_kv_cache_update -> gpu4
[pool] 0922 10:21 RESUME L1/020_vision_patch_merger_spatial_shuffle_mlp (done_evals=50 budget=50)
[pool] 0922 10:21 AFFINITY L1/020_vision_patch_merger_spatial_shuffle_mlp -> gpu4
[pool] 0922 10:21 RESUME L1/053_gaussian_topk_sparse_activation (done_evals=54 budget=46)
[pool] 0922 10:21 AFFINITY L1/053_gaussian_topk_sparse_activation -> gpu4
[pool] 0922 10:21 RESUME L1/058_moe_expert_token_radix_sort_with_prefix_sum (done_evals=50 budget=50)
[pool] 0922 10:21 AFFINITY L1/058_moe_expert_token_radix_sort_with_prefix_sum -> gpu4
[pool] 0922 10:21 RESUME L1/070_mamba2_fused_intra_chunk_diagonal_computation (done_evals=94 budget=6)
[pool] 0922 10:21 AFFINITY L1/070_mamba2_fused_intra_chunk_diagonal_computation -> gpu4
[pool] 0922 10:21 RESUME L1/092_gqa_attention_with_qk_norm (done_evals=36 budget=64)
[pool] 0922 10:21 AFFINITY L1/092_gqa_attention_with_qk_norm -> gpu4
[pool] FAIL  L1/053_gaussian_topk_sparse_activation rc=1 -> requeue (retry 1/3)
[pool] 0922 10:24 RESUME L1/053_gaussian_topk_sparse_activation (done_evals=54 budget=46)
[pool] 0922 10:24 AFFINITY L1/053_gaussian_topk_sparse_activation -> gpu4
[pool] FAIL  L1/070_mamba2_fused_intra_chunk_diagonal_computation rc=1 -> requeue (retry 1/3)
[pool] 0922 10:25 RESUME L1/070_mamba2_fused_intra_chunk_diagonal_computation (done_evals=94 budget=6)
[pool] 0922 10:25 AFFINITY L1/070_mamba2_fused_intra_chunk_diagonal_computation -> gpu4
[pool] FAIL  L1/058_moe_expert_token_radix_sort_with_prefix_sum rc=1 -> requeue (retry 1/3)
[pool] 0922 10:26 RESUME L1/058_moe_expert_token_radix_sort_with_prefix_sum (done_evals=51 budget=49)
[pool] 0922 10:26 AFFINITY L1/058_moe_expert_token_radix_sort_with_prefix_sum -> gpu4
[pool] FAIL  L1/053_gaussian_topk_sparse_activation rc=1 -> requeue (retry 2/3)
[pool] 0922 10:27 RESUME L1/053_gaussian_topk_sparse_activation (done_evals=54 budget=46)
[pool] 0922 10:27 AFFINITY L1/053_gaussian_topk_sparse_activation -> gpu4
[pool] FAIL  L1/070_mamba2_fused_intra_chunk_diagonal_computation rc=1 -> requeue (retry 2/3)
[pool] 0922 10:29 RESUME L1/070_mamba2_fused_intra_chunk_diagonal_computation (done_evals=94 budget=6)
[pool] 0922 10:29 AFFINITY L1/070_mamba2_fused_intra_chunk_diagonal_computation -> gpu4
[pool] FAIL  L1/070_mamba2_fused_intra_chunk_diagonal_computation rc=1 -> requeue (retry 3/3)
[pool] 0922 10:36 RESUME L1/070_mamba2_fused_intra_chunk_diagonal_computation (done_evals=94 budget=6)
[pool] 0922 10:36 AFFINITY L1/070_mamba2_fused_intra_chunk_diagonal_computation -> gpu4
[pool] FAIL  L1/070_mamba2_fused_intra_chunk_diagonal_computation rc=1 (log: /home/ziming/ksearch_h100_portable/baseline/ksearch-sol-execbench/experiments/formal_sol_h100/070_mamba2_fused_intra_chunk_diagonal_computation/run_seed0/campaign_stdout.log) retries exhausted
[pool] FAIL  L1/092_gqa_attention_with_qk_norm rc=1 -> requeue (retry 1/3)
[pool] 0922 10:46 RESUME L1/092_gqa_attention_with_qk_norm (done_evals=39 budget=61)
[pool] 0922 10:46 AFFINITY L1/092_gqa_attention_with_qk_norm -> gpu4
[pool] FAIL  L1/092_gqa_attention_with_qk_norm rc=1 -> requeue (retry 2/3)
[pool] 0922 10:59 RESUME L1/092_gqa_attention_with_qk_norm (done_evals=39 budget=61)
[pool] 0922 10:59 AFFINITY L1/092_gqa_attention_with_qk_norm -> gpu4
[pool] FAIL  L1/018_fused_rope_with_qk_norm_and_kv_cache_update rc=1 -> requeue (retry 1/3)
[pool] 0922 11:12 RESUME L1/018_fused_rope_with_qk_norm_and_kv_cache_update (done_evals=75 budget=25)
[pool] 0922 11:12 AFFINITY L1/018_fused_rope_with_qk_norm_and_kv_cache_update -> gpu4
[pool] FAIL  L1/018_fused_rope_with_qk_norm_and_kv_cache_update rc=1 -> requeue (retry 2/3)
[pool] 0922 11:19 RESUME L1/018_fused_rope_with_qk_norm_and_kv_cache_update (done_evals=75 budget=25)
[pool] 0922 11:19 AFFINITY L1/018_fused_rope_with_qk_norm_and_kv_cache_update -> gpu4
[pool] FAIL  L1/018_fused_rope_with_qk_norm_and_kv_cache_update rc=1 -> requeue (retry 3/3)
[pool] 0922 11:32 RESUME L1/018_fused_rope_with_qk_norm_and_kv_cache_update (done_evals=77 budget=23)
[pool] 0922 11:32 AFFINITY L1/018_fused_rope_with_qk_norm_and_kv_cache_update -> gpu4
[pool] FAIL  L1/053_gaussian_topk_sparse_activation rc=1 -> requeue (retry 3/3)
[pool] 0922 11:45 RESUME L1/053_gaussian_topk_sparse_activation (done_evals=62 budget=38)
[pool] 0922 11:45 AFFINITY L1/053_gaussian_topk_sparse_activation -> gpu4
[pool] FAIL  L1/018_fused_rope_with_qk_norm_and_kv_cache_update rc=1 (log: /home/ziming/ksearch_h100_portable/baseline/ksearch-sol-execbench/experiments/formal_sol_h100/018_fused_rope_with_qk_norm_and_kv_cache_update/run_seed0/campaign_stdout.log) retries exhausted
[pool] FAIL  L1/053_gaussian_topk_sparse_activation rc=1 (log: /home/ziming/ksearch_h100_portable/baseline/ksearch-sol-execbench/experiments/formal_sol_h100/053_gaussian_topk_sparse_activation/run_seed0/campaign_stdout.log) retries exhausted
[pool] FAIL  L1/092_gqa_attention_with_qk_norm rc=1 -> requeue (retry 3/3)
[pool] 0922 12:03 RESUME L1/092_gqa_attention_with_qk_norm (done_evals=50 budget=50)
[pool] 0922 12:03 AFFINITY L1/092_gqa_attention_with_qk_norm -> gpu4
[pool] FAIL  L1/092_gqa_attention_with_qk_norm rc=1 (log: /home/ziming/ksearch_h100_portable/baseline/ksearch-sol-execbench/experiments/formal_sol_h100/092_gqa_attention_with_qk_norm/run_seed0/campaign_stdout.log) retries exhausted
[pool] FAIL  L1/020_vision_patch_merger_spatial_shuffle_mlp rc=1 -> requeue (retry 1/3)
[pool] 0922 13:52 RESUME L1/020_vision_patch_merger_spatial_shuffle_mlp (done_evals=98 budget=5)
[pool] 0922 13:52 AFFINITY L1/020_vision_patch_merger_spatial_shuffle_mlp -> gpu4
[pool] OK    L1/058_moe_expert_token_radix_sort_with_prefix_sum
[pool] OK    L1/020_vision_patch_merger_spatial_shuffle_mlp
================ pool campaign summary ================
[pool] FAIL  L1/053_gaussian_topk_sparse_activation rc=1 -> requeue (retry 1/3)
[pool] FAIL  L1/070_mamba2_fused_intra_chunk_diagonal_computation rc=1 -> requeue (retry 1/3)
[pool] FAIL  L1/058_moe_expert_token_radix_sort_with_prefix_sum rc=1 -> requeue (retry 1/3)
[pool] FAIL  L1/053_gaussian_topk_sparse_activation rc=1 -> requeue (retry 2/3)
[pool] FAIL  L1/070_mamba2_fused_intra_chunk_diagonal_computation rc=1 -> requeue (retry 2/3)
[pool] FAIL  L1/070_mamba2_fused_intra_chunk_diagonal_computation rc=1 -> requeue (retry 3/3)
[pool] FAIL  L1/070_mamba2_fused_intra_chunk_diagonal_computation rc=1 (log: /home/ziming/ksearch_h100_portable/baseline/ksearch-sol-execbench/experiments/formal_sol_h100/070_mamba2_fused_intra_chunk_diagonal_computation/run_seed0/campaign_stdout.log) retries exhausted
[pool] FAIL  L1/092_gqa_attention_with_qk_norm rc=1 -> requeue (retry 1/3)
[pool] FAIL  L1/092_gqa_attention_with_qk_norm rc=1 -> requeue (retry 2/3)
[pool] FAIL  L1/018_fused_rope_with_qk_norm_and_kv_cache_update rc=1 -> requeue (retry 1/3)
[pool] FAIL  L1/018_fused_rope_with_qk_norm_and_kv_cache_update rc=1 -> requeue (retry 2/3)
[pool] FAIL  L1/018_fused_rope_with_qk_norm_and_kv_cache_update rc=1 -> requeue (retry 3/3)
[pool] FAIL  L1/053_gaussian_topk_sparse_activation rc=1 -> requeue (retry 3/3)
[pool] FAIL  L1/018_fused_rope_with_qk_norm_and_kv_cache_update rc=1 (log: /home/ziming/ksearch_h100_portable/baseline/ksearch-sol-execbench/experiments/formal_sol_h100/018_fused_rope_with_qk_norm_and_kv_cache_update/run_seed0/campaign_stdout.log) retries exhausted
[pool] FAIL  L1/053_gaussian_topk_sparse_activation rc=1 (log: /home/ziming/ksearch_h100_portable/baseline/ksearch-sol-execbench/experiments/formal_sol_h100/053_gaussian_topk_sparse_activation/run_seed0/campaign_stdout.log) retries exhausted
[pool] FAIL  L1/092_gqa_attention_with_qk_norm rc=1 -> requeue (retry 3/3)
[pool] FAIL  L1/092_gqa_attention_with_qk_norm rc=1 (log: /home/ziming/ksearch_h100_portable/baseline/ksearch-sol-execbench/experiments/formal_sol_h100/092_gqa_attention_with_qk_norm/run_seed0/campaign_stdout.log) retries exhausted
[pool] FAIL  L1/020_vision_patch_merger_spatial_shuffle_mlp rc=1 -> requeue (retry 1/3)
[pool] OK    L1/058_moe_expert_token_radix_sort_with_prefix_sum
[pool] OK    L1/020_vision_patch_merger_spatial_shuffle_mlp
[pool-campaign] pool=4 concurrency=6 tag=formal_sol_h100 tasks=10
[pool] SKIP L1/002_vae_conv3x3_groupnorm_silu_residual_fused (DONE)
[pool] SKIP L1/005_conv_gated_projection_with_causal_conv (DONE)
[pool] SKIP L1/007_hyena_fft_size_padding_rfft (DONE)
[pool] SKIP L1/008_expert_output_weighted_index_add_accumulation (DONE)
[pool] 0922 14:11 RESUME L1/018_fused_rope_with_qk_norm_and_kv_cache_update (done_evals=77 budget=23)
[pool] 0922 14:11 AFFINITY L1/018_fused_rope_with_qk_norm_and_kv_cache_update -> gpu4
[pool] SKIP L1/020_vision_patch_merger_spatial_shuffle_mlp (DONE)
[pool] 0922 14:11 RESUME L1/053_gaussian_topk_sparse_activation (done_evals=63 budget=37)
[pool] 0922 14:11 AFFINITY L1/053_gaussian_topk_sparse_activation -> gpu4
[pool] SKIP L1/058_moe_expert_token_radix_sort_with_prefix_sum (DONE)
[pool] 0922 14:11 RESUME L1/070_mamba2_fused_intra_chunk_diagonal_computation (done_evals=94 budget=6)
[pool] 0922 14:11 AFFINITY L1/070_mamba2_fused_intra_chunk_diagonal_computation -> gpu4
[pool] 0922 14:11 RESUME L1/092_gqa_attention_with_qk_norm (done_evals=52 budget=48)
[pool] 0922 14:11 AFFINITY L1/092_gqa_attention_with_qk_norm -> gpu4
[pool] FAIL  L1/053_gaussian_topk_sparse_activation rc=1 -> requeue (retry 1/3)
[pool] 0922 14:15 RESUME L1/053_gaussian_topk_sparse_activation (done_evals=63 budget=37)
[pool] 0922 14:15 AFFINITY L1/053_gaussian_topk_sparse_activation -> gpu4
[pool] FAIL  L1/053_gaussian_topk_sparse_activation rc=1 -> requeue (retry 2/3)
[pool] FAIL  L1/070_mamba2_fused_intra_chunk_diagonal_computation rc=1 -> requeue (retry 1/3)
[pool] 0922 14:19 RESUME L1/053_gaussian_topk_sparse_activation (done_evals=63 budget=37)
[pool] 0922 14:19 AFFINITY L1/053_gaussian_topk_sparse_activation -> gpu4
[pool] 0922 14:19 RESUME L1/070_mamba2_fused_intra_chunk_diagonal_computation (done_evals=95 budget=5)
[pool] 0922 14:19 AFFINITY L1/070_mamba2_fused_intra_chunk_diagonal_computation -> gpu4
[pool] FAIL  L1/053_gaussian_topk_sparse_activation rc=1 -> requeue (retry 3/3)
[pool] 0922 14:22 RESUME L1/053_gaussian_topk_sparse_activation (done_evals=63 budget=37)
[pool] 0922 14:22 AFFINITY L1/053_gaussian_topk_sparse_activation -> gpu4
[pool] FAIL  L1/070_mamba2_fused_intra_chunk_diagonal_computation rc=1 -> requeue (retry 2/3)
[pool] FAIL  L1/018_fused_rope_with_qk_norm_and_kv_cache_update rc=1 -> requeue (retry 1/3)
[pool] 0922 14:25 RESUME L1/070_mamba2_fused_intra_chunk_diagonal_computation (done_evals=96 budget=5)
[pool] 0922 14:25 AFFINITY L1/070_mamba2_fused_intra_chunk_diagonal_computation -> gpu4
[pool] 0922 14:25 RESUME L1/018_fused_rope_with_qk_norm_and_kv_cache_update (done_evals=77 budget=23)
[pool] 0922 14:25 AFFINITY L1/018_fused_rope_with_qk_norm_and_kv_cache_update -> gpu4
[pool] FAIL  L1/053_gaussian_topk_sparse_activation rc=1 (log: /home/ziming/ksearch_h100_portable/baseline/ksearch-sol-execbench/experiments/formal_sol_h100/053_gaussian_topk_sparse_activation/run_seed0/campaign_stdout.log) retries exhausted
[pool] FAIL  L1/070_mamba2_fused_intra_chunk_diagonal_computation rc=1 -> requeue (retry 3/3)
[pool] 0922 14:30 RESUME L1/070_mamba2_fused_intra_chunk_diagonal_computation (done_evals=96 budget=5)
[pool] 0922 14:30 AFFINITY L1/070_mamba2_fused_intra_chunk_diagonal_computation -> gpu4
[pool] FAIL  L1/070_mamba2_fused_intra_chunk_diagonal_computation rc=1 (log: /home/ziming/ksearch_h100_portable/baseline/ksearch-sol-execbench/experiments/formal_sol_h100/070_mamba2_fused_intra_chunk_diagonal_computation/run_seed0/campaign_stdout.log) retries exhausted
[pool] FAIL  L1/018_fused_rope_with_qk_norm_and_kv_cache_update rc=1 -> requeue (retry 2/3)
[pool] 0922 14:37 RESUME L1/018_fused_rope_with_qk_norm_and_kv_cache_update (done_evals=78 budget=22)
[pool] 0922 14:37 AFFINITY L1/018_fused_rope_with_qk_norm_and_kv_cache_update -> gpu4
[pool] FAIL  L1/092_gqa_attention_with_qk_norm rc=1 -> requeue (retry 1/3)
[pool] 0922 14:49 RESUME L1/092_gqa_attention_with_qk_norm (done_evals=57 budget=43)
[pool] 0922 14:49 AFFINITY L1/092_gqa_attention_with_qk_norm -> gpu4
[pool] FAIL  L1/018_fused_rope_with_qk_norm_and_kv_cache_update rc=1 -> requeue (retry 3/3)
[pool] 0922 14:53 RESUME L1/018_fused_rope_with_qk_norm_and_kv_cache_update (done_evals=79 budget=21)
[pool] 0922 14:53 AFFINITY L1/018_fused_rope_with_qk_norm_and_kv_cache_update -> gpu4
[pool] FAIL  L1/092_gqa_attention_with_qk_norm rc=1 -> requeue (retry 2/3)
[pool] 0922 15:12 RESUME L1/092_gqa_attention_with_qk_norm (done_evals=58 budget=42)
[pool] 0922 15:12 AFFINITY L1/092_gqa_attention_with_qk_norm -> gpu4
[pool] FAIL  L1/018_fused_rope_with_qk_norm_and_kv_cache_update rc=1 (log: /home/ziming/ksearch_h100_portable/baseline/ksearch-sol-execbench/experiments/formal_sol_h100/018_fused_rope_with_qk_norm_and_kv_cache_update/run_seed0/campaign_stdout.log) retries exhausted
[pool-campaign] pool=4 concurrency=6 tag=formal_sol_h100 tasks=10
[pool] SKIP L1/002_vae_conv3x3_groupnorm_silu_residual_fused (DONE)
[pool] SKIP L1/005_conv_gated_projection_with_causal_conv (DONE)
[pool] SKIP L1/007_hyena_fft_size_padding_rfft (DONE)
[pool] SKIP L1/008_expert_output_weighted_index_add_accumulation (DONE)
[pool] 0922 15:39 RESUME L1/018_fused_rope_with_qk_norm_and_kv_cache_update (done_evals=80 budget=20)
[pool] 0922 15:39 AFFINITY L1/018_fused_rope_with_qk_norm_and_kv_cache_update -> gpu4
[pool] SKIP L1/020_vision_patch_merger_spatial_shuffle_mlp (DONE)
[pool] 0922 15:39 RESUME L1/053_gaussian_topk_sparse_activation (done_evals=63 budget=37)
[pool] 0922 15:39 AFFINITY L1/053_gaussian_topk_sparse_activation -> gpu4
[pool] SKIP L1/058_moe_expert_token_radix_sort_with_prefix_sum (DONE)
[pool] 0922 15:39 RESUME L1/070_mamba2_fused_intra_chunk_diagonal_computation (done_evals=96 budget=5)
[pool] 0922 15:39 AFFINITY L1/070_mamba2_fused_intra_chunk_diagonal_computation -> gpu4
[pool] 0922 15:39 RESUME L1/092_gqa_attention_with_qk_norm (done_evals=61 budget=39)
[pool] 0922 15:39 AFFINITY L1/092_gqa_attention_with_qk_norm -> gpu4
[pool] FAIL  L1/053_gaussian_topk_sparse_activation rc=1 -> requeue (retry 1/3)
[pool] 0922 15:40 RESUME L1/053_gaussian_topk_sparse_activation (done_evals=63 budget=37)
[pool] 0922 15:40 AFFINITY L1/053_gaussian_topk_sparse_activation -> gpu4
[pool] OK    L1/070_mamba2_fused_intra_chunk_diagonal_computation
[pool] OK    L1/018_fused_rope_with_qk_norm_and_kv_cache_update
[pool] FAIL  L1/053_gaussian_topk_sparse_activation rc=1 -> requeue (retry 2/3)
[pool] 0922 18:06 RESUME L1/053_gaussian_topk_sparse_activation (done_evals=83 budget=17)
[pool] 0922 18:06 AFFINITY L1/053_gaussian_topk_sparse_activation -> gpu4
[pool-campaign] pool=4,5 concurrency=6 tag=formal_sol_h100 tasks=10
[pool] SKIP L1/002_vae_conv3x3_groupnorm_silu_residual_fused (DONE)
[pool] SKIP L1/005_conv_gated_projection_with_causal_conv (DONE)
[pool] SKIP L1/007_hyena_fft_size_padding_rfft (DONE)
[pool] SKIP L1/008_expert_output_weighted_index_add_accumulation (DONE)
[pool] SKIP L1/018_fused_rope_with_qk_norm_and_kv_cache_update (DONE)
[pool] SKIP L1/020_vision_patch_merger_spatial_shuffle_mlp (DONE)
[pool] 0922 18:42 RESUME L1/053_gaussian_topk_sparse_activation (done_evals=88 budget=12)
[pool] 0922 18:42 AFFINITY L1/053_gaussian_topk_sparse_activation -> gpu4
[pool] SKIP L1/058_moe_expert_token_radix_sort_with_prefix_sum (DONE)
[pool] SKIP L1/070_mamba2_fused_intra_chunk_diagonal_computation (DONE)
[pool] 0922 18:42 RESUME L1/092_gqa_attention_with_qk_norm (done_evals=81 budget=19)
[pool] 0922 18:42 AFFINITY L1/092_gqa_attention_with_qk_norm -> gpu5
[pool] OK    L1/053_gaussian_topk_sparse_activation
[pool] OK    L1/092_gqa_attention_with_qk_norm
================ pool campaign summary ================
[pool] OK    L1/053_gaussian_topk_sparse_activation
[pool] OK    L1/092_gqa_attention_with_qk_norm
[pool-campaign] pool=4,5 concurrency=6 tag=formal_sol_h100 tasks=10
[pool] SKIP L1/002_vae_conv3x3_groupnorm_silu_residual_fused (DONE)
[pool] SKIP L1/005_conv_gated_projection_with_causal_conv (DONE)
[pool] SKIP L1/007_hyena_fft_size_padding_rfft (DONE)
[pool] SKIP L1/008_expert_output_weighted_index_add_accumulation (DONE)
[pool] SKIP L1/018_fused_rope_with_qk_norm_and_kv_cache_update (DONE)
[pool] SKIP L1/020_vision_patch_merger_spatial_shuffle_mlp (DONE)
[pool] SKIP L1/053_gaussian_topk_sparse_activation (DONE)
[pool] SKIP L1/058_moe_expert_token_radix_sort_with_prefix_sum (DONE)
[pool] SKIP L1/070_mamba2_fused_intra_chunk_diagonal_computation (DONE)
[pool] SKIP L1/092_gqa_attention_with_qk_norm (DONE)
================ pool campaign summary ================
[pool-campaign] pool=4,5 concurrency=6 tag=formal_sol_h100 tasks=10
[pool] SKIP L1/002_vae_conv3x3_groupnorm_silu_residual_fused (DONE)
[pool] SKIP L1/005_conv_gated_projection_with_causal_conv (DONE)
[pool] SKIP L1/007_hyena_fft_size_padding_rfft (DONE)
[pool] SKIP L1/008_expert_output_weighted_index_add_accumulation (DONE)
[pool] SKIP L1/018_fused_rope_with_qk_norm_and_kv_cache_update (DONE)
[pool] SKIP L1/020_vision_patch_merger_spatial_shuffle_mlp (DONE)
[pool] SKIP L1/053_gaussian_topk_sparse_activation (DONE)
[pool] SKIP L1/058_moe_expert_token_radix_sort_with_prefix_sum (DONE)
[pool] SKIP L1/070_mamba2_fused_intra_chunk_diagonal_computation (DONE)
[pool] SKIP L1/092_gqa_attention_with_qk_norm (DONE)
================ pool campaign summary ================
[pool-campaign] pool=4,5 concurrency=6 tag=formal_sol_h100 tasks=10
[pool] SKIP L1/002_vae_conv3x3_groupnorm_silu_residual_fused (DONE)
[pool] SKIP L1/005_conv_gated_projection_with_causal_conv (DONE)
[pool] SKIP L1/007_hyena_fft_size_padding_rfft (DONE)
[pool] SKIP L1/008_expert_output_weighted_index_add_accumulation (DONE)
[pool] SKIP L1/018_fused_rope_with_qk_norm_and_kv_cache_update (DONE)
[pool] SKIP L1/020_vision_patch_merger_spatial_shuffle_mlp (DONE)
[pool] SKIP L1/053_gaussian_topk_sparse_activation (DONE)
[pool] SKIP L1/058_moe_expert_token_radix_sort_with_prefix_sum (DONE)
[pool] SKIP L1/070_mamba2_fused_intra_chunk_diagonal_computation (DONE)
[pool] SKIP L1/092_gqa_attention_with_qk_norm (DONE)
================ pool campaign summary ================
[pool-campaign] pool=4,5 concurrency=6 tag=formal_sol_h100 tasks=10
[pool] SKIP L1/002_vae_conv3x3_groupnorm_silu_residual_fused (DONE)
[pool] SKIP L1/005_conv_gated_projection_with_causal_conv (DONE)
[pool] SKIP L1/007_hyena_fft_size_padding_rfft (DONE)
[pool] SKIP L1/008_expert_output_weighted_index_add_accumulation (DONE)
[pool] SKIP L1/018_fused_rope_with_qk_norm_and_kv_cache_update (DONE)
[pool] SKIP L1/020_vision_patch_merger_spatial_shuffle_mlp (DONE)
[pool] SKIP L1/053_gaussian_topk_sparse_activation (DONE)
[pool] SKIP L1/058_moe_expert_token_radix_sort_with_prefix_sum (DONE)
[pool] SKIP L1/070_mamba2_fused_intra_chunk_diagonal_computation (DONE)
[pool] SKIP L1/092_gqa_attention_with_qk_norm (DONE)
================ pool campaign summary ================
[pool-campaign] pool=4,5 concurrency=6 tag=formal_sol_h100 tasks=10
[pool] SKIP L1/002_vae_conv3x3_groupnorm_silu_residual_fused (DONE)
[pool] SKIP L1/005_conv_gated_projection_with_causal_conv (DONE)
[pool] SKIP L1/007_hyena_fft_size_padding_rfft (DONE)
[pool] SKIP L1/008_expert_output_weighted_index_add_accumulation (DONE)
[pool] SKIP L1/018_fused_rope_with_qk_norm_and_kv_cache_update (DONE)
[pool] SKIP L1/020_vision_patch_merger_spatial_shuffle_mlp (DONE)
[pool] SKIP L1/053_gaussian_topk_sparse_activation (DONE)
[pool] SKIP L1/058_moe_expert_token_radix_sort_with_prefix_sum (DONE)
[pool] SKIP L1/070_mamba2_fused_intra_chunk_diagonal_computation (DONE)
[pool] SKIP L1/092_gqa_attention_with_qk_norm (DONE)
================ pool campaign summary ================
[pool-campaign] pool=4,5 concurrency=6 tag=formal_sol_h100 tasks=10
[pool] SKIP L1/002_vae_conv3x3_groupnorm_silu_residual_fused (DONE)
[pool] SKIP L1/005_conv_gated_projection_with_causal_conv (DONE)
[pool] SKIP L1/007_hyena_fft_size_padding_rfft (DONE)
[pool] SKIP L1/008_expert_output_weighted_index_add_accumulation (DONE)
[pool] SKIP L1/018_fused_rope_with_qk_norm_and_kv_cache_update (DONE)
[pool] SKIP L1/020_vision_patch_merger_spatial_shuffle_mlp (DONE)
[pool] SKIP L1/053_gaussian_topk_sparse_activation (DONE)
[pool] SKIP L1/058_moe_expert_token_radix_sort_with_prefix_sum (DONE)
[pool] SKIP L1/070_mamba2_fused_intra_chunk_diagonal_computation (DONE)
[pool] SKIP L1/092_gqa_attention_with_qk_norm (DONE)
================ pool campaign summary ================
