==============================================================================
Definition : rmsnorm_h4096  (op_type=rmsnorm)
Solution   : /home/ziming/kda-ops/kda-control/formal-kda-h100-20260920--flashinfer--rmsnorm_h4096/candidates/c002/solution.py
Device     : cuda:0  (NVIDIA H100 80GB HBM3)
Workloads  : 14   trials=1 warmup=2 iters=10
Selected   : [0, 1, 2, 3, 4, 5, 6, 7, 8, 9, 10, 11, 12, 13]
Tolerance  : atol=0.01 rtol=0.01 matched_ratio=0.99
==============================================================================
[1/14] 33bf737d axes={'batch_size': 7}: PASSED  ref=0.0959ms sol=0.0374ms  speedup=2.57x  abs=0.00e+00 rel=0.00e+00
[2/14] 864d596c axes={'batch_size': 1}: PASSED  ref=0.0877ms sol=0.0322ms  speedup=2.73x  abs=0.00e+00 rel=0.00e+00
[3/14] f7c3b329 axes={'batch_size': 34}: PASSED  ref=0.0908ms sol=0.0311ms  speedup=2.92x  abs=1.56e-02 rel=5.85e-03
[4/14] b010c7f2 axes={'batch_size': 170}: PASSED  ref=0.0899ms sol=0.0314ms  speedup=2.86x  abs=7.81e-03 rel=6.41e-03
[5/14] f0f508c3 axes={'batch_size': 14418}: PASSED  ref=0.9586ms sol=0.1020ms  speedup=9.40x  abs=3.12e-02 rel=7.81e-03
[6/14] cfddc087 axes={'batch_size': 11832}: PASSED  ref=0.7957ms sol=0.0866ms  speedup=9.19x  abs=3.12e-02 rel=7.69e-03
[7/14] 14531e96 axes={'batch_size': 64}: PASSED  ref=0.0881ms sol=0.0317ms  speedup=2.78x  abs=3.91e-03 rel=5.15e-03
[8/14] a497c980 axes={'batch_size': 16}: PASSED  ref=0.0861ms sol=0.0302ms  speedup=2.85x  abs=0.00e+00 rel=0.00e+00
[9/14] d1337dc1 axes={'batch_size': 10827}: PASSED  ref=0.7373ms sol=0.0814ms  speedup=9.05x  abs=3.12e-02 rel=7.81e-03
[10/14] 0cf0fdba axes={'batch_size': 8804}: PASSED  ref=0.6127ms sol=0.0709ms  speedup=8.64x  abs=3.12e-02 rel=7.63e-03
[11/14] d9e317ac axes={'batch_size': 63}: PASSED  ref=0.0842ms sol=0.0307ms  speedup=2.74x  abs=0.00e+00 rel=0.00e+00
[12/14] 818219cc axes={'batch_size': 79}: PASSED  ref=0.0830ms sol=0.0306ms  speedup=2.71x  abs=0.00e+00 rel=0.00e+00
[13/14] 841b0afa axes={'batch_size': 14509}: PASSED  ref=0.9680ms sol=0.1015ms  speedup=9.54x  abs=1.56e-02 rel=7.81e-03
[14/14] 9d403d2b axes={'batch_size': 15}: PASSED  ref=0.0834ms sol=0.0305ms  speedup=2.73x  abs=0.00e+00 rel=0.00e+00
==============================================================================
Passed: 14/14    valid_run=True
GEOMEAN speedup (optimization target): 4.24x
  arithmetic mean (fib/AKO4X metric):  5.05x
  min=2.57x  max=9.54x
RESULT: VALID — geomean speedup = 4.24x
==============================================================================
Wrote /home/ziming/kda-ops/kda-runs/formal-kda-h100-20260920--flashinfer--rmsnorm_h4096/runs/candidates/c002/feedback.json
