==============================================================================
Definition : rmsnorm_h4096  (op_type=rmsnorm)
Solution   : /home/ziming/kda-ops/kda-control/formal-kda-h100-20260920--flashinfer--rmsnorm_h4096/candidates/c002/solution.py
Device     : cuda:0  (NVIDIA H100 80GB HBM3)
Workloads  : 14   trials=1 warmup=3 iters=100
Tolerance  : atol=0.01 rtol=0.01 matched_ratio=0.99
==============================================================================
[1/14] 33bf737d axes={'batch_size': 7}: PASSED  ref=0.0694ms sol=0.0292ms  speedup=2.38x  abs=0.00e+00 rel=0.00e+00
[2/14] 864d596c axes={'batch_size': 1}: PASSED  ref=0.0667ms sol=0.0242ms  speedup=2.76x  abs=0.00e+00 rel=0.00e+00
[3/14] f7c3b329 axes={'batch_size': 34}: PASSED  ref=0.0680ms sol=0.0243ms  speedup=2.80x  abs=0.00e+00 rel=0.00e+00
[4/14] b010c7f2 axes={'batch_size': 170}: PASSED  ref=0.0666ms sol=0.0240ms  speedup=2.78x  abs=3.91e-03 rel=5.15e-03
[5/14] f0f508c3 axes={'batch_size': 14418}: PASSED  ref=0.9841ms sol=0.0977ms  speedup=10.08x  abs=3.12e-02 rel=7.75e-03
[6/14] cfddc087 axes={'batch_size': 11832}: PASSED  ref=0.8258ms sol=0.0840ms  speedup=9.83x  abs=3.12e-02 rel=7.75e-03
[7/14] 14531e96 axes={'batch_size': 64}: PASSED  ref=0.0753ms sol=0.0275ms  speedup=2.74x  abs=1.95e-03 rel=5.88e-03
[8/14] a497c980 axes={'batch_size': 16}: PASSED  ref=0.0758ms sol=0.0273ms  speedup=2.78x  abs=0.00e+00 rel=0.00e+00
[9/14] d1337dc1 axes={'batch_size': 10827}: PASSED  ref=0.7469ms sol=0.0798ms  speedup=9.36x  abs=1.56e-02 rel=7.81e-03
[10/14] 0cf0fdba axes={'batch_size': 8804}: PASSED  ref=0.6273ms sol=0.0686ms  speedup=9.15x  abs=1.56e-02 rel=7.81e-03
[11/14] d9e317ac axes={'batch_size': 63}: PASSED  ref=0.0745ms sol=0.0271ms  speedup=2.74x  abs=0.00e+00 rel=0.00e+00
[12/14] 818219cc axes={'batch_size': 79}: PASSED  ref=0.0743ms sol=0.0270ms  speedup=2.75x  abs=9.77e-04 rel=4.81e-03
[13/14] 841b0afa axes={'batch_size': 14509}: PASSED  ref=1.0047ms sol=0.1039ms  speedup=9.67x  abs=3.12e-02 rel=7.81e-03
[14/14] 9d403d2b axes={'batch_size': 15}: PASSED  ref=0.1015ms sol=0.0267ms  speedup=3.80x  abs=0.00e+00 rel=0.00e+00
==============================================================================
Passed: 14/14    valid_run=True
GEOMEAN speedup (optimization target): 4.37x
  arithmetic mean (fib/AKO4X metric):  5.26x
  min=2.38x  max=10.08x
RESULT: VALID — geomean speedup = 4.37x
==============================================================================
Wrote /home/ziming/kda-ops/kda-runs/formal-kda-h100-20260920--flashinfer--rmsnorm_h4096/runs/candidates/c002/final.json
