Definition: /data1/workspace/ziming/dataset/SOL-ExecBench/data/benchmark/L2/040_altup_predict_correction_cycle_backward/definition.json
Workload  : /data1/workspace/ziming/dataset/SOL-ExecBench/data/benchmark/L2/040_altup_predict_correction_cycle_backward/workload.jsonl
Solution  : /data1/workspace/weihongren/baseline/drtriton/kbstyle_campaign_v2_20260918/tasks/SOL/L2/040_altup_predict_correction_cycle_backward/refprecompute/solution.json
Output    : /data1/workspace/weihongren/baseline/drtriton/kbstyle_campaign_v2_20260918/tasks/SOL/L2/040_altup_predict_correction_cycle_backward/refprecompute/evaluation.json

==============================================================================
Problem : 040_altup_predict_correction_cycle_backward
Passed  : 16/16
Status  : OK
[1] e9c4303d-4391-5cb3-a6e1-674c1d19bbfd: reference=37.245774 ms, candidate=37.247152 ms, speedup=1.0000x
[2] ae0bb3db-c205-5a42-9126-e1937cb9baa3: reference=2.897305 ms, candidate=2.928808 ms, speedup=0.9892x
[3] 04873afa-11c7-53fe-8114-2aba06465dae: reference=3.234066 ms, candidate=3.231843 ms, speedup=1.0007x
[4] 5080d4ce-017c-5be0-a62b-0716cd7e31ed: reference=1.792336 ms, candidate=1.784988 ms, speedup=1.0041x
[5] a6c812e5-eb06-5abe-a527-84583b7e08ba: reference=7.255306 ms, candidate=7.256152 ms, speedup=0.9999x
[6] 55c60666-0298-5352-9bf9-4ff481bf224a: reference=1.889452 ms, candidate=1.892813 ms, speedup=0.9982x
[7] f2508211-757f-5c74-a08a-621ce070f77d: reference=2.896759 ms, candidate=2.897737 ms, speedup=0.9997x
[8] 718c12d5-c355-5f07-99d7-bf996be88f6a: reference=5.335916 ms, candidate=5.335883 ms, speedup=1.0000x
[9] 66b9a3e2-47cc-5803-819e-d0c73770e2fc: reference=18.996505 ms, candidate=19.002316 ms, speedup=0.9997x
[10] 0916b372-d314-5c69-b17b-a1fdbc53f807: reference=9.786137 ms, candidate=9.788902 ms, speedup=0.9997x
[11] 978eb29a-222a-5b3a-b05e-c09c336145ad: reference=9.788298 ms, candidate=9.789242 ms, speedup=0.9999x
[12] 00fec07f-2b13-515b-9011-a7674b426146: reference=9.790681 ms, candidate=9.786854 ms, speedup=1.0004x
[13] fcd64c92-9a71-592e-ab33-71843be9270f: reference=88.173823 ms, candidate=88.168253 ms, speedup=1.0001x
[14] 6565986f-6dfa-5b52-8692-7ff971fbe02f: reference=16.717484 ms, candidate=16.720061 ms, speedup=0.9998x
[15] d4170c6e-19fe-553e-8ba6-b68311715a89: reference=2.903194 ms, candidate=2.901019 ms, speedup=1.0007x
[16] 5834489e-1f51-5995-b499-8765bd31a705: reference=19.001141 ms, candidate=19.002114 ms, speedup=0.9999x
Geomean : 0.9995x
Average : 0.9995x
==============================================================================
Performance: /data1/workspace/weihongren/baseline/drtriton/kbstyle_campaign_v2_20260918/tasks/SOL/L2/040_altup_predict_correction_cycle_backward/refprecompute/evaluation.json
