==============================================================================
Definition : mla_paged_prefill_causal_h16_ckv512_kpe64_ps1  (op_type=mla_paged)
Solution   : /home/ziming/kda-ops/kda-control/formal-kda-h100-20260920--flashinfer--mla_paged_prefill_causal_h16_ckv512_kpe64_ps1/candidates/c003/solution.py
Device     : cuda:0  (NVIDIA H100 80GB HBM3)
Workloads  : 38   trials=1 warmup=3 iters=100
Tolerance  : atol=0.01 rtol=0.01 matched_ratio=0.99
==============================================================================
[1/38] 55b51e96 axes={'total_q': 33, 'num_pages': 989669, 'len_indptr': 2, 'num_kv_indices': 34}: PASSED  ref=7.3318ms sol=0.1072ms  speedup=68.42x  abs=1.56e-02 rel=2.11e+02
[2/38] d30e4c23 axes={'total_q': 1, 'num_pages': 989669, 'len_indptr': 2, 'num_kv_indices': 34}: PASSED  ref=2.1736ms sol=0.0996ms  speedup=21.82x  abs=7.81e-03 rel=9.06e+00
[3/38] 7572654f axes={'total_q': 17, 'num_pages': 989669, 'len_indptr': 2, 'num_kv_indices': 19}: PASSED  ref=4.7847ms sol=0.1047ms  speedup=45.71x  abs=1.56e-02 rel=5.39e+01
[4/38] 473e30ea axes={'total_q': 52, 'num_pages': 989669, 'len_indptr': 5, 'num_kv_indices': 67}: PASSED  ref=10.7384ms sol=0.1051ms  speedup=102.18x  abs=1.56e-02 rel=6.24e+01
[5/38] bda0e743 axes={'total_q': 376, 'num_pages': 989669, 'len_indptr': 2, 'num_kv_indices': 381}: PASSED  ref=62.0109ms sol=0.1614ms  speedup=384.27x  abs=1.56e-02 rel=1.52e+03
[6/38] 7e602557 axes={'total_q': 287, 'num_pages': 989669, 'len_indptr': 2, 'num_kv_indices': 288}: PASSED  ref=43.8424ms sol=0.1344ms  speedup=326.32x  abs=1.56e-02 rel=6.70e+03
[7/38] 5ca61491 axes={'total_q': 5, 'num_pages': 989669, 'len_indptr': 2, 'num_kv_indices': 7}: PASSED  ref=2.7016ms sol=0.0922ms  speedup=29.30x  abs=7.81e-03 rel=1.53e+02
[8/38] 77737de2 axes={'total_q': 1187, 'num_pages': 989669, 'len_indptr': 4, 'num_kv_indices': 1205}: PASSED  ref=190.8950ms sol=0.4589ms  speedup=415.96x  abs=1.56e-02 rel=1.01e+04
[9/38] b270fd9c axes={'total_q': 10, 'num_pages': 989669, 'len_indptr': 2, 'num_kv_indices': 12}: PASSED  ref=3.4513ms sol=0.0899ms  speedup=38.40x  abs=1.56e-02 rel=2.87e+01
[10/38] 3bdcf0e1 axes={'total_q': 3, 'num_pages': 989669, 'len_indptr': 2, 'num_kv_indices': 5}: PASSED  ref=2.5246ms sol=0.0902ms  speedup=28.00x  abs=1.56e-02 rel=5.85e+01
[11/38] 6c8fe593 axes={'total_q': 13, 'num_pages': 989669, 'len_indptr': 2, 'num_kv_indices': 14}: PASSED  ref=3.9055ms sol=0.0894ms  speedup=43.69x  abs=1.56e-02 rel=1.08e+02
[12/38] 98814691 axes={'total_q': 26, 'num_pages': 989669, 'len_indptr': 3, 'num_kv_indices': 32}: PASSED  ref=5.9958ms sol=0.0905ms  speedup=66.26x  abs=1.56e-02 rel=2.98e+01
[13/38] 74202b1d axes={'total_q': 8987, 'num_pages': 989669, 'len_indptr': 57, 'num_kv_indices': 14390}: PASSED  ref=1433.6483ms sol=3.1885ms  speedup=449.64x  abs=3.12e-02 rel=3.16e+04
[14/38] 6e3567c4 axes={'total_q': 29, 'num_pages': 989669, 'len_indptr': 2, 'num_kv_indices': 34}: PASSED  ref=6.3865ms sol=0.0954ms  speedup=66.94x  abs=1.56e-02 rel=4.18e+01
[15/38] a455e8fb axes={'total_q': 2, 'num_pages': 989669, 'len_indptr': 3, 'num_kv_indices': 53}: PASSED  ref=2.3652ms sol=0.0909ms  speedup=26.02x  abs=1.56e-02 rel=1.44e+01
[16/38] bb28f188 axes={'total_q': 1028, 'num_pages': 989669, 'len_indptr': 2, 'num_kv_indices': 1038}: PASSED  ref=169.4409ms sol=0.4113ms  speedup=411.94x  abs=1.56e-02 rel=1.07e+04
[17/38] ed999c80 axes={'total_q': 22, 'num_pages': 989669, 'len_indptr': 23, 'num_kv_indices': 17759}: PASSED  ref=7.4527ms sol=0.7633ms  speedup=9.76x  abs=1.56e-02 rel=1.56e+02
[18/38] cb60b649 axes={'total_q': 15, 'num_pages': 989669, 'len_indptr': 2, 'num_kv_indices': 18}: PASSED  ref=4.2278ms sol=0.0908ms  speedup=46.55x  abs=1.56e-02 rel=6.40e+01
[19/38] e6f75600 axes={'total_q': 69, 'num_pages': 989669, 'len_indptr': 4, 'num_kv_indices': 90}: PASSED  ref=12.5926ms sol=0.0949ms  speedup=132.73x  abs=1.56e-02 rel=1.32e+02
[20/38] 733a7bbe axes={'total_q': 3024, 'num_pages': 989669, 'len_indptr': 4, 'num_kv_indices': 3029}: PASSED  ref=487.1436ms sol=1.8960ms  speedup=256.93x  abs=1.56e-02 rel=1.38e+04
[21/38] 892d1b8f axes={'total_q': 1954, 'num_pages': 989669, 'len_indptr': 29, 'num_kv_indices': 2044}: PASSED  ref=307.0202ms sol=0.3161ms  speedup=971.27x  abs=1.56e-02 rel=2.26e+03
[22/38] 4eeb9b51 axes={'total_q': 199, 'num_pages': 989669, 'len_indptr': 2, 'num_kv_indices': 203}: PASSED  ref=34.1945ms sol=0.1196ms  speedup=285.80x  abs=1.56e-02 rel=2.75e+03
[23/38] 77573fb4 axes={'total_q': 473, 'num_pages': 989669, 'len_indptr': 6, 'num_kv_indices': 491}: PASSED  ref=75.4636ms sol=0.1635ms  speedup=461.54x  abs=1.56e-02 rel=1.09e+03
[24/38] 9722a8a5 axes={'total_q': 96, 'num_pages': 989669, 'len_indptr': 2, 'num_kv_indices': 98}: PASSED  ref=17.2917ms sol=0.1003ms  speedup=172.44x  abs=1.56e-02 rel=3.94e+02
[25/38] 053a88a3 axes={'total_q': 6053, 'num_pages': 989669, 'len_indptr': 12, 'num_kv_indices': 6091}: PASSED  ref=973.5288ms sol=1.8749ms  speedup=519.25x  abs=1.56e-02 rel=9.26e+03
[26/38] a06f2653 axes={'total_q': 16384, 'num_pages': 989669, 'len_indptr': 2, 'num_kv_indices': 16387}: PASSED  ref=2594.0571ms sol=60.7964ms  speedup=42.67x  abs=1.56e-02 rel=1.91e+04
[27/38] a8cff3c6 axes={'total_q': 43, 'num_pages': 989669, 'len_indptr': 2, 'num_kv_indices': 46}: PASSED  ref=8.4732ms sol=0.0941ms  speedup=90.07x  abs=1.56e-02 rel=1.31e+02
[28/38] 71df32c9 axes={'total_q': 6, 'num_pages': 989669, 'len_indptr': 7, 'num_kv_indices': 109}: PASSED  ref=3.3415ms sol=0.0895ms  speedup=37.35x  abs=1.56e-02 rel=5.95e+00
[29/38] 22689bbd axes={'total_q': 805, 'num_pages': 989669, 'len_indptr': 5, 'num_kv_indices': 814}: PASSED  ref=126.3799ms sol=0.2849ms  speedup=443.65x  abs=1.56e-02 rel=1.85e+03
[30/38] a6fbb45c axes={'total_q': 58, 'num_pages': 989669, 'len_indptr': 2, 'num_kv_indices': 60}: PASSED  ref=10.7228ms sol=0.0940ms  speedup=114.02x  abs=1.56e-02 rel=6.45e+01
[31/38] d44f32e1 axes={'total_q': 123, 'num_pages': 989669, 'len_indptr': 3, 'num_kv_indices': 185}: PASSED  ref=21.6563ms sol=0.1020ms  speedup=212.22x  abs=1.56e-02 rel=1.74e+04
[32/38] 9265de63 axes={'total_q': 4, 'num_pages': 989669, 'len_indptr': 5, 'num_kv_indices': 121}: PASSED  ref=2.8424ms sol=0.0892ms  speedup=31.86x  abs=1.56e-02 rel=1.21e+01
[33/38] 805238ee axes={'total_q': 3842, 'num_pages': 989669, 'len_indptr': 21, 'num_kv_indices': 3916}: PASSED  ref=601.3922ms sol=0.8825ms  speedup=681.45x  abs=1.56e-02 rel=2.04e+04
[34/38] fe63f292 axes={'total_q': 15883, 'num_pages': 989669, 'len_indptr': 19, 'num_kv_indices': 15937}: PASSED  ref=2578.1233ms sol=9.1901ms  speedup=280.53x  abs=1.56e-02 rel=2.12e+04
[35/38] 54187805 axes={'total_q': 15092, 'num_pages': 989669, 'len_indptr': 27, 'num_kv_indices': 15187}: PASSED  ref=2421.8559ms sol=6.5621ms  speedup=369.07x  abs=1.56e-02 rel=1.90e+04
[36/38] f96b666d axes={'total_q': 138, 'num_pages': 989669, 'len_indptr': 5, 'num_kv_indices': 151}: PASSED  ref=24.7397ms sol=0.1013ms  speedup=244.30x  abs=1.56e-02 rel=4.20e+02
[37/38] d88c9577 axes={'total_q': 8, 'num_pages': 989669, 'len_indptr': 2, 'num_kv_indices': 12}: PASSED  ref=3.1859ms sol=0.0905ms  speedup=35.21x  abs=1.56e-02 rel=1.96e+01
[38/38] 0e70750d axes={'total_q': 10870, 'num_pages': 989669, 'len_indptr': 3, 'num_kv_indices': 10875}: PASSED  ref=1761.8006ms sol=15.0766ms  speedup=116.86x  abs=1.56e-02 rel=2.39e+04
==============================================================================
Passed: 38/38    valid_run=True
GEOMEAN speedup (optimization target): 118.64x
  arithmetic mean (fib/AKO4X metric):  212.64x
  min=9.76x  max=971.27x
RESULT: VALID — geomean speedup = 118.64x
==============================================================================
Wrote /home/ziming/kda-ops/kda-runs/formal-kda-h100-20260920--flashinfer--mla_paged_prefill_causal_h16_ckv512_kpe64_ps1/runs/candidates/c003/final.json
