==============================================================================
Definition : gemm_n4096_k4096  (op_type=gemm)
Solution   : /data1/workspace/weihongren/baseline/drtriton/kbstyle_campaign_v2_20260918/tasks/flashinfer/gemm_n4096_k4096/final/solution.py
Device     : cuda:0  (NVIDIA A800-SXM4-80GB)
Workloads  : 43   trials=1 warmup=3 iters=100
Tolerance  : atol=0.01 rtol=0.01 matched_ratio=0.99
==============================================================================
[1/43] 280860e6 axes={'M': 256}: PASSED  abs=2.50e-01 rel=3.80e+02
[2/43] 2e90109a axes={'M': 248}: PASSED  abs=2.50e-01 rel=2.17e+03
[3/43] e7c939ae axes={'M': 240}: PASSED  abs=2.50e-01 rel=1.13e+02
[4/43] 3ab6479f axes={'M': 232}: PASSED  abs=2.50e-01 rel=4.34e+02
[5/43] 29581017 axes={'M': 224}: PASSED  abs=2.50e-01 rel=8.26e+02
[6/43] e97cc8b3 axes={'M': 216}: PASSED  abs=1.25e-01 rel=7.18e-01
[7/43] c69f1da6 axes={'M': 208}: PASSED  abs=1.25e-01 rel=1.51e+00
[8/43] 38a98eb2 axes={'M': 200}: PASSED  abs=2.50e-01 rel=1.68e+00
[9/43] 62f7844c axes={'M': 192}: PASSED  abs=2.50e-01 rel=1.60e+00
[10/43] 1342c570 axes={'M': 184}: PASSED  abs=1.25e-01 rel=4.49e-01
[11/43] beb5da20 axes={'M': 176}: PASSED  abs=1.25e-01 rel=4.34e-01
[12/43] c8c9178e axes={'M': 168}: PASSED  abs=2.50e-01 rel=5.98e+00
[13/43] c103a7db axes={'M': 160}: PASSED  abs=1.25e-01 rel=1.17e+01
[14/43] ed0bbc00 axes={'M': 152}: PASSED  abs=1.25e-01 rel=2.20e+00
[15/43] 83deae78 axes={'M': 144}: PASSED  abs=1.25e-01 rel=4.97e-01
[16/43] 76fde2b6 axes={'M': 136}: PASSED  abs=1.25e-01 rel=2.14e+00
[17/43] 29ebd771 axes={'M': 128}: PASSED  abs=1.25e-01 rel=1.63e+00
[18/43] 73dd121d axes={'M': 120}: PASSED  abs=1.25e-01 rel=1.78e+01
[19/43] 27fa4c34 axes={'M': 112}: PASSED  abs=2.50e-01 rel=1.75e+00
[20/43] faac134d axes={'M': 104}: PASSED  abs=1.25e-01 rel=1.20e+01
[21/43] 1948bb55 axes={'M': 96}: PASSED  abs=1.25e-01 rel=1.69e+00
[22/43] 3a7e6db4 axes={'M': 88}: PASSED  abs=1.25e-01 rel=3.16e-01
[23/43] dcb04a7e axes={'M': 80}: PASSED  abs=1.25e-01 rel=2.77e-01
[24/43] ef996a93 axes={'M': 72}: PASSED  abs=1.25e-01 rel=2.38e+00
[25/43] 67d4c8f3 axes={'M': 64}: PASSED  abs=1.25e-01 rel=9.53e-01
[26/43] 54d34708 axes={'M': 56}: PASSED  abs=2.50e-01 rel=3.85e-01
[27/43] 59ca23f5 axes={'M': 48}: PASSED  abs=1.25e-01 rel=1.59e+00
[28/43] 54062a8b axes={'M': 40}: PASSED  abs=1.25e-01 rel=2.16e+01
[29/43] 5230e6ed axes={'M': 32}: PASSED  abs=1.25e-01 rel=6.42e-01
[30/43] 73212638 axes={'M': 24}: PASSED  abs=1.25e-01 rel=2.28e-01
[31/43] 404d21b1 axes={'M': 16}: PASSED  abs=1.25e-01 rel=3.64e-01
[32/43] 4cdab8cd axes={'M': 8}: PASSED  abs=1.25e-01 rel=3.65e-02
[33/43] f439da26 axes={'M': 4}: PASSED  abs=1.25e-01 rel=1.95e-02
[34/43] 6c2f4ba8 axes={'M': 2}: PASSED  abs=1.25e-01 rel=1.68e-02
[35/43] e39649a6 axes={'M': 1}: PASSED  abs=1.25e-01 rel=2.53e-02
[36/43] 094ef833 axes={'M': 7}: PASSED  abs=1.25e-01 rel=1.69e+00
[37/43] 4c6bdefd axes={'M': 35}: PASSED  abs=1.25e-01 rel=8.99e-01
[38/43] da2a2234 axes={'M': 972}: PASSED  abs=2.50e-01 rel=1.91e+01
[39/43] 897b6544 axes={'M': 70}: PASSED  abs=1.25e-01 rel=9.79e-01
[40/43] 8a8311fa axes={'M': 2053}: PASSED  abs=2.50e-01 rel=2.10e+02
[41/43] b626104c axes={'M': 8192}: PASSED  abs=2.50e-01 rel=1.07e+03
[42/43] 547e0ce5 axes={'M': 2379}: PASSED  abs=2.50e-01 rel=4.16e+01
[43/43] 339de815 axes={'M': 15}: PASSED  abs=1.25e-01 rel=3.50e-01
==============================================================================
Passed: 43/43    valid_run=True
RESULT: VALID — all workloads correct.
==============================================================================
Wrote /data1/workspace/weihongren/baseline/drtriton/kbstyle_campaign_v2_20260918/tasks/flashinfer/gemm_n4096_k4096/final/correctness.json
