==============================================================================
Definition : gemm_n4096_k4096  (op_type=gemm)
Solution   : /data1/workspace/weihongren/baseline/drtriton/kbstyle_campaign_v2_20260918/tasks/flashinfer/gemm_n4096_k4096/final/solution.py
Device     : cuda:0  (NVIDIA A800-SXM4-80GB)
Workloads  : 43   trials=1 warmup=3 iters=100
Tolerance  : atol=0.01 rtol=0.01 matched_ratio=0.99
==============================================================================
[1/43] 280860e6 axes={'M': 256}: PASSED  ref=0.0714ms sol=0.1700ms  speedup=0.42x  abs=2.50e-01 rel=2.07e+02
[2/43] 2e90109a axes={'M': 248}: PASSED  ref=0.0703ms sol=0.1693ms  speedup=0.42x  abs=2.50e-01 rel=1.95e+01
[3/43] e7c939ae axes={'M': 240}: PASSED  ref=0.0703ms sol=0.1686ms  speedup=0.42x  abs=2.50e-01 rel=1.79e+06
[4/43] 3ab6479f axes={'M': 232}: PASSED  ref=0.0701ms sol=0.1686ms  speedup=0.42x  abs=2.50e-01 rel=4.03e+02
[5/43] 29581017 axes={'M': 224}: PASSED  ref=0.0696ms sol=0.1679ms  speedup=0.41x  abs=2.50e-01 rel=2.48e+02
[6/43] e97cc8b3 axes={'M': 216}: PASSED  ref=0.0822ms sol=0.1690ms  speedup=0.49x  abs=1.25e-01 rel=1.92e+01
[7/43] c69f1da6 axes={'M': 208}: PASSED  ref=0.0829ms sol=0.1646ms  speedup=0.50x  abs=2.50e-01 rel=1.33e+00
[8/43] 38a98eb2 axes={'M': 200}: PASSED  ref=0.0832ms sol=0.1623ms  speedup=0.51x  abs=2.50e-01 rel=1.49e+01
[9/43] 62f7844c axes={'M': 192}: PASSED  ref=0.0572ms sol=0.1316ms  speedup=0.43x  abs=1.25e-01 rel=7.57e+00
[10/43] 1342c570 axes={'M': 184}: PASSED  ref=0.0568ms sol=0.1309ms  speedup=0.43x  abs=1.25e-01 rel=9.81e-01
[11/43] beb5da20 axes={'M': 176}: PASSED  ref=0.0555ms sol=0.1316ms  speedup=0.42x  abs=1.25e-01 rel=2.08e+00
[12/43] c8c9178e axes={'M': 168}: PASSED  ref=0.0563ms sol=0.1313ms  speedup=0.43x  abs=1.25e-01 rel=8.10e-01
[13/43] c103a7db axes={'M': 160}: PASSED  ref=0.0557ms sol=0.1315ms  speedup=0.42x  abs=1.25e-01 rel=4.93e-01
[14/43] ed0bbc00 axes={'M': 152}: PASSED  ref=0.0551ms sol=0.1314ms  speedup=0.42x  abs=2.50e-01 rel=8.58e-01
[15/43] 83deae78 axes={'M': 144}: PASSED  ref=0.0547ms sol=0.1310ms  speedup=0.42x  abs=1.25e-01 rel=7.47e-01
[16/43] 76fde2b6 axes={'M': 136}: PASSED  ref=0.0548ms sol=0.1309ms  speedup=0.42x  abs=1.25e-01 rel=3.61e+00
[17/43] 29ebd771 axes={'M': 128}: PASSED  ref=0.0515ms sol=0.1309ms  speedup=0.39x  abs=2.50e-01 rel=1.06e+00
[18/43] 73dd121d axes={'M': 120}: PASSED  ref=0.0507ms sol=0.1307ms  speedup=0.39x  abs=1.25e-01 rel=2.30e+00
[19/43] 27fa4c34 axes={'M': 112}: PASSED  ref=0.0510ms sol=0.1312ms  speedup=0.39x  abs=1.25e-01 rel=1.53e+00
[20/43] faac134d axes={'M': 104}: PASSED  ref=0.0503ms sol=0.1308ms  speedup=0.38x  abs=1.25e-01 rel=2.19e+00
[21/43] 1948bb55 axes={'M': 96}: PASSED  ref=0.0508ms sol=0.1095ms  speedup=0.46x  abs=1.25e-01 rel=2.49e+00
[22/43] 3a7e6db4 axes={'M': 88}: PASSED  ref=0.0609ms sol=0.1091ms  speedup=0.56x  abs=2.50e-01 rel=1.20e+00
[23/43] dcb04a7e axes={'M': 80}: PASSED  ref=0.0525ms sol=0.1098ms  speedup=0.48x  abs=1.25e-01 rel=2.61e-01
[24/43] ef996a93 axes={'M': 72}: PASSED  ref=0.0520ms sol=0.1103ms  speedup=0.47x  abs=1.25e-01 rel=5.73e-01
[25/43] 67d4c8f3 axes={'M': 64}: PASSED  ref=0.0446ms sol=0.1098ms  speedup=0.41x  abs=1.25e-01 rel=3.31e+00
[26/43] 54d34708 axes={'M': 56}: PASSED  ref=0.0452ms sol=0.1088ms  speedup=0.42x  abs=1.25e-01 rel=2.38e-01
[27/43] 59ca23f5 axes={'M': 48}: PASSED  ref=0.0447ms sol=0.1100ms  speedup=0.41x  abs=1.25e-01 rel=1.17e+00
[28/43] 54062a8b axes={'M': 40}: PASSED  ref=0.0450ms sol=0.1104ms  speedup=0.41x  abs=1.25e-01 rel=2.92e-01
[29/43] 5230e6ed axes={'M': 32}: PASSED  ref=0.0458ms sol=0.1092ms  speedup=0.42x  abs=1.25e-01 rel=1.92e+00
[30/43] 73212638 axes={'M': 24}: PASSED  ref=0.0446ms sol=0.1085ms  speedup=0.41x  abs=1.25e-01 rel=9.24e-01
[31/43] 404d21b1 axes={'M': 16}: PASSED  ref=0.0442ms sol=0.1100ms  speedup=0.40x  abs=1.25e-01 rel=2.12e-01
[32/43] 4cdab8cd axes={'M': 8}: PASSED  ref=0.0438ms sol=0.1098ms  speedup=0.40x  abs=1.25e-01 rel=1.87e+00
[33/43] f439da26 axes={'M': 4}: PASSED  ref=0.0432ms sol=0.1094ms  speedup=0.40x  abs=1.25e-01 rel=3.28e-02
[34/43] 6c2f4ba8 axes={'M': 2}: PASSED  ref=0.0434ms sol=0.1093ms  speedup=0.40x  abs=1.25e-01 rel=8.26e-03
[35/43] e39649a6 axes={'M': 1}: PASSED  ref=0.0424ms sol=0.1110ms  speedup=0.38x  abs=1.25e-01 rel=1.77e-02
[36/43] 094ef833 axes={'M': 7}: PASSED  ref=0.0441ms sol=0.1103ms  speedup=0.40x  abs=1.25e-01 rel=3.96e-02
[37/43] 4c6bdefd axes={'M': 35}: PASSED  ref=0.0461ms sol=0.1099ms  speedup=0.42x  abs=1.25e-01 rel=7.86e-01
[38/43] da2a2234 axes={'M': 972}: PASSED  ref=0.2234ms sol=0.3841ms  speedup=0.58x  abs=2.50e-01 rel=2.31e+01
[39/43] 897b6544 axes={'M': 70}: PASSED  ref=0.0521ms sol=0.1100ms  speedup=0.47x  abs=1.25e-01 rel=1.05e+00
[40/43] 8a8311fa axes={'M': 2053}: PASSED  ref=0.3232ms sol=0.7034ms  speedup=0.46x  abs=2.50e-01 rel=2.33e+02
[41/43] b626104c axes={'M': 8192}: PASSED  ref=1.1532ms sol=2.4927ms  speedup=0.46x  abs=2.50e-01 rel=4.13e+03
[42/43] 547e0ce5 axes={'M': 2379}: PASSED  ref=0.3263ms sol=0.7921ms  speedup=0.41x  abs=2.50e-01 rel=3.91e+01
[43/43] 339de815 axes={'M': 15}: PASSED  ref=0.0437ms sol=0.1095ms  speedup=0.40x  abs=1.25e-01 rel=3.61e-01
==============================================================================
Passed: 43/43    valid_run=True
GEOMEAN speedup (optimization target): 0.43x
  arithmetic mean (fib/AKO4X metric):  0.43x
  min=0.38x  max=0.58x
RESULT: VALID — geomean speedup = 0.43x
==============================================================================
Wrote /data1/workspace/weihongren/baseline/drtriton/kbstyle_campaign_v2_20260918/tasks/flashinfer/gemm_n4096_k4096/final/performance.json
