Definition: /home/ziming/dataset/SOL-ExecBench/data/benchmark/L1/053_gaussian_topk_sparse_activation/definition.json
Workload  : /home/ziming/kda-ops/kda-control/formal-kda-h100-20260920--sol_execbench--L1-053_gaussian_topk_sparse_activation/feedback_workloads.jsonl
Solution  : /home/ziming/kda-ops/kda-control/formal-kda-h100-20260920--sol_execbench--L1-053_gaussian_topk_sparse_activation/candidates/c007/solution.py
Output    : /home/ziming/kda-ops/kda-runs/formal-kda-h100-20260920--sol_execbench--L1-053_gaussian_topk_sparse_activation/runs/candidates/c007/feedback.json

==============================================================================
Problem : 053_gaussian_topk_sparse_activation
Passed  : 8/12
Status  : FAIL
[1] 151250c8-7c37-56d8-9d87-6edc9f5fd531: RUNTIME_ERROR
[2] fcbd00bf-2089-549a-a407-28d509581b4c: RUNTIME_ERROR
[3] a1ce3f4a-abf4-504f-90be-1ede0f8bd65c: RUNTIME_ERROR
[4] fe647339-085d-5bad-8192-50efbb5d4bef: reference=0.596337 ms, candidate=0.006352 ms, speedup=93.8817x
[5] eb88804d-33eb-5840-93b8-235b7f88961a: reference=1.053107 ms, candidate=0.046381 ms, speedup=22.7056x
[6] 084f1e52-f652-5592-ab34-f6156306545e: reference=0.813200 ms, candidate=0.033120 ms, speedup=24.5532x
[7] 75640ea8-8bb2-546f-b44d-c8d51baee3e4: reference=2.674377 ms, candidate=0.202303 ms, speedup=13.2196x
[8] 75e273d1-070a-5864-a5e2-11f455340620: reference=0.750001 ms, candidate=0.025407 ms, speedup=29.5189x
[9] 21ae223a-fefc-5b3f-ae0d-772742797229: reference=0.590463 ms, candidate=0.011888 ms, speedup=49.6688x
[10] 82eb0e10-41eb-50bf-a08f-7a9e3a4d0dfd: reference=8.377036 ms, candidate=0.705918 ms, speedup=11.8669x
[11] cfc707ec-c733-5cf1-b2f3-af867b078307: reference=0.529280 ms, candidate=0.003280 ms, speedup=161.3657x
[12] 30b3bded-7830-54c5-a242-75faeae6e052: RUNTIME_ERROR
Geomean : 34.3595x
Average : 50.8475x
==============================================================================
Performance: /home/ziming/kda-ops/kda-runs/formal-kda-h100-20260920--sol_execbench--L1-053_gaussian_topk_sparse_activation/runs/candidates/c007/feedback.json
