==============================================================================
Definition : rmsnorm_h4096  (op_type=rmsnorm)
Solution   : /data1/workspace/weihongren/kda-control/formal-kda-20260916--flashinfer--rmsnorm_h4096/candidates/c001/solution.py
Device     : cuda:0  (NVIDIA A800-SXM4-80GB)
Workloads  : 5   trials=1 warmup=3 iters=100
Selected   : [13, 6, 12, 0, 4]
Tolerance  : atol=0.01 rtol=0.01 matched_ratio=0.99
==============================================================================
[1/5] 9d403d2b axes={'batch_size': 15}: PASSED  ref=0.1115ms sol=0.0398ms  speedup=2.80x  abs=0.00e+00 rel=0.00e+00
[2/5] 14531e96 axes={'batch_size': 64}: PASSED  ref=0.1083ms sol=0.0398ms  speedup=2.72x  abs=0.00e+00 rel=0.00e+00
[3/5] 841b0afa axes={'batch_size': 14509}: PASSED  ref=1.5827ms sol=0.1645ms  speedup=9.62x  abs=3.12e-02 rel=7.75e-03
[4/5] 33bf737d axes={'batch_size': 7}: PASSED  ref=0.1080ms sol=0.0390ms  speedup=2.77x  abs=0.00e+00 rel=0.00e+00
[5/5] f0f508c3 axes={'batch_size': 14418}: PASSED  ref=1.5629ms sol=0.1634ms  speedup=9.57x  abs=3.12e-02 rel=7.81e-03
==============================================================================
Passed: 5/5    valid_run=True
GEOMEAN speedup (optimization target): 4.55x
  arithmetic mean (fib/AKO4X metric):  5.50x
  min=2.72x  max=9.62x
RESULT: VALID — geomean speedup = 4.55x
==============================================================================
Wrote /data1/workspace/weihongren/kda-runs/formal-kda-20260916--flashinfer--rmsnorm_h4096/runs/candidates/c001/feedback.json
