==============================================================================
Definition : gemm_n4096_k4096  (op_type=gemm)
Solution   : /data1/workspace/weihongren/kda-control/formal-kda-20260916--flashinfer--gemm_n4096_k4096/candidates/c006/solution.py
Device     : cuda:0  (NVIDIA A800-SXM4-80GB)
Workloads  : 5   trials=1 warmup=3 iters=100
Selected   : [24, 26, 2, 16, 32]
Tolerance  : atol=0.01 rtol=0.01 matched_ratio=0.99
==============================================================================
[1/5] 67d4c8f3 axes={'M': 64}: PASSED  ref=0.0454ms sol=0.1010ms  speedup=0.45x  abs=1.25e-01 rel=2.32e-01
[2/5] 59ca23f5 axes={'M': 48}: PASSED  ref=0.0441ms sol=0.0990ms  speedup=0.44x  abs=1.25e-01 rel=3.71e-01
[3/5] e7c939ae axes={'M': 240}: PASSED  ref=0.0698ms sol=0.1135ms  speedup=0.61x  abs=2.50e-01 rel=6.99e+01
[4/5] 29ebd771 axes={'M': 128}: PASSED  ref=0.0506ms sol=0.1046ms  speedup=0.48x  abs=1.25e-01 rel=1.31e+00
[5/5] f439da26 axes={'M': 4}: PASSED  ref=0.0435ms sol=0.0951ms  speedup=0.46x  abs=1.25e-01 rel=6.82e-03
==============================================================================
Passed: 5/5    valid_run=True
GEOMEAN speedup (optimization target): 0.49x
  arithmetic mean (fib/AKO4X metric):  0.49x
  min=0.44x  max=0.61x
RESULT: VALID — geomean speedup = 0.49x
==============================================================================
Wrote /data1/workspace/weihongren/kda-runs/formal-kda-20260916--flashinfer--gemm_n4096_k4096/runs/candidates/c006/feedback.json
