==============================================================================
Definition : mla_paged_decode_h16_ckv512_kpe64_ps1  (op_type=mla_paged)
Solution   : /home/ziming/kda-ops/kda-control/formal-kda-h100-20260920--flashinfer--mla_paged_decode_h16_ckv512_kpe64_ps1/candidates/c001/solution.py
Device     : cuda:0  (NVIDIA H100 80GB HBM3)
Workloads  : 47   trials=1 warmup=2 iters=10
Selected   : [0, 1, 2, 3, 4, 5, 6, 7, 8, 9, 10, 11, 12, 13, 14, 15, 16, 17, 18, 19, 20, 21, 22, 23, 24, 25, 26, 27, 28, 29, 30, 31, 32, 33, 34, 35, 36, 37, 38, 39, 40, 41, 42, 43, 44, 45, 46]
Tolerance  : atol=0.01 rtol=0.01 matched_ratio=0.99
==============================================================================
[1/47] 00cb2bc2 axes={'batch_size': 1, 'num_pages': 989669, 'len_indptr': 2, 'num_kv_indices': 8}: RUNTIME_ERROR  CompilationError: at 49:40:
            acc += exp_logic * tv

            e_sum = e_sum * old_scale + exp_logic
            e_max = n_e_max

    out = tl.where(e_sum > 0, acc / e_sum, 0.0)
    tl.store(
        O + cur_batch * stride_o_b + cur_head * stride_o_h + offs_d,
        out.to(O.dtype.element_ty),
    )
    # base-2 LSE; empty sequence (e_sum==0) -> e_max=-inf, log(0)=-inf -> -inf
    lse_val = (e_max + tl.log(e_sum)) * LOG2E
                                        ^
NameError("Cannot access global variable LOG2E from within @jit'ed function. Triton kernels can only access global variables that are instanstiated as constexpr (`x = triton.language.constexpr(42)`). Note that this is different from annotating a variable as constexpr (`x: triton.language.constexpr = 42`), which is not supported.  Alternatively, set the envvar TRITON_ALLOW_NON_CONSTEXPR_GLOBALS=1, but we do not promise to support this forever.")
[2/47] c2e8ef55 axes={'batch_size': 1, 'num_pages': 989669, 'len_indptr': 2, 'num_kv_indices': 108}: RUNTIME_ERROR  CompilationError: at 49:40:
            acc += exp_logic * tv

            e_sum = e_sum * old_scale + exp_logic
            e_max = n_e_max

    out = tl.where(e_sum > 0, acc / e_sum, 0.0)
    tl.store(
        O + cur_batch * stride_o_b + cur_head * stride_o_h + offs_d,
        out.to(O.dtype.element_ty),
    )
    # base-2 LSE; empty sequence (e_sum==0) -> e_max=-inf, log(0)=-inf -> -inf
    lse_val = (e_max + tl.log(e_sum)) * LOG2E
                                        ^
NameError("Cannot access global variable LOG2E from within @jit'ed function. Triton kernels can only access global variables that are instanstiated as constexpr (`x = triton.language.constexpr(42)`). Note that this is different from annotating a variable as constexpr (`x: triton.language.constexpr = 42`), which is not supported.  Alternatively, set the envvar TRITON_ALLOW_NON_CONSTEXPR_GLOBALS=1, but we do not promise to support this forever.")
[3/47] deb5f26c axes={'batch_size': 1, 'num_pages': 989669, 'len_indptr': 2, 'num_kv_indices': 208}: RUNTIME_ERROR  CompilationError: at 49:40:
            acc += exp_logic * tv

            e_sum = e_sum * old_scale + exp_logic
            e_max = n_e_max

    out = tl.where(e_sum > 0, acc / e_sum, 0.0)
    tl.store(
        O + cur_batch * stride_o_b + cur_head * stride_o_h + offs_d,
        out.to(O.dtype.element_ty),
    )
    # base-2 LSE; empty sequence (e_sum==0) -> e_max=-inf, log(0)=-inf -> -inf
    lse_val = (e_max + tl.log(e_sum)) * LOG2E
                                        ^
NameError("Cannot access global variable LOG2E from within @jit'ed function. Triton kernels can only access global variables that are instanstiated as constexpr (`x = triton.language.constexpr(42)`). Note that this is different from annotating a variable as constexpr (`x: triton.language.constexpr = 42`), which is not supported.  Alternatively, set the envvar TRITON_ALLOW_NON_CONSTEXPR_GLOBALS=1, but we do not promise to support this forever.")
[4/47] 7cd78cb9 axes={'batch_size': 1, 'num_pages': 989669, 'len_indptr': 2, 'num_kv_indices': 308}: RUNTIME_ERROR  CompilationError: at 49:40:
            acc += exp_logic * tv

            e_sum = e_sum * old_scale + exp_logic
            e_max = n_e_max

    out = tl.where(e_sum > 0, acc / e_sum, 0.0)
    tl.store(
        O + cur_batch * stride_o_b + cur_head * stride_o_h + offs_d,
        out.to(O.dtype.element_ty),
    )
    # base-2 LSE; empty sequence (e_sum==0) -> e_max=-inf, log(0)=-inf -> -inf
    lse_val = (e_max + tl.log(e_sum)) * LOG2E
                                        ^
NameError("Cannot access global variable LOG2E from within @jit'ed function. Triton kernels can only access global variables that are instanstiated as constexpr (`x = triton.language.constexpr(42)`). Note that this is different from annotating a variable as constexpr (`x: triton.language.constexpr = 42`), which is not supported.  Alternatively, set the envvar TRITON_ALLOW_NON_CONSTEXPR_GLOBALS=1, but we do not promise to support this forever.")
[5/47] 951de642 axes={'batch_size': 1, 'num_pages': 989669, 'len_indptr': 2, 'num_kv_indices': 408}: RUNTIME_ERROR  CompilationError: at 49:40:
            acc += exp_logic * tv

            e_sum = e_sum * old_scale + exp_logic
            e_max = n_e_max

    out = tl.where(e_sum > 0, acc / e_sum, 0.0)
    tl.store(
        O + cur_batch * stride_o_b + cur_head * stride_o_h + offs_d,
        out.to(O.dtype.element_ty),
    )
    # base-2 LSE; empty sequence (e_sum==0) -> e_max=-inf, log(0)=-inf -> -inf
    lse_val = (e_max + tl.log(e_sum)) * LOG2E
                                        ^
NameError("Cannot access global variable LOG2E from within @jit'ed function. Triton kernels can only access global variables that are instanstiated as constexpr (`x = triton.language.constexpr(42)`). Note that this is different from annotating a variable as constexpr (`x: triton.language.constexpr = 42`), which is not supported.  Alternatively, set the envvar TRITON_ALLOW_NON_CONSTEXPR_GLOBALS=1, but we do not promise to support this forever.")
[6/47] 4d9f5e3e axes={'batch_size': 1, 'num_pages': 989669, 'len_indptr': 2, 'num_kv_indices': 508}: RUNTIME_ERROR  CompilationError: at 49:40:
            acc += exp_logic * tv

            e_sum = e_sum * old_scale + exp_logic
            e_max = n_e_max

    out = tl.where(e_sum > 0, acc / e_sum, 0.0)
    tl.store(
        O + cur_batch * stride_o_b + cur_head * stride_o_h + offs_d,
        out.to(O.dtype.element_ty),
    )
    # base-2 LSE; empty sequence (e_sum==0) -> e_max=-inf, log(0)=-inf -> -inf
    lse_val = (e_max + tl.log(e_sum)) * LOG2E
                                        ^
NameError("Cannot access global variable LOG2E from within @jit'ed function. Triton kernels can only access global variables that are instanstiated as constexpr (`x = triton.language.constexpr(42)`). Note that this is different from annotating a variable as constexpr (`x: triton.language.constexpr = 42`), which is not supported.  Alternatively, set the envvar TRITON_ALLOW_NON_CONSTEXPR_GLOBALS=1, but we do not promise to support this forever.")
[7/47] 5c200fe9 axes={'batch_size': 1, 'num_pages': 989669, 'len_indptr': 2, 'num_kv_indices': 608}: RUNTIME_ERROR  CompilationError: at 49:40:
            acc += exp_logic * tv

            e_sum = e_sum * old_scale + exp_logic
            e_max = n_e_max

    out = tl.where(e_sum > 0, acc / e_sum, 0.0)
    tl.store(
        O + cur_batch * stride_o_b + cur_head * stride_o_h + offs_d,
        out.to(O.dtype.element_ty),
    )
    # base-2 LSE; empty sequence (e_sum==0) -> e_max=-inf, log(0)=-inf -> -inf
    lse_val = (e_max + tl.log(e_sum)) * LOG2E
                                        ^
NameError("Cannot access global variable LOG2E from within @jit'ed function. Triton kernels can only access global variables that are instanstiated as constexpr (`x = triton.language.constexpr(42)`). Note that this is different from annotating a variable as constexpr (`x: triton.language.constexpr = 42`), which is not supported.  Alternatively, set the envvar TRITON_ALLOW_NON_CONSTEXPR_GLOBALS=1, but we do not promise to support this forever.")
[8/47] d232cde2 axes={'batch_size': 1, 'num_pages': 989669, 'len_indptr': 2, 'num_kv_indices': 708}: RUNTIME_ERROR  CompilationError: at 49:40:
            acc += exp_logic * tv

            e_sum = e_sum * old_scale + exp_logic
            e_max = n_e_max

    out = tl.where(e_sum > 0, acc / e_sum, 0.0)
    tl.store(
        O + cur_batch * stride_o_b + cur_head * stride_o_h + offs_d,
        out.to(O.dtype.element_ty),
    )
    # base-2 LSE; empty sequence (e_sum==0) -> e_max=-inf, log(0)=-inf -> -inf
    lse_val = (e_max + tl.log(e_sum)) * LOG2E
                                        ^
NameError("Cannot access global variable LOG2E from within @jit'ed function. Triton kernels can only access global variables that are instanstiated as constexpr (`x = triton.language.constexpr(42)`). Note that this is different from annotating a variable as constexpr (`x: triton.language.constexpr = 42`), which is not supported.  Alternatively, set the envvar TRITON_ALLOW_NON_CONSTEXPR_GLOBALS=1, but we do not promise to support this forever.")
[9/47] 2cde88e6 axes={'batch_size': 1, 'num_pages': 989669, 'len_indptr': 2, 'num_kv_indices': 808}: RUNTIME_ERROR  CompilationError: at 49:40:
            acc += exp_logic * tv

            e_sum = e_sum * old_scale + exp_logic
            e_max = n_e_max

    out = tl.where(e_sum > 0, acc / e_sum, 0.0)
    tl.store(
        O + cur_batch * stride_o_b + cur_head * stride_o_h + offs_d,
        out.to(O.dtype.element_ty),
    )
    # base-2 LSE; empty sequence (e_sum==0) -> e_max=-inf, log(0)=-inf -> -inf
    lse_val = (e_max + tl.log(e_sum)) * LOG2E
                                        ^
NameError("Cannot access global variable LOG2E from within @jit'ed function. Triton kernels can only access global variables that are instanstiated as constexpr (`x = triton.language.constexpr(42)`). Note that this is different from annotating a variable as constexpr (`x: triton.language.constexpr = 42`), which is not supported.  Alternatively, set the envvar TRITON_ALLOW_NON_CONSTEXPR_GLOBALS=1, but we do not promise to support this forever.")
[10/47] 53a7dfec axes={'batch_size': 1, 'num_pages': 989669, 'len_indptr': 2, 'num_kv_indices': 2708}: RUNTIME_ERROR  CompilationError: at 49:40:
            acc += exp_logic * tv

            e_sum = e_sum * old_scale + exp_logic
            e_max = n_e_max

    out = tl.where(e_sum > 0, acc / e_sum, 0.0)
    tl.store(
        O + cur_batch * stride_o_b + cur_head * stride_o_h + offs_d,
        out.to(O.dtype.element_ty),
    )
    # base-2 LSE; empty sequence (e_sum==0) -> e_max=-inf, log(0)=-inf -> -inf
    lse_val = (e_max + tl.log(e_sum)) * LOG2E
                                        ^
NameError("Cannot access global variable LOG2E from within @jit'ed function. Triton kernels can only access global variables that are instanstiated as constexpr (`x = triton.language.constexpr(42)`). Note that this is different from annotating a variable as constexpr (`x: triton.language.constexpr = 42`), which is not supported.  Alternatively, set the envvar TRITON_ALLOW_NON_CONSTEXPR_GLOBALS=1, but we do not promise to support this forever.")
[11/47] f26d4f7f axes={'batch_size': 1, 'num_pages': 989669, 'len_indptr': 2, 'num_kv_indices': 1908}: RUNTIME_ERROR  CompilationError: at 49:40:
            acc += exp_logic * tv

            e_sum = e_sum * old_scale + exp_logic
            e_max = n_e_max

    out = tl.where(e_sum > 0, acc / e_sum, 0.0)
    tl.store(
        O + cur_batch * stride_o_b + cur_head * stride_o_h + offs_d,
        out.to(O.dtype.element_ty),
    )
    # base-2 LSE; empty sequence (e_sum==0) -> e_max=-inf, log(0)=-inf -> -inf
    lse_val = (e_max + tl.log(e_sum)) * LOG2E
                                        ^
NameError("Cannot access global variable LOG2E from within @jit'ed function. Triton kernels can only access global variables that are instanstiated as constexpr (`x = triton.language.constexpr(42)`). Note that this is different from annotating a variable as constexpr (`x: triton.language.constexpr = 42`), which is not supported.  Alternatively, set the envvar TRITON_ALLOW_NON_CONSTEXPR_GLOBALS=1, but we do not promise to support this forever.")
[12/47] e6bef587 axes={'batch_size': 1, 'num_pages': 989669, 'len_indptr': 2, 'num_kv_indices': 1008}: RUNTIME_ERROR  CompilationError: at 49:40:
            acc += exp_logic * tv

            e_sum = e_sum * old_scale + exp_logic
            e_max = n_e_max

    out = tl.where(e_sum > 0, acc / e_sum, 0.0)
    tl.store(
        O + cur_batch * stride_o_b + cur_head * stride_o_h + offs_d,
        out.to(O.dtype.element_ty),
    )
    # base-2 LSE; empty sequence (e_sum==0) -> e_max=-inf, log(0)=-inf -> -inf
    lse_val = (e_max + tl.log(e_sum)) * LOG2E
                                        ^
NameError("Cannot access global variable LOG2E from within @jit'ed function. Triton kernels can only access global variables that are instanstiated as constexpr (`x = triton.language.constexpr(42)`). Note that this is different from annotating a variable as constexpr (`x: triton.language.constexpr = 42`), which is not supported.  Alternatively, set the envvar TRITON_ALLOW_NON_CONSTEXPR_GLOBALS=1, but we do not promise to support this forever.")
[13/47] d0da33e2 axes={'batch_size': 1, 'num_pages': 989669, 'len_indptr': 2, 'num_kv_indices': 2408}: RUNTIME_ERROR  CompilationError: at 49:40:
            acc += exp_logic * tv

            e_sum = e_sum * old_scale + exp_logic
            e_max = n_e_max

    out = tl.where(e_sum > 0, acc / e_sum, 0.0)
    tl.store(
        O + cur_batch * stride_o_b + cur_head * stride_o_h + offs_d,
        out.to(O.dtype.element_ty),
    )
    # base-2 LSE; empty sequence (e_sum==0) -> e_max=-inf, log(0)=-inf -> -inf
    lse_val = (e_max + tl.log(e_sum)) * LOG2E
                                        ^
NameError("Cannot access global variable LOG2E from within @jit'ed function. Triton kernels can only access global variables that are instanstiated as constexpr (`x = triton.language.constexpr(42)`). Note that this is different from annotating a variable as constexpr (`x: triton.language.constexpr = 42`), which is not supported.  Alternatively, set the envvar TRITON_ALLOW_NON_CONSTEXPR_GLOBALS=1, but we do not promise to support this forever.")
[14/47] 990b57e3 axes={'batch_size': 1, 'num_pages': 989669, 'len_indptr': 2, 'num_kv_indices': 1108}: RUNTIME_ERROR  CompilationError: at 49:40:
            acc += exp_logic * tv

            e_sum = e_sum * old_scale + exp_logic
            e_max = n_e_max

    out = tl.where(e_sum > 0, acc / e_sum, 0.0)
    tl.store(
        O + cur_batch * stride_o_b + cur_head * stride_o_h + offs_d,
        out.to(O.dtype.element_ty),
    )
    # base-2 LSE; empty sequence (e_sum==0) -> e_max=-inf, log(0)=-inf -> -inf
    lse_val = (e_max + tl.log(e_sum)) * LOG2E
                                        ^
NameError("Cannot access global variable LOG2E from within @jit'ed function. Triton kernels can only access global variables that are instanstiated as constexpr (`x = triton.language.constexpr(42)`). Note that this is different from annotating a variable as constexpr (`x: triton.language.constexpr = 42`), which is not supported.  Alternatively, set the envvar TRITON_ALLOW_NON_CONSTEXPR_GLOBALS=1, but we do not promise to support this forever.")
[15/47] 28210082 axes={'batch_size': 1, 'num_pages': 989669, 'len_indptr': 2, 'num_kv_indices': 1208}: RUNTIME_ERROR  CompilationError: at 49:40:
            acc += exp_logic * tv

            e_sum = e_sum * old_scale + exp_logic
            e_max = n_e_max

    out = tl.where(e_sum > 0, acc / e_sum, 0.0)
    tl.store(
        O + cur_batch * stride_o_b + cur_head * stride_o_h + offs_d,
        out.to(O.dtype.element_ty),
    )
    # base-2 LSE; empty sequence (e_sum==0) -> e_max=-inf, log(0)=-inf -> -inf
    lse_val = (e_max + tl.log(e_sum)) * LOG2E
                                        ^
NameError("Cannot access global variable LOG2E from within @jit'ed function. Triton kernels can only access global variables that are instanstiated as constexpr (`x = triton.language.constexpr(42)`). Note that this is different from annotating a variable as constexpr (`x: triton.language.constexpr = 42`), which is not supported.  Alternatively, set the envvar TRITON_ALLOW_NON_CONSTEXPR_GLOBALS=1, but we do not promise to support this forever.")
[16/47] 5e86857b axes={'batch_size': 16, 'num_pages': 989669, 'len_indptr': 17, 'num_kv_indices': 2757}: RUNTIME_ERROR  CompilationError: at 49:40:
            acc += exp_logic * tv

            e_sum = e_sum * old_scale + exp_logic
            e_max = n_e_max

    out = tl.where(e_sum > 0, acc / e_sum, 0.0)
    tl.store(
        O + cur_batch * stride_o_b + cur_head * stride_o_h + offs_d,
        out.to(O.dtype.element_ty),
    )
    # base-2 LSE; empty sequence (e_sum==0) -> e_max=-inf, log(0)=-inf -> -inf
    lse_val = (e_max + tl.log(e_sum)) * LOG2E
                                        ^
NameError("Cannot access global variable LOG2E from within @jit'ed function. Triton kernels can only access global variables that are instanstiated as constexpr (`x = triton.language.constexpr(42)`). Note that this is different from annotating a variable as constexpr (`x: triton.language.constexpr = 42`), which is not supported.  Alternatively, set the envvar TRITON_ALLOW_NON_CONSTEXPR_GLOBALS=1, but we do not promise to support this forever.")
[17/47] 34026642 axes={'batch_size': 16, 'num_pages': 989669, 'len_indptr': 17, 'num_kv_indices': 1857}: RUNTIME_ERROR  CompilationError: at 49:40:
            acc += exp_logic * tv

            e_sum = e_sum * old_scale + exp_logic
            e_max = n_e_max

    out = tl.where(e_sum > 0, acc / e_sum, 0.0)
    tl.store(
        O + cur_batch * stride_o_b + cur_head * stride_o_h + offs_d,
        out.to(O.dtype.element_ty),
    )
    # base-2 LSE; empty sequence (e_sum==0) -> e_max=-inf, log(0)=-inf -> -inf
    lse_val = (e_max + tl.log(e_sum)) * LOG2E
                                        ^
NameError("Cannot access global variable LOG2E from within @jit'ed function. Triton kernels can only access global variables that are instanstiated as constexpr (`x = triton.language.constexpr(42)`). Note that this is different from annotating a variable as constexpr (`x: triton.language.constexpr = 42`), which is not supported.  Alternatively, set the envvar TRITON_ALLOW_NON_CONSTEXPR_GLOBALS=1, but we do not promise to support this forever.")
[18/47] 89070a1d axes={'batch_size': 16, 'num_pages': 989669, 'len_indptr': 17, 'num_kv_indices': 3557}: RUNTIME_ERROR  CompilationError: at 49:40:
            acc += exp_logic * tv

            e_sum = e_sum * old_scale + exp_logic
            e_max = n_e_max

    out = tl.where(e_sum > 0, acc / e_sum, 0.0)
    tl.store(
        O + cur_batch * stride_o_b + cur_head * stride_o_h + offs_d,
        out.to(O.dtype.element_ty),
    )
    # base-2 LSE; empty sequence (e_sum==0) -> e_max=-inf, log(0)=-inf -> -inf
    lse_val = (e_max + tl.log(e_sum)) * LOG2E
                                        ^
NameError("Cannot access global variable LOG2E from within @jit'ed function. Triton kernels can only access global variables that are instanstiated as constexpr (`x = triton.language.constexpr(42)`). Note that this is different from annotating a variable as constexpr (`x: triton.language.constexpr = 42`), which is not supported.  Alternatively, set the envvar TRITON_ALLOW_NON_CONSTEXPR_GLOBALS=1, but we do not promise to support this forever.")
[19/47] 1250b1f6 axes={'batch_size': 16, 'num_pages': 989669, 'len_indptr': 17, 'num_kv_indices': 4357}: RUNTIME_ERROR  CompilationError: at 49:40:
            acc += exp_logic * tv

            e_sum = e_sum * old_scale + exp_logic
            e_max = n_e_max

    out = tl.where(e_sum > 0, acc / e_sum, 0.0)
    tl.store(
        O + cur_batch * stride_o_b + cur_head * stride_o_h + offs_d,
        out.to(O.dtype.element_ty),
    )
    # base-2 LSE; empty sequence (e_sum==0) -> e_max=-inf, log(0)=-inf -> -inf
    lse_val = (e_max + tl.log(e_sum)) * LOG2E
                                        ^
NameError("Cannot access global variable LOG2E from within @jit'ed function. Triton kernels can only access global variables that are instanstiated as constexpr (`x = triton.language.constexpr(42)`). Note that this is different from annotating a variable as constexpr (`x: triton.language.constexpr = 42`), which is not supported.  Alternatively, set the envvar TRITON_ALLOW_NON_CONSTEXPR_GLOBALS=1, but we do not promise to support this forever.")
[20/47] 5bfb8416 axes={'batch_size': 16, 'num_pages': 989669, 'len_indptr': 17, 'num_kv_indices': 7257}: RUNTIME_ERROR  CompilationError: at 49:40:
            acc += exp_logic * tv

            e_sum = e_sum * old_scale + exp_logic
            e_max = n_e_max

    out = tl.where(e_sum > 0, acc / e_sum, 0.0)
    tl.store(
        O + cur_batch * stride_o_b + cur_head * stride_o_h + offs_d,
        out.to(O.dtype.element_ty),
    )
    # base-2 LSE; empty sequence (e_sum==0) -> e_max=-inf, log(0)=-inf -> -inf
    lse_val = (e_max + tl.log(e_sum)) * LOG2E
                                        ^
NameError("Cannot access global variable LOG2E from within @jit'ed function. Triton kernels can only access global variables that are instanstiated as constexpr (`x = triton.language.constexpr(42)`). Note that this is different from annotating a variable as constexpr (`x: triton.language.constexpr = 42`), which is not supported.  Alternatively, set the envvar TRITON_ALLOW_NON_CONSTEXPR_GLOBALS=1, but we do not promise to support this forever.")
[21/47] 57106903 axes={'batch_size': 16, 'num_pages': 989669, 'len_indptr': 17, 'num_kv_indices': 8057}: RUNTIME_ERROR  CompilationError: at 49:40:
            acc += exp_logic * tv

            e_sum = e_sum * old_scale + exp_logic
            e_max = n_e_max

    out = tl.where(e_sum > 0, acc / e_sum, 0.0)
    tl.store(
        O + cur_batch * stride_o_b + cur_head * stride_o_h + offs_d,
        out.to(O.dtype.element_ty),
    )
    # base-2 LSE; empty sequence (e_sum==0) -> e_max=-inf, log(0)=-inf -> -inf
    lse_val = (e_max + tl.log(e_sum)) * LOG2E
                                        ^
NameError("Cannot access global variable LOG2E from within @jit'ed function. Triton kernels can only access global variables that are instanstiated as constexpr (`x = triton.language.constexpr(42)`). Note that this is different from annotating a variable as constexpr (`x: triton.language.constexpr = 42`), which is not supported.  Alternatively, set the envvar TRITON_ALLOW_NON_CONSTEXPR_GLOBALS=1, but we do not promise to support this forever.")
[22/47] 373074ba axes={'batch_size': 16, 'num_pages': 989669, 'len_indptr': 17, 'num_kv_indices': 5057}: RUNTIME_ERROR  CompilationError: at 49:40:
            acc += exp_logic * tv

            e_sum = e_sum * old_scale + exp_logic
            e_max = n_e_max

    out = tl.where(e_sum > 0, acc / e_sum, 0.0)
    tl.store(
        O + cur_batch * stride_o_b + cur_head * stride_o_h + offs_d,
        out.to(O.dtype.element_ty),
    )
    # base-2 LSE; empty sequence (e_sum==0) -> e_max=-inf, log(0)=-inf -> -inf
    lse_val = (e_max + tl.log(e_sum)) * LOG2E
                                        ^
NameError("Cannot access global variable LOG2E from within @jit'ed function. Triton kernels can only access global variables that are instanstiated as constexpr (`x = triton.language.constexpr(42)`). Note that this is different from annotating a variable as constexpr (`x: triton.language.constexpr = 42`), which is not supported.  Alternatively, set the envvar TRITON_ALLOW_NON_CONSTEXPR_GLOBALS=1, but we do not promise to support this forever.")
[23/47] c4e14a53 axes={'batch_size': 16, 'num_pages': 989669, 'len_indptr': 17, 'num_kv_indices': 9657}: RUNTIME_ERROR  CompilationError: at 49:40:
            acc += exp_logic * tv

            e_sum = e_sum * old_scale + exp_logic
            e_max = n_e_max

    out = tl.where(e_sum > 0, acc / e_sum, 0.0)
    tl.store(
        O + cur_batch * stride_o_b + cur_head * stride_o_h + offs_d,
        out.to(O.dtype.element_ty),
    )
    # base-2 LSE; empty sequence (e_sum==0) -> e_max=-inf, log(0)=-inf -> -inf
    lse_val = (e_max + tl.log(e_sum)) * LOG2E
                                        ^
NameError("Cannot access global variable LOG2E from within @jit'ed function. Triton kernels can only access global variables that are instanstiated as constexpr (`x = triton.language.constexpr(42)`). Note that this is different from annotating a variable as constexpr (`x: triton.language.constexpr = 42`), which is not supported.  Alternatively, set the envvar TRITON_ALLOW_NON_CONSTEXPR_GLOBALS=1, but we do not promise to support this forever.")
[24/47] f42ce054 axes={'batch_size': 16, 'num_pages': 989669, 'len_indptr': 17, 'num_kv_indices': 5857}: RUNTIME_ERROR  CompilationError: at 49:40:
            acc += exp_logic * tv

            e_sum = e_sum * old_scale + exp_logic
            e_max = n_e_max

    out = tl.where(e_sum > 0, acc / e_sum, 0.0)
    tl.store(
        O + cur_batch * stride_o_b + cur_head * stride_o_h + offs_d,
        out.to(O.dtype.element_ty),
    )
    # base-2 LSE; empty sequence (e_sum==0) -> e_max=-inf, log(0)=-inf -> -inf
    lse_val = (e_max + tl.log(e_sum)) * LOG2E
                                        ^
NameError("Cannot access global variable LOG2E from within @jit'ed function. Triton kernels can only access global variables that are instanstiated as constexpr (`x = triton.language.constexpr(42)`). Note that this is different from annotating a variable as constexpr (`x: triton.language.constexpr = 42`), which is not supported.  Alternatively, set the envvar TRITON_ALLOW_NON_CONSTEXPR_GLOBALS=1, but we do not promise to support this forever.")
[25/47] 220b10b5 axes={'batch_size': 16, 'num_pages': 989669, 'len_indptr': 17, 'num_kv_indices': 10857}: RUNTIME_ERROR  CompilationError: at 49:40:
            acc += exp_logic * tv

            e_sum = e_sum * old_scale + exp_logic
            e_max = n_e_max

    out = tl.where(e_sum > 0, acc / e_sum, 0.0)
    tl.store(
        O + cur_batch * stride_o_b + cur_head * stride_o_h + offs_d,
        out.to(O.dtype.element_ty),
    )
    # base-2 LSE; empty sequence (e_sum==0) -> e_max=-inf, log(0)=-inf -> -inf
    lse_val = (e_max + tl.log(e_sum)) * LOG2E
                                        ^
NameError("Cannot access global variable LOG2E from within @jit'ed function. Triton kernels can only access global variables that are instanstiated as constexpr (`x = triton.language.constexpr(42)`). Note that this is different from annotating a variable as constexpr (`x: triton.language.constexpr = 42`), which is not supported.  Alternatively, set the envvar TRITON_ALLOW_NON_CONSTEXPR_GLOBALS=1, but we do not promise to support this forever.")
[26/47] 787d2d2f axes={'batch_size': 16, 'num_pages': 989669, 'len_indptr': 17, 'num_kv_indices': 6657}: RUNTIME_ERROR  CompilationError: at 49:40:
            acc += exp_logic * tv

            e_sum = e_sum * old_scale + exp_logic
            e_max = n_e_max

    out = tl.where(e_sum > 0, acc / e_sum, 0.0)
    tl.store(
        O + cur_batch * stride_o_b + cur_head * stride_o_h + offs_d,
        out.to(O.dtype.element_ty),
    )
    # base-2 LSE; empty sequence (e_sum==0) -> e_max=-inf, log(0)=-inf -> -inf
    lse_val = (e_max + tl.log(e_sum)) * LOG2E
                                        ^
NameError("Cannot access global variable LOG2E from within @jit'ed function. Triton kernels can only access global variables that are instanstiated as constexpr (`x = triton.language.constexpr(42)`). Note that this is different from annotating a variable as constexpr (`x: triton.language.constexpr = 42`), which is not supported.  Alternatively, set the envvar TRITON_ALLOW_NON_CONSTEXPR_GLOBALS=1, but we do not promise to support this forever.")
[27/47] e417264f axes={'batch_size': 16, 'num_pages': 989669, 'len_indptr': 17, 'num_kv_indices': 12857}: RUNTIME_ERROR  CompilationError: at 49:40:
            acc += exp_logic * tv

            e_sum = e_sum * old_scale + exp_logic
            e_max = n_e_max

    out = tl.where(e_sum > 0, acc / e_sum, 0.0)
    tl.store(
        O + cur_batch * stride_o_b + cur_head * stride_o_h + offs_d,
        out.to(O.dtype.element_ty),
    )
    # base-2 LSE; empty sequence (e_sum==0) -> e_max=-inf, log(0)=-inf -> -inf
    lse_val = (e_max + tl.log(e_sum)) * LOG2E
                                        ^
NameError("Cannot access global variable LOG2E from within @jit'ed function. Triton kernels can only access global variables that are instanstiated as constexpr (`x = triton.language.constexpr(42)`). Note that this is different from annotating a variable as constexpr (`x: triton.language.constexpr = 42`), which is not supported.  Alternatively, set the envvar TRITON_ALLOW_NON_CONSTEXPR_GLOBALS=1, but we do not promise to support this forever.")
[28/47] a128f96f axes={'batch_size': 16, 'num_pages': 989669, 'len_indptr': 17, 'num_kv_indices': 457}: RUNTIME_ERROR  CompilationError: at 49:40:
            acc += exp_logic * tv

            e_sum = e_sum * old_scale + exp_logic
            e_max = n_e_max

    out = tl.where(e_sum > 0, acc / e_sum, 0.0)
    tl.store(
        O + cur_batch * stride_o_b + cur_head * stride_o_h + offs_d,
        out.to(O.dtype.element_ty),
    )
    # base-2 LSE; empty sequence (e_sum==0) -> e_max=-inf, log(0)=-inf -> -inf
    lse_val = (e_max + tl.log(e_sum)) * LOG2E
                                        ^
NameError("Cannot access global variable LOG2E from within @jit'ed function. Triton kernels can only access global variables that are instanstiated as constexpr (`x = triton.language.constexpr(42)`). Note that this is different from annotating a variable as constexpr (`x: triton.language.constexpr = 42`), which is not supported.  Alternatively, set the envvar TRITON_ALLOW_NON_CONSTEXPR_GLOBALS=1, but we do not promise to support this forever.")
[29/47] bd2dae14 axes={'batch_size': 16, 'num_pages': 989669, 'len_indptr': 17, 'num_kv_indices': 14857}: RUNTIME_ERROR  CompilationError: at 49:40:
            acc += exp_logic * tv

            e_sum = e_sum * old_scale + exp_logic
            e_max = n_e_max

    out = tl.where(e_sum > 0, acc / e_sum, 0.0)
    tl.store(
        O + cur_batch * stride_o_b + cur_head * stride_o_h + offs_d,
        out.to(O.dtype.element_ty),
    )
    # base-2 LSE; empty sequence (e_sum==0) -> e_max=-inf, log(0)=-inf -> -inf
    lse_val = (e_max + tl.log(e_sum)) * LOG2E
                                        ^
NameError("Cannot access global variable LOG2E from within @jit'ed function. Triton kernels can only access global variables that are instanstiated as constexpr (`x = triton.language.constexpr(42)`). Note that this is different from annotating a variable as constexpr (`x: triton.language.constexpr = 42`), which is not supported.  Alternatively, set the envvar TRITON_ALLOW_NON_CONSTEXPR_GLOBALS=1, but we do not promise to support this forever.")
[30/47] 84221f45 axes={'batch_size': 16, 'num_pages': 989669, 'len_indptr': 17, 'num_kv_indices': 17257}: RUNTIME_ERROR  CompilationError: at 49:40:
            acc += exp_logic * tv

            e_sum = e_sum * old_scale + exp_logic
            e_max = n_e_max

    out = tl.where(e_sum > 0, acc / e_sum, 0.0)
    tl.store(
        O + cur_batch * stride_o_b + cur_head * stride_o_h + offs_d,
        out.to(O.dtype.element_ty),
    )
    # base-2 LSE; empty sequence (e_sum==0) -> e_max=-inf, log(0)=-inf -> -inf
    lse_val = (e_max + tl.log(e_sum)) * LOG2E
                                        ^
NameError("Cannot access global variable LOG2E from within @jit'ed function. Triton kernels can only access global variables that are instanstiated as constexpr (`x = triton.language.constexpr(42)`). Note that this is different from annotating a variable as constexpr (`x: triton.language.constexpr = 42`), which is not supported.  Alternatively, set the envvar TRITON_ALLOW_NON_CONSTEXPR_GLOBALS=1, but we do not promise to support this forever.")
[31/47] 7a9dc58c axes={'batch_size': 16, 'num_pages': 989669, 'len_indptr': 17, 'num_kv_indices': 8857}: RUNTIME_ERROR  CompilationError: at 49:40:
            acc += exp_logic * tv

            e_sum = e_sum * old_scale + exp_logic
            e_max = n_e_max

    out = tl.where(e_sum > 0, acc / e_sum, 0.0)
    tl.store(
        O + cur_batch * stride_o_b + cur_head * stride_o_h + offs_d,
        out.to(O.dtype.element_ty),
    )
    # base-2 LSE; empty sequence (e_sum==0) -> e_max=-inf, log(0)=-inf -> -inf
    lse_val = (e_max + tl.log(e_sum)) * LOG2E
                                        ^
NameError("Cannot access global variable LOG2E from within @jit'ed function. Triton kernels can only access global variables that are instanstiated as constexpr (`x = triton.language.constexpr(42)`). Note that this is different from annotating a variable as constexpr (`x: triton.language.constexpr = 42`), which is not supported.  Alternatively, set the envvar TRITON_ALLOW_NON_CONSTEXPR_GLOBALS=1, but we do not promise to support this forever.")
[32/47] fd4b2558 axes={'batch_size': 64, 'num_pages': 989669, 'len_indptr': 65, 'num_kv_indices': 27545}: RUNTIME_ERROR  CompilationError: at 49:40:
            acc += exp_logic * tv

            e_sum = e_sum * old_scale + exp_logic
            e_max = n_e_max

    out = tl.where(e_sum > 0, acc / e_sum, 0.0)
    tl.store(
        O + cur_batch * stride_o_b + cur_head * stride_o_h + offs_d,
        out.to(O.dtype.element_ty),
    )
    # base-2 LSE; empty sequence (e_sum==0) -> e_max=-inf, log(0)=-inf -> -inf
    lse_val = (e_max + tl.log(e_sum)) * LOG2E
                                        ^
NameError("Cannot access global variable LOG2E from within @jit'ed function. Triton kernels can only access global variables that are instanstiated as constexpr (`x = triton.language.constexpr(42)`). Note that this is different from annotating a variable as constexpr (`x: triton.language.constexpr = 42`), which is not supported.  Alternatively, set the envvar TRITON_ALLOW_NON_CONSTEXPR_GLOBALS=1, but we do not promise to support this forever.")
[33/47] 7e083fc8 axes={'batch_size': 64, 'num_pages': 989669, 'len_indptr': 65, 'num_kv_indices': 30745}: RUNTIME_ERROR  CompilationError: at 49:40:
            acc += exp_logic * tv

            e_sum = e_sum * old_scale + exp_logic
            e_max = n_e_max

    out = tl.where(e_sum > 0, acc / e_sum, 0.0)
    tl.store(
        O + cur_batch * stride_o_b + cur_head * stride_o_h + offs_d,
        out.to(O.dtype.element_ty),
    )
    # base-2 LSE; empty sequence (e_sum==0) -> e_max=-inf, log(0)=-inf -> -inf
    lse_val = (e_max + tl.log(e_sum)) * LOG2E
                                        ^
NameError("Cannot access global variable LOG2E from within @jit'ed function. Triton kernels can only access global variables that are instanstiated as constexpr (`x = triton.language.constexpr(42)`). Note that this is different from annotating a variable as constexpr (`x: triton.language.constexpr = 42`), which is not supported.  Alternatively, set the envvar TRITON_ALLOW_NON_CONSTEXPR_GLOBALS=1, but we do not promise to support this forever.")
[34/47] 60b29b12 axes={'batch_size': 64, 'num_pages': 989669, 'len_indptr': 65, 'num_kv_indices': 33945}: RUNTIME_ERROR  CompilationError: at 49:40:
            acc += exp_logic * tv

            e_sum = e_sum * old_scale + exp_logic
            e_max = n_e_max

    out = tl.where(e_sum > 0, acc / e_sum, 0.0)
    tl.store(
        O + cur_batch * stride_o_b + cur_head * stride_o_h + offs_d,
        out.to(O.dtype.element_ty),
    )
    # base-2 LSE; empty sequence (e_sum==0) -> e_max=-inf, log(0)=-inf -> -inf
    lse_val = (e_max + tl.log(e_sum)) * LOG2E
                                        ^
NameError("Cannot access global variable LOG2E from within @jit'ed function. Triton kernels can only access global variables that are instanstiated as constexpr (`x = triton.language.constexpr(42)`). Note that this is different from annotating a variable as constexpr (`x: triton.language.constexpr = 42`), which is not supported.  Alternatively, set the envvar TRITON_ALLOW_NON_CONSTEXPR_GLOBALS=1, but we do not promise to support this forever.")
[35/47] b018a35e axes={'batch_size': 64, 'num_pages': 989669, 'len_indptr': 65, 'num_kv_indices': 37145}: RUNTIME_ERROR  CompilationError: at 49:40:
            acc += exp_logic * tv

            e_sum = e_sum * old_scale + exp_logic
            e_max = n_e_max

    out = tl.where(e_sum > 0, acc / e_sum, 0.0)
    tl.store(
        O + cur_batch * stride_o_b + cur_head * stride_o_h + offs_d,
        out.to(O.dtype.element_ty),
    )
    # base-2 LSE; empty sequence (e_sum==0) -> e_max=-inf, log(0)=-inf -> -inf
    lse_val = (e_max + tl.log(e_sum)) * LOG2E
                                        ^
NameError("Cannot access global variable LOG2E from within @jit'ed function. Triton kernels can only access global variables that are instanstiated as constexpr (`x = triton.language.constexpr(42)`). Note that this is different from annotating a variable as constexpr (`x: triton.language.constexpr = 42`), which is not supported.  Alternatively, set the envvar TRITON_ALLOW_NON_CONSTEXPR_GLOBALS=1, but we do not promise to support this forever.")
[36/47] 86a0eb47 axes={'batch_size': 64, 'num_pages': 989669, 'len_indptr': 65, 'num_kv_indices': 40345}: RUNTIME_ERROR  CompilationError: at 49:40:
            acc += exp_logic * tv

            e_sum = e_sum * old_scale + exp_logic
            e_max = n_e_max

    out = tl.where(e_sum > 0, acc / e_sum, 0.0)
    tl.store(
        O + cur_batch * stride_o_b + cur_head * stride_o_h + offs_d,
        out.to(O.dtype.element_ty),
    )
    # base-2 LSE; empty sequence (e_sum==0) -> e_max=-inf, log(0)=-inf -> -inf
    lse_val = (e_max + tl.log(e_sum)) * LOG2E
                                        ^
NameError("Cannot access global variable LOG2E from within @jit'ed function. Triton kernels can only access global variables that are instanstiated as constexpr (`x = triton.language.constexpr(42)`). Note that this is different from annotating a variable as constexpr (`x: triton.language.constexpr = 42`), which is not supported.  Alternatively, set the envvar TRITON_ALLOW_NON_CONSTEXPR_GLOBALS=1, but we do not promise to support this forever.")
[37/47] 80797c3d axes={'batch_size': 64, 'num_pages': 989669, 'len_indptr': 65, 'num_kv_indices': 44845}: RUNTIME_ERROR  CompilationError: at 49:40:
            acc += exp_logic * tv

            e_sum = e_sum * old_scale + exp_logic
            e_max = n_e_max

    out = tl.where(e_sum > 0, acc / e_sum, 0.0)
    tl.store(
        O + cur_batch * stride_o_b + cur_head * stride_o_h + offs_d,
        out.to(O.dtype.element_ty),
    )
    # base-2 LSE; empty sequence (e_sum==0) -> e_max=-inf, log(0)=-inf -> -inf
    lse_val = (e_max + tl.log(e_sum)) * LOG2E
                                        ^
NameError("Cannot access global variable LOG2E from within @jit'ed function. Triton kernels can only access global variables that are instanstiated as constexpr (`x = triton.language.constexpr(42)`). Note that this is different from annotating a variable as constexpr (`x: triton.language.constexpr = 42`), which is not supported.  Alternatively, set the envvar TRITON_ALLOW_NON_CONSTEXPR_GLOBALS=1, but we do not promise to support this forever.")
[38/47] f4367b30 axes={'batch_size': 64, 'num_pages': 989669, 'len_indptr': 65, 'num_kv_indices': 48045}: RUNTIME_ERROR  CompilationError: at 49:40:
            acc += exp_logic * tv

            e_sum = e_sum * old_scale + exp_logic
            e_max = n_e_max

    out = tl.where(e_sum > 0, acc / e_sum, 0.0)
    tl.store(
        O + cur_batch * stride_o_b + cur_head * stride_o_h + offs_d,
        out.to(O.dtype.element_ty),
    )
    # base-2 LSE; empty sequence (e_sum==0) -> e_max=-inf, log(0)=-inf -> -inf
    lse_val = (e_max + tl.log(e_sum)) * LOG2E
                                        ^
NameError("Cannot access global variable LOG2E from within @jit'ed function. Triton kernels can only access global variables that are instanstiated as constexpr (`x = triton.language.constexpr(42)`). Note that this is different from annotating a variable as constexpr (`x: triton.language.constexpr = 42`), which is not supported.  Alternatively, set the envvar TRITON_ALLOW_NON_CONSTEXPR_GLOBALS=1, but we do not promise to support this forever.")
[39/47] b15c7099 axes={'batch_size': 64, 'num_pages': 989669, 'len_indptr': 65, 'num_kv_indices': 51245}: RUNTIME_ERROR  CompilationError: at 49:40:
            acc += exp_logic * tv

            e_sum = e_sum * old_scale + exp_logic
            e_max = n_e_max

    out = tl.where(e_sum > 0, acc / e_sum, 0.0)
    tl.store(
        O + cur_batch * stride_o_b + cur_head * stride_o_h + offs_d,
        out.to(O.dtype.element_ty),
    )
    # base-2 LSE; empty sequence (e_sum==0) -> e_max=-inf, log(0)=-inf -> -inf
    lse_val = (e_max + tl.log(e_sum)) * LOG2E
                                        ^
NameError("Cannot access global variable LOG2E from within @jit'ed function. Triton kernels can only access global variables that are instanstiated as constexpr (`x = triton.language.constexpr(42)`). Note that this is different from annotating a variable as constexpr (`x: triton.language.constexpr = 42`), which is not supported.  Alternatively, set the envvar TRITON_ALLOW_NON_CONSTEXPR_GLOBALS=1, but we do not promise to support this forever.")
[40/47] 65082ffb axes={'batch_size': 64, 'num_pages': 989669, 'len_indptr': 65, 'num_kv_indices': 54445}: RUNTIME_ERROR  CompilationError: at 49:40:
            acc += exp_logic * tv

            e_sum = e_sum * old_scale + exp_logic
            e_max = n_e_max

    out = tl.where(e_sum > 0, acc / e_sum, 0.0)
    tl.store(
        O + cur_batch * stride_o_b + cur_head * stride_o_h + offs_d,
        out.to(O.dtype.element_ty),
    )
    # base-2 LSE; empty sequence (e_sum==0) -> e_max=-inf, log(0)=-inf -> -inf
    lse_val = (e_max + tl.log(e_sum)) * LOG2E
                                        ^
NameError("Cannot access global variable LOG2E from within @jit'ed function. Triton kernels can only access global variables that are instanstiated as constexpr (`x = triton.language.constexpr(42)`). Note that this is different from annotating a variable as constexpr (`x: triton.language.constexpr = 42`), which is not supported.  Alternatively, set the envvar TRITON_ALLOW_NON_CONSTEXPR_GLOBALS=1, but we do not promise to support this forever.")
[41/47] d771f51c axes={'batch_size': 64, 'num_pages': 989669, 'len_indptr': 65, 'num_kv_indices': 57645}: RUNTIME_ERROR  CompilationError: at 49:40:
            acc += exp_logic * tv

            e_sum = e_sum * old_scale + exp_logic
            e_max = n_e_max

    out = tl.where(e_sum > 0, acc / e_sum, 0.0)
    tl.store(
        O + cur_batch * stride_o_b + cur_head * stride_o_h + offs_d,
        out.to(O.dtype.element_ty),
    )
    # base-2 LSE; empty sequence (e_sum==0) -> e_max=-inf, log(0)=-inf -> -inf
    lse_val = (e_max + tl.log(e_sum)) * LOG2E
                                        ^
NameError("Cannot access global variable LOG2E from within @jit'ed function. Triton kernels can only access global variables that are instanstiated as constexpr (`x = triton.language.constexpr(42)`). Note that this is different from annotating a variable as constexpr (`x: triton.language.constexpr = 42`), which is not supported.  Alternatively, set the envvar TRITON_ALLOW_NON_CONSTEXPR_GLOBALS=1, but we do not promise to support this forever.")
[42/47] 5bef8d88 axes={'batch_size': 64, 'num_pages': 989669, 'len_indptr': 65, 'num_kv_indices': 75145}: RUNTIME_ERROR  CompilationError: at 49:40:
            acc += exp_logic * tv

            e_sum = e_sum * old_scale + exp_logic
            e_max = n_e_max

    out = tl.where(e_sum > 0, acc / e_sum, 0.0)
    tl.store(
        O + cur_batch * stride_o_b + cur_head * stride_o_h + offs_d,
        out.to(O.dtype.element_ty),
    )
    # base-2 LSE; empty sequence (e_sum==0) -> e_max=-inf, log(0)=-inf -> -inf
    lse_val = (e_max + tl.log(e_sum)) * LOG2E
                                        ^
NameError("Cannot access global variable LOG2E from within @jit'ed function. Triton kernels can only access global variables that are instanstiated as constexpr (`x = triton.language.constexpr(42)`). Note that this is different from annotating a variable as constexpr (`x: triton.language.constexpr = 42`), which is not supported.  Alternatively, set the envvar TRITON_ALLOW_NON_CONSTEXPR_GLOBALS=1, but we do not promise to support this forever.")
[43/47] 45be562f axes={'batch_size': 64, 'num_pages': 989669, 'len_indptr': 65, 'num_kv_indices': 9945}: RUNTIME_ERROR  CompilationError: at 49:40:
            acc += exp_logic * tv

            e_sum = e_sum * old_scale + exp_logic
            e_max = n_e_max

    out = tl.where(e_sum > 0, acc / e_sum, 0.0)
    tl.store(
        O + cur_batch * stride_o_b + cur_head * stride_o_h + offs_d,
        out.to(O.dtype.element_ty),
    )
    # base-2 LSE; empty sequence (e_sum==0) -> e_max=-inf, log(0)=-inf -> -inf
    lse_val = (e_max + tl.log(e_sum)) * LOG2E
                                        ^
NameError("Cannot access global variable LOG2E from within @jit'ed function. Triton kernels can only access global variables that are instanstiated as constexpr (`x = triton.language.constexpr(42)`). Note that this is different from annotating a variable as constexpr (`x: triton.language.constexpr = 42`), which is not supported.  Alternatively, set the envvar TRITON_ALLOW_NON_CONSTEXPR_GLOBALS=1, but we do not promise to support this forever.")
[44/47] 939f995a axes={'batch_size': 64, 'num_pages': 989669, 'len_indptr': 65, 'num_kv_indices': 62345}: RUNTIME_ERROR  CompilationError: at 49:40:
            acc += exp_logic * tv

            e_sum = e_sum * old_scale + exp_logic
            e_max = n_e_max

    out = tl.where(e_sum > 0, acc / e_sum, 0.0)
    tl.store(
        O + cur_batch * stride_o_b + cur_head * stride_o_h + offs_d,
        out.to(O.dtype.element_ty),
    )
    # base-2 LSE; empty sequence (e_sum==0) -> e_max=-inf, log(0)=-inf -> -inf
    lse_val = (e_max + tl.log(e_sum)) * LOG2E
                                        ^
NameError("Cannot access global variable LOG2E from within @jit'ed function. Triton kernels can only access global variables that are instanstiated as constexpr (`x = triton.language.constexpr(42)`). Note that this is different from annotating a variable as constexpr (`x: triton.language.constexpr = 42`), which is not supported.  Alternatively, set the envvar TRITON_ALLOW_NON_CONSTEXPR_GLOBALS=1, but we do not promise to support this forever.")
[45/47] c9ba5e7f axes={'batch_size': 64, 'num_pages': 989669, 'len_indptr': 65, 'num_kv_indices': 16345}: RUNTIME_ERROR  CompilationError: at 49:40:
            acc += exp_logic * tv

            e_sum = e_sum * old_scale + exp_logic
            e_max = n_e_max

    out = tl.where(e_sum > 0, acc / e_sum, 0.0)
    tl.store(
        O + cur_batch * stride_o_b + cur_head * stride_o_h + offs_d,
        out.to(O.dtype.element_ty),
    )
    # base-2 LSE; empty sequence (e_sum==0) -> e_max=-inf, log(0)=-inf -> -inf
    lse_val = (e_max + tl.log(e_sum)) * LOG2E
                                        ^
NameError("Cannot access global variable LOG2E from within @jit'ed function. Triton kernels can only access global variables that are instanstiated as constexpr (`x = triton.language.constexpr(42)`). Note that this is different from annotating a variable as constexpr (`x: triton.language.constexpr = 42`), which is not supported.  Alternatively, set the envvar TRITON_ALLOW_NON_CONSTEXPR_GLOBALS=1, but we do not promise to support this forever.")
[46/47] 0c746a7a axes={'batch_size': 64, 'num_pages': 989669, 'len_indptr': 65, 'num_kv_indices': 22745}: RUNTIME_ERROR  CompilationError: at 49:40:
            acc += exp_logic * tv

            e_sum = e_sum * old_scale + exp_logic
            e_max = n_e_max

    out = tl.where(e_sum > 0, acc / e_sum, 0.0)
    tl.store(
        O + cur_batch * stride_o_b + cur_head * stride_o_h + offs_d,
        out.to(O.dtype.element_ty),
    )
    # base-2 LSE; empty sequence (e_sum==0) -> e_max=-inf, log(0)=-inf -> -inf
    lse_val = (e_max + tl.log(e_sum)) * LOG2E
                                        ^
NameError("Cannot access global variable LOG2E from within @jit'ed function. Triton kernels can only access global variables that are instanstiated as constexpr (`x = triton.language.constexpr(42)`). Note that this is different from annotating a variable as constexpr (`x: triton.language.constexpr = 42`), which is not supported.  Alternatively, set the envvar TRITON_ALLOW_NON_CONSTEXPR_GLOBALS=1, but we do not promise to support this forever.")
[47/47] 1c3743b9 axes={'batch_size': 64, 'num_pages': 989669, 'len_indptr': 65, 'num_kv_indices': 68745}: RUNTIME_ERROR  CompilationError: at 49:40:
            acc += exp_logic * tv

            e_sum = e_sum * old_scale + exp_logic
            e_max = n_e_max

    out = tl.where(e_sum > 0, acc / e_sum, 0.0)
    tl.store(
        O + cur_batch * stride_o_b + cur_head * stride_o_h + offs_d,
        out.to(O.dtype.element_ty),
    )
    # base-2 LSE; empty sequence (e_sum==0) -> e_max=-inf, log(0)=-inf -> -inf
    lse_val = (e_max + tl.log(e_sum)) * LOG2E
                                        ^
NameError("Cannot access global variable LOG2E from within @jit'ed function. Triton kernels can only access global variables that are instanstiated as constexpr (`x = triton.language.constexpr(42)`). Note that this is different from annotating a variable as constexpr (`x: triton.language.constexpr = 42`), which is not supported.  Alternatively, set the envvar TRITON_ALLOW_NON_CONSTEXPR_GLOBALS=1, but we do not promise to support this forever.")
==============================================================================
Passed: 0/47    valid_run=False
RESULT: INVALID — not all workloads passed correctness (geomean above is over the PASSED subset only).
==============================================================================
Wrote /home/ziming/kda-ops/kda-runs/formal-kda-h100-20260920--flashinfer--mla_paged_decode_h16_ckv512_kpe64_ps1/runs/candidates/c001/feedback.json
