==============================================================================
Definition : gdn_prefill_qk4_v8_d128_k_last  (op_type=gdn)
Solution   : /data1/workspace/weihongren/kda-control/formal-kda-20260916--flashinfer--gdn_prefill_qk4_v8_d128_k_last/candidates/c001/solution.py
Device     : cuda:0  (NVIDIA A800-SXM4-80GB)
Workloads  : 5   trials=1 warmup=3 iters=100
Selected   : [49, 97, 53, 5, 33]
Tolerance  : atol=0.01 rtol=0.01 matched_ratio=0.99
==============================================================================
[1/5] 15856e8c axes={'total_seq_len': 3028, 'num_seqs': 5, 'len_cu_seqlens': 6}: PASSED  ref=842.8576ms sol=6.4369ms  speedup=130.94x  abs=7.63e-06 rel=3.51e-02
[2/5] 1efaf2a9 axes={'total_seq_len': 42, 'num_seqs': 2, 'len_cu_seqlens': 3}: PASSED  ref=12.0498ms sol=0.1121ms  speedup=107.50x  abs=4.47e-08 rel=1.56e-02
[3/5] d3dc3577 axes={'total_seq_len': 35, 'num_seqs': 1, 'len_cu_seqlens': 2}: PASSED  ref=10.1061ms sol=0.1453ms  speedup=69.53x  abs=7.15e-07 rel=3.25e-02
[4/5] 5d3fc66a axes={'total_seq_len': 8192, 'num_seqs': 34, 'len_cu_seqlens': 35}: PASSED  ref=2270.8763ms sol=8.8807ms  speedup=255.71x  abs=6.46e-05 rel=5.24e+00
[5/5] 1d0cc342 axes={'total_seq_len': 294, 'num_seqs': 3, 'len_cu_seqlens': 4}: PASSED  ref=81.9498ms sol=0.5998ms  speedup=136.62x  abs=3.81e-06 rel=1.63e-01
==============================================================================
Passed: 5/5    valid_run=True
GEOMEAN speedup (optimization target): 127.88x
  arithmetic mean (fib/AKO4X metric):  140.06x
  min=69.53x  max=255.71x
RESULT: VALID — geomean speedup = 127.88x
==============================================================================
Wrote /data1/workspace/weihongren/kda-runs/formal-kda-20260916--flashinfer--gdn_prefill_qk4_v8_d128_k_last/runs/candidates/c001/feedback.json
