
[STAGE] init SolutionDB
WM status: nodes=4 attached_solutions=0 active_leaf_id=channel_recurrent depth=1
  last_trace: status=not_benchmarked speedup=- latency=-
  active_path: root:<root> | channel_recurrent:execution_family->channel_independent_recurrent_evaluation
  nodes_preview: root:<root> | channel_recurrent:execution_family→channel_independ ... t_evaluation | per_step:execution_family→per_step_state_evolution | segment_composed:execution_family→segment_composed_wkv_evaluation

[STAGE] initialize world model
WM status: nodes=4 attached_solutions=0 active_leaf_id=channel_recurrent depth=1
  last_trace: status=not_benchmarked speedup=- latency=-
  active_path: root:<root> | channel_recurrent:execution_family->channel_independent_recurrent_evaluation
  nodes_preview: root:<root> | channel_recurrent:execution_family→channel_independ ... t_evaluation | per_step:execution_family→per_step_state_evolution | segment_composed:execution_family→segment_composed_wkv_evaluation
[STAGE] world model init latency: 0.00s

[STAGE] world model: select next action (cycle start @ round 1)
WM status: nodes=4 attached_solutions=0 active_leaf_id=channel_recurrent depth=1
  last_trace: status=not_benchmarked speedup=- latency=-
  active_path: root:<root> | channel_recurrent:execution_family->channel_independent_recurrent_evaluation
  nodes_preview: root:<root> | channel_recurrent:execution_family→channel_independ ... t_evaluation | per_step:execution_family→per_step_state_evolution | segment_composed:execution_family→segment_composed_wkv_evaluation
World Model: Open Action Nodes (candidates) frontier=3 total_open=3
1. rating=7.2/10 score=0.73 diff=5/5 conf=0.61 vs_base~1.18x | node_id=channel_recurrent parent_id=root | Implement channel-independent recurrent evaluation — Implement a fused Triton evaluator in which each program owns contiguous hidden channels for one batch item, carries the three FP32 states across the complete sequence, emits outputs online, and writes final states once.
2. rating=5.7/10 score=0.57 diff=5/5 conf=0.42 vs_base~1.27x | node_id=segment_composed parent_id=root | Implement segment-composed WKV evaluation — Prototype a segment-composed formulation that computes stabilized summaries for temporal segments, establishes each segment's incoming state through ordered summary composition, and evaluates outputs in a second segment pass.
3. rating=2.4/10 score=0.18 diff=4/5 conf=0.60 vs_base~0.48x | node_id=per_step parent_id=root | Implement per-step state evolution — Implement a simple state-transition kernel for one timestep and invoke it sequentially across time, retaining states in global buffers and producing one output slice per invocation.
World Model: Chosen Next Action (from decision tree node)
- node_id: per_step
- base_node_id: root
- title: Implement per-step state evolution
- difficulty_1_to_5: 4
- description: Implement a simple state-transition kernel for one timestep and invoke it sequentially across time, retaining states in global buffers and producing one output slice per invocation.
- expected_vs_baseline_factor: 0.48x
- rationale: This provides a low-complexity correctness and performance comparator and may be competitive only when sequence length is tiny and batch parallelism is very large.

=== Optimization Round 1/52 ===
[CYCLE] action_node=1 action_node_id=per_step attempt=1 parent_is_root=yes base_code=no

[STAGE] codegen: attempt 1 (round 1) no_improve_streak=0/5 no_improve_over_base=0/5

[STAGE] create Solution object from current code (round 1)

[STAGE] evaluate solution (round 1)
