Definition: /data1/workspace/ziming/dataset/SOL-ExecBench/data/benchmark/L1/007_hyena_fft_size_padding_rfft/definition.json
Workload  : /data1/workspace/ziming/dataset/SOL-ExecBench/data/benchmark/L1/007_hyena_fft_size_padding_rfft/workload.jsonl
Solution  : /data1/workspace/weihongren/baseline/drtriton/kbstyle_campaign_v2_20260918/tasks/SOL/L1/007_hyena_fft_size_padding_rfft/refprecompute/solution.json
Output    : /data1/workspace/weihongren/baseline/drtriton/kbstyle_campaign_v2_20260918/tasks/SOL/L1/007_hyena_fft_size_padding_rfft/refprecompute/evaluation.json

==============================================================================
Problem : 007_hyena_fft_size_padding_rfft
Passed  : 16/16
Status  : OK
[1] beb07143-6a4b-592e-b38f-c2272302f5fb: reference=0.101837 ms, candidate=0.102222 ms, speedup=0.9962x
[2] 2a6f1210-15d2-56fe-a6f1-28c680603f04: reference=0.547318 ms, candidate=0.547430 ms, speedup=0.9998x
[3] 06b703b1-c619-526f-90d9-6abbf195c8da: reference=0.094911 ms, candidate=0.098702 ms, speedup=0.9616x
[4] bf5e43ac-4c67-587e-962f-71d04eb63da3: reference=1.996491 ms, candidate=2.221908 ms, speedup=0.8985x
[5] 4d7fea4e-351a-57aa-8d5c-c334c5cfa387: reference=0.219979 ms, candidate=0.220316 ms, speedup=0.9985x
[6] 617efd8c-bb48-52a0-a620-58654c410c93: reference=0.089326 ms, candidate=0.089102 ms, speedup=1.0025x
[7] 2e37472c-bace-574f-b29d-7dcd777a18c0: reference=6.119744 ms, candidate=6.116846 ms, speedup=1.0005x
[8] 56c1a9ae-d22a-55a1-b217-328b8a505b0d: reference=0.092750 ms, candidate=0.094638 ms, speedup=0.9801x
[9] 6e4e7fea-b581-5d14-aa59-9a4711029920: reference=1.495027 ms, candidate=1.497395 ms, speedup=0.9984x
[10] 5d0f5000-9f51-50d1-827f-236e5642bb2a: reference=0.322666 ms, candidate=0.323626 ms, speedup=0.9970x
[11] f17267fc-c2e6-5ed5-8f55-92e9b392015d: reference=0.965357 ms, candidate=0.966765 ms, speedup=0.9985x
[12] cfcdecc8-0fa6-5c37-89cd-cc6e2b882adf: reference=0.404808 ms, candidate=0.405208 ms, speedup=0.9990x
[13] 59d23189-eaf7-52e8-adae-f3efe921e198: reference=0.141293 ms, candidate=0.141933 ms, speedup=0.9955x
[14] a533ac79-2d10-5b89-8503-9b10bec6daed: reference=0.090141 ms, candidate=0.089710 ms, speedup=1.0048x
[15] 088b063f-68cd-53e2-9990-a6238c9c1756: reference=1.006623 ms, candidate=1.004955 ms, speedup=1.0017x
[16] da70c6cf-b6d8-583a-acd5-053bd9590951: reference=0.094511 ms, candidate=0.094046 ms, speedup=1.0049x
Geomean : 0.9895x
Average : 0.9898x
==============================================================================
Performance: /data1/workspace/weihongren/baseline/drtriton/kbstyle_campaign_v2_20260918/tasks/SOL/L1/007_hyena_fft_size_padding_rfft/refprecompute/evaluation.json
