==============================================================================
Definition : gqa_paged_decode_h32_kv8_d128_ps1  (op_type=gqa_paged)
Solution   : /home/ziming/kda-ops/kda-control/formal-kda-h100-20260920--flashinfer--gqa_paged_decode_h32_kv8_d128_ps1/candidates/c006/solution.py
Device     : cuda:0  (NVIDIA H100 80GB HBM3)
Workloads  : 48   trials=1 warmup=2 iters=10
Selected   : [0, 1, 2, 3, 4, 5, 6, 7, 8, 9, 10, 11, 12, 13, 14, 15, 16, 17, 18, 19, 20, 21, 22, 23, 24, 25, 26, 27, 28, 29, 30, 31, 32, 33, 34, 35, 36, 37, 38, 39, 40, 41, 42, 43, 44, 45, 46, 47]
Tolerance  : atol=0.01 rtol=0.01 matched_ratio=0.99
==============================================================================
[1/48] e2142798 axes={'batch_size': 1, 'num_pages': 9316, 'len_indptr': 2, 'num_kv_indices': 73}: PASSED  ref=4.1960ms sol=0.0991ms  speedup=42.33x  abs=1.95e-03 rel=6.14e+00
[2/48] 2849bdc5 axes={'batch_size': 1, 'num_pages': 63, 'len_indptr': 2, 'num_kv_indices': 46}: PASSED  ref=4.1273ms sol=0.0914ms  speedup=45.14x  abs=3.91e-03 rel=6.67e-01
[3/48] aa937325 axes={'batch_size': 1, 'num_pages': 82, 'len_indptr': 2, 'num_kv_indices': 65}: PASSED  ref=4.1758ms sol=0.0921ms  speedup=45.35x  abs=3.91e-03 rel=1.77e+00
[4/48] be0e9c07 axes={'batch_size': 1, 'num_pages': 18, 'len_indptr': 2, 'num_kv_indices': 2}: PASSED  ref=4.1317ms sol=0.0913ms  speedup=45.27x  abs=9.77e-04 rel=4.76e-03
[5/48] 13bd6f6d axes={'batch_size': 1, 'num_pages': 67, 'len_indptr': 2, 'num_kv_indices': 50}: PASSED  ref=4.1460ms sol=0.0922ms  speedup=44.99x  abs=3.91e-03 rel=3.66e+00
[6/48] 4b6e577b axes={'batch_size': 1, 'num_pages': 406, 'len_indptr': 2, 'num_kv_indices': 356}: PASSED  ref=4.1639ms sol=0.0925ms  speedup=45.00x  abs=1.95e-03 rel=3.56e+00
[7/48] 233743f3 axes={'batch_size': 1, 'num_pages': 597, 'len_indptr': 2, 'num_kv_indices': 547}: PASSED  ref=4.2194ms sol=0.0913ms  speedup=46.22x  abs=9.77e-04 rel=1.64e+00
[8/48] 55b7d182 axes={'batch_size': 1, 'num_pages': 71, 'len_indptr': 2, 'num_kv_indices': 54}: PASSED  ref=4.1639ms sol=0.0910ms  speedup=45.77x  abs=3.91e-03 rel=3.89e+00
[9/48] d8826343 axes={'batch_size': 1, 'num_pages': 223, 'len_indptr': 2, 'num_kv_indices': 173}: PASSED  ref=4.1966ms sol=0.0923ms  speedup=45.49x  abs=1.95e-03 rel=3.40e+00
[10/48] cc152036 axes={'batch_size': 1, 'num_pages': 74, 'len_indptr': 2, 'num_kv_indices': 57}: PASSED  ref=4.1454ms sol=0.0914ms  speedup=45.34x  abs=3.91e-03 rel=8.22e+00
[11/48] 2f08e877 axes={'batch_size': 1, 'num_pages': 78, 'len_indptr': 2, 'num_kv_indices': 61}: PASSED  ref=4.1420ms sol=0.0914ms  speedup=45.33x  abs=3.91e-03 rel=1.18e+00
[12/48] 62aad293 axes={'batch_size': 1, 'num_pages': 11, 'len_indptr': 2, 'num_kv_indices': 10}: PASSED  ref=4.1916ms sol=0.0901ms  speedup=46.51x  abs=9.54e-07 rel=1.71e-07
[13/48] 7e5dca40 axes={'batch_size': 1, 'num_pages': 15, 'len_indptr': 2, 'num_kv_indices': 14}: PASSED  ref=4.1565ms sol=0.0948ms  speedup=43.84x  abs=4.77e-07 rel=1.22e-07
[14/48] d58b7e5a axes={'batch_size': 1, 'num_pages': 55, 'len_indptr': 2, 'num_kv_indices': 38}: PASSED  ref=4.1455ms sol=0.0928ms  speedup=44.66x  abs=3.91e-03 rel=2.87e+00
[15/48] 86584e1f axes={'batch_size': 1, 'num_pages': 9341, 'len_indptr': 2, 'num_kv_indices': 98}: PASSED  ref=4.1715ms sol=0.0917ms  speedup=45.50x  abs=3.91e-03 rel=9.41e-01
[16/48] 1ae14253 axes={'batch_size': 1, 'num_pages': 59, 'len_indptr': 2, 'num_kv_indices': 42}: PASSED  ref=4.1493ms sol=0.0900ms  speedup=46.11x  abs=3.91e-03 rel=5.02e+00
[17/48] 39ca5ed6 axes={'batch_size': 16, 'num_pages': 2708, 'len_indptr': 17, 'num_kv_indices': 2681}: PASSED  ref=64.4390ms sol=0.0541ms  speedup=1192.11x  abs=3.91e-03 rel=8.00e+01
[18/48] 85fac3ed axes={'batch_size': 16, 'num_pages': 2212, 'len_indptr': 17, 'num_kv_indices': 2185}: PASSED  ref=64.4840ms sol=0.0546ms  speedup=1180.16x  abs=3.91e-03 rel=9.65e+01
[19/48] cd36924a axes={'batch_size': 16, 'num_pages': 1220, 'len_indptr': 17, 'num_kv_indices': 1193}: PASSED  ref=67.0056ms sol=0.0530ms  speedup=1264.75x  abs=7.81e-03 rel=5.27e+01
[20/48] db2de7f1 axes={'batch_size': 16, 'num_pages': 1732, 'len_indptr': 17, 'num_kv_indices': 1705}: PASSED  ref=64.2087ms sol=0.0526ms  speedup=1220.66x  abs=3.91e-03 rel=9.05e+01
[21/48] 1e15ed03 axes={'batch_size': 16, 'num_pages': 81390, 'len_indptr': 17, 'num_kv_indices': 12942}: PASSED  ref=64.7292ms sol=0.0968ms  speedup=668.62x  abs=7.81e-03 rel=1.17e+02
[22/48] f31598f9 axes={'batch_size': 16, 'num_pages': 1069, 'len_indptr': 17, 'num_kv_indices': 1034}: PASSED  ref=64.1864ms sol=0.0532ms  speedup=1207.38x  abs=7.81e-03 rel=2.35e+01
[23/48] 5aecf120 axes={'batch_size': 16, 'num_pages': 2868, 'len_indptr': 17, 'num_kv_indices': 2841}: PASSED  ref=64.5417ms sol=0.0536ms  speedup=1204.78x  abs=3.91e-03 rel=5.65e+02
[24/48] 8a1fd5df axes={'batch_size': 16, 'num_pages': 2372, 'len_indptr': 17, 'num_kv_indices': 2345}: PASSED  ref=57.1776ms sol=0.0486ms  speedup=1177.39x  abs=3.91e-03 rel=6.21e+01
[25/48] ccdc67b6 axes={'batch_size': 16, 'num_pages': 30163, 'len_indptr': 17, 'num_kv_indices': 20911}: PASSED  ref=57.5887ms sol=0.0997ms  speedup=577.49x  abs=9.77e-04 rel=3.00e+02
[26/48] 16e73fbc axes={'batch_size': 16, 'num_pages': 1892, 'len_indptr': 17, 'num_kv_indices': 1865}: PASSED  ref=57.7227ms sol=0.0464ms  speedup=1244.11x  abs=3.91e-03 rel=2.03e+01
[27/48] d2c89e1d axes={'batch_size': 16, 'num_pages': 1396, 'len_indptr': 17, 'num_kv_indices': 1369}: PASSED  ref=57.8865ms sol=0.0471ms  speedup=1227.99x  abs=7.81e-03 rel=5.89e+02
[28/48] 434980b4 axes={'batch_size': 16, 'num_pages': 4333, 'len_indptr': 17, 'num_kv_indices': 4298}: PASSED  ref=57.1599ms sol=0.0474ms  speedup=1206.60x  abs=1.95e-03 rel=5.10e+01
[29/48] 0ea2f83b axes={'batch_size': 16, 'num_pages': 3044, 'len_indptr': 17, 'num_kv_indices': 3017}: PASSED  ref=57.6835ms sol=0.0471ms  speedup=1225.60x  abs=3.91e-03 rel=1.53e+02
[30/48] 127a80a4 axes={'batch_size': 16, 'num_pages': 2548, 'len_indptr': 17, 'num_kv_indices': 2521}: PASSED  ref=57.1132ms sol=0.0470ms  speedup=1216.38x  abs=3.91e-03 rel=3.06e+01
[31/48] f248b828 axes={'batch_size': 16, 'num_pages': 2052, 'len_indptr': 17, 'num_kv_indices': 2025}: PASSED  ref=57.3349ms sol=0.0471ms  speedup=1217.94x  abs=3.91e-03 rel=1.28e+02
[32/48] ebe29c4a axes={'batch_size': 16, 'num_pages': 1556, 'len_indptr': 17, 'num_kv_indices': 1529}: PASSED  ref=56.9178ms sol=0.0472ms  speedup=1205.39x  abs=3.91e-03 rel=6.44e+01
[33/48] 91552da7 axes={'batch_size': 64, 'num_pages': 60071, 'len_indptr': 65, 'num_kv_indices': 50902}: PASSED  ref=230.8508ms sol=0.1498ms  speedup=1541.31x  abs=1.95e-03 rel=1.55e+02
[34/48] 27b811f9 axes={'batch_size': 64, 'num_pages': 66637, 'len_indptr': 65, 'num_kv_indices': 57366}: PASSED  ref=237.5195ms sol=0.1648ms  speedup=1441.09x  abs=1.95e-03 rel=9.59e+01
[35/48] cfccc048 axes={'batch_size': 64, 'num_pages': 62605, 'len_indptr': 65, 'num_kv_indices': 53334}: PASSED  ref=230.8856ms sol=0.1538ms  speedup=1501.53x  abs=1.95e-03 rel=1.69e+02
[36/48] 9608dc13 axes={'batch_size': 64, 'num_pages': 64653, 'len_indptr': 65, 'num_kv_indices': 55382}: PASSED  ref=231.8085ms sol=0.1567ms  speedup=1479.31x  abs=1.95e-03 rel=1.97e+02
[37/48] d4415ca7 axes={'batch_size': 64, 'num_pages': 67021, 'len_indptr': 65, 'num_kv_indices': 57750}: PASSED  ref=230.0402ms sol=0.1632ms  speedup=1409.59x  abs=1.95e-03 rel=3.30e+02
[38/48] 43de6e71 axes={'batch_size': 64, 'num_pages': 65037, 'len_indptr': 65, 'num_kv_indices': 55766}: PASSED  ref=229.6087ms sol=0.1619ms  speedup=1418.43x  abs=1.95e-03 rel=1.24e+03
[39/48] 12b921da axes={'batch_size': 64, 'num_pages': 63053, 'len_indptr': 65, 'num_kv_indices': 53782}: PASSED  ref=231.3520ms sol=0.1581ms  speedup=1463.30x  abs=1.95e-03 rel=1.07e+03
[40/48] 817a4061 axes={'batch_size': 64, 'num_pages': 67405, 'len_indptr': 65, 'num_kv_indices': 58134}: PASSED  ref=231.5244ms sol=0.1686ms  speedup=1373.62x  abs=1.95e-03 rel=2.50e+02
[41/48] 7077cfb4 axes={'batch_size': 64, 'num_pages': 65421, 'len_indptr': 65, 'num_kv_indices': 56150}: PASSED  ref=230.3827ms sol=0.1606ms  speedup=1434.41x  abs=1.95e-03 rel=3.67e+02
[42/48] d562ca35 axes={'batch_size': 64, 'num_pages': 63437, 'len_indptr': 65, 'num_kv_indices': 54166}: PASSED  ref=229.9140ms sol=0.1642ms  speedup=1400.60x  abs=1.95e-03 rel=4.65e+02
[43/48] 556fea1d axes={'batch_size': 64, 'num_pages': 65805, 'len_indptr': 65, 'num_kv_indices': 56534}: PASSED  ref=256.4186ms sol=0.1687ms  speedup=1520.02x  abs=1.95e-03 rel=6.15e+03
[44/48] 116916f0 axes={'batch_size': 64, 'num_pages': 63821, 'len_indptr': 65, 'num_kv_indices': 54550}: PASSED  ref=229.7106ms sol=0.1598ms  speedup=1437.47x  abs=1.95e-03 rel=1.09e+02
[45/48] e165c254 axes={'batch_size': 64, 'num_pages': 67853, 'len_indptr': 65, 'num_kv_indices': 58582}: PASSED  ref=230.9863ms sol=0.1674ms  speedup=1379.97x  abs=1.95e-03 rel=8.02e+01
[46/48] 486d0874 axes={'batch_size': 64, 'num_pages': 66253, 'len_indptr': 65, 'num_kv_indices': 56982}: PASSED  ref=230.3301ms sol=0.1609ms  speedup=1431.40x  abs=1.95e-03 rel=8.67e+02
[47/48] 5444fc56 axes={'batch_size': 64, 'num_pages': 68237, 'len_indptr': 65, 'num_kv_indices': 58966}: PASSED  ref=232.2210ms sol=0.1735ms  speedup=1338.64x  abs=1.95e-03 rel=6.07e+02
[48/48] d78eb414 axes={'batch_size': 64, 'num_pages': 64205, 'len_indptr': 65, 'num_kv_indices': 54934}: PASSED  ref=236.0542ms sol=0.1588ms  speedup=1486.70x  abs=1.95e-03 rel=3.07e+02
==============================================================================
Passed: 48/48    valid_run=True
GEOMEAN speedup (optimization target): 417.16x
  arithmetic mean (fib/AKO4X metric):  875.37x
  min=42.33x  max=1541.31x
RESULT: VALID — geomean speedup = 417.16x
==============================================================================
Wrote /home/ziming/kda-ops/kda-runs/formal-kda-h100-20260920--flashinfer--gqa_paged_decode_h32_kv8_d128_ps1/runs/candidates/c006/feedback.json
