Definition: /data1/workspace/ziming/dataset/SOL-ExecBench/data/benchmark/L1/018_fused_rope_with_qk_norm_and_kv_cache_update/definition.json
Workload  : /data1/workspace/ziming/dataset/SOL-ExecBench/data/benchmark/L1/018_fused_rope_with_qk_norm_and_kv_cache_update/workload.jsonl
Solution  : /data1/workspace/weihongren/kda-control/formal-kda-20260916--sol_execbench--L1-018_fused_rope_with_qk_norm_and_kv_cache_update/candidates/c003/solution.py
Output    : /data1/workspace/weihongren/kda-runs/formal-kda-20260916--sol_execbench--L1-018_fused_rope_with_qk_norm_and_kv_cache_update/runs/candidates/c003/final.json

==============================================================================
Problem : 018_fused_rope_with_qk_norm_and_kv_cache_update
Passed  : 13/13
Status  : OK
[1] 2ff5eaf3-5138-5135-b35a-ea14e9014cd2: reference=0.150958 ms, candidate=0.008816 ms, speedup=17.1242x
[2] 3c3b2b9b-5b67-582b-b183-a34a3199ddd2: reference=0.284253 ms, candidate=0.020895 ms, speedup=13.6039x
[3] 8f5402ae-9b88-5eed-afe5-cba4c51a72cb: reference=0.160766 ms, candidate=0.009600 ms, speedup=16.7465x
[4] 520daee2-844e-528d-ba34-10eafa62b0a4: reference=0.218574 ms, candidate=0.015232 ms, speedup=14.3497x
[5] 052e17c9-2fdd-5b2d-a3bc-376d9ffac3e4: reference=0.834487 ms, candidate=0.053631 ms, speedup=15.5598x
[6] d1dbaf22-9513-5482-99bc-ac28bd971a79: reference=0.289949 ms, candidate=0.020735 ms, speedup=13.9836x
[7] 6a214883-9138-51d9-aa5a-8d3c81f8ad89: reference=0.824920 ms, candidate=0.053055 ms, speedup=15.5482x
[8] 8603b54e-8690-5562-bbfe-24037a153750: reference=2.764563 ms, candidate=0.181246 ms, speedup=15.2531x
[9] 39eb0040-eb8e-5cb0-b4f6-130a35f589d9: reference=1.463169 ms, candidate=0.096080 ms, speedup=15.2286x
[10] f71286e4-c31d-5da8-a0b1-150e7ad5ea32: reference=0.309917 ms, candidate=0.022752 ms, speedup=13.6215x
[11] 3c5b9152-7a47-5bb5-9b79-8515dea00500: reference=0.841480 ms, candidate=0.053151 ms, speedup=15.8319x
[12] d90ee047-589a-5943-968d-3c0f966d1957: reference=1.499169 ms, candidate=0.095631 ms, speedup=15.6766x
[13] 13f5b933-268b-5baa-bf48-452cd48dd0e5: reference=0.491435 ms, candidate=0.034432 ms, speedup=14.2728x
Geomean : 15.1005x
Average : 15.1385x
==============================================================================
Performance: /data1/workspace/weihongren/kda-runs/formal-kda-20260916--sol_execbench--L1-018_fused_rope_with_qk_norm_and_kv_cache_update/runs/candidates/c003/final.json
