[09-19 17:54:37] STTS start: 30 tasks, iters=10 turns/seg=5 keep=4 patience=0 servers=http://127.0.0.1:8001/v1,http://127.0.0.1:8002/v1
[09-19 17:54:38] GPU pool [0, 1, 2, 3, 4, 5] | free now: [4, 5] | our max parallel: 6
[09-19 17:54:38] === STTS task 13: SOL/L1/007_hyena_fft_size_padding_rfft (16 wl) ===
[09-19 17:54:38] === STTS task 14: SOL/L1/008_expert_output_weighted_index_add_accumulation (16 wl) ===
[09-19 17:54:38]   refcache exists: /data1/workspace/weihongren/baseline/drtriton/kbstyle_campaign_v2_20260918/refcache/sol/007_hyena_fft_size_padding_rfft/reference_cache.json
[09-19 17:54:38]   refcache exists: /data1/workspace/weihongren/baseline/drtriton/kbstyle_campaign_v2_20260918/refcache/sol/008_expert_output_weighted_index_add_accumulation/reference_cache.json
[09-19 17:54:38] === STTS task 15: SOL/L1/018_fused_rope_with_qk_norm_and_kv_cache_update (13 wl) ===
[09-19 17:54:38] === STTS task 16: SOL/L1/020_vision_patch_merger_spatial_shuffle_mlp (15 wl) ===
[09-19 17:54:38]   refcache exists: /data1/workspace/weihongren/baseline/drtriton/kbstyle_campaign_v2_20260918/refcache/sol/018_fused_rope_with_qk_norm_and_kv_cache_update/reference_cache.json
[09-19 17:54:38]   refcache exists: /data1/workspace/weihongren/baseline/drtriton/kbstyle_campaign_v2_20260918/refcache/sol/020_vision_patch_merger_spatial_shuffle_mlp/reference_cache.json
[09-19 17:59:06]   seg1 turn+1: 0/8 valid
[09-19 17:59:10] GPU 1 acquired after 41s wait
[09-19 17:59:11] GPU 4 acquired after 42s wait
[09-19 17:59:17]   seg3 turn+1: 3/8 valid
[09-19 17:59:21] GPU 1 acquired after 52s wait
[09-19 17:59:26]   seg2 turn+1: 0/8 valid
[09-19 18:00:23]   seg3 turn+1: 0/8 valid
[09-19 18:02:49]   seg1 turn+2: 0/8 valid
[09-19 18:02:49]   iter 1/10: +2 turns, done 0/8
[09-19 18:03:18] GPU 1 acquired after 10s wait
[09-19 18:03:18] GPU 4 acquired after 10s wait
[09-19 18:03:26]   seg3 turn+2: 4/8 valid
[09-19 18:03:31] GPU 1 acquired after 10s wait
[09-19 18:03:32] GPU 4 acquired after 10s wait
[09-19 18:03:32] GPU 5 acquired after 11s wait
[09-19 18:03:46]   seg2 turn+2: 0/8 valid
[09-19 18:04:36] GPU 4 acquired after 10s wait
[09-19 18:06:45] GPU 4 acquired after 10s wait
[09-19 18:06:56] GPU 4 acquired after 21s wait
[09-19 18:07:54]   seg2 turn+3: 0/8 valid
[09-19 18:07:57] GPU 3 acquired after 51s wait
[09-19 18:07:57] GPU 4 acquired after 82s wait
[09-19 18:08:02]   seg3 turn+3: 4/8 valid
[09-19 18:08:03]   seg2 turn+1: 0/8 valid
[09-19 18:11:51] GPU 3 acquired after 10s wait
[09-19 18:11:51] GPU 4 acquired after 10s wait
[09-19 18:11:59]   seg2 turn+4: 0/8 valid
[09-19 18:12:24] GPU 3 acquired after 31s wait
[09-19 18:12:25]   seg2 turn+2: 0/8 valid
[09-19 18:12:34] GPU 4 acquired after 41s wait
[09-19 18:12:40]   seg3 turn+4: 4/8 valid
[09-19 18:15:38] GPU 4 acquired after 10s wait
[09-19 18:15:49] GPU 3 acquired after 21s wait
[09-19 18:16:02]   seg2 turn+5: 0/8 valid
[09-19 18:16:02]   iter 2/10: +5 turns, done 0/8
[09-19 18:16:17] GPU 3 acquired after 10s wait
[09-19 18:16:22]   seg2 turn+3: 0/8 valid
[09-19 18:16:41] GPU 3 acquired after 20s wait
[09-19 18:16:41] GPU 4 acquired after 21s wait
[09-19 18:16:47]   seg3 turn+5: 3/8 valid
[09-19 18:16:47]   iter 3/10: +5 turns, done 0/8
[09-19 18:19:26] GPU 3 acquired after 10s wait
[09-19 18:19:26] GPU 4 acquired after 10s wait
[09-19 18:19:40]   seg3 turn+1: 0/8 valid
[09-19 18:19:48] GPU 3 acquired after 10s wait
[09-19 18:19:48] GPU 4 acquired after 10s wait
[09-19 18:19:53]   seg2 turn+4: 0/8 valid
[09-19 18:20:27] GPU 3 acquired after 21s wait
[09-19 18:20:27] GPU 4 acquired after 21s wait
[09-19 18:20:34]   seg4 turn+1: 2/8 valid
[09-19 18:23:17] GPU 3 acquired after 10s wait
[09-19 18:23:17] GPU 4 acquired after 11s wait
[09-19 18:23:23]   seg3 turn+2: 0/8 valid
[09-19 18:23:31] GPU 1 acquired after 10s wait
[09-19 18:23:31] GPU 3 acquired after 10s wait
[09-19 18:23:38]   seg2 turn+5: 0/8 valid
[09-19 18:23:38]   iter 2/10: +5 turns, done 0/8
[09-19 18:24:16] GPU 4 acquired after 10s wait
[09-19 18:24:25]   seg3 turn+2: 0/8 valid
[09-19 18:24:26] GPU 1 acquired after 21s wait
[09-19 18:24:31]   seg4 turn+2: 2/8 valid
[09-19 18:27:14]   seg3 turn+3: 0/8 valid
[09-19 18:28:48] GPU 4 acquired after 20s wait
[09-19 18:29:01]   seg4 turn+3: 4/8 valid
[09-19 18:30:31] GPU 1 acquired after 10s wait
[09-19 18:30:36]   seg3 turn+4: 0/8 valid
[09-19 18:32:13] GPU 1 acquired after 20s wait
[09-19 18:32:28]   seg4 turn+4: 4/8 valid
[09-19 18:33:38] GPU 3 acquired after 10s wait
[09-19 18:33:45]   seg3 turn+5: 0/8 valid
[09-19 18:33:45]   iter 3/10: +5 turns, done 0/8
[09-19 18:35:35] GPU 1 acquired after 21s wait
[09-19 18:35:40]   seg4 turn+5: 5/8 valid
[09-19 18:35:40]   iter 4/10: +5 turns, done 0/8
[09-19 18:36:29]   seg4 turn+1: 0/8 valid
[09-19 18:38:33] GPU 3 acquired after 10s wait
[09-19 18:38:39]   seg5 turn+1: 3/8 valid
[09-19 18:39:22] GPU 1 acquired after 10s wait
[09-19 18:39:27]   seg4 turn+2: 0/8 valid
[09-19 18:41:43] GPU 1 acquired after 20s wait
[09-19 18:41:51]   seg5 turn+2: 7/8 valid
[09-19 18:42:23] GPU 1 acquired after 10s wait
[09-19 18:42:31]   seg4 turn+3: 0/8 valid
[09-19 18:44:48] GPU 4 acquired after 10s wait
[09-19 18:45:29] GPU 1 acquired after 10s wait
[09-19 18:45:36]   seg4 turn+4: 0/8 valid
[09-19 18:47:28]   seg3 turn+1: 0/8 valid
[09-19 18:48:20] GPU 0 acquired after 10s wait
[09-19 18:48:25]   seg4 turn+5: 0/8 valid
[09-19 18:48:25]   iter 4/10: +5 turns, done 0/8
[09-19 18:48:27]   seg3 turn+3: 0/8 valid
[09-19 18:50:55]   seg3 turn+2: 0/8 valid
[09-19 18:52:14]   seg5 turn+1: 0/8 valid
[09-19 18:52:15]   seg3 turn+4: 0/8 valid
[09-19 18:54:36]   seg3 turn+3: 0/8 valid
[09-19 18:56:06]   seg5 turn+2: 0/8 valid
[09-19 18:56:08] GPU 1 acquired after 10s wait
[09-19 18:58:05] GPU 1 acquired after 10s wait
[09-19 18:58:09]   seg3 turn+4: 0/8 valid
[09-19 18:59:14] GPU 1 acquired after 10s wait
[09-19 18:59:23]   seg5 turn+3: 0/8 valid
[09-19 19:02:33] GPU 1 acquired after 20s wait
[09-19 19:02:38]   seg5 turn+4: 0/8 valid
[09-19 19:04:43]   seg5 turn+3: 5/8 valid
[09-19 19:05:16] GPU 1 acquired after 10s wait
[09-19 19:05:25]   seg5 turn+5: 0/8 valid
[09-19 19:05:25]   iter 5/10: +5 turns, done 0/8
[09-19 19:07:44] GPU 1 acquired after 21s wait
[09-19 19:07:51]   seg5 turn+4: 5/8 valid
[09-19 19:08:13]   seg6 turn+1: 0/8 valid
[09-19 19:08:20]   seg3 turn+5: 0/8 valid
[09-19 19:08:20]   iter 3/10: +5 turns, done 0/8
[09-19 19:11:22] GPU 5 acquired after 11s wait
[09-19 19:11:29]   seg5 turn+5: 6/8 valid
[09-19 19:11:29]   iter 5/10: +5 turns, done 0/8
[09-19 19:11:53] GPU 2 acquired after 10s wait
[09-19 19:11:55]   seg4 turn+1: 0/8 valid
[09-19 19:12:00]   seg6 turn+2: 0/8 valid
[09-19 19:15:05] GPU 5 acquired after 11s wait
[09-19 19:15:11]   seg6 turn+1: 6/8 valid
[09-19 19:15:39]   seg4 turn+2: 0/8 valid
[09-19 19:15:42] GPU 3 acquired after 10s wait
[09-19 19:15:47]   seg6 turn+3: 0/8 valid
[09-19 19:16:03]   seg3 turn+5: 0/8 valid
[09-19 19:16:03]   iter 3/10: +5 turns, done 0/8
[09-19 19:19:09] GPU 0 acquired after 10s wait
[09-19 19:19:15]   seg6 turn+2: 7/8 valid
[09-19 19:19:48]   seg4 turn+3: 0/8 valid
[09-19 19:20:07] GPU 0 acquired after 10s wait
[09-19 19:20:12]   seg6 turn+4: 0/8 valid
[09-19 19:23:32] GPU 2 acquired after 20s wait
[09-19 19:23:40]   seg6 turn+3: 6/8 valid
[09-19 19:23:47] GPU 3 acquired after 10s wait
[09-19 19:23:52]   seg4 turn+4: 0/8 valid
[09-19 19:24:17] GPU 2 acquired after 20s wait
[09-19 19:24:23]   seg6 turn+5: 0/8 valid
[09-19 19:24:23]   iter 6/10: +5 turns, done 0/8
[09-19 19:27:25] GPU 1 acquired after 21s wait
[09-19 19:27:30]   seg4 turn+5: 0/8 valid
[09-19 19:27:30]   iter 4/10: +5 turns, done 0/8
[09-19 19:27:31]   seg6 turn+4: 6/8 valid
[09-19 19:27:55]   seg7 turn+1: 0/8 valid
[09-19 19:31:09]   seg5 turn+1: 0/8 valid
[09-19 19:31:14]   seg6 turn+5: 3/8 valid
[09-19 19:31:14]   iter 6/10: +5 turns, done 0/8
[09-19 19:31:35]   seg7 turn+2: 0/8 valid
[09-19 19:34:46]   seg5 turn+2: 0/8 valid
[09-19 19:34:52]   seg7 turn+1: 4/8 valid
[09-19 19:35:10]   seg7 turn+3: 0/8 valid
[09-19 19:38:36]   seg5 turn+3: 0/8 valid
[09-19 19:38:42]   seg7 turn+2: 2/8 valid
[09-19 19:38:58]   seg7 turn+4: 0/8 valid
[09-19 19:40:13]   seg4 turn+1: 0/8 valid
[09-19 19:42:39]   seg5 turn+4: 0/8 valid
[09-19 19:42:49]   seg7 turn+3: 4/8 valid
[09-19 19:43:10]   seg7 turn+5: 0/8 valid
[09-19 19:43:10]   iter 7/10: +5 turns, done 0/8
[09-19 19:46:44]   seg5 turn+5: 0/8 valid
[09-19 19:46:44]   iter 5/10: +5 turns, done 0/8
[09-19 19:47:01]   seg7 turn+4: 4/8 valid
[09-19 19:47:14]   seg8 turn+1: 0/8 valid
[09-19 19:50:14]   seg6 turn+1: 0/8 valid
[09-19 19:50:45]   seg7 turn+5: 6/8 valid
[09-19 19:50:45]   iter 7/10: +5 turns, done 0/8
[09-19 19:50:53]   seg8 turn+2: 0/8 valid
[09-19 19:53:42]   seg6 turn+2: 0/8 valid
[09-19 19:54:24]   seg8 turn+1: 3/8 valid
[09-19 19:54:31]   seg8 turn+3: 0/8 valid
[09-19 19:57:14]   seg6 turn+3: 0/8 valid
[09-19 19:58:14]   seg8 turn+2: 6/8 valid
[09-19 19:58:21]   seg8 turn+4: 0/8 valid
[09-19 20:00:58]   seg6 turn+4: 0/8 valid
[09-19 20:02:14]   seg8 turn+3: 6/8 valid
[09-19 20:02:24]   seg8 turn+5: 0/8 valid
[09-19 20:02:24]   iter 8/10: +5 turns, done 0/8
[09-19 20:04:26]   seg4 turn+2: 0/8 valid
[09-19 20:04:32]   seg6 turn+5: 0/8 valid
[09-19 20:04:32]   iter 6/10: +5 turns, done 0/8
[09-19 20:06:04]   seg8 turn+4: 6/8 valid
[09-19 20:06:09]   seg9 turn+1: 0/8 valid
[09-19 20:08:34]   seg4 turn+3: 0/8 valid
[09-19 20:08:39]   seg7 turn+1: 0/8 valid
[09-19 20:10:23]   seg9 turn+2: 0/8 valid
[09-19 20:10:25]   seg8 turn+5: 4/8 valid
[09-19 20:10:25]   iter 8/10: +5 turns, done 0/8
[09-19 20:12:58]   seg7 turn+2: 0/8 valid
[09-19 20:14:23]   seg9 turn+3: 0/8 valid
[09-19 20:14:31]   seg9 turn+1: 6/8 valid
[09-19 20:16:29]   seg7 turn+3: 0/8 valid
[09-19 20:18:07]   seg9 turn+4: 0/8 valid
[09-19 20:18:18]   seg9 turn+2: 4/8 valid
[09-19 20:21:09]   seg7 turn+4: 0/8 valid
[09-19 20:21:46]   seg9 turn+5: 0/8 valid
[09-19 20:21:46]   iter 9/10: +5 turns, done 0/8
[09-19 20:22:05]   seg9 turn+3: 4/8 valid
[09-19 20:24:46]   seg7 turn+5: 0/8 valid
[09-19 20:24:46]   iter 7/10: +5 turns, done 0/8
[09-19 20:25:15]   seg10 turn+1: 0/8 valid
[09-19 20:26:35]   seg9 turn+4: 6/8 valid
[09-19 20:28:00]   seg8 turn+1: 0/8 valid
[09-19 20:28:34]   seg10 turn+2: 0/8 valid
[09-19 20:30:20]   seg9 turn+5: 6/8 valid
[09-19 20:30:20]   iter 9/10: +5 turns, done 0/8
[09-19 20:31:51]   seg8 turn+2: 0/8 valid
[09-19 20:32:04]   seg10 turn+3: 0/8 valid
[09-19 20:32:37]   seg4 turn+4: 0/8 valid
[09-19 20:34:05]   seg10 turn+1: 5/8 valid
[09-19 20:36:16]   seg8 turn+3: 0/8 valid
[09-19 20:36:23]   seg10 turn+4: 0/8 valid
[09-19 20:36:53]   seg4 turn+5: 0/8 valid
[09-19 20:36:53]   iter 4/10: +5 turns, done 0/8
[09-19 20:38:28]   seg10 turn+2: 5/8 valid
[09-19 20:40:38]   seg8 turn+4: 0/8 valid
[09-19 20:40:49]   seg10 turn+5: 0/8 valid
[09-19 20:40:49]   iter 10/10: +5 turns, done 0/8
[09-19 20:40:49] === STTS done: SOL/L1/018_fused_rope_with_qk_norm_and_kv_cache_update pass@1=0.00 final=None
[09-19 20:40:49] === STTS task 17: SOL/L1/053_gaussian_topk_sparse_activation (12 wl) ===
[09-19 20:40:49]   refcache exists: /data1/workspace/weihongren/baseline/drtriton/kbstyle_campaign_v2_20260918/refcache/sol/053_gaussian_topk_sparse_activation/reference_cache.json
[09-19 20:42:42]   seg10 turn+3: 5/8 valid
[09-19 20:44:31]   seg1 turn+1: 0/8 valid
[09-19 20:44:36]   seg8 turn+5: 0/8 valid
[09-19 20:44:36]   iter 8/10: +5 turns, done 0/8
[09-19 20:46:15]   seg10 turn+4: 7/8 valid
[09-19 20:48:04]   seg9 turn+1: 0/8 valid
[09-19 20:48:06]   seg1 turn+2: 1/8 valid
[09-19 20:48:06]   iter 1/10: +2 turns, done 0/8
[09-19 20:50:00]   seg10 turn+5: 6/8 valid
[09-19 20:50:00]   iter 10/10: +5 turns, done 0/8
[09-19 20:50:21] === STTS done: SOL/L1/008_expert_output_weighted_index_add_accumulation pass@1=0.88 final=2.1945757546278593
[09-19 20:50:21] === STTS task 18: SOL/L1/058_moe_expert_token_radix_sort_with_prefix_sum (16 wl) ===
[09-19 20:50:21]   refcache exists: /data1/workspace/weihongren/baseline/drtriton/kbstyle_campaign_v2_20260918/refcache/sol/058_moe_expert_token_radix_sort_with_prefix_sum/reference_cache.json
[09-19 20:51:38]   seg9 turn+2: 0/8 valid
[09-19 20:51:44]   seg2 turn+1: 0/8 valid
[09-19 20:53:56]   seg1 turn+1: 0/8 valid
[09-19 20:54:07]   seg5 turn+1: 0/8 valid
[09-19 20:55:30]   seg9 turn+3: 0/8 valid
[09-19 20:55:40]   seg2 turn+2: 1/8 valid
[09-19 20:58:12]   seg1 turn+2: 0/8 valid
[09-19 20:58:12]   iter 1/10: +2 turns, done 0/8
[09-19 20:58:41]   seg5 turn+2: 0/8 valid
[09-19 21:00:00]   seg9 turn+4: 0/8 valid
[09-19 21:00:04]   seg2 turn+3: 0/8 valid
[09-19 21:02:33]   seg2 turn+1: 0/8 valid
[09-19 21:04:29]   seg9 turn+5: 0/8 valid
[09-19 21:04:29]   iter 9/10: +5 turns, done 0/8
[09-19 21:04:36]   seg2 turn+4: 2/8 valid
[09-19 21:06:37]   seg2 turn+2: 0/8 valid
[09-19 21:08:29]   seg10 turn+1: 0/8 valid
[09-19 21:08:34]   seg2 turn+5: 0/8 valid
[09-19 21:08:34]   iter 2/10: +5 turns, done 0/8
[09-19 21:11:52]   seg10 turn+2: 0/8 valid
[09-19 21:12:01]   seg3 turn+1: 1/8 valid
[09-19 21:14:55]   seg10 turn+3: 0/8 valid
[09-19 21:15:04]   seg3 turn+2: 0/8 valid
[09-19 21:18:04]   seg10 turn+4: 0/8 valid
[09-19 21:18:17]   seg3 turn+3: 0/8 valid
[09-19 21:21:22]   seg10 turn+5: 0/8 valid
[09-19 21:21:22]   iter 10/10: +5 turns, done 0/8
[09-19 21:21:22] === STTS done: SOL/L1/020_vision_patch_merger_spatial_shuffle_mlp pass@1=0.00 final=None
[09-19 21:21:22] === STTS task 19: SOL/L1/070_mamba2_fused_intra_chunk_diagonal_computation (14 wl) ===
[09-19 21:21:22]   refcache exists: /data1/workspace/weihongren/baseline/drtriton/kbstyle_campaign_v2_20260918/refcache/sol/070_mamba2_fused_intra_chunk_diagonal_computation/reference_cache.json
[09-19 21:21:36]   seg3 turn+4: 0/8 valid
[09-19 21:23:02]   seg5 turn+3: 0/8 valid
[09-19 21:24:44]   seg1 turn+1: 0/8 valid
[09-19 21:25:04]   seg3 turn+5: 4/8 valid
[09-19 21:25:04]   iter 3/10: +5 turns, done 0/8
[09-19 21:28:10]   seg1 turn+2: 0/8 valid
[09-19 21:28:10]   iter 1/10: +2 turns, done 0/8
[09-19 21:28:17]   seg4 turn+1: 0/8 valid
[09-19 21:30:14]   seg2 turn+3: 0/8 valid
[09-19 21:31:33]   seg4 turn+2: 2/8 valid
[09-19 21:31:40]   seg5 turn+4: 0/8 valid
[09-19 21:33:55]   seg2 turn+4: 0/8 valid
[09-19 21:35:23]   seg4 turn+3: 0/8 valid
[09-19 21:35:50]   seg5 turn+5: 0/8 valid
[09-19 21:35:50]   iter 5/10: +5 turns, done 0/8
[09-19 21:37:42]   seg2 turn+5: 0/8 valid
[09-19 21:37:42]   iter 2/10: +5 turns, done 0/8
[09-19 21:39:00]   seg4 turn+4: 0/8 valid
[09-19 21:39:47]   seg6 turn+1: 0/8 valid
[09-19 21:41:15]   seg3 turn+1: 0/8 valid
[09-19 21:42:39]   seg4 turn+5: 1/8 valid
[09-19 21:42:39]   iter 4/10: +5 turns, done 0/8
[09-19 21:44:34]   seg3 turn+2: 0/8 valid
[09-19 21:45:41]   seg5 turn+1: 0/8 valid
[09-19 21:47:33]   seg3 turn+3: 0/8 valid
[09-19 21:48:46]   seg5 turn+2: 1/8 valid
[09-19 21:50:37]   seg3 turn+4: 0/8 valid
[09-19 21:51:13]   seg2 turn+1: 0/8 valid
[09-19 21:52:03]   seg5 turn+3: 1/8 valid
[09-19 21:54:25]   seg3 turn+5: 0/8 valid
[09-19 21:54:25]   iter 3/10: +5 turns, done 0/8
[09-19 21:55:14]   seg2 turn+2: 0/8 valid
[09-19 21:56:00]   seg5 turn+4: 1/8 valid
[09-19 21:58:12]   seg4 turn+1: 0/8 valid
[09-19 21:59:14]   seg2 turn+3: 0/8 valid
[09-19 21:59:58]   seg5 turn+5: 2/8 valid
[09-19 21:59:59]   iter 5/10: +5 turns, done 0/8
[09-19 22:01:54]   seg4 turn+2: 0/8 valid
[09-19 22:03:07]   seg2 turn+4: 0/8 valid
[09-19 22:03:18]   seg6 turn+2: 0/8 valid
[09-19 22:03:43]   seg6 turn+1: 0/8 valid
[09-19 22:05:54]   seg4 turn+3: 0/8 valid
[09-19 22:07:40]   seg2 turn+5: 0/8 valid
[09-19 22:07:40]   iter 2/10: +5 turns, done 0/8
[09-19 22:08:10]   seg6 turn+2: 1/8 valid
[09-19 22:08:14]   seg6 turn+3: 0/8 valid
[09-19 22:10:10]   seg4 turn+4: 0/8 valid
[09-19 22:11:58]   seg3 turn+1: 0/8 valid
[09-19 22:12:39]   seg6 turn+3: 1/8 valid
[09-19 22:12:43]   seg6 turn+4: 0/8 valid
[09-19 22:14:35]   seg4 turn+5: 0/8 valid
[09-19 22:14:35]   iter 4/10: +5 turns, done 0/8
[09-19 22:16:28]   seg3 turn+2: 0/8 valid
[09-19 22:17:12]   seg6 turn+4: 1/8 valid
[09-19 22:18:45]   seg5 turn+1: 0/8 valid
[09-19 22:20:29]   seg3 turn+3: 0/8 valid
[09-19 22:21:02]   seg6 turn+5: 0/8 valid
[09-19 22:21:02]   iter 6/10: +5 turns, done 0/8
[09-19 22:22:27]   seg5 turn+2: 0/8 valid
[09-19 22:24:14]   seg3 turn+4: 0/8 valid
[09-19 22:24:45]   seg7 turn+1: 1/8 valid
[09-19 22:26:11]   seg5 turn+3: 0/8 valid
[09-19 22:28:12]   seg3 turn+5: 0/8 valid
[09-19 22:28:12]   iter 3/10: +5 turns, done 0/8
[09-19 22:28:34]   seg7 turn+2: 1/8 valid
[09-19 22:31:35]   seg4 turn+1: 0/8 valid
[09-19 22:31:53]   seg7 turn+3: 2/8 valid
[09-19 22:34:39]   seg4 turn+2: 0/8 valid
[09-19 22:34:58]   seg7 turn+4: 0/8 valid
[09-19 22:37:07]   seg6 turn+5: 0/8 valid
[09-19 22:37:07]   iter 6/10: +5 turns, done 0/8
[09-19 22:38:02]   seg4 turn+3: 0/8 valid
[09-19 22:38:15]   seg7 turn+5: 0/8 valid
[09-19 22:38:15]   iter 7/10: +5 turns, done 0/8
[09-19 22:40:39]   seg7 turn+1: 0/8 valid
[09-19 22:41:47]   seg4 turn+4: 0/8 valid
[09-19 22:41:53]   seg8 turn+1: 1/8 valid
[09-19 22:44:17]   seg7 turn+2: 0/8 valid
[09-19 22:45:54]   seg8 turn+2: 2/8 valid
[09-19 22:48:50]   seg8 turn+3: 4/8 valid
[09-19 22:48:53]   seg7 turn+3: 0/8 valid
[09-19 22:49:45]   seg5 turn+4: 0/8 valid
[09-19 22:52:27]   seg8 turn+4: 0/8 valid
[09-19 22:53:26]   seg5 turn+5: 0/8 valid
[09-19 22:53:26]   iter 5/10: +5 turns, done 0/8
[09-19 22:55:38]   seg8 turn+5: 2/8 valid
[09-19 22:55:38]   iter 8/10: +5 turns, done 0/8
[09-19 22:56:16]   seg6 turn+1: 0/8 valid
[09-19 22:58:30]   seg9 turn+1: 1/8 valid
[09-19 23:01:04]   seg9 turn+2: 1/8 valid
[09-19 23:03:29]   seg9 turn+3: 0/8 valid
[09-19 23:05:28]   seg4 turn+5: 0/8 valid
[09-19 23:05:28]   iter 4/10: +5 turns, done 0/8
[09-19 23:06:01]   seg9 turn+4: 1/8 valid
[09-19 23:08:39]   seg7 turn+4: 0/8 valid
[09-19 23:08:42]   seg5 turn+1: 0/8 valid
[09-19 23:09:10]   seg9 turn+5: 1/8 valid
[09-19 23:09:10]   iter 9/10: +5 turns, done 0/8
[09-19 23:12:43]   seg5 turn+2: 0/8 valid
[09-19 23:12:49]   seg10 turn+1: 1/8 valid
[09-19 23:15:54]   seg5 turn+3: 0/8 valid
[09-19 23:16:03]   seg10 turn+2: 2/8 valid
[09-19 23:18:58]   seg6 turn+2: 0/8 valid
[09-19 23:19:08] GPU 5 acquired after 10s wait
[09-19 23:19:18]   seg5 turn+4: 0/8 valid
[09-19 23:19:24]   seg10 turn+3: 2/8 valid
[09-19 23:23:25]   seg10 turn+4: 0/8 valid
[09-19 23:23:27]   seg5 turn+5: 0/8 valid
[09-19 23:23:27]   iter 5/10: +5 turns, done 0/8
[09-19 23:23:40]   seg6 turn+3: 0/8 valid
[09-19 23:27:14]   seg10 turn+5: 2/8 valid
[09-19 23:27:14]   iter 10/10: +5 turns, done 0/8
[09-19 23:27:24]   seg6 turn+1: 0/8 valid
[09-19 23:27:31]   seg6 turn+4: 0/8 valid
[09-19 23:28:00]   seg7 turn+5: 0/8 valid
[09-19 23:28:00]   iter 7/10: +5 turns, done 0/8
[09-19 23:28:08] === STTS done: SOL/L1/053_gaussian_topk_sparse_activation pass@1=0.62 final=3.2227891419916244
[09-19 23:28:08] === STTS task 20: SOL/L1/092_gqa_attention_with_qk_norm (16 wl) ===
[09-19 23:28:08]   refcache exists: /data1/workspace/weihongren/baseline/drtriton/kbstyle_campaign_v2_20260918/refcache/sol/092_gqa_attention_with_qk_norm/reference_cache.json
[09-19 23:31:14]   seg6 turn+2: 0/8 valid
[09-19 23:31:23]   seg6 turn+5: 1/8 valid
[09-19 23:31:23]   iter 6/10: +5 turns, done 0/8
[09-19 23:32:11]   seg8 turn+1: 0/8 valid
[09-19 23:32:12]   seg1 turn+1: 0/8 valid
[09-19 23:35:25]   seg6 turn+3: 0/8 valid
[09-19 23:35:30]   seg7 turn+1: 0/8 valid
[09-19 23:36:23]   seg1 turn+2: 0/8 valid
[09-19 23:36:23]   iter 1/10: +2 turns, done 0/8
[09-19 23:39:28]   seg6 turn+4: 0/8 valid
[09-19 23:39:55]   seg2 turn+1: 0/8 valid
[09-19 23:42:41]   seg6 turn+5: 0/8 valid
[09-19 23:42:41]   iter 6/10: +5 turns, done 0/8
[09-19 23:43:04]   seg2 turn+2: 0/8 valid
[09-19 23:45:48]   seg7 turn+1: 0/8 valid
[09-19 23:48:20]   seg7 turn+2: 0/8 valid
[09-19 23:50:54]   seg7 turn+3: 0/8 valid
[09-19 23:53:37]   seg7 turn+4: 0/8 valid
[09-19 23:56:16]   seg8 turn+2: 0/8 valid
[09-19 23:56:26] GPU 0 acquired after 10s wait
[09-19 23:56:44]   seg7 turn+5: 0/8 valid
[09-19 23:56:44]   iter 7/10: +5 turns, done 0/8
[09-19 23:59:19]   seg7 turn+2: 0/8 valid
[09-19 23:59:36]   seg8 turn+1: 0/8 valid
[09-20 00:02:11]   seg7 turn+3: 0/8 valid
[09-20 00:02:43]   seg8 turn+2: 0/8 valid
[09-20 00:05:09]   seg7 turn+4: 0/8 valid
[09-20 00:05:54]   seg2 turn+3: 0/8 valid
[09-20 00:06:34]   seg8 turn+3: 0/8 valid
[09-20 00:09:34]   seg2 turn+4: 0/8 valid
[09-20 00:10:28]   seg8 turn+4: 0/8 valid
[09-20 00:12:47]   seg2 turn+5: 0/8 valid
[09-20 00:12:47]   iter 2/10: +5 turns, done 0/8
[09-20 00:13:54]   seg8 turn+5: 0/8 valid
[09-20 00:13:54]   iter 8/10: +5 turns, done 0/8
[09-20 00:15:38]   seg3 turn+1: 0/8 valid
[09-20 00:18:06]   seg9 turn+1: 0/8 valid
[09-20 00:18:08]   seg3 turn+2: 0/8 valid
[09-20 00:18:51]   seg8 turn+3: 0/8 valid
[09-20 00:21:46]   seg9 turn+2: 0/8 valid
[09-20 00:22:00]   seg3 turn+3: 0/8 valid
[09-20 00:25:14]   seg9 turn+3: 0/8 valid
[09-20 00:25:18]   seg3 turn+4: 0/8 valid
[09-20 00:28:33]   seg7 turn+5: 0/8 valid
[09-20 00:28:33]   iter 7/10: +5 turns, done 0/8
[09-20 00:28:43] GPU 1 acquired after 10s wait
[09-20 00:28:48]   seg3 turn+5: 0/8 valid
[09-20 00:28:48]   iter 3/10: +5 turns, done 0/8
[09-20 00:28:50]   seg9 turn+4: 0/8 valid
[09-20 00:32:06]   seg8 turn+1: 0/8 valid
[09-20 00:32:32]   seg4 turn+1: 0/8 valid
[09-20 00:32:48]   seg9 turn+5: 0/8 valid
[09-20 00:32:48]   iter 9/10: +5 turns, done 0/8
[09-20 00:35:34]   seg8 turn+2: 0/8 valid
[09-20 00:36:06]   seg4 turn+2: 0/8 valid
[09-20 00:36:25]   seg10 turn+1: 0/8 valid
[09-20 00:39:14]   seg8 turn+3: 0/8 valid
[09-20 00:40:03]   seg4 turn+3: 0/8 valid
[09-20 00:40:19]   seg10 turn+2: 0/8 valid
[09-20 00:42:27]   seg8 turn+4: 0/8 valid
[09-20 00:42:58]   seg8 turn+4: 0/8 valid
[09-20 00:44:08]   seg4 turn+4: 0/8 valid
[09-20 00:44:34]   seg10 turn+3: 0/8 valid
[09-20 00:47:30]   seg8 turn+5: 0/8 valid
[09-20 00:47:30]   iter 8/10: +5 turns, done 0/8
[09-20 00:48:32]   seg4 turn+5: 0/8 valid
[09-20 00:48:32]   iter 4/10: +5 turns, done 0/8
[09-20 00:48:55]   seg10 turn+4: 0/8 valid
[09-20 00:51:21]   seg9 turn+1: 0/8 valid
[09-20 00:52:08]   seg5 turn+1: 0/8 valid
[09-20 00:52:48]   seg10 turn+5: 0/8 valid
[09-20 00:52:48]   iter 10/10: +5 turns, done 0/8
[09-20 00:52:48] === STTS done: SOL/L1/070_mamba2_fused_intra_chunk_diagonal_computation pass@1=0.00 final=None
[09-20 00:52:48] === STTS task 21: SOL/L2/012_moe_expert_batched_execution_with_capacity_factor (16 wl) ===
[09-20 00:52:48]   refcache exists: /data1/workspace/weihongren/baseline/drtriton/kbstyle_campaign_v2_20260918/refcache/sol/012_moe_expert_batched_execution_with_capacity_factor/reference_cache.json
[09-20 00:54:49]   seg9 turn+2: 0/8 valid
[09-20 00:55:39]   seg5 turn+2: 0/8 valid
[09-20 00:56:23]   seg1 turn+1: 0/8 valid
[09-20 00:58:21]   seg9 turn+3: 0/8 valid
[09-20 00:59:13]   seg5 turn+3: 0/8 valid
[09-20 01:00:10]   seg1 turn+2: 0/8 valid
[09-20 01:00:10]   iter 1/10: +2 turns, done 0/8
[09-20 01:02:48]   seg5 turn+4: 0/8 valid
[09-20 01:03:29]   seg2 turn+1: 0/8 valid
[09-20 01:03:31]   seg9 turn+4: 0/8 valid
[09-20 01:06:29]   seg5 turn+5: 0/8 valid
[09-20 01:06:29]   iter 5/10: +5 turns, done 0/8
[09-20 01:06:56]   seg8 turn+5: 0/8 valid
[09-20 01:06:56]   iter 8/10: +5 turns, done 0/8
[09-20 01:07:32]   seg2 turn+2: 0/8 valid
[09-20 01:10:02]   seg6 turn+1: 0/8 valid
[09-20 01:10:29]   seg9 turn+1: 0/8 valid
[09-20 01:11:15]   seg2 turn+3: 0/8 valid
[09-20 01:13:38]   seg6 turn+2: 0/8 valid
[09-20 01:15:22]   seg2 turn+4: 0/8 valid
[09-20 01:16:46]   seg6 turn+3: 0/8 valid
[09-20 01:18:39]   seg2 turn+5: 0/8 valid
[09-20 01:18:39]   iter 2/10: +5 turns, done 0/8
[09-20 01:19:52]   seg6 turn+4: 0/8 valid
[09-20 01:21:56]   seg3 turn+1: 0/8 valid
[09-20 01:23:02]   seg6 turn+5: 0/8 valid
[09-20 01:23:02]   iter 6/10: +5 turns, done 0/8
[09-20 01:24:58]   seg3 turn+2: 0/8 valid
[09-20 01:25:52]   seg7 turn+1: 0/8 valid
[09-20 01:27:22]   seg9 turn+5: 0/8 valid
[09-20 01:27:22]   iter 9/10: +5 turns, done 0/8
[09-20 01:28:07]   seg3 turn+3: 0/8 valid
[09-20 01:29:02]   seg7 turn+2: 0/8 valid
[09-20 01:30:54]   seg10 turn+1: 0/8 valid
[09-20 01:31:56]   seg3 turn+4: 0/8 valid
[09-20 01:32:44]   seg7 turn+3: 0/8 valid
[09-20 01:34:00]   seg9 turn+2: 0/8 valid
[09-20 01:36:03]   seg3 turn+5: 0/8 valid
[09-20 01:36:03]   iter 3/10: +5 turns, done 0/8
[09-20 01:36:40]   seg7 turn+4: 0/8 valid
[09-20 01:39:21]   seg4 turn+1: 0/8 valid
[09-20 01:39:53]   seg7 turn+5: 0/8 valid
[09-20 01:39:53]   iter 7/10: +5 turns, done 0/8
[09-20 01:42:24]   seg4 turn+2: 0/8 valid
[09-20 01:42:40]   seg8 turn+1: 0/8 valid
[09-20 01:45:29]   seg4 turn+3: 0/8 valid
[09-20 01:45:35]   seg8 turn+2: 0/8 valid
[09-20 01:48:41]   seg4 turn+4: 0/8 valid
[09-20 01:49:33]   seg8 turn+3: 0/8 valid
[09-20 01:51:42]   seg4 turn+5: 0/8 valid
[09-20 01:51:42]   iter 4/10: +5 turns, done 0/8
[09-20 01:52:41]   seg8 turn+4: 0/8 valid
[09-20 01:54:34]   seg5 turn+1: 0/8 valid
[09-20 01:54:36]   seg10 turn+2: 0/8 valid
[09-20 01:55:58]   seg8 turn+5: 0/8 valid
[09-20 01:55:58]   iter 8/10: +5 turns, done 0/8
[09-20 01:57:45]   seg9 turn+3: 0/8 valid
[09-20 01:58:25]   seg5 turn+2: 0/8 valid
[09-20 01:58:31]   seg10 turn+3: 0/8 valid
[09-20 01:59:46]   seg9 turn+1: 0/8 valid
[09-20 02:01:51]   seg9 turn+4: 0/8 valid
[09-20 02:06:33]   seg5 turn+3: 0/8 valid
[09-20 02:07:40]   seg9 turn+2: 0/8 valid
[09-20 02:09:25]   seg5 turn+4: 0/8 valid
[09-20 02:10:42]   seg9 turn+3: 0/8 valid
[09-20 02:12:42]   seg5 turn+5: 0/8 valid
[09-20 02:12:42]   iter 5/10: +5 turns, done 0/8
[09-20 02:13:46]   seg9 turn+4: 0/8 valid
[09-20 02:16:48]   seg9 turn+5: 0/8 valid
[09-20 02:16:48]   iter 9/10: +5 turns, done 0/8
[09-20 02:19:12]   seg10 turn+1: 0/8 valid
[09-20 02:21:37]   seg10 turn+2: 0/8 valid
[09-20 02:22:39]   seg10 turn+4: 0/8 valid
[09-20 02:24:25]   seg10 turn+3: 0/8 valid
[09-20 02:24:45]   seg9 turn+5: 0/8 valid
[09-20 02:24:46]   iter 9/10: +5 turns, done 0/8
[09-20 02:25:53]   seg10 turn+5: 0/8 valid
[09-20 02:25:53]   iter 10/10: +5 turns, done 0/8
[09-20 02:26:29] === STTS done: SOL/L1/058_moe_expert_token_radix_sort_with_prefix_sum pass@1=0.12 final=0.6503967273217107
[09-20 02:26:29] === STTS task 22: SOL/L2/015_audio_sinusoidal_position_embedding_with_conv_projection (16 wl) ===
[09-20 02:26:29]   refcache exists: /data1/workspace/weihongren/baseline/drtriton/kbstyle_campaign_v2_20260918/refcache/sol/015_audio_sinusoidal_position_embedding_with_conv_projection/reference_cache.json
[09-20 02:27:57]   seg10 turn+4: 0/8 valid
[09-20 02:28:41]   seg10 turn+1: 0/8 valid
[09-20 02:29:58]   seg1 turn+1: 0/8 valid
[09-20 02:31:35] GPU 2 acquired after 10s wait
[09-20 02:31:39]   seg10 turn+5: 0/8 valid
[09-20 02:31:39]   iter 10/10: +5 turns, done 0/8
[09-20 02:31:40] === STTS done: SOL/L1/092_gqa_attention_with_qk_norm pass@1=0.00 final=None
[09-20 02:31:40] === STTS task 23: SOL/L2/030_flux_concatenated_sequence_processing_with_split (16 wl) ===
[09-20 02:31:40]   refcache exists: /data1/workspace/weihongren/baseline/drtriton/kbstyle_campaign_v2_20260918/refcache/sol/030_flux_concatenated_sequence_processing_with_split/reference_cache.json
[09-20 02:32:22]   seg10 turn+2: 0/8 valid
[09-20 02:34:50]   seg1 turn+1: 0/8 valid
[09-20 02:35:23]   seg10 turn+3: 0/8 valid
[09-20 02:35:37]   seg6 turn+1: 0/8 valid
[09-20 02:38:18]   seg1 turn+2: 0/8 valid
[09-20 02:38:18]   iter 1/10: +2 turns, done 0/8
[09-20 02:39:17]   seg6 turn+2: 0/8 valid
[09-20 02:41:18] GPU 3 acquired after 10s wait
[09-20 02:41:24]   seg2 turn+1: 0/8 valid
[09-20 02:45:34]   seg2 turn+2: 0/8 valid
[09-20 02:48:10]   seg2 turn+3: 0/8 valid
[09-20 02:50:43] GPU 4 acquired after 10s wait
[09-20 02:51:53]   seg2 turn+4: 0/8 valid
[09-20 02:53:19]   seg1 turn+2: 0/8 valid
[09-20 02:53:19]   iter 1/10: +2 turns, done 0/8
[09-20 02:54:41]   seg2 turn+5: 0/8 valid
[09-20 02:54:41]   iter 2/10: +5 turns, done 0/8
[09-20 02:56:16]   seg2 turn+1: 0/8 valid
[09-20 02:57:39]   seg3 turn+1: 0/8 valid
[09-20 02:58:48]   seg10 turn+4: 0/8 valid
[09-20 02:59:18]   seg2 turn+2: 0/8 valid
[09-20 03:01:16] GPU 2 acquired after 10s wait
[09-20 03:01:20]   seg3 turn+2: 0/8 valid
[09-20 03:02:01]   seg6 turn+3: 0/8 valid
[09-20 03:03:12]   seg10 turn+5: 0/8 valid
[09-20 03:03:12]   iter 10/10: +5 turns, done 0/8
[09-20 03:03:12] === STTS done: SOL/L1/007_hyena_fft_size_padding_rfft pass@1=0.00 final=None
[09-20 03:03:12] === STTS task 24: SOL/L2/036_convnextv2_layer_with_nhwc_persistence_backward (14 wl) ===
[09-20 03:03:12]   refcache exists: /data1/workspace/weihongren/baseline/drtriton/kbstyle_campaign_v2_20260918/refcache/sol/036_convnextv2_layer_with_nhwc_persistence_backward/reference_cache.json
[09-20 03:03:17]   seg2 turn+3: 0/8 valid
[09-20 03:05:54]   seg3 turn+3: 0/8 valid
[09-20 03:06:35]   seg6 turn+4: 0/8 valid
[09-20 03:07:46]   seg1 turn+1: 0/8 valid
[09-20 03:07:49]   seg2 turn+4: 0/8 valid
[09-20 03:10:40]   seg3 turn+4: 0/8 valid
[09-20 03:12:25]   seg1 turn+2: 0/8 valid
[09-20 03:12:25]   iter 1/10: +2 turns, done 0/8
[09-20 03:12:29]   seg2 turn+5: 0/8 valid
[09-20 03:12:29]   iter 2/10: +5 turns, done 0/8
[09-20 03:14:37]   seg3 turn+5: 0/8 valid
[09-20 03:14:37]   iter 3/10: +5 turns, done 0/8
[09-20 03:15:55]   seg6 turn+5: 0/8 valid
[09-20 03:15:55]   iter 6/10: +5 turns, done 0/8
[09-20 03:16:04]   seg2 turn+1: 0/8 valid
[09-20 03:16:12]   seg3 turn+1: 0/8 valid
[09-20 03:18:28]   seg4 turn+1: 0/8 valid
[09-20 03:20:19]   seg2 turn+2: 0/8 valid
[09-20 03:22:09] GPU 0 acquired after 10s wait
[09-20 03:22:10]   seg3 turn+2: 0/8 valid
[09-20 03:22:13]   seg4 turn+2: 0/8 valid
[09-20 03:23:34]   seg2 turn+3: 0/8 valid
[09-20 03:27:17]   seg2 turn+4: 0/8 valid
[09-20 03:29:20]   seg3 turn+3: 0/8 valid
[09-20 03:30:06]   seg2 turn+5: 0/8 valid
[09-20 03:30:06]   iter 2/10: +5 turns, done 0/8
[09-20 03:33:12]   seg3 turn+1: 0/8 valid
[09-20 03:33:24]   seg4 turn+3: 1/8 valid
[09-20 03:36:14]   seg3 turn+2: 0/8 valid
[09-20 03:36:30]   seg4 turn+4: 0/8 valid
[09-20 03:39:22]   seg3 turn+3: 0/8 valid
[09-20 03:39:45]   seg4 turn+5: 0/8 valid
[09-20 03:39:45]   iter 4/10: +5 turns, done 0/8
[09-20 03:39:57]   seg7 turn+1: 0/8 valid
[09-20 03:42:51]   seg3 turn+4: 0/8 valid
[09-20 03:43:43]   seg7 turn+2: 0/8 valid
[09-20 03:43:46]   seg5 turn+1: 1/8 valid
[09-20 03:46:32]   seg3 turn+5: 0/8 valid
[09-20 03:46:32]   iter 3/10: +5 turns, done 0/8
[09-20 03:47:49]   seg5 turn+2: 0/8 valid
[09-20 03:49:38]   seg4 turn+1: 0/8 valid
[09-20 03:50:54]   seg5 turn+3: 0/8 valid
[09-20 03:52:20]   seg3 turn+4: 0/8 valid
[09-20 03:52:42]   seg4 turn+2: 0/8 valid
[09-20 03:54:37]   seg5 turn+4: 0/8 valid
[09-20 03:56:29]   seg3 turn+5: 0/8 valid
[09-20 03:56:29]   iter 3/10: +5 turns, done 0/8
[09-20 03:56:52]   seg4 turn+3: 0/8 valid
[09-20 03:58:46]   seg7 turn+3: 0/8 valid
[09-20 03:58:59]   seg5 turn+5: 1/8 valid
[09-20 03:58:59]   iter 5/10: +5 turns, done 0/8
[09-20 04:00:31]   seg4 turn+1: 0/8 valid
[09-20 04:00:59]   seg4 turn+4: 0/8 valid
[09-20 04:03:29] GPU 3 acquired after 10s wait
[09-20 04:03:34]   seg6 turn+1: 0/8 valid
[09-20 04:03:39]   seg7 turn+4: 0/8 valid
[09-20 04:04:54]   seg4 turn+2: 0/8 valid
[09-20 04:05:32]   seg4 turn+5: 0/8 valid
[09-20 04:05:32]   iter 4/10: +5 turns, done 0/8
[09-20 04:08:02]   seg6 turn+2: 0/8 valid
[09-20 04:08:18]   seg7 turn+5: 0/8 valid
[09-20 04:08:18]   iter 7/10: +5 turns, done 0/8
[09-20 04:09:15]   seg4 turn+3: 0/8 valid
[09-20 04:09:53]   seg5 turn+1: 0/8 valid
[09-20 04:12:29]   seg6 turn+3: 0/8 valid
[09-20 04:13:36]   seg4 turn+4: 0/8 valid
[09-20 04:14:12]   seg5 turn+2: 0/8 valid
[09-20 04:16:44]   seg6 turn+4: 0/8 valid
[09-20 04:17:39]   seg4 turn+5: 0/8 valid
[09-20 04:17:39]   iter 4/10: +5 turns, done 0/8
[09-20 04:18:15]   seg5 turn+3: 0/8 valid
[09-20 04:20:44]   seg6 turn+5: 0/8 valid
[09-20 04:20:44]   iter 6/10: +5 turns, done 0/8
[09-20 04:21:43]   seg5 turn+1: 0/8 valid
[09-20 04:22:08]   seg5 turn+4: 0/8 valid
[09-20 04:24:35]   seg7 turn+1: 0/8 valid
[09-20 04:25:34]   seg5 turn+2: 0/8 valid
[09-20 04:26:10]   seg5 turn+5: 0/8 valid
[09-20 04:26:10]   iter 5/10: +5 turns, done 0/8
[09-20 04:28:29]   seg7 turn+2: 0/8 valid
[09-20 04:29:21]   seg5 turn+3: 0/8 valid
[09-20 04:29:56]   seg6 turn+1: 0/8 valid
[09-20 04:32:32]   seg8 turn+1: 0/8 valid
[09-20 04:32:32]   seg7 turn+3: 0/8 valid
[09-20 04:33:24]   seg5 turn+4: 0/8 valid
[09-20 04:34:04]   seg6 turn+2: 0/8 valid
[09-20 04:37:18]   seg8 turn+2: 0/8 valid
[09-20 04:37:25]   seg7 turn+4: 0/8 valid
[09-20 04:37:57]   seg5 turn+5: 0/8 valid
[09-20 04:37:57]   iter 5/10: +5 turns, done 0/8
[09-20 04:38:37]   seg6 turn+3: 0/8 valid
[09-20 04:42:01]   seg8 turn+3: 0/8 valid
[09-20 04:42:26]   seg6 turn+1: 0/8 valid
[09-20 04:43:01]   seg6 turn+4: 0/8 valid
[09-20 04:46:13]   seg8 turn+4: 0/8 valid
[09-20 04:46:32]   seg6 turn+2: 0/8 valid
[09-20 04:47:11]   seg6 turn+5: 0/8 valid
[09-20 04:47:11]   iter 6/10: +5 turns, done 0/8
[09-20 04:47:14]   seg7 turn+5: 1/8 valid
[09-20 04:47:14]   iter 7/10: +5 turns, done 0/8
[09-20 04:50:29]   seg8 turn+5: 0/8 valid
[09-20 04:50:29]   iter 8/10: +5 turns, done 0/8
[09-20 04:50:44]   seg6 turn+3: 0/8 valid
[09-20 04:51:29]   seg7 turn+1: 0/8 valid
[09-20 04:51:34]   seg8 turn+1: 0/8 valid
[09-20 04:55:02]   seg9 turn+1: 0/8 valid
[09-20 04:55:38]   seg7 turn+2: 0/8 valid
[09-20 04:56:55]   seg6 turn+4: 0/8 valid
[09-20 04:58:48]   seg9 turn+2: 0/8 valid
[09-20 04:59:28]   seg7 turn+3: 0/8 valid
[09-20 05:00:12]   seg8 turn+2: 1/8 valid
[09-20 05:00:39]   seg6 turn+5: 0/8 valid
[09-20 05:00:39]   iter 6/10: +5 turns, done 0/8
[09-20 05:03:46]   seg7 turn+4: 0/8 valid
[09-20 05:04:34]   seg8 turn+3: 0/8 valid
[09-20 05:04:44]   seg7 turn+1: 0/8 valid
[09-20 05:07:49]   seg7 turn+5: 0/8 valid
[09-20 05:07:49]   iter 7/10: +5 turns, done 0/8
[09-20 05:08:30]   seg7 turn+2: 0/8 valid
[09-20 05:08:32]   seg8 turn+4: 0/8 valid
[09-20 05:11:38]   seg8 turn+1: 0/8 valid
[09-20 05:12:27]   seg7 turn+3: 0/8 valid
[09-20 05:12:39]   seg8 turn+5: 0/8 valid
[09-20 05:12:39]   iter 8/10: +5 turns, done 0/8
[09-20 05:15:20]   seg8 turn+2: 0/8 valid
[09-20 05:16:11]   seg7 turn+4: 0/8 valid
[09-20 05:16:22]   seg9 turn+1: 0/8 valid
[09-20 05:19:13]   seg8 turn+3: 0/8 valid
[09-20 05:20:21]   seg9 turn+2: 0/8 valid
[09-20 05:20:38]   seg7 turn+5: 0/8 valid
[09-20 05:20:38]   iter 7/10: +5 turns, done 0/8
[09-20 05:22:40]   seg9 turn+3: 0/8 valid
[09-20 05:22:45]   seg8 turn+4: 0/8 valid
[09-20 05:24:28]   seg9 turn+3: 1/8 valid
[09-20 05:24:37]   seg8 turn+1: 0/8 valid
[09-20 05:27:14]   seg8 turn+5: 0/8 valid
[09-20 05:27:14]   iter 8/10: +5 turns, done 0/8
[09-20 05:27:20]   seg9 turn+4: 0/8 valid
[09-20 05:28:51]   seg9 turn+4: 0/8 valid
[09-20 05:29:00]   seg8 turn+2: 0/8 valid
[09-20 05:31:57]   seg9 turn+1: 0/8 valid
[09-20 05:32:12]   seg9 turn+5: 0/8 valid
[09-20 05:32:12]   iter 9/10: +5 turns, done 0/8
[09-20 05:33:17]   seg8 turn+3: 0/8 valid
[09-20 05:35:51]   seg9 turn+2: 0/8 valid
[09-20 05:36:53]   seg8 turn+4: 0/8 valid
[09-20 05:39:12]   seg9 turn+3: 0/8 valid
[09-20 05:39:34]   seg9 turn+5: 1/8 valid
[09-20 05:39:34]   iter 9/10: +5 turns, done 0/8
[09-20 05:40:12]   seg8 turn+5: 0/8 valid
[09-20 05:40:12]   iter 8/10: +5 turns, done 0/8
[09-20 05:42:45]   seg9 turn+4: 0/8 valid
[09-20 05:43:40]   seg9 turn+1: 0/8 valid
[09-20 05:46:05]   seg9 turn+5: 0/8 valid
[09-20 05:46:05]   iter 9/10: +5 turns, done 0/8
[09-20 05:46:46]   seg9 turn+2: 0/8 valid
[09-20 05:48:40]   seg10 turn+1: 1/8 valid
[09-20 05:49:07]   seg10 turn+1: 0/8 valid
[09-20 05:50:04]   seg9 turn+3: 0/8 valid
[09-20 05:52:35]   seg10 turn+2: 0/8 valid
[09-20 05:52:56]   seg10 turn+2: 0/8 valid
[09-20 05:53:56]   seg9 turn+4: 0/8 valid
[09-20 05:55:54]   seg10 turn+1: 0/8 valid
[09-20 05:56:38]   seg10 turn+3: 0/8 valid
[09-20 05:57:00]   seg10 turn+3: 0/8 valid
[09-20 05:58:13]   seg9 turn+5: 0/8 valid
[09-20 05:58:13]   iter 9/10: +5 turns, done 0/8
[09-20 06:00:47]   seg10 turn+2: 0/8 valid
[09-20 06:01:23]   seg10 turn+4: 0/8 valid
[09-20 06:01:24]   seg10 turn+4: 0/8 valid
[09-20 06:02:29]   seg10 turn+1: 0/8 valid
[09-20 06:05:37]   seg10 turn+3: 0/8 valid
[09-20 06:05:58]   seg10 turn+5: 0/8 valid
[09-20 06:05:58]   iter 10/10: +5 turns, done 0/8
[09-20 06:06:04]   seg10 turn+5: 0/8 valid
[09-20 06:06:04]   iter 10/10: +5 turns, done 0/8
[09-20 06:06:04] === STTS done: SOL/L2/036_convnextv2_layer_with_nhwc_persistence_backward pass@1=0.00 final=None
[09-20 06:06:04] === STTS task 25: SOL/L2/040_altup_predict_correction_cycle_backward (16 wl) ===
[09-20 06:06:04]   refcache exists: /data1/workspace/weihongren/baseline/drtriton/kbstyle_campaign_v2_20260918/refcache/sol/040_altup_predict_correction_cycle_backward/reference_cache.json
[09-20 06:06:48]   seg10 turn+2: 0/8 valid
[09-20 06:07:23] === STTS done: SOL/L2/030_flux_concatenated_sequence_processing_with_split pass@1=0.25 final=0.1427227844634249
[09-20 06:07:23] === STTS task 26: SOL/L2/043_mamba_chunk_scan_with_segsum (16 wl) ===
[09-20 06:07:23]   refcache exists: /data1/workspace/weihongren/baseline/drtriton/kbstyle_campaign_v2_20260918/refcache/sol/043_mamba_chunk_scan_with_segsum/reference_cache.json
[09-20 06:09:49]   seg10 turn+4: 0/8 valid
[09-20 06:09:59]   seg1 turn+1: 0/8 valid
[09-20 06:10:55]   seg10 turn+3: 0/8 valid
[09-20 06:11:30]   seg1 turn+1: 0/8 valid
[09-20 06:14:35]   seg10 turn+5: 0/8 valid
[09-20 06:14:35]   iter 10/10: +5 turns, done 0/8
[09-20 06:14:35] === STTS done: SOL/L2/012_moe_expert_batched_execution_with_capacity_factor pass@1=0.00 final=None
[09-20 06:14:35] === STTS task 27: SOL/L2/049_group_limited_topk_routing (16 wl) ===
[09-20 06:14:35]   refcache exists: /data1/workspace/weihongren/baseline/drtriton/kbstyle_campaign_v2_20260918/refcache/sol/049_group_limited_topk_routing/reference_cache.json
[09-20 06:15:12]   seg10 turn+4: 0/8 valid
[09-20 06:15:38]   seg1 turn+2: 0/8 valid
[09-20 06:15:38]   iter 1/10: +2 turns, done 0/8
[09-20 06:18:16]   seg1 turn+1: 0/8 valid
[09-20 06:18:58]   seg10 turn+5: 0/8 valid
[09-20 06:18:58]   iter 10/10: +5 turns, done 0/8
[09-20 06:18:58] === STTS done: SOL/L2/015_audio_sinusoidal_position_embedding_with_conv_projection pass@1=0.00 final=None
[09-20 06:18:58] === STTS task 28: SOL/L2/051_seqlen-finetuned-reconstructed_hyena_complete_forward_block (16 wl) ===
[09-20 06:18:58]   refcache exists: /data1/workspace/weihongren/baseline/drtriton/kbstyle_campaign_v2_20260918/refcache/sol/051_seqlen-finetuned-reconstructed_hyena_complete_forward_block/reference_cache.json
[09-20 06:19:21]   seg2 turn+1: 0/8 valid
[09-20 06:21:54]   seg1 turn+2: 0/8 valid
[09-20 06:21:54]   iter 1/10: +2 turns, done 0/8
[09-20 06:22:37]   seg1 turn+1: 0/8 valid
[09-20 06:22:58]   seg2 turn+2: 0/8 valid
[09-20 06:25:37]   seg2 turn+1: 0/8 valid
[09-20 06:26:22]   seg1 turn+2: 0/8 valid
[09-20 06:26:22]   iter 1/10: +2 turns, done 0/8
[09-20 06:26:45]   seg2 turn+3: 0/8 valid
[09-20 06:29:29]   seg2 turn+2: 0/8 valid
[09-20 06:30:15]   seg2 turn+1: 0/8 valid
[09-20 06:30:41]   seg2 turn+4: 0/8 valid
[09-20 06:33:38]   seg2 turn+3: 0/8 valid
[09-20 06:34:20]   seg1 turn+2: 0/8 valid
[09-20 06:34:20]   iter 1/10: +2 turns, done 0/8
[09-20 06:34:45]   seg2 turn+5: 0/8 valid
[09-20 06:34:45]   iter 2/10: +5 turns, done 0/8
[09-20 06:36:07]   seg2 turn+2: 0/8 valid
[09-20 06:37:37]   seg2 turn+4: 0/8 valid
[09-20 06:38:26]   seg2 turn+1: 0/8 valid
[09-20 06:38:53]   seg3 turn+1: 0/8 valid
[09-20 06:40:39]   seg2 turn+3: 0/8 valid
[09-20 06:42:12]   seg2 turn+5: 0/8 valid
[09-20 06:42:12]   iter 2/10: +5 turns, done 0/8
[09-20 06:43:03]   seg2 turn+2: 0/8 valid
[09-20 06:43:29]   seg3 turn+2: 0/8 valid
[09-20 06:45:15]   seg2 turn+4: 0/8 valid
[09-20 06:46:43]   seg3 turn+1: 0/8 valid
[09-20 06:47:37]   seg2 turn+3: 0/8 valid
[09-20 06:48:06]   seg3 turn+3: 0/8 valid
[09-20 06:49:54]   seg2 turn+5: 0/8 valid
[09-20 06:49:54]   iter 2/10: +5 turns, done 0/8
[09-20 06:51:22]   seg3 turn+2: 0/8 valid
[09-20 06:52:19]   seg2 turn+4: 0/8 valid
[09-20 06:53:22]   seg3 turn+4: 0/8 valid
[09-20 06:54:20]   seg3 turn+1: 0/8 valid
[09-20 06:55:44]   seg3 turn+3: 0/8 valid
[09-20 06:56:46]   seg2 turn+5: 0/8 valid
[09-20 06:56:46]   iter 2/10: +5 turns, done 0/8
[09-20 06:58:50] GPU 2 acquired after 10s wait
[09-20 06:58:54]   seg3 turn+2: 0/8 valid
[09-20 06:59:14]   seg3 turn+5: 0/8 valid
[09-20 06:59:14]   iter 3/10: +5 turns, done 0/8
[09-20 06:59:54]   seg3 turn+4: 0/8 valid
[09-20 07:00:52]   seg3 turn+1: 0/8 valid
[09-20 07:03:14]   seg3 turn+3: 0/8 valid
[09-20 07:03:36]   seg4 turn+1: 0/8 valid
[09-20 07:04:16]   seg3 turn+5: 0/8 valid
[09-20 07:04:16]   iter 3/10: +5 turns, done 0/8
[09-20 07:05:22]   seg3 turn+2: 0/8 valid
[09-20 07:07:37]   seg3 turn+4: 0/8 valid
[09-20 07:07:58]   seg4 turn+2: 0/8 valid
[09-20 07:08:31]   seg4 turn+1: 0/8 valid
[09-20 07:10:24]   seg3 turn+3: 0/8 valid
[09-20 07:12:01]   seg3 turn+5: 0/8 valid
[09-20 07:12:01]   iter 3/10: +5 turns, done 0/8
[09-20 07:12:22]   seg4 turn+3: 0/8 valid
[09-20 07:12:57]   seg4 turn+2: 0/8 valid
[09-20 07:14:57]   seg3 turn+4: 0/8 valid
[09-20 07:16:30]   seg4 turn+1: 0/8 valid
[09-20 07:16:52]   seg4 turn+4: 0/8 valid
[09-20 07:17:28]   seg4 turn+3: 0/8 valid
[09-20 07:19:34]   seg3 turn+5: 0/8 valid
[09-20 07:19:34]   iter 3/10: +5 turns, done 0/8
[09-20 07:21:06]   seg4 turn+2: 0/8 valid
[09-20 07:21:29]   seg4 turn+5: 0/8 valid
[09-20 07:21:29]   iter 4/10: +5 turns, done 0/8
[09-20 07:22:06]   seg4 turn+4: 0/8 valid
[09-20 07:24:01]   seg4 turn+1: 0/8 valid
[09-20 07:25:31]   seg4 turn+3: 0/8 valid
[09-20 07:25:52]   seg5 turn+1: 0/8 valid
[09-20 07:26:35]   seg4 turn+5: 0/8 valid
[09-20 07:26:35]   iter 4/10: +5 turns, done 0/8
[09-20 07:28:29]   seg4 turn+2: 0/8 valid
[09-20 07:29:58]   seg4 turn+4: 0/8 valid
[09-20 07:30:17]   seg5 turn+2: 0/8 valid
[09-20 07:31:08]   seg5 turn+1: 0/8 valid
[09-20 07:32:56]   seg4 turn+3: 0/8 valid
[09-20 07:34:32]   seg4 turn+5: 0/8 valid
[09-20 07:34:32]   iter 4/10: +5 turns, done 0/8
[09-20 07:34:49]   seg5 turn+3: 0/8 valid
[09-20 07:35:42]   seg5 turn+2: 0/8 valid
[09-20 07:37:27]   seg4 turn+4: 0/8 valid
[09-20 07:39:00]   seg5 turn+1: 0/8 valid
[09-20 07:39:21]   seg5 turn+4: 0/8 valid
[09-20 07:40:16]   seg5 turn+3: 0/8 valid
[09-20 07:42:07]   seg4 turn+5: 0/8 valid
[09-20 07:42:07]   iter 4/10: +5 turns, done 0/8
[09-20 07:43:41] GPU 1 acquired after 10s wait
[09-20 07:43:45]   seg5 turn+2: 0/8 valid
[09-20 07:43:59]   seg5 turn+5: 0/8 valid
[09-20 07:43:59]   iter 5/10: +5 turns, done 0/8
[09-20 07:44:47]   seg5 turn+4: 0/8 valid
[09-20 07:46:30]   seg5 turn+1: 0/8 valid
[09-20 07:48:07]   seg5 turn+3: 0/8 valid
[09-20 07:48:22]   seg6 turn+1: 0/8 valid
[09-20 07:49:19]   seg5 turn+5: 0/8 valid
[09-20 07:49:19]   iter 5/10: +5 turns, done 0/8
[09-20 07:50:54]   seg5 turn+2: 0/8 valid
[09-20 07:52:35]   seg5 turn+4: 0/8 valid
[09-20 07:52:43]   seg6 turn+2: 0/8 valid
[09-20 07:53:38]   seg6 turn+1: 0/8 valid
[09-20 07:55:21]   seg5 turn+3: 0/8 valid
[09-20 07:57:09]   seg5 turn+5: 0/8 valid
[09-20 07:57:09]   iter 5/10: +5 turns, done 0/8
[09-20 07:57:15]   seg6 turn+3: 0/8 valid
[09-20 07:58:10]   seg6 turn+2: 0/8 valid
[09-20 07:59:53]   seg5 turn+4: 0/8 valid
[09-20 08:01:40]   seg6 turn+1: 0/8 valid
[09-20 08:01:46]   seg6 turn+4: 0/8 valid
[09-20 08:02:48]   seg6 turn+3: 0/8 valid
[09-20 08:04:28]   seg5 turn+5: 0/8 valid
[09-20 08:04:28]   iter 5/10: +5 turns, done 0/8
[09-20 08:06:15]   seg6 turn+2: 0/8 valid
[09-20 08:06:18]   seg6 turn+5: 0/8 valid
[09-20 08:06:18]   iter 6/10: +5 turns, done 0/8
[09-20 08:08:41]   seg6 turn+1: 0/8 valid
[09-20 08:10:06]   seg6 turn+3: 0/8 valid
[09-20 08:10:13]   seg7 turn+1: 0/8 valid
[09-20 08:12:25]   seg6 turn+2: 0/8 valid
[09-20 08:13:53]   seg6 turn+4: 0/8 valid
[09-20 08:14:04]   seg7 turn+2: 0/8 valid
[09-20 08:16:21]   seg6 turn+3: 0/8 valid
[09-20 08:18:05]   seg7 turn+3: 0/8 valid
[09-20 08:19:55]   seg6 turn+4: 0/8 valid
[09-20 08:21:13]   seg7 turn+4: 0/8 valid
[09-20 08:23:09]   seg6 turn+5: 0/8 valid
[09-20 08:23:09]   iter 6/10: +5 turns, done 0/8
[09-20 08:24:29]   seg7 turn+5: 0/8 valid
[09-20 08:24:29]   iter 7/10: +5 turns, done 0/8
[09-20 08:26:03]   seg7 turn+1: 0/8 valid
[09-20 08:27:11]   seg6 turn+4: 0/8 valid
[09-20 08:27:24]   seg8 turn+1: 0/8 valid
[09-20 08:29:35]   seg7 turn+2: 0/8 valid
[09-20 08:31:03]   seg6 turn+5: 0/8 valid
[09-20 08:31:03]   iter 6/10: +5 turns, done 0/8
[09-20 08:31:20]   seg8 turn+2: 0/8 valid
[09-20 08:33:21]   seg7 turn+3: 0/8 valid
[09-20 08:34:40]   seg7 turn+1: 0/8 valid
[09-20 08:34:59]   seg8 turn+3: 0/8 valid
[09-20 08:37:11]   seg7 turn+4: 0/8 valid
[09-20 08:37:44]   seg6 turn+5: 0/8 valid
[09-20 08:37:44]   iter 6/10: +5 turns, done 0/8
[09-20 08:38:37]   seg7 turn+2: 0/8 valid
[09-20 08:39:01]   seg8 turn+4: 0/8 valid
[09-20 08:41:40]   seg7 turn+5: 0/8 valid
[09-20 08:41:40]   iter 7/10: +5 turns, done 0/8
[09-20 08:42:17]   seg7 turn+1: 0/8 valid
[09-20 08:43:09]   seg7 turn+3: 0/8 valid
[09-20 08:43:38]   seg8 turn+5: 0/8 valid
[09-20 08:43:38]   iter 8/10: +5 turns, done 0/8
[09-20 08:46:01]   seg8 turn+1: 0/8 valid
[09-20 08:46:35]   seg7 turn+2: 0/8 valid
[09-20 08:47:29]   seg7 turn+4: 0/8 valid
[09-20 08:47:52]   seg9 turn+1: 0/8 valid
[09-20 08:50:21]   seg8 turn+2: 0/8 valid
[09-20 08:50:59]   seg7 turn+3: 0/8 valid
[09-20 08:51:56]   seg7 turn+5: 0/8 valid
[09-20 08:51:56]   iter 7/10: +5 turns, done 0/8
[09-20 08:52:18]   seg9 turn+2: 0/8 valid
[09-20 08:54:48]   seg8 turn+3: 0/8 valid
[09-20 08:55:27]   seg7 turn+4: 0/8 valid
[09-20 08:56:26]   seg8 turn+1: 0/8 valid
[09-20 08:56:53]   seg9 turn+3: 0/8 valid
[09-20 08:59:18]   seg8 turn+4: 0/8 valid
[09-20 09:00:01]   seg7 turn+5: 0/8 valid
[09-20 09:00:01]   iter 7/10: +5 turns, done 0/8
[09-20 09:01:00]   seg8 turn+2: 0/8 valid
[09-20 09:01:28]   seg9 turn+4: 0/8 valid
[09-20 09:03:49]   seg8 turn+5: 0/8 valid
[09-20 09:03:49]   iter 8/10: +5 turns, done 0/8
[09-20 09:04:32]   seg8 turn+1: 0/8 valid
[09-20 09:05:34]   seg8 turn+3: 0/8 valid
[09-20 09:06:03]   seg9 turn+5: 0/8 valid
[09-20 09:06:03]   iter 9/10: +5 turns, done 0/8
[09-20 09:08:12]   seg9 turn+1: 0/8 valid
[09-20 09:08:53]   seg8 turn+2: 0/8 valid
[09-20 09:09:55]   seg8 turn+4: 0/8 valid
[09-20 09:10:26]   seg10 turn+1: 0/8 valid
[09-20 09:12:35]   seg9 turn+2: 0/8 valid
[09-20 09:13:16]   seg8 turn+3: 0/8 valid
[09-20 09:14:25]   seg8 turn+5: 0/8 valid
[09-20 09:14:25]   iter 8/10: +5 turns, done 0/8
[09-20 09:15:00]   seg10 turn+2: 0/8 valid
[09-20 09:17:04]   seg9 turn+3: 0/8 valid
[09-20 09:17:38]   seg8 turn+4: 0/8 valid
[09-20 09:18:49]   seg9 turn+1: 0/8 valid
[09-20 09:19:27]   seg10 turn+3: 0/8 valid
[09-20 09:21:34]   seg9 turn+4: 0/8 valid
[09-20 09:22:10]   seg8 turn+5: 0/8 valid
[09-20 09:22:10]   iter 8/10: +5 turns, done 0/8
[09-20 09:23:22]   seg9 turn+2: 0/8 valid
[09-20 09:24:03]   seg10 turn+4: 0/8 valid
[09-20 09:26:09]   seg9 turn+5: 0/8 valid
[09-20 09:26:09]   iter 9/10: +5 turns, done 0/8
[09-20 09:26:41]   seg9 turn+1: 0/8 valid
[09-20 09:27:53]   seg9 turn+3: 0/8 valid
[09-20 09:28:35]   seg10 turn+5: 0/8 valid
[09-20 09:28:35]   iter 10/10: +5 turns, done 0/8
[09-20 09:28:35] === STTS done: SOL/L2/043_mamba_chunk_scan_with_segsum pass@1=0.00 final=None
[09-20 09:28:35] === STTS task 29: SOL/L2/057_residual_coupling_flow_block (16 wl) ===
[09-20 09:28:35]   refcache exists: /data1/workspace/weihongren/baseline/drtriton/kbstyle_campaign_v2_20260918/refcache/sol/057_residual_coupling_flow_block/reference_cache.json
[09-20 09:30:31]   seg10 turn+1: 0/8 valid
[09-20 09:31:08]   seg9 turn+2: 0/8 valid
[09-20 09:32:14]   seg9 turn+4: 0/8 valid
[09-20 09:32:53]   seg1 turn+1: 0/8 valid
[09-20 09:34:52]   seg10 turn+2: 0/8 valid
[09-20 09:35:36]   seg9 turn+3: 0/8 valid
[09-20 09:36:39]   seg9 turn+5: 0/8 valid
[09-20 09:36:39]   iter 9/10: +5 turns, done 0/8
[09-20 09:37:19]   seg1 turn+2: 0/8 valid
[09-20 09:37:19]   iter 1/10: +2 turns, done 0/8
[09-20 09:39:15]   seg10 turn+3: 0/8 valid
[09-20 09:39:57]   seg9 turn+4: 0/8 valid
[09-20 09:40:56]   seg10 turn+1: 0/8 valid
[09-20 09:41:38]   seg2 turn+1: 0/8 valid
[09-20 09:43:43]   seg10 turn+4: 0/8 valid
[09-20 09:44:31]   seg9 turn+5: 0/8 valid
[09-20 09:44:31]   iter 9/10: +5 turns, done 0/8
[09-20 09:45:24]   seg10 turn+2: 0/8 valid
[09-20 09:46:07]   seg2 turn+2: 0/8 valid
[09-20 09:48:09]   seg10 turn+5: 0/8 valid
[09-20 09:48:09]   iter 10/10: +5 turns, done 0/8
[09-20 09:48:09] === STTS done: SOL/L2/040_altup_predict_correction_cycle_backward pass@1=0.00 final=None
[09-20 09:48:09] === STTS task 30: SOL/L2/080_moe_complete_layer_with_shared_expert_backward (16 wl) ===
[09-20 09:48:09]   refcache exists: /data1/workspace/weihongren/baseline/drtriton/kbstyle_campaign_v2_20260918/refcache/sol/080_moe_complete_layer_with_shared_expert_backward/reference_cache.json
[09-20 09:48:55]   seg10 turn+1: 0/8 valid
[09-20 09:49:48]   seg10 turn+3: 0/8 valid
[09-20 09:50:31]   seg2 turn+3: 0/8 valid
[09-20 09:52:32]   seg1 turn+1: 0/8 valid
[09-20 09:53:26]   seg10 turn+2: 0/8 valid
[09-20 09:54:20]   seg10 turn+4: 0/8 valid
[09-20 09:55:05]   seg2 turn+4: 0/8 valid
[09-20 09:57:09]   seg1 turn+2: 0/8 valid
[09-20 09:57:09]   iter 1/10: +2 turns, done 0/8
[09-20 09:58:06]   seg10 turn+3: 0/8 valid
[09-20 09:59:00]   seg10 turn+5: 0/8 valid
[09-20 09:59:00]   iter 10/10: +5 turns, done 0/8
[09-20 09:59:00] === STTS done: SOL/L2/049_group_limited_topk_routing pass@1=0.00 final=None
[09-20 09:59:39]   seg2 turn+5: 0/8 valid
[09-20 09:59:39]   iter 2/10: +5 turns, done 0/8
[09-20 10:01:19]   seg2 turn+1: 0/8 valid
[09-20 10:02:08]   seg10 turn+4: 0/8 valid
[09-20 10:03:26]   seg3 turn+1: 0/8 valid
[09-20 10:05:07]   seg2 turn+2: 0/8 valid
[09-20 10:06:03]   seg10 turn+5: 0/8 valid
[09-20 10:06:03]   iter 10/10: +5 turns, done 0/8
[09-20 10:06:03] === STTS done: SOL/L2/051_seqlen-finetuned-reconstructed_hyena_complete_forward_block pass@1=0.00 final=None
[09-20 10:07:02]   seg3 turn+2: 0/8 valid
[09-20 10:08:23]   seg2 turn+3: 0/8 valid
[09-20 10:10:10]   seg3 turn+3: 0/8 valid
[09-20 10:11:30]   seg2 turn+4: 0/8 valid
[09-20 10:13:21]   seg3 turn+4: 0/8 valid
[09-20 10:14:50]   seg2 turn+5: 0/8 valid
[09-20 10:14:50]   iter 2/10: +5 turns, done 0/8
[09-20 10:16:29]   seg3 turn+5: 0/8 valid
[09-20 10:16:29]   iter 3/10: +5 turns, done 0/8
[09-20 10:17:53]   seg3 turn+1: 0/8 valid
[09-20 10:19:22]   seg4 turn+1: 0/8 valid
[09-20 10:20:47]   seg3 turn+2: 0/8 valid
[09-20 10:22:36]   seg4 turn+2: 0/8 valid
[09-20 10:23:46]   seg3 turn+3: 0/8 valid
[09-20 10:25:45]   seg4 turn+3: 0/8 valid
[09-20 10:26:57]   seg3 turn+4: 0/8 valid
[09-20 10:28:57]   seg4 turn+4: 0/8 valid
[09-20 10:30:13]   seg3 turn+5: 0/8 valid
[09-20 10:30:13]   iter 3/10: +5 turns, done 0/8
[09-20 10:32:10]   seg4 turn+5: 0/8 valid
[09-20 10:32:10]   iter 4/10: +5 turns, done 0/8
[09-20 10:33:14]   seg4 turn+1: 0/8 valid
[09-20 10:35:05]   seg5 turn+1: 0/8 valid
[09-20 10:36:08]   seg4 turn+2: 0/8 valid
[09-20 10:38:04]   seg5 turn+2: 0/8 valid
[09-20 10:39:08]   seg4 turn+3: 0/8 valid
[09-20 10:41:09]   seg5 turn+3: 0/8 valid
[09-20 10:42:14]   seg4 turn+4: 0/8 valid
[09-20 10:44:17]   seg5 turn+4: 0/8 valid
[09-20 10:46:30]   seg4 turn+5: 0/8 valid
[09-20 10:46:30]   iter 4/10: +5 turns, done 0/8
[09-20 10:47:09]   seg5 turn+5: 0/8 valid
[09-20 10:47:09]   iter 5/10: +5 turns, done 0/8
[09-20 10:49:23]   seg5 turn+1: 0/8 valid
[09-20 10:49:58]   seg6 turn+1: 0/8 valid
[09-20 10:52:26]   seg5 turn+2: 0/8 valid
[09-20 10:52:54]   seg6 turn+2: 0/8 valid
[09-20 10:55:30]   seg5 turn+3: 0/8 valid
[09-20 10:55:57]   seg6 turn+3: 0/8 valid
[09-20 10:58:40]   seg5 turn+4: 0/8 valid
[09-20 10:59:10]   seg6 turn+4: 0/8 valid
[09-20 11:01:54]   seg5 turn+5: 0/8 valid
[09-20 11:01:54]   iter 5/10: +5 turns, done 0/8
[09-20 11:02:27]   seg6 turn+5: 0/8 valid
[09-20 11:02:27]   iter 6/10: +5 turns, done 0/8
[09-20 11:04:48]   seg6 turn+1: 0/8 valid
[09-20 11:05:09]   seg7 turn+1: 0/8 valid
[09-20 11:08:00]   seg6 turn+2: 0/8 valid
[09-20 11:08:00]   seg7 turn+2: 0/8 valid
[09-20 11:11:09]   seg7 turn+3: 0/8 valid
[09-20 11:11:12]   seg6 turn+3: 0/8 valid
[09-20 11:14:18]   seg7 turn+4: 0/8 valid
[09-20 11:14:25]   seg6 turn+4: 0/8 valid
[09-20 11:17:30]   seg7 turn+5: 0/8 valid
[09-20 11:17:30]   iter 7/10: +5 turns, done 0/8
[09-20 11:17:38]   seg6 turn+5: 0/8 valid
[09-20 11:17:38]   iter 6/10: +5 turns, done 0/8
[09-20 11:20:26]   seg8 turn+1: 0/8 valid
[09-20 11:20:27]   seg7 turn+1: 0/8 valid
[09-20 11:23:23]   seg8 turn+2: 0/8 valid
[09-20 11:23:27]   seg7 turn+2: 0/8 valid
[09-20 11:26:27]   seg8 turn+3: 0/8 valid
[09-20 11:26:36]   seg7 turn+3: 0/8 valid
[09-20 11:29:31]   seg8 turn+4: 0/8 valid
[09-20 11:29:46]   seg7 turn+4: 0/8 valid
[09-20 11:32:51]   seg8 turn+5: 0/8 valid
[09-20 11:32:51]   iter 8/10: +5 turns, done 0/8
[09-20 11:32:59]   seg7 turn+5: 0/8 valid
[09-20 11:32:59]   iter 7/10: +5 turns, done 0/8
[09-20 11:35:31]   seg9 turn+1: 0/8 valid
[09-20 11:35:54]   seg8 turn+1: 0/8 valid
[09-20 11:38:26]   seg9 turn+2: 0/8 valid
[09-20 11:38:47]   seg8 turn+2: 0/8 valid
[09-20 11:41:24]   seg9 turn+3: 0/8 valid
[09-20 11:41:49]   seg8 turn+3: 0/8 valid
[09-20 11:44:23]   seg9 turn+4: 0/8 valid
[09-20 11:44:56]   seg8 turn+4: 0/8 valid
[09-20 11:47:32]   seg9 turn+5: 0/8 valid
[09-20 11:47:32]   iter 9/10: +5 turns, done 0/8
[09-20 11:48:11]   seg8 turn+5: 0/8 valid
[09-20 11:48:11]   iter 8/10: +5 turns, done 0/8
[09-20 11:50:22]   seg10 turn+1: 0/8 valid
[09-20 11:50:56]   seg9 turn+1: 0/8 valid
[09-20 11:53:14]   seg10 turn+2: 0/8 valid
[09-20 11:53:54]   seg9 turn+2: 0/8 valid
[09-20 11:56:11]   seg10 turn+3: 0/8 valid
[09-20 11:56:53]   seg9 turn+3: 0/8 valid
[09-20 11:59:17]   seg10 turn+4: 0/8 valid
[09-20 12:02:17]   seg10 turn+5: 0/8 valid
[09-20 12:02:17]   iter 10/10: +5 turns, done 0/8
[09-20 12:02:17] === STTS done: SOL/L2/057_residual_coupling_flow_block pass@1=0.00 final=None
[09-20 12:07:12]   seg9 turn+4: 0/8 valid
[09-20 12:09:42]   seg9 turn+5: 0/8 valid
[09-20 12:09:42]   iter 9/10: +5 turns, done 0/8
[09-20 12:11:57]   seg10 turn+1: 0/8 valid
[09-20 12:14:17]   seg10 turn+2: 0/8 valid
[09-20 12:16:39]   seg10 turn+3: 0/8 valid
[09-20 12:19:07]   seg10 turn+4: 0/8 valid
[09-20 12:21:38]   seg10 turn+5: 0/8 valid
[09-20 12:21:39]   iter 10/10: +5 turns, done 0/8
[09-20 12:21:39] === STTS done: SOL/L2/080_moe_complete_layer_with_shared_expert_backward pass@1=0.00 final=None
[09-20 12:21:39] STTS complete -> /data1/workspace/weihongren/baseline/drtriton/kbstyle_stts_full8_20260919/results.jsonl
