===== 2026-09-19 02:06:58 =====
/data1/workspace/weihongren/scripts/monitor_stts_full8.sh: line 10: /data1/workspace/weihongren/baseline/drtriton/kbstyle_stts_full8_20260919/results.jsonl: No such file or directory
completed_tasks: 0/30
tokens: 168 requests, prompt=3.40M, completion=1.38M
-- campaign tail:
   [09-19 02:06:21]   seg4 turn+3: 0/8 valid
   [09-19 02:06:21]   seg4 turn+4: 0/8 valid
   [09-19 02:06:22]   seg4 turn+5: 0/8 valid
   [09-19 02:06:22]   iter 4/10: +5 turns, done 0/8
runner_alive: 2
===== 2026-09-19 02:07:29 =====
completed_tasks: 0/30
tokens: 168 requests, prompt=3.40M, completion=1.38M
-- campaign tail:
   [09-19 02:06:21]   seg4 turn+3: 0/8 valid
   [09-19 02:06:21]   seg4 turn+4: 0/8 valid
   [09-19 02:06:22]   seg4 turn+5: 0/8 valid
   [09-19 02:06:22]   iter 4/10: +5 turns, done 0/8
runner_alive: 2
===== 2026-09-19 02:26:58 =====
completed_tasks: 0/30
tokens: 244 requests, prompt=4.91M, completion=2.00M
-- campaign tail:
   [09-19 02:26:45]   refcache exists: /data1/workspace/weihongren/baseline/drtriton/kbstyle_campaign_v2_20260918/refcache/fib/dsa_sparse_attention_h16_ckv512_kpe64_topk2048_ps64
   [09-19 02:26:45]   refcache exists: /data1/workspace/weihongren/baseline/drtriton/kbstyle_campaign_v2_20260918/refcache/fib/gqa_ragged_prefill_causal_h32_kv8_d128
   [09-19 02:26:45] === STTS task 4: flashinfer/gqa_paged_prefill_causal_h32_kv8_d128_ps1 (38 wl) ===
   [09-19 02:26:45]   refcache exists: /data1/workspace/weihongren/baseline/drtriton/kbstyle_campaign_v2_20260918/refcache/fib/gqa_paged_prefill_causal_h32_kv8_d128_ps1
runner_alive: 2
===== 2026-09-19 02:27:29 =====
completed_tasks: 0/30
tokens: 244 requests, prompt=4.91M, completion=2.00M
-- campaign tail:
   [09-19 02:26:45]   refcache exists: /data1/workspace/weihongren/baseline/drtriton/kbstyle_campaign_v2_20260918/refcache/fib/dsa_sparse_attention_h16_ckv512_kpe64_topk2048_ps64
   [09-19 02:26:45]   refcache exists: /data1/workspace/weihongren/baseline/drtriton/kbstyle_campaign_v2_20260918/refcache/fib/gqa_ragged_prefill_causal_h32_kv8_d128
   [09-19 02:26:45] === STTS task 4: flashinfer/gqa_paged_prefill_causal_h32_kv8_d128_ps1 (38 wl) ===
   [09-19 02:26:45]   refcache exists: /data1/workspace/weihongren/baseline/drtriton/kbstyle_campaign_v2_20260918/refcache/fib/gqa_paged_prefill_causal_h32_kv8_d128_ps1
runner_alive: 2
===== 2026-09-19 02:46:58 =====
completed_tasks: 0/30
tokens: 332 requests, prompt=6.47M, completion=2.72M
-- campaign tail:
   [09-19 02:44:57]   seg3 turn+2: 4/8 valid
   [09-19 02:45:33]   seg7 turn+3: 0/8 valid
   [09-19 02:45:57]   seg5 turn+3: 0/8 valid
   [09-19 02:46:00]   seg3 turn+3: 0/8 valid
runner_alive: 2
===== 2026-09-19 02:47:29 =====
completed_tasks: 0/30
tokens: 332 requests, prompt=6.47M, completion=2.72M
-- campaign tail:
   [09-19 02:44:57]   seg3 turn+2: 4/8 valid
   [09-19 02:45:33]   seg7 turn+3: 0/8 valid
   [09-19 02:45:57]   seg5 turn+3: 0/8 valid
   [09-19 02:46:00]   seg3 turn+3: 0/8 valid
runner_alive: 2
===== 2026-09-19 03:06:58 =====
completed_tasks: 0/30
tokens: 432 requests, prompt=7.88M, completion=3.54M
-- campaign tail:
   [09-19 03:01:35]   iter 3/10: +5 turns, done 0/8
   [09-19 03:03:21]   seg8 turn+1: 0/8 valid
   [09-19 03:04:46]   seg6 turn+1: 0/8 valid
   [09-19 03:05:47]   seg4 turn+1: 0/8 valid
runner_alive: 2
===== 2026-09-19 03:07:29 =====
completed_tasks: 0/30
tokens: 436 requests, prompt=7.93M, completion=3.57M
-- campaign tail:
   [09-19 03:01:35]   iter 3/10: +5 turns, done 0/8
   [09-19 03:03:21]   seg8 turn+1: 0/8 valid
   [09-19 03:04:46]   seg6 turn+1: 0/8 valid
   [09-19 03:05:47]   seg4 turn+1: 0/8 valid
runner_alive: 2
===== 2026-09-19 03:26:58 =====
completed_tasks: 0/30
tokens: 524 requests, prompt=9.27M, completion=4.29M
-- campaign tail:
   [09-19 03:20:19]   seg6 turn+3: 0/8 valid
   [09-19 03:23:43]   seg8 turn+4: 0/8 valid
   [09-19 03:24:30]   seg4 turn+4: 0/8 valid
   [09-19 03:25:13]   seg6 turn+4: 0/8 valid
runner_alive: 2
===== 2026-09-19 03:27:29 =====
completed_tasks: 0/30
tokens: 524 requests, prompt=9.27M, completion=4.29M
-- campaign tail:
   [09-19 03:20:19]   seg6 turn+3: 0/8 valid
   [09-19 03:23:43]   seg8 turn+4: 0/8 valid
   [09-19 03:24:30]   seg4 turn+4: 0/8 valid
   [09-19 03:25:13]   seg6 turn+4: 0/8 valid
runner_alive: 2
===== 2026-09-19 03:46:59 =====
completed_tasks: 0/30
tokens: 612 requests, prompt=10.66M, completion=5.01M
-- campaign tail:
   [09-19 03:38:07]   seg9 turn+2: 0/8 valid
   [09-19 03:42:16]   seg7 turn+2: 0/8 valid
   [09-19 03:43:12]   seg4 turn+4: 3/8 valid
   [09-19 03:44:11]   seg5 turn+2: 0/8 valid
runner_alive: 2
===== 2026-09-19 03:47:30 =====
completed_tasks: 0/30
tokens: 620 requests, prompt=10.77M, completion=5.08M
-- campaign tail:
   [09-19 03:43:12]   seg4 turn+4: 3/8 valid
   [09-19 03:44:11]   seg5 turn+2: 0/8 valid
   [09-19 03:47:00]   seg9 turn+3: 0/8 valid
   [09-19 03:47:28]   seg7 turn+3: 0/8 valid
runner_alive: 2
===== 2026-09-19 04:06:59 =====
completed_tasks: 0/30
tokens: 716 requests, prompt=12.02M, completion=5.87M
-- campaign tail:
   [09-19 04:02:20]   seg7 turn+5: 0/8 valid
   [09-19 04:02:20]   iter 7/10: +5 turns, done 0/8
   [09-19 04:02:24]   seg10 turn+1: 0/8 valid
   [09-19 04:05:08]   seg5 turn+3: 4/8 valid
runner_alive: 2
===== 2026-09-19 04:07:30 =====
completed_tasks: 0/30
tokens: 716 requests, prompt=12.02M, completion=5.87M
-- campaign tail:
   [09-19 04:02:20]   seg7 turn+5: 0/8 valid
   [09-19 04:02:20]   iter 7/10: +5 turns, done 0/8
   [09-19 04:02:24]   seg10 turn+1: 0/8 valid
   [09-19 04:05:08]   seg5 turn+3: 4/8 valid
runner_alive: 2
===== 2026-09-19 04:26:59 =====
completed_tasks: 1/30
tokens: 836 requests, prompt=13.65M, completion=6.85M
-- campaign tail:
   [09-19 04:26:53]   iter 10/10: +5 turns, done 0/8
   [09-19 04:26:53] === STTS done: flashinfer/dsa_sparse_attention_h16_ckv512_kpe64_topk2048_ps64 pass@1=0.00 final=None
   [09-19 04:26:53] === STTS task 5: flashinfer/mla_paged_prefill_causal_h16_ckv512_kpe64_ps1 (38 wl) ===
   [09-19 04:26:53]   refcache exists: /data1/workspace/weihongren/baseline/drtriton/kbstyle_campaign_v2_20260918/refcache/fib/mla_paged_prefill_causal_h16_ckv512_kpe64_ps1
runner_alive: 2
===== 2026-09-19 04:27:30 =====
completed_tasks: 1/30
tokens: 836 requests, prompt=13.65M, completion=6.85M
-- campaign tail:
   [09-19 04:26:53]   iter 10/10: +5 turns, done 0/8
   [09-19 04:26:53] === STTS done: flashinfer/dsa_sparse_attention_h16_ckv512_kpe64_topk2048_ps64 pass@1=0.00 final=None
   [09-19 04:26:53] === STTS task 5: flashinfer/mla_paged_prefill_causal_h16_ckv512_kpe64_ps1 (38 wl) ===
   [09-19 04:26:53]   refcache exists: /data1/workspace/weihongren/baseline/drtriton/kbstyle_campaign_v2_20260918/refcache/fib/mla_paged_prefill_causal_h16_ckv512_kpe64_ps1
runner_alive: 2
===== 2026-09-19 04:46:59 =====
completed_tasks: 1/30
tokens: 936 requests, prompt=14.85M, completion=7.67M
-- campaign tail:
   [09-19 04:41:58]   seg9 turn+2: 0/8 valid
   [09-19 04:42:36]   seg2 turn+1: 0/8 valid
   [09-19 04:43:50]   seg7 turn+3: 0/8 valid
   [09-19 04:46:40]   seg9 turn+3: 0/8 valid
runner_alive: 2
===== 2026-09-19 04:47:30 =====
completed_tasks: 1/30
tokens: 940 requests, prompt=14.90M, completion=7.70M
-- campaign tail:
   [09-19 04:42:36]   seg2 turn+1: 0/8 valid
   [09-19 04:43:50]   seg7 turn+3: 0/8 valid
   [09-19 04:46:40]   seg9 turn+3: 0/8 valid
   [09-19 04:47:05]   seg2 turn+2: 0/8 valid
runner_alive: 2
===== 2026-09-19 05:06:59 =====
completed_tasks: 1/30
tokens: 1044 requests, prompt=16.21M, completion=8.55M
-- campaign tail:
   [09-19 05:02:14]   seg10 turn+1: 0/8 valid
   [09-19 05:04:05]   seg8 turn+2: 0/8 valid
   [09-19 05:05:21]   seg2 turn+5: 0/8 valid
   [09-19 05:05:21]   iter 2/10: +5 turns, done 0/8
runner_alive: 2
===== 2026-09-19 05:07:30 =====
completed_tasks: 1/30
tokens: 1048 requests, prompt=16.26M, completion=8.59M
-- campaign tail:
   [09-19 05:02:14]   seg10 turn+1: 0/8 valid
   [09-19 05:04:05]   seg8 turn+2: 0/8 valid
   [09-19 05:05:21]   seg2 turn+5: 0/8 valid
   [09-19 05:05:21]   iter 2/10: +5 turns, done 0/8
runner_alive: 2
===== 2026-09-19 05:26:59 =====
completed_tasks: 2/30
tokens: 1164 requests, prompt=17.47M, completion=9.54M
-- campaign tail:
   [09-19 05:22:16] === STTS task 6: flashinfer/gemm_n4096_k4096 (43 wl) ===
   [09-19 05:22:16]   refcache exists: /data1/workspace/weihongren/baseline/drtriton/kbstyle_campaign_v2_20260918/refcache/fib/gemm_n4096_k4096
   [09-19 05:22:49]   seg9 turn+1: 0/8 valid
   [09-19 05:26:25]   seg7 turn+4: 5/8 valid
runner_alive: 2
===== 2026-09-19 05:27:30 =====
completed_tasks: 2/30
tokens: 1164 requests, prompt=17.47M, completion=9.54M
-- campaign tail:
   [09-19 05:22:16]   refcache exists: /data1/workspace/weihongren/baseline/drtriton/kbstyle_campaign_v2_20260918/refcache/fib/gemm_n4096_k4096
   [09-19 05:22:49]   seg9 turn+1: 0/8 valid
   [09-19 05:26:25]   seg7 turn+4: 5/8 valid
   [09-19 05:27:04]   seg9 turn+2: 0/8 valid
runner_alive: 2
===== 2026-09-19 05:46:59 =====
completed_tasks: 2/30
tokens: 1260 requests, prompt=18.36M, completion=10.32M
-- campaign tail:
   [09-19 05:44:17]   seg10 turn+1: 0/8 valid
   [09-19 05:44:25]   seg8 turn+3: 4/8 valid
   [09-19 05:44:52]   seg2 turn+1: 2/8 valid
   [09-19 05:45:01]   seg3 turn+3: 0/8 valid
runner_alive: 2
===== 2026-09-19 05:47:30 =====
completed_tasks: 2/30
tokens: 1260 requests, prompt=18.36M, completion=10.32M
-- campaign tail:
   [09-19 05:44:17]   seg10 turn+1: 0/8 valid
   [09-19 05:44:25]   seg8 turn+3: 4/8 valid
   [09-19 05:44:52]   seg2 turn+1: 2/8 valid
   [09-19 05:45:01]   seg3 turn+3: 0/8 valid
runner_alive: 2
===== 2026-09-19 06:06:59 =====
completed_tasks: 3/30
tokens: 1380 requests, prompt=19.54M, completion=11.30M
-- campaign tail:
   [09-19 06:05:05]   seg2 turn+5: 3/8 valid
   [09-19 06:05:05]   iter 2/10: +5 turns, done 0/8
   [09-19 06:05:19]   seg1 turn+1: 0/8 valid
   [09-19 06:06:01]   seg9 turn+3: 3/8 valid
runner_alive: 2
===== 2026-09-19 06:07:30 =====
completed_tasks: 3/30
tokens: 1380 requests, prompt=19.54M, completion=11.30M
-- campaign tail:
   [09-19 06:05:05]   seg2 turn+5: 3/8 valid
   [09-19 06:05:05]   iter 2/10: +5 turns, done 0/8
   [09-19 06:05:19]   seg1 turn+1: 0/8 valid
   [09-19 06:06:01]   seg9 turn+3: 3/8 valid
runner_alive: 2
===== 2026-09-19 06:26:59 =====
completed_tasks: 3/30
tokens: 1500 requests, prompt=20.66M, completion=12.29M
-- campaign tail:
   [09-19 06:22:41]   seg10 turn+2: 3/8 valid
   [09-19 06:24:37]   seg2 turn+3: 0/8 valid
   [09-19 06:25:22]   seg4 turn+3: 0/8 valid
   [09-19 06:26:52]   seg10 turn+3: 5/8 valid
runner_alive: 2
===== 2026-09-19 06:27:30 =====
completed_tasks: 3/30
tokens: 1500 requests, prompt=20.66M, completion=12.29M
-- campaign tail:
   [09-19 06:22:41]   seg10 turn+2: 3/8 valid
   [09-19 06:24:37]   seg2 turn+3: 0/8 valid
   [09-19 06:25:22]   seg4 turn+3: 0/8 valid
   [09-19 06:26:52]   seg10 turn+3: 5/8 valid
runner_alive: 2
===== 2026-09-19 06:46:59 =====
completed_tasks: 4/30
tokens: 1604 requests, prompt=21.77M, completion=13.14M
-- campaign tail:
   [09-19 06:43:28]   seg3 turn+1: 0/8 valid
   [09-19 06:43:35]   seg1 turn+2: 0/8 valid
   [09-19 06:43:35]   iter 1/10: +2 turns, done 0/8
   [09-19 06:45:06]   seg5 turn+3: 0/8 valid
runner_alive: 2
===== 2026-09-19 06:47:30 =====
completed_tasks: 4/30
tokens: 1620 requests, prompt=21.93M, completion=13.27M
-- campaign tail:
   [09-19 06:43:28]   seg3 turn+1: 0/8 valid
   [09-19 06:43:35]   seg1 turn+2: 0/8 valid
   [09-19 06:43:35]   iter 1/10: +2 turns, done 0/8
   [09-19 06:45:06]   seg5 turn+3: 0/8 valid
runner_alive: 2
===== 2026-09-19 07:06:59 =====
completed_tasks: 4/30
tokens: 1700 requests, prompt=22.84M, completion=13.93M
-- campaign tail:
   [09-19 06:59:00]   seg3 turn+3: 3/8 valid
   [09-19 06:59:56]   seg6 turn+2: 0/8 valid
   [09-19 07:04:47]   seg3 turn+5: 0/8 valid
   [09-19 07:04:47]   iter 3/10: +5 turns, done 0/8
runner_alive: 2
===== 2026-09-19 07:07:30 =====
completed_tasks: 4/30
tokens: 1708 requests, prompt=22.91M, completion=13.99M
-- campaign tail:
   [09-19 06:59:00]   seg3 turn+3: 3/8 valid
   [09-19 06:59:56]   seg6 turn+2: 0/8 valid
   [09-19 07:04:47]   seg3 turn+5: 0/8 valid
   [09-19 07:04:47]   iter 3/10: +5 turns, done 0/8
runner_alive: 2
===== 2026-09-19 07:26:59 =====
completed_tasks: 4/30
tokens: 1752 requests, prompt=23.41M, completion=14.35M
-- campaign tail:
   [09-19 07:22:44]   seg3 turn+1: 0/8 valid
   [09-19 07:22:52]   seg3 turn+4: 1/8 valid
   [09-19 07:22:54]   seg4 turn+2: 0/8 valid
   [09-19 07:23:39]   seg6 turn+3: 0/8 valid
runner_alive: 2
===== 2026-09-19 07:27:30 =====
completed_tasks: 4/30
tokens: 1772 requests, prompt=23.62M, completion=14.52M
-- campaign tail:
   [09-19 07:22:44]   seg3 turn+1: 0/8 valid
   [09-19 07:22:52]   seg3 turn+4: 1/8 valid
   [09-19 07:22:54]   seg4 turn+2: 0/8 valid
   [09-19 07:23:39]   seg6 turn+3: 0/8 valid
runner_alive: 2
===== 2026-09-19 07:46:59 =====
completed_tasks: 4/30
tokens: 1820 requests, prompt=24.15M, completion=14.91M
-- campaign tail:
   [09-19 07:32:19]   seg6 turn+5: 0/8 valid
   [09-19 07:32:19]   iter 6/10: +5 turns, done 0/8
   [09-19 07:34:40]   seg7 turn+1: 0/8 valid
   [09-19 07:36:06]   seg4 turn+4: 0/8 valid
runner_alive: 2
===== 2026-09-19 07:47:30 =====
completed_tasks: 4/30
tokens: 1820 requests, prompt=24.15M, completion=14.91M
-- campaign tail:
   [09-19 07:36:06]   seg4 turn+4: 0/8 valid
   [09-19 07:47:05]   seg3 turn+2: 0/8 valid
   [09-19 07:47:28]   seg3 turn+5: 2/8 valid
   [09-19 07:47:28]   iter 3/10: +5 turns, done 0/8
runner_alive: 2
===== 2026-09-19 08:06:59 =====
completed_tasks: 4/30
tokens: 1908 requests, prompt=25.02M, completion=15.63M
-- campaign tail:
   [09-19 08:00:57]   seg7 turn+3: 0/8 valid
   [09-19 08:05:22]   seg7 turn+4: 0/8 valid
   [09-19 08:05:29]   seg4 turn+3: 2/8 valid
   [09-19 08:05:37]   seg4 turn+2: 0/8 valid
runner_alive: 2
===== 2026-09-19 08:07:30 =====
completed_tasks: 4/30
tokens: 1908 requests, prompt=25.02M, completion=15.63M
-- campaign tail:
   [09-19 08:00:57]   seg7 turn+3: 0/8 valid
   [09-19 08:05:22]   seg7 turn+4: 0/8 valid
   [09-19 08:05:29]   seg4 turn+3: 2/8 valid
   [09-19 08:05:37]   seg4 turn+2: 0/8 valid
runner_alive: 2
===== 2026-09-19 08:26:59 =====
completed_tasks: 4/30
tokens: 2004 requests, prompt=25.96M, completion=16.42M
-- campaign tail:
   [09-19 08:21:49]   seg5 turn+2: 1/8 valid
   [09-19 08:23:03]   seg5 turn+1: 0/8 valid
   [09-19 08:25:24]   seg5 turn+2: 0/8 valid
   [09-19 08:25:58]   seg5 turn+3: 2/8 valid
runner_alive: 2
===== 2026-09-19 08:27:30 =====
completed_tasks: 4/30
tokens: 2004 requests, prompt=25.96M, completion=16.42M
-- campaign tail:
   [09-19 08:21:49]   seg5 turn+2: 1/8 valid
   [09-19 08:23:03]   seg5 turn+1: 0/8 valid
   [09-19 08:25:24]   seg5 turn+2: 0/8 valid
   [09-19 08:25:58]   seg5 turn+3: 2/8 valid
runner_alive: 2
===== 2026-09-19 08:46:59 =====
completed_tasks: 4/30
tokens: 2108 requests, prompt=27.01M, completion=17.27M
-- campaign tail:
   [09-19 08:39:42]   seg5 turn+4: 0/8 valid
   [09-19 08:40:20]   seg6 turn+1: 0/8 valid
   [09-19 08:45:00]   seg6 turn+2: 0/8 valid
   [09-19 08:45:02]   seg6 turn+2: 1/8 valid
runner_alive: 2
===== 2026-09-19 08:47:30 =====
completed_tasks: 4/30
tokens: 2108 requests, prompt=27.01M, completion=17.27M
-- campaign tail:
   [09-19 08:45:00]   seg6 turn+2: 0/8 valid
   [09-19 08:45:02]   seg6 turn+2: 1/8 valid
   [09-19 08:47:01]   seg5 turn+5: 0/8 valid
   [09-19 08:47:01]   iter 5/10: +5 turns, done 0/8
runner_alive: 2
===== 2026-09-19 09:06:59 =====
completed_tasks: 4/30
tokens: 2204 requests, prompt=27.92M, completion=18.06M
-- campaign tail:
   [09-19 08:59:30]   seg7 turn+1: 0/8 valid
   [09-19 09:03:52]   seg6 turn+2: 1/8 valid
   [09-19 09:04:27]   seg7 turn+2: 0/8 valid
   [09-19 09:04:51]   seg7 turn+1: 1/8 valid
runner_alive: 2
===== 2026-09-19 09:07:31 =====
completed_tasks: 4/30
tokens: 2212 requests, prompt=28.01M, completion=18.12M
-- campaign tail:
   [09-19 09:03:52]   seg6 turn+2: 1/8 valid
   [09-19 09:04:27]   seg7 turn+2: 0/8 valid
   [09-19 09:04:51]   seg7 turn+1: 1/8 valid
   [09-19 09:07:18]   seg6 turn+3: 0/8 valid
runner_alive: 2
===== 2026-09-19 09:27:00 =====
completed_tasks: 4/30
tokens: 2324 requests, prompt=29.16M, completion=19.04M
-- campaign tail:
   [09-19 09:25:25] GPU 1 acquired after 40s wait
   [09-19 09:25:30]   seg7 turn+5: 2/8 valid
   [09-19 09:25:30]   iter 7/10: +5 turns, done 0/8
   [09-19 09:26:38] GPU 0 acquired after 10s wait
runner_alive: 2
===== 2026-09-19 09:27:31 =====
completed_tasks: 4/30
tokens: 2324 requests, prompt=29.16M, completion=19.04M
-- campaign tail:
   [09-19 09:25:25] GPU 1 acquired after 40s wait
   [09-19 09:25:30]   seg7 turn+5: 2/8 valid
   [09-19 09:25:30]   iter 7/10: +5 turns, done 0/8
   [09-19 09:26:38] GPU 0 acquired after 10s wait
runner_alive: 2
===== 2026-09-19 09:47:00 =====
completed_tasks: 4/30
tokens: 2396 requests, prompt=29.84M, completion=19.63M
-- campaign tail:
   [09-19 09:45:38]   seg8 turn+3: 1/8 valid
   [09-19 09:45:49] GPU 2 acquired after 10s wait
   [09-19 09:45:52]   seg9 turn+2: 0/8 valid
   [09-19 09:46:38]   seg8 turn+4: 0/8 valid
runner_alive: 2
===== 2026-09-19 09:47:31 =====
completed_tasks: 4/30
tokens: 2396 requests, prompt=29.84M, completion=19.63M
-- campaign tail:
   [09-19 09:45:38]   seg8 turn+3: 1/8 valid
   [09-19 09:45:49] GPU 2 acquired after 10s wait
   [09-19 09:45:52]   seg9 turn+2: 0/8 valid
   [09-19 09:46:38]   seg8 turn+4: 0/8 valid
runner_alive: 2
===== 2026-09-19 10:07:00 =====
completed_tasks: 4/30
tokens: 2468 requests, prompt=30.60M, completion=20.22M
-- campaign tail:
   [09-19 10:04:04]   seg9 turn+1: 2/8 valid
   [09-19 10:05:16]   seg9 turn+4: 0/8 valid
   [09-19 10:06:09]   seg7 turn+5: 0/8 valid
   [09-19 10:06:09]   iter 7/10: +5 turns, done 0/8
runner_alive: 2
===== 2026-09-19 10:07:31 =====
completed_tasks: 4/30
tokens: 2472 requests, prompt=30.63M, completion=20.25M
-- campaign tail:
   [09-19 10:04:04]   seg9 turn+1: 2/8 valid
   [09-19 10:05:16]   seg9 turn+4: 0/8 valid
   [09-19 10:06:09]   seg7 turn+5: 0/8 valid
   [09-19 10:06:09]   iter 7/10: +5 turns, done 0/8
runner_alive: 2
===== 2026-09-19 10:27:00 =====
completed_tasks: 4/30
tokens: 2588 requests, prompt=31.76M, completion=21.20M
-- campaign tail:
   [09-19 10:23:10]   seg9 turn+3: 0/8 valid
   [09-19 10:24:32]   seg10 turn+4: 0/8 valid
   [09-19 10:25:06]   seg9 turn+5: 3/8 valid
   [09-19 10:25:06]   iter 9/10: +5 turns, done 0/8
runner_alive: 2
===== 2026-09-19 10:27:31 =====
completed_tasks: 4/30
tokens: 2588 requests, prompt=31.76M, completion=21.20M
-- campaign tail:
   [09-19 10:23:10]   seg9 turn+3: 0/8 valid
   [09-19 10:24:32]   seg10 turn+4: 0/8 valid
   [09-19 10:25:06]   seg9 turn+5: 3/8 valid
   [09-19 10:25:06]   iter 9/10: +5 turns, done 0/8
runner_alive: 2
===== 2026-09-19 10:47:00 =====
completed_tasks: 5/30
tokens: 2636 requests, prompt=32.18M, completion=21.59M
-- campaign tail:
   [09-19 10:45:40]   seg1 turn+2: 0/8 valid
   [09-19 10:45:40]   iter 1/10: +2 turns, done 0/8
   [09-19 10:46:07]   seg10 turn+2: 3/8 valid
   [09-19 10:46:50]   seg9 turn+4: 0/8 valid
runner_alive: 2
===== 2026-09-19 10:47:31 =====
completed_tasks: 5/30
tokens: 2636 requests, prompt=32.18M, completion=21.59M
-- campaign tail:
   [09-19 10:45:40]   seg1 turn+2: 0/8 valid
   [09-19 10:45:40]   iter 1/10: +2 turns, done 0/8
   [09-19 10:46:07]   seg10 turn+2: 3/8 valid
   [09-19 10:46:50]   seg9 turn+4: 0/8 valid
runner_alive: 2
===== 2026-09-19 11:07:00 =====
completed_tasks: 5/30
tokens: 2744 requests, prompt=33.30M, completion=22.48M
-- campaign tail:
   [09-19 11:04:09]   seg8 turn+5: 0/8 valid
   [09-19 11:04:09]   iter 8/10: +5 turns, done 0/8
   [09-19 11:04:53]   seg2 turn+5: 0/8 valid
   [09-19 11:04:53]   iter 2/10: +5 turns, done 0/8
runner_alive: 2
===== 2026-09-19 11:07:31 =====
completed_tasks: 5/30
tokens: 2752 requests, prompt=33.39M, completion=22.54M
-- campaign tail:
   [09-19 11:04:09]   iter 8/10: +5 turns, done 0/8
   [09-19 11:04:53]   seg2 turn+5: 0/8 valid
   [09-19 11:04:53]   iter 2/10: +5 turns, done 0/8
   [09-19 11:07:15]   seg10 turn+4: 0/8 valid
runner_alive: 2
===== 2026-09-19 11:27:00 =====
completed_tasks: 7/30
tokens: 2868 requests, prompt=34.50M, completion=23.49M
-- campaign tail:
   [09-19 11:22:35]   seg9 turn+4: 0/8 valid
   [09-19 11:25:18]   seg2 turn+2: 0/8 valid
   [09-19 11:25:53]   seg9 turn+5: 0/8 valid
   [09-19 11:25:53]   iter 9/10: +5 turns, done 0/8
runner_alive: 2
===== 2026-09-19 11:27:31 =====
completed_tasks: 7/30
tokens: 2868 requests, prompt=34.50M, completion=23.49M
-- campaign tail:
   [09-19 11:22:35]   seg9 turn+4: 0/8 valid
   [09-19 11:25:18]   seg2 turn+2: 0/8 valid
   [09-19 11:25:53]   seg9 turn+5: 0/8 valid
   [09-19 11:25:53]   iter 9/10: +5 turns, done 0/8
runner_alive: 2
===== 2026-09-19 11:47:00 =====
completed_tasks: 7/30
tokens: 2972 requests, prompt=35.65M, completion=24.35M
-- campaign tail:
   [09-19 11:42:28]   seg10 turn+4: 0/8 valid
   [09-19 11:42:29]   seg3 turn+2: 0/8 valid
   [09-19 11:45:05]   seg3 turn+4: 0/8 valid
   [09-19 11:46:53]   seg2 turn+2: 0/8 valid
runner_alive: 2
===== 2026-09-19 11:47:31 =====
completed_tasks: 7/30
tokens: 2988 requests, prompt=35.85M, completion=24.48M
-- campaign tail:
   [09-19 11:42:29]   seg3 turn+2: 0/8 valid
   [09-19 11:45:05]   seg3 turn+4: 0/8 valid
   [09-19 11:46:53]   seg2 turn+2: 0/8 valid
   [09-19 11:47:23]   seg3 turn+3: 0/8 valid
runner_alive: 2
===== 2026-09-19 12:07:00 =====
completed_tasks: 8/30
tokens: 3084 requests, prompt=36.84M, completion=25.26M
-- campaign tail:
   [09-19 12:02:44]   iter 2/10: +5 turns, done 0/8
   [09-19 12:03:43]   seg1 turn+1: 0/8 valid
   [09-19 12:04:30]   seg4 turn+3: 0/8 valid
   [09-19 12:06:14]   seg3 turn+1: 0/8 valid
runner_alive: 2
===== 2026-09-19 12:07:31 =====
completed_tasks: 8/30
tokens: 3092 requests, prompt=36.89M, completion=25.33M
-- campaign tail:
   [09-19 12:02:44]   iter 2/10: +5 turns, done 0/8
   [09-19 12:03:43]   seg1 turn+1: 0/8 valid
   [09-19 12:04:30]   seg4 turn+3: 0/8 valid
   [09-19 12:06:14]   seg3 turn+1: 0/8 valid
runner_alive: 2
===== 2026-09-19 12:27:00 =====
completed_tasks: 8/30
tokens: 3212 requests, prompt=38.13M, completion=26.31M
-- campaign tail:
   [09-19 12:20:19]   seg2 turn+3: 0/8 valid
   [09-19 12:22:12]   seg3 turn+3: 0/8 valid
   [09-19 12:23:06]   seg5 turn+3: 0/8 valid
   [09-19 12:24:40]   seg2 turn+4: 0/8 valid
runner_alive: 2
===== 2026-09-19 12:27:31 =====
completed_tasks: 8/30
tokens: 3212 requests, prompt=38.13M, completion=26.31M
-- campaign tail:
   [09-19 12:22:12]   seg3 turn+3: 0/8 valid
   [09-19 12:23:06]   seg5 turn+3: 0/8 valid
   [09-19 12:24:40]   seg2 turn+4: 0/8 valid
   [09-19 12:27:09]   seg5 turn+4: 0/8 valid
runner_alive: 2
===== 2026-09-19 12:47:00 =====
completed_tasks: 8/30
tokens: 3260 requests, prompt=38.64M, completion=26.71M
-- campaign tail:
   [09-19 12:32:24]   seg3 turn+1: 0/8 valid
   [09-19 12:40:13]   seg4 turn+3: 0/8 valid
   [09-19 12:42:47]   seg4 turn+4: 0/8 valid
   [09-19 12:46:11]   seg3 turn+4: 0/8 valid
runner_alive: 2
===== 2026-09-19 12:47:31 =====
completed_tasks: 8/30
tokens: 3260 requests, prompt=38.64M, completion=26.71M
-- campaign tail:
   [09-19 12:32:24]   seg3 turn+1: 0/8 valid
   [09-19 12:40:13]   seg4 turn+3: 0/8 valid
   [09-19 12:42:47]   seg4 turn+4: 0/8 valid
   [09-19 12:46:11]   seg3 turn+4: 0/8 valid
runner_alive: 2
===== 2026-09-19 13:07:00 =====
completed_tasks: 8/30
tokens: 3356 requests, prompt=39.57M, completion=27.49M
-- campaign tail:
   [09-19 13:02:42]   seg4 turn+3: 0/8 valid
   [09-19 13:03:12]   seg3 turn+4: 0/8 valid
   [09-19 13:03:59]   seg6 turn+4: 0/8 valid
   [09-19 13:06:55]   seg4 turn+4: 0/8 valid
runner_alive: 2
===== 2026-09-19 13:07:31 =====
completed_tasks: 8/30
tokens: 3364 requests, prompt=39.66M, completion=27.56M
-- campaign tail:
   [09-19 13:02:42]   seg4 turn+3: 0/8 valid
   [09-19 13:03:12]   seg3 turn+4: 0/8 valid
   [09-19 13:03:59]   seg6 turn+4: 0/8 valid
   [09-19 13:06:55]   seg4 turn+4: 0/8 valid
runner_alive: 2
===== 2026-09-19 13:27:00 =====
completed_tasks: 8/30
tokens: 3452 requests, prompt=40.50M, completion=28.28M
-- campaign tail:
   [09-19 13:22:30]   seg5 turn+4: 0/8 valid
   [09-19 13:22:47]   seg6 turn+5: 0/8 valid
   [09-19 13:22:47]   iter 6/10: +5 turns, done 0/8
   [09-19 13:26:11]   seg5 turn+1: 0/8 valid
runner_alive: 2
===== 2026-09-19 13:27:31 =====
completed_tasks: 8/30
tokens: 3452 requests, prompt=40.50M, completion=28.28M
-- campaign tail:
   [09-19 13:22:30]   seg5 turn+4: 0/8 valid
   [09-19 13:22:47]   seg6 turn+5: 0/8 valid
   [09-19 13:22:47]   iter 6/10: +5 turns, done 0/8
   [09-19 13:26:11]   seg5 turn+1: 0/8 valid
runner_alive: 2
===== 2026-09-19 13:47:00 =====
completed_tasks: 8/30
tokens: 3532 requests, prompt=41.37M, completion=28.93M
-- campaign tail:
   [09-19 13:45:00]   seg4 turn+5: 0/8 valid
   [09-19 13:45:00]   iter 4/10: +5 turns, done 0/8
   [09-19 13:45:27]   seg5 turn+5: 0/8 valid
   [09-19 13:45:27]   iter 5/10: +5 turns, done 0/8
runner_alive: 2
===== 2026-09-19 13:47:31 =====
completed_tasks: 8/30
tokens: 3540 requests, prompt=41.42M, completion=29.00M
-- campaign tail:
   [09-19 13:45:00]   seg4 turn+5: 0/8 valid
   [09-19 13:45:00]   iter 4/10: +5 turns, done 0/8
   [09-19 13:45:27]   seg5 turn+5: 0/8 valid
   [09-19 13:45:27]   iter 5/10: +5 turns, done 0/8
runner_alive: 2
===== 2026-09-19 14:07:01 =====
completed_tasks: 8/30
tokens: 3660 requests, prompt=42.61M, completion=29.98M
-- campaign tail:
   [09-19 14:04:25]   iter 8/10: +5 turns, done 0/8
   [09-19 14:06:26]   seg5 turn+5: 0/8 valid
   [09-19 14:06:26]   iter 5/10: +5 turns, done 0/8
   [09-19 14:06:50]   seg9 turn+1: 0/8 valid
runner_alive: 2
===== 2026-09-19 14:07:32 =====
completed_tasks: 8/30
tokens: 3660 requests, prompt=42.61M, completion=29.98M
-- campaign tail:
   [09-19 14:04:25]   iter 8/10: +5 turns, done 0/8
   [09-19 14:06:26]   seg5 turn+5: 0/8 valid
   [09-19 14:06:26]   iter 5/10: +5 turns, done 0/8
   [09-19 14:06:50]   seg9 turn+1: 0/8 valid
runner_alive: 2
===== 2026-09-19 14:27:01 =====
completed_tasks: 8/30
tokens: 3764 requests, prompt=43.70M, completion=30.83M
-- campaign tail:
   [09-19 14:23:10]   seg6 turn+3: 0/8 valid
   [09-19 14:24:32]   seg10 turn+1: 0/8 valid
   [09-19 14:24:40]   seg6 turn+5: 0/8 valid
   [09-19 14:24:40]   iter 6/10: +5 turns, done 0/8
runner_alive: 2
===== 2026-09-19 14:27:32 =====
completed_tasks: 8/30
tokens: 3764 requests, prompt=43.70M, completion=30.83M
-- campaign tail:
   [09-19 14:23:10]   seg6 turn+3: 0/8 valid
   [09-19 14:24:32]   seg10 turn+1: 0/8 valid
   [09-19 14:24:40]   seg6 turn+5: 0/8 valid
   [09-19 14:24:40]   iter 6/10: +5 turns, done 0/8
runner_alive: 2
===== 2026-09-19 14:47:01 =====
completed_tasks: 9/30
tokens: 3852 requests, prompt=44.61M, completion=31.56M
-- campaign tail:
   [09-19 14:37:47]   refcache exists: /data1/workspace/weihongren/baseline/drtriton/kbstyle_campaign_v2_20260918/refcache/sol/007_hyena_fft_size_padding_rfft/reference_cache.json
   [09-19 14:38:30]   seg7 turn+4: 0/8 valid
   [09-19 14:41:37]   seg6 turn+4: 0/8 valid
   [09-19 14:47:00]   seg6 turn+4: 0/8 valid
runner_alive: 2
===== 2026-09-19 14:47:32 =====
completed_tasks: 9/30
tokens: 3852 requests, prompt=44.61M, completion=31.56M
-- campaign tail:
   [09-19 14:38:30]   seg7 turn+4: 0/8 valid
   [09-19 14:41:37]   seg6 turn+4: 0/8 valid
   [09-19 14:47:00]   seg6 turn+4: 0/8 valid
   [09-19 14:47:11] GPU 3 acquired after 10s wait
runner_alive: 2
===== 2026-09-19 15:07:01 =====
completed_tasks: 9/30
tokens: 3908 requests, prompt=45.03M, completion=32.01M
-- campaign tail:
   [09-19 15:01:11]   seg7 turn+1: 0/8 valid
   [09-19 15:01:37]   seg1 turn+1: 0/8 valid
   [09-19 15:04:30]   seg8 turn+2: 0/8 valid
   [09-19 15:04:43]   seg7 turn+2: 0/8 valid
runner_alive: 2
===== 2026-09-19 15:07:32 =====
completed_tasks: 9/30
tokens: 3912 requests, prompt=45.07M, completion=32.05M
-- campaign tail:
   [09-19 15:01:11]   seg7 turn+1: 0/8 valid
   [09-19 15:01:37]   seg1 turn+1: 0/8 valid
   [09-19 15:04:30]   seg8 turn+2: 0/8 valid
   [09-19 15:04:43]   seg7 turn+2: 0/8 valid
runner_alive: 2
===== 2026-09-19 15:27:01 =====
completed_tasks: 9/30
tokens: 4028 requests, prompt=46.14M, completion=33.00M
-- campaign tail:
   [09-19 15:25:18] GPU 0 acquired after 10s wait
   [09-19 15:26:13]   seg7 turn+5: 0/8 valid
   [09-19 15:26:13]   iter 7/10: +5 turns, done 0/8
   [09-19 15:26:37]   seg9 turn+3: 0/8 valid
runner_alive: 2
===== 2026-09-19 15:27:32 =====
completed_tasks: 9/30
tokens: 4028 requests, prompt=46.14M, completion=33.00M
-- campaign tail:
   [09-19 15:25:18] GPU 0 acquired after 10s wait
   [09-19 15:26:13]   seg7 turn+5: 0/8 valid
   [09-19 15:26:13]   iter 7/10: +5 turns, done 0/8
   [09-19 15:26:37]   seg9 turn+3: 0/8 valid
runner_alive: 2
===== 2026-09-19 15:47:01 =====
completed_tasks: 9/30
tokens: 4148 requests, prompt=47.21M, completion=33.98M
-- campaign tail:
   [09-19 15:44:52]   seg8 turn+5: 0/8 valid
   [09-19 15:44:52]   iter 8/10: +5 turns, done 0/8
   [09-19 15:45:46]   seg9 turn+1: 0/8 valid
   [09-19 15:46:22]   seg10 turn+3: 0/8 valid
runner_alive: 2
===== 2026-09-19 15:47:32 =====
completed_tasks: 9/30
tokens: 4148 requests, prompt=47.21M, completion=33.98M
-- campaign tail:
   [09-19 15:44:52]   seg8 turn+5: 0/8 valid
   [09-19 15:44:52]   iter 8/10: +5 turns, done 0/8
   [09-19 15:45:46]   seg9 turn+1: 0/8 valid
   [09-19 15:46:22]   seg10 turn+3: 0/8 valid
runner_alive: 2
===== 2026-09-19 16:07:01 =====
completed_tasks: 10/30
tokens: 4228 requests, prompt=47.88M, completion=34.64M
-- campaign tail:
   [09-19 15:54:39] === STTS task 14: SOL/L1/008_expert_output_weighted_index_add_accumulation (16 wl) ===
   [09-19 15:54:39]   refcache exists: /data1/workspace/weihongren/baseline/drtriton/kbstyle_campaign_v2_20260918/refcache/sol/008_expert_output_weighted_index_add_accumulation/reference_cache.json
   [09-19 15:55:59]   seg9 turn+3: 0/8 valid
   [09-19 16:06:48]   seg9 turn+3: 0/8 valid
runner_alive: 2
===== 2026-09-19 16:07:32 =====
completed_tasks: 10/30
tokens: 4228 requests, prompt=47.88M, completion=34.64M
-- campaign tail:
   [09-19 15:54:39] === STTS task 14: SOL/L1/008_expert_output_weighted_index_add_accumulation (16 wl) ===
   [09-19 15:54:39]   refcache exists: /data1/workspace/weihongren/baseline/drtriton/kbstyle_campaign_v2_20260918/refcache/sol/008_expert_output_weighted_index_add_accumulation/reference_cache.json
   [09-19 15:55:59]   seg9 turn+3: 0/8 valid
   [09-19 16:06:48]   seg9 turn+3: 0/8 valid
runner_alive: 2
===== 2026-09-19 16:27:01 =====
completed_tasks: 10/30
tokens: 4252 requests, prompt=48.10M, completion=34.83M
-- campaign tail:
   [09-19 16:12:46] GPU 3 acquired after 10s wait
   [09-19 16:20:48] GPU 1 acquired after 10s wait
   [09-19 16:20:52]   seg9 turn+4: 0/8 valid
   [09-19 16:26:53]   seg1 turn+1: 2/8 valid
runner_alive: 2
===== 2026-09-19 16:27:32 =====
completed_tasks: 10/30
tokens: 4252 requests, prompt=48.10M, completion=34.83M
-- campaign tail:
   [09-19 16:20:48] GPU 1 acquired after 10s wait
   [09-19 16:20:52]   seg9 turn+4: 0/8 valid
   [09-19 16:26:53]   seg1 turn+1: 2/8 valid
   [09-19 16:27:03] GPU 2 acquired after 10s wait
runner_alive: 2
===== 2026-09-19 16:47:01 =====
completed_tasks: 10/30
tokens: 4356 requests, prompt=48.89M, completion=35.68M
-- campaign tail:
   [09-19 16:41:27]   seg10 turn+2: 0/8 valid
   [09-19 16:45:22]   seg2 turn+4: 0/8 valid
   [09-19 16:45:34]   seg10 turn+3: 0/8 valid
   [09-19 16:46:10]   seg2 turn+4: 0/8 valid
runner_alive: 2
===== 2026-09-19 16:47:32 =====
completed_tasks: 10/30
tokens: 4356 requests, prompt=48.89M, completion=35.68M
-- campaign tail:
   [09-19 16:41:27]   seg10 turn+2: 0/8 valid
   [09-19 16:45:22]   seg2 turn+4: 0/8 valid
   [09-19 16:45:34]   seg10 turn+3: 0/8 valid
   [09-19 16:46:10]   seg2 turn+4: 0/8 valid
runner_alive: 2
===== 2026-09-19 17:07:01 =====
completed_tasks: 11/30
tokens: 4428 requests, prompt=49.48M, completion=36.27M
-- campaign tail:
   [09-19 17:02:15] === STTS done: flashinfer/gdn_decode_qk4_v8_d128_k_last pass@1=0.00 final=None
   [09-19 17:02:15] === STTS task 15: SOL/L1/018_fused_rope_with_qk_norm_and_kv_cache_update (13 wl) ===
   [09-19 17:02:15]   refcache exists: /data1/workspace/weihongren/baseline/drtriton/kbstyle_campaign_v2_20260918/refcache/sol/018_fused_rope_with_qk_norm_and_kv_cache_update/reference_cache.json
   [09-19 17:04:44]   seg1 turn+1: 0/8 valid
runner_alive: 2
===== 2026-09-19 17:07:32 =====
completed_tasks: 11/30
tokens: 4428 requests, prompt=49.48M, completion=36.27M
-- campaign tail:
   [09-19 17:02:15]   refcache exists: /data1/workspace/weihongren/baseline/drtriton/kbstyle_campaign_v2_20260918/refcache/sol/018_fused_rope_with_qk_norm_and_kv_cache_update/reference_cache.json
   [09-19 17:04:44]   seg1 turn+1: 0/8 valid
   [09-19 17:07:13]   seg1 turn+2: 0/8 valid
   [09-19 17:07:13]   iter 1/10: +2 turns, done 0/8
runner_alive: 2
===== 2026-09-19 17:27:01 =====
completed_tasks: 11/30
tokens: 4484 requests, prompt=49.93M, completion=36.73M
-- campaign tail:
   [09-19 17:23:14]   seg3 turn+3: 3/8 valid
   [09-19 17:23:17] GPU 3 acquired after 102s wait
   [09-19 17:23:31] GPU 3 acquired after 113s wait
   [09-19 17:23:36]   seg2 turn+2: 0/8 valid
runner_alive: 2
===== 2026-09-19 17:27:32 =====
completed_tasks: 11/30
tokens: 4484 requests, prompt=49.93M, completion=36.73M
-- campaign tail:
   [09-19 17:23:14]   seg3 turn+3: 3/8 valid
   [09-19 17:23:17] GPU 3 acquired after 102s wait
   [09-19 17:23:31] GPU 3 acquired after 113s wait
   [09-19 17:23:36]   seg2 turn+2: 0/8 valid
runner_alive: 2
===== 2026-09-19 17:47:01 =====
completed_tasks: 12/30
tokens: 4508 requests, prompt=50.13M, completion=36.93M
-- campaign tail:
   [09-19 17:46:53] GPU 3 acquired after 82s wait
   [09-19 17:46:57]   seg3 turn+5: 2/8 valid
   [09-19 17:46:57]   iter 3/10: +5 turns, done 0/8
   [09-19 17:46:59] GPU 3 acquired after 51s wait
runner_alive: 2
===== 2026-09-19 17:47:32 =====
completed_tasks: 12/30
tokens: 4508 requests, prompt=50.13M, completion=36.93M
-- campaign tail:
   [09-19 17:46:53] GPU 3 acquired after 82s wait
   [09-19 17:46:57]   seg3 turn+5: 2/8 valid
   [09-19 17:46:57]   iter 3/10: +5 turns, done 0/8
   [09-19 17:46:59] GPU 3 acquired after 51s wait
runner_alive: 2
===== 2026-09-19 18:07:01 =====
completed_tasks: 12/30
tokens: 4608 requests, prompt=50.85M, completion=37.75M
-- campaign tail:
   [09-19 18:03:46]   seg2 turn+2: 0/8 valid
   [09-19 18:04:36] GPU 4 acquired after 10s wait
   [09-19 18:06:45] GPU 4 acquired after 10s wait
   [09-19 18:06:56] GPU 4 acquired after 21s wait
runner_alive: 2
===== 2026-09-19 18:07:32 =====
completed_tasks: 12/30
tokens: 4620 requests, prompt=50.95M, completion=37.85M
-- campaign tail:
   [09-19 18:03:46]   seg2 turn+2: 0/8 valid
   [09-19 18:04:36] GPU 4 acquired after 10s wait
   [09-19 18:06:45] GPU 4 acquired after 10s wait
   [09-19 18:06:56] GPU 4 acquired after 21s wait
runner_alive: 2
===== 2026-09-19 18:27:01 =====
completed_tasks: 12/30
tokens: 4720 requests, prompt=51.84M, completion=38.67M
-- campaign tail:
   [09-19 18:24:16] GPU 4 acquired after 10s wait
   [09-19 18:24:25]   seg3 turn+2: 0/8 valid
   [09-19 18:24:26] GPU 1 acquired after 21s wait
   [09-19 18:24:31]   seg4 turn+2: 2/8 valid
runner_alive: 2
===== 2026-09-19 18:27:32 =====
completed_tasks: 12/30
tokens: 4732 requests, prompt=51.94M, completion=38.76M
-- campaign tail:
   [09-19 18:24:25]   seg3 turn+2: 0/8 valid
   [09-19 18:24:26] GPU 1 acquired after 21s wait
   [09-19 18:24:31]   seg4 turn+2: 2/8 valid
   [09-19 18:27:14]   seg3 turn+3: 0/8 valid
runner_alive: 2
===== 2026-09-19 18:47:02 =====
completed_tasks: 12/30
tokens: 4836 requests, prompt=52.75M, completion=39.62M
-- campaign tail:
   [09-19 18:42:31]   seg4 turn+3: 0/8 valid
   [09-19 18:44:48] GPU 4 acquired after 10s wait
   [09-19 18:45:29] GPU 1 acquired after 10s wait
   [09-19 18:45:36]   seg4 turn+4: 0/8 valid
runner_alive: 2
===== 2026-09-19 18:47:32 =====
completed_tasks: 12/30
tokens: 4836 requests, prompt=52.75M, completion=39.62M
-- campaign tail:
   [09-19 18:44:48] GPU 4 acquired after 10s wait
   [09-19 18:45:29] GPU 1 acquired after 10s wait
   [09-19 18:45:36]   seg4 turn+4: 0/8 valid
   [09-19 18:47:28]   seg3 turn+1: 0/8 valid
runner_alive: 2
===== 2026-09-19 19:07:02 =====
completed_tasks: 12/30
tokens: 4932 requests, prompt=53.67M, completion=40.40M
-- campaign tail:
   [09-19 19:04:43]   seg5 turn+3: 5/8 valid
   [09-19 19:05:16] GPU 1 acquired after 10s wait
   [09-19 19:05:25]   seg5 turn+5: 0/8 valid
   [09-19 19:05:25]   iter 5/10: +5 turns, done 0/8
runner_alive: 2
===== 2026-09-19 19:07:33 =====
completed_tasks: 12/30
tokens: 4940 requests, prompt=53.72M, completion=40.47M
-- campaign tail:
   [09-19 19:04:43]   seg5 turn+3: 5/8 valid
   [09-19 19:05:16] GPU 1 acquired after 10s wait
   [09-19 19:05:25]   seg5 turn+5: 0/8 valid
   [09-19 19:05:25]   iter 5/10: +5 turns, done 0/8
runner_alive: 2
===== 2026-09-19 19:27:02 =====
completed_tasks: 12/30
tokens: 5056 requests, prompt=54.63M, completion=41.42M
-- campaign tail:
   [09-19 19:23:52]   seg4 turn+4: 0/8 valid
   [09-19 19:24:17] GPU 2 acquired after 20s wait
   [09-19 19:24:23]   seg6 turn+5: 0/8 valid
   [09-19 19:24:23]   iter 6/10: +5 turns, done 0/8
runner_alive: 2
===== 2026-09-19 19:27:33 =====
completed_tasks: 12/30
tokens: 5068 requests, prompt=54.75M, completion=41.52M
-- campaign tail:
   [09-19 19:27:25] GPU 1 acquired after 21s wait
   [09-19 19:27:30]   seg4 turn+5: 0/8 valid
   [09-19 19:27:30]   iter 4/10: +5 turns, done 0/8
   [09-19 19:27:31]   seg6 turn+4: 6/8 valid
runner_alive: 2
===== 2026-09-19 19:47:02 =====
completed_tasks: 12/30
tokens: 5204 requests, prompt=55.84M, completion=42.63M
-- campaign tail:
   [09-19 19:43:10]   iter 7/10: +5 turns, done 0/8
   [09-19 19:46:44]   seg5 turn+5: 0/8 valid
   [09-19 19:46:44]   iter 5/10: +5 turns, done 0/8
   [09-19 19:47:01]   seg7 turn+4: 4/8 valid
runner_alive: 2
===== 2026-09-19 19:47:33 =====
completed_tasks: 12/30
tokens: 5204 requests, prompt=55.84M, completion=42.63M
-- campaign tail:
   [09-19 19:46:44]   seg5 turn+5: 0/8 valid
   [09-19 19:46:44]   iter 5/10: +5 turns, done 0/8
   [09-19 19:47:01]   seg7 turn+4: 4/8 valid
   [09-19 19:47:14]   seg8 turn+1: 0/8 valid
runner_alive: 2
===== 2026-09-19 20:07:02 =====
completed_tasks: 12/30
tokens: 5324 requests, prompt=56.81M, completion=43.61M
-- campaign tail:
   [09-19 20:04:32]   seg6 turn+5: 0/8 valid
   [09-19 20:04:32]   iter 6/10: +5 turns, done 0/8
   [09-19 20:06:04]   seg8 turn+4: 6/8 valid
   [09-19 20:06:09]   seg9 turn+1: 0/8 valid
runner_alive: 2
===== 2026-09-19 20:07:33 =====
completed_tasks: 12/30
tokens: 5324 requests, prompt=56.81M, completion=43.61M
-- campaign tail:
   [09-19 20:04:32]   seg6 turn+5: 0/8 valid
   [09-19 20:04:32]   iter 6/10: +5 turns, done 0/8
   [09-19 20:06:04]   seg8 turn+4: 6/8 valid
   [09-19 20:06:09]   seg9 turn+1: 0/8 valid
runner_alive: 2
===== 2026-09-19 20:27:02 =====
completed_tasks: 12/30
tokens: 5460 requests, prompt=57.90M, completion=44.73M
-- campaign tail:
   [09-19 20:24:46]   seg7 turn+5: 0/8 valid
   [09-19 20:24:46]   iter 7/10: +5 turns, done 0/8
   [09-19 20:25:15]   seg10 turn+1: 0/8 valid
   [09-19 20:26:35]   seg9 turn+4: 6/8 valid
runner_alive: 2
===== 2026-09-19 20:27:33 =====
completed_tasks: 12/30
tokens: 5460 requests, prompt=57.90M, completion=44.73M
-- campaign tail:
   [09-19 20:24:46]   seg7 turn+5: 0/8 valid
   [09-19 20:24:46]   iter 7/10: +5 turns, done 0/8
   [09-19 20:25:15]   seg10 turn+1: 0/8 valid
   [09-19 20:26:35]   seg9 turn+4: 6/8 valid
runner_alive: 2
===== 2026-09-19 20:47:02 =====
completed_tasks: 13/30
tokens: 5596 requests, prompt=58.99M, completion=45.84M
-- campaign tail:
   [09-19 20:44:31]   seg1 turn+1: 0/8 valid
   [09-19 20:44:36]   seg8 turn+5: 0/8 valid
   [09-19 20:44:36]   iter 8/10: +5 turns, done 0/8
   [09-19 20:46:15]   seg10 turn+4: 7/8 valid
runner_alive: 2
===== 2026-09-19 20:47:33 =====
completed_tasks: 13/30
tokens: 5596 requests, prompt=58.99M, completion=45.84M
-- campaign tail:
   [09-19 20:44:31]   seg1 turn+1: 0/8 valid
   [09-19 20:44:36]   seg8 turn+5: 0/8 valid
   [09-19 20:44:36]   iter 8/10: +5 turns, done 0/8
   [09-19 20:46:15]   seg10 turn+4: 7/8 valid
runner_alive: 2
===== 2026-09-19 21:07:02 =====
completed_tasks: 14/30
tokens: 5732 requests, prompt=60.10M, completion=46.96M
-- campaign tail:
   [09-19 21:04:29]   seg9 turn+5: 0/8 valid
   [09-19 21:04:29]   iter 9/10: +5 turns, done 0/8
   [09-19 21:04:36]   seg2 turn+4: 2/8 valid
   [09-19 21:06:37]   seg2 turn+2: 0/8 valid
runner_alive: 2
===== 2026-09-19 21:07:33 =====
completed_tasks: 14/30
tokens: 5732 requests, prompt=60.10M, completion=46.96M
-- campaign tail:
   [09-19 21:04:29]   seg9 turn+5: 0/8 valid
   [09-19 21:04:29]   iter 9/10: +5 turns, done 0/8
   [09-19 21:04:36]   seg2 turn+4: 2/8 valid
   [09-19 21:06:37]   seg2 turn+2: 0/8 valid
runner_alive: 2
===== 2026-09-19 21:27:02 =====
completed_tasks: 15/30
tokens: 5844 requests, prompt=61.14M, completion=47.87M
-- campaign tail:
   [09-19 21:23:02]   seg5 turn+3: 0/8 valid
   [09-19 21:24:44]   seg1 turn+1: 0/8 valid
   [09-19 21:25:04]   seg3 turn+5: 4/8 valid
   [09-19 21:25:04]   iter 3/10: +5 turns, done 0/8
runner_alive: 2
===== 2026-09-19 21:27:33 =====
completed_tasks: 15/30
tokens: 5844 requests, prompt=61.14M, completion=47.87M
-- campaign tail:
   [09-19 21:23:02]   seg5 turn+3: 0/8 valid
   [09-19 21:24:44]   seg1 turn+1: 0/8 valid
   [09-19 21:25:04]   seg3 turn+5: 4/8 valid
   [09-19 21:25:04]   iter 3/10: +5 turns, done 0/8
runner_alive: 2
===== 2026-09-19 21:47:02 =====
completed_tasks: 15/30
tokens: 5964 requests, prompt=62.10M, completion=48.86M
-- campaign tail:
   [09-19 21:42:39]   seg4 turn+5: 1/8 valid
   [09-19 21:42:39]   iter 4/10: +5 turns, done 0/8
   [09-19 21:44:34]   seg3 turn+2: 0/8 valid
   [09-19 21:45:41]   seg5 turn+1: 0/8 valid
runner_alive: 2
===== 2026-09-19 21:47:33 =====
completed_tasks: 15/30
tokens: 5972 requests, prompt=62.16M, completion=48.92M
-- campaign tail:
   [09-19 21:42:39]   iter 4/10: +5 turns, done 0/8
   [09-19 21:44:34]   seg3 turn+2: 0/8 valid
   [09-19 21:45:41]   seg5 turn+1: 0/8 valid
   [09-19 21:47:33]   seg3 turn+3: 0/8 valid
runner_alive: 2
===== 2026-09-19 22:07:02 =====
completed_tasks: 15/30
tokens: 6076 requests, prompt=63.07M, completion=49.77M
-- campaign tail:
   [09-19 22:03:07]   seg2 turn+4: 0/8 valid
   [09-19 22:03:18]   seg6 turn+2: 0/8 valid
   [09-19 22:03:43]   seg6 turn+1: 0/8 valid
   [09-19 22:05:54]   seg4 turn+3: 0/8 valid
runner_alive: 2
===== 2026-09-19 22:07:33 =====
completed_tasks: 15/30
tokens: 6088 requests, prompt=63.20M, completion=49.87M
-- campaign tail:
   [09-19 22:03:07]   seg2 turn+4: 0/8 valid
   [09-19 22:03:18]   seg6 turn+2: 0/8 valid
   [09-19 22:03:43]   seg6 turn+1: 0/8 valid
   [09-19 22:05:54]   seg4 turn+3: 0/8 valid
runner_alive: 2
===== 2026-09-19 22:27:02 =====
completed_tasks: 15/30
tokens: 6220 requests, prompt=64.31M, completion=50.95M
-- campaign tail:
   [09-19 22:22:27]   seg5 turn+2: 0/8 valid
   [09-19 22:24:14]   seg3 turn+4: 0/8 valid
   [09-19 22:24:45]   seg7 turn+1: 1/8 valid
   [09-19 22:26:11]   seg5 turn+3: 0/8 valid
runner_alive: 2
===== 2026-09-19 22:27:33 =====
completed_tasks: 15/30
tokens: 6220 requests, prompt=64.31M, completion=50.95M
-- campaign tail:
   [09-19 22:22:27]   seg5 turn+2: 0/8 valid
   [09-19 22:24:14]   seg3 turn+4: 0/8 valid
   [09-19 22:24:45]   seg7 turn+1: 1/8 valid
   [09-19 22:26:11]   seg5 turn+3: 0/8 valid
runner_alive: 2
===== 2026-09-19 22:47:02 =====
completed_tasks: 15/30
tokens: 6340 requests, prompt=65.37M, completion=51.94M
-- campaign tail:
   [09-19 22:41:47]   seg4 turn+4: 0/8 valid
   [09-19 22:41:53]   seg8 turn+1: 1/8 valid
   [09-19 22:44:17]   seg7 turn+2: 0/8 valid
   [09-19 22:45:54]   seg8 turn+2: 2/8 valid
runner_alive: 2
===== 2026-09-19 22:47:34 =====
completed_tasks: 15/30
tokens: 6348 requests, prompt=65.43M, completion=52.00M
-- campaign tail:
   [09-19 22:41:47]   seg4 turn+4: 0/8 valid
   [09-19 22:41:53]   seg8 turn+1: 1/8 valid
   [09-19 22:44:17]   seg7 turn+2: 0/8 valid
   [09-19 22:45:54]   seg8 turn+2: 2/8 valid
runner_alive: 2
===== 2026-09-19 23:07:03 =====
completed_tasks: 15/30
tokens: 6436 requests, prompt=66.16M, completion=52.72M
-- campaign tail:
   [09-19 23:03:29]   seg9 turn+3: 0/8 valid
   [09-19 23:05:28]   seg4 turn+5: 0/8 valid
   [09-19 23:05:28]   iter 4/10: +5 turns, done 0/8
   [09-19 23:06:01]   seg9 turn+4: 1/8 valid
runner_alive: 2
===== 2026-09-19 23:07:34 =====
completed_tasks: 15/30
tokens: 6436 requests, prompt=66.16M, completion=52.72M
-- campaign tail:
   [09-19 23:03:29]   seg9 turn+3: 0/8 valid
   [09-19 23:05:28]   seg4 turn+5: 0/8 valid
   [09-19 23:05:28]   iter 4/10: +5 turns, done 0/8
   [09-19 23:06:01]   seg9 turn+4: 1/8 valid
runner_alive: 2
===== 2026-09-19 23:27:03 =====
completed_tasks: 15/30
tokens: 6544 requests, prompt=67.15M, completion=53.61M
-- campaign tail:
   [09-19 23:23:25]   seg10 turn+4: 0/8 valid
   [09-19 23:23:27]   seg5 turn+5: 0/8 valid
   [09-19 23:23:27]   iter 5/10: +5 turns, done 0/8
   [09-19 23:23:40]   seg6 turn+3: 0/8 valid
runner_alive: 2
===== 2026-09-19 23:27:34 =====
completed_tasks: 15/30
tokens: 6556 requests, prompt=67.24M, completion=53.71M
-- campaign tail:
   [09-19 23:27:14]   seg10 turn+5: 2/8 valid
   [09-19 23:27:14]   iter 10/10: +5 turns, done 0/8
   [09-19 23:27:24]   seg6 turn+1: 0/8 valid
   [09-19 23:27:31]   seg6 turn+4: 0/8 valid
runner_alive: 2
===== 2026-09-19 23:47:03 =====
completed_tasks: 16/30
tokens: 6676 requests, prompt=68.21M, completion=54.69M
-- campaign tail:
   [09-19 23:42:41]   seg6 turn+5: 0/8 valid
   [09-19 23:42:41]   iter 6/10: +5 turns, done 0/8
   [09-19 23:43:04]   seg2 turn+2: 0/8 valid
   [09-19 23:45:48]   seg7 turn+1: 0/8 valid
runner_alive: 2
===== 2026-09-19 23:47:34 =====
completed_tasks: 16/30
tokens: 6676 requests, prompt=68.21M, completion=54.69M
-- campaign tail:
   [09-19 23:42:41]   seg6 turn+5: 0/8 valid
   [09-19 23:42:41]   iter 6/10: +5 turns, done 0/8
   [09-19 23:43:04]   seg2 turn+2: 0/8 valid
   [09-19 23:45:48]   seg7 turn+1: 0/8 valid
runner_alive: 2
===== 2026-09-20 00:07:03 =====
completed_tasks: 16/30
tokens: 6756 requests, prompt=68.90M, completion=55.35M
-- campaign tail:
   [09-20 00:02:43]   seg8 turn+2: 0/8 valid
   [09-20 00:05:09]   seg7 turn+4: 0/8 valid
   [09-20 00:05:54]   seg2 turn+3: 0/8 valid
   [09-20 00:06:34]   seg8 turn+3: 0/8 valid
runner_alive: 2
===== 2026-09-20 00:07:34 =====
completed_tasks: 16/30
tokens: 6756 requests, prompt=68.90M, completion=55.35M
-- campaign tail:
   [09-20 00:02:43]   seg8 turn+2: 0/8 valid
   [09-20 00:05:09]   seg7 turn+4: 0/8 valid
   [09-20 00:05:54]   seg2 turn+3: 0/8 valid
   [09-20 00:06:34]   seg8 turn+3: 0/8 valid
runner_alive: 2
===== 2026-09-20 00:27:03 =====
completed_tasks: 16/30
tokens: 6860 requests, prompt=69.90M, completion=56.20M
-- campaign tail:
   [09-20 00:21:46]   seg9 turn+2: 0/8 valid
   [09-20 00:22:00]   seg3 turn+3: 0/8 valid
   [09-20 00:25:14]   seg9 turn+3: 0/8 valid
   [09-20 00:25:18]   seg3 turn+4: 0/8 valid
runner_alive: 2
===== 2026-09-20 00:27:34 =====
completed_tasks: 16/30
tokens: 6860 requests, prompt=69.90M, completion=56.20M
-- campaign tail:
   [09-20 00:21:46]   seg9 turn+2: 0/8 valid
   [09-20 00:22:00]   seg3 turn+3: 0/8 valid
   [09-20 00:25:14]   seg9 turn+3: 0/8 valid
   [09-20 00:25:18]   seg3 turn+4: 0/8 valid
runner_alive: 2
===== 2026-09-20 00:47:03 =====
completed_tasks: 16/30
tokens: 6980 requests, prompt=70.96M, completion=57.18M
-- campaign tail:
   [09-20 00:42:27]   seg8 turn+4: 0/8 valid
   [09-20 00:42:58]   seg8 turn+4: 0/8 valid
   [09-20 00:44:08]   seg4 turn+4: 0/8 valid
   [09-20 00:44:34]   seg10 turn+3: 0/8 valid
runner_alive: 2
===== 2026-09-20 00:47:34 =====
completed_tasks: 16/30
tokens: 6988 requests, prompt=71.03M, completion=57.25M
-- campaign tail:
   [09-20 00:44:08]   seg4 turn+4: 0/8 valid
   [09-20 00:44:34]   seg10 turn+3: 0/8 valid
   [09-20 00:47:30]   seg8 turn+5: 0/8 valid
   [09-20 00:47:30]   iter 8/10: +5 turns, done 0/8
runner_alive: 2
===== 2026-09-20 01:07:03 =====
completed_tasks: 17/30
tokens: 7108 requests, prompt=72.07M, completion=58.23M
-- campaign tail:
   [09-20 01:06:29]   seg5 turn+5: 0/8 valid
   [09-20 01:06:29]   iter 5/10: +5 turns, done 0/8
   [09-20 01:06:56]   seg8 turn+5: 0/8 valid
   [09-20 01:06:56]   iter 8/10: +5 turns, done 0/8
runner_alive: 2
===== 2026-09-20 01:07:34 =====
completed_tasks: 17/30
tokens: 7124 requests, prompt=72.21M, completion=58.36M
-- campaign tail:
   [09-20 01:06:29]   iter 5/10: +5 turns, done 0/8
   [09-20 01:06:56]   seg8 turn+5: 0/8 valid
   [09-20 01:06:56]   iter 8/10: +5 turns, done 0/8
   [09-20 01:07:32]   seg2 turn+2: 0/8 valid
runner_alive: 2
===== 2026-09-20 01:27:03 =====
completed_tasks: 17/30
tokens: 7228 requests, prompt=73.11M, completion=59.21M
-- campaign tail:
   [09-20 01:23:02]   seg6 turn+5: 0/8 valid
   [09-20 01:23:02]   iter 6/10: +5 turns, done 0/8
   [09-20 01:24:58]   seg3 turn+2: 0/8 valid
   [09-20 01:25:52]   seg7 turn+1: 0/8 valid
runner_alive: 2
===== 2026-09-20 01:27:34 =====
completed_tasks: 17/30
tokens: 7228 requests, prompt=73.11M, completion=59.21M
-- campaign tail:
   [09-20 01:24:58]   seg3 turn+2: 0/8 valid
   [09-20 01:25:52]   seg7 turn+1: 0/8 valid
   [09-20 01:27:22]   seg9 turn+5: 0/8 valid
   [09-20 01:27:22]   iter 9/10: +5 turns, done 0/8
runner_alive: 2
===== 2026-09-20 01:47:03 =====
completed_tasks: 17/30
tokens: 7348 requests, prompt=74.12M, completion=60.19M
-- campaign tail:
   [09-20 01:42:24]   seg4 turn+2: 0/8 valid
   [09-20 01:42:40]   seg8 turn+1: 0/8 valid
   [09-20 01:45:29]   seg4 turn+3: 0/8 valid
   [09-20 01:45:35]   seg8 turn+2: 0/8 valid
runner_alive: 2
===== 2026-09-20 01:47:34 =====
completed_tasks: 17/30
tokens: 7348 requests, prompt=74.12M, completion=60.19M
-- campaign tail:
   [09-20 01:42:24]   seg4 turn+2: 0/8 valid
   [09-20 01:42:40]   seg8 turn+1: 0/8 valid
   [09-20 01:45:29]   seg4 turn+3: 0/8 valid
   [09-20 01:45:35]   seg8 turn+2: 0/8 valid
runner_alive: 2
===== 2026-09-20 02:07:03 =====
completed_tasks: 17/30
tokens: 7460 requests, prompt=75.10M, completion=61.11M
-- campaign tail:
   [09-20 01:58:31]   seg10 turn+3: 0/8 valid
   [09-20 01:59:46]   seg9 turn+1: 0/8 valid
   [09-20 02:01:51]   seg9 turn+4: 0/8 valid
   [09-20 02:06:33]   seg5 turn+3: 0/8 valid
runner_alive: 2
===== 2026-09-20 02:07:34 =====
completed_tasks: 17/30
tokens: 7460 requests, prompt=75.10M, completion=61.11M
-- campaign tail:
   [09-20 01:58:31]   seg10 turn+3: 0/8 valid
   [09-20 01:59:46]   seg9 turn+1: 0/8 valid
   [09-20 02:01:51]   seg9 turn+4: 0/8 valid
   [09-20 02:06:33]   seg5 turn+3: 0/8 valid
runner_alive: 2
===== 2026-09-20 02:27:03 =====
completed_tasks: 18/30
tokens: 7540 requests, prompt=75.83M, completion=61.76M
-- campaign tail:
   [09-20 02:25:53]   iter 10/10: +5 turns, done 0/8
   [09-20 02:26:29] === STTS done: SOL/L1/058_moe_expert_token_radix_sort_with_prefix_sum pass@1=0.12 final=0.6503967273217107
   [09-20 02:26:29] === STTS task 22: SOL/L2/015_audio_sinusoidal_position_embedding_with_conv_projection (16 wl) ===
   [09-20 02:26:29]   refcache exists: /data1/workspace/weihongren/baseline/drtriton/kbstyle_campaign_v2_20260918/refcache/sol/015_audio_sinusoidal_position_embedding_with_conv_projection/reference_cache.json
runner_alive: 2
===== 2026-09-20 02:27:34 =====
completed_tasks: 18/30
tokens: 7540 requests, prompt=75.83M, completion=61.76M
-- campaign tail:
   [09-20 02:25:53]   iter 10/10: +5 turns, done 0/8
   [09-20 02:26:29] === STTS done: SOL/L1/058_moe_expert_token_radix_sort_with_prefix_sum pass@1=0.12 final=0.6503967273217107
   [09-20 02:26:29] === STTS task 22: SOL/L2/015_audio_sinusoidal_position_embedding_with_conv_projection (16 wl) ===
   [09-20 02:26:29]   refcache exists: /data1/workspace/weihongren/baseline/drtriton/kbstyle_campaign_v2_20260918/refcache/sol/015_audio_sinusoidal_position_embedding_with_conv_projection/reference_cache.json
runner_alive: 2
===== 2026-09-20 02:47:03 =====
completed_tasks: 19/30
tokens: 7652 requests, prompt=76.68M, completion=62.68M
-- campaign tail:
   [09-20 02:39:17]   seg6 turn+2: 0/8 valid
   [09-20 02:41:18] GPU 3 acquired after 10s wait
   [09-20 02:41:24]   seg2 turn+1: 0/8 valid
   [09-20 02:45:34]   seg2 turn+2: 0/8 valid
runner_alive: 2
===== 2026-09-20 02:47:35 =====
completed_tasks: 19/30
tokens: 7652 requests, prompt=76.68M, completion=62.68M
-- campaign tail:
   [09-20 02:39:17]   seg6 turn+2: 0/8 valid
   [09-20 02:41:18] GPU 3 acquired after 10s wait
   [09-20 02:41:24]   seg2 turn+1: 0/8 valid
   [09-20 02:45:34]   seg2 turn+2: 0/8 valid
runner_alive: 2
===== 2026-09-20 03:07:04 =====
completed_tasks: 20/30
tokens: 7740 requests, prompt=77.45M, completion=63.40M
-- campaign tail:
   [09-20 03:03:12]   refcache exists: /data1/workspace/weihongren/baseline/drtriton/kbstyle_campaign_v2_20260918/refcache/sol/036_convnextv2_layer_with_nhwc_persistence_backward/reference_cache.json
   [09-20 03:03:17]   seg2 turn+3: 0/8 valid
   [09-20 03:05:54]   seg3 turn+3: 0/8 valid
   [09-20 03:06:35]   seg6 turn+4: 0/8 valid
runner_alive: 2
===== 2026-09-20 03:07:35 =====
completed_tasks: 20/30
tokens: 7744 requests, prompt=77.48M, completion=63.43M
-- campaign tail:
   [09-20 03:03:12]   refcache exists: /data1/workspace/weihongren/baseline/drtriton/kbstyle_campaign_v2_20260918/refcache/sol/036_convnextv2_layer_with_nhwc_persistence_backward/reference_cache.json
   [09-20 03:03:17]   seg2 turn+3: 0/8 valid
   [09-20 03:05:54]   seg3 turn+3: 0/8 valid
   [09-20 03:06:35]   seg6 turn+4: 0/8 valid
runner_alive: 2
===== 2026-09-20 03:27:04 =====
completed_tasks: 20/30
tokens: 7884 requests, prompt=78.82M, completion=64.58M
-- campaign tail:
   [09-20 03:22:09] GPU 0 acquired after 10s wait
   [09-20 03:22:10]   seg3 turn+2: 0/8 valid
   [09-20 03:22:13]   seg4 turn+2: 0/8 valid
   [09-20 03:23:34]   seg2 turn+3: 0/8 valid
runner_alive: 2
===== 2026-09-20 03:27:35 =====
completed_tasks: 20/30
tokens: 7884 requests, prompt=78.82M, completion=64.58M
-- campaign tail:
   [09-20 03:22:10]   seg3 turn+2: 0/8 valid
   [09-20 03:22:13]   seg4 turn+2: 0/8 valid
   [09-20 03:23:34]   seg2 turn+3: 0/8 valid
   [09-20 03:27:17]   seg2 turn+4: 0/8 valid
runner_alive: 2
===== 2026-09-20 03:47:04 =====
completed_tasks: 20/30
tokens: 7972 requests, prompt=79.75M, completion=65.30M
-- campaign tail:
   [09-20 03:43:43]   seg7 turn+2: 0/8 valid
   [09-20 03:43:46]   seg5 turn+1: 1/8 valid
   [09-20 03:46:32]   seg3 turn+5: 0/8 valid
   [09-20 03:46:32]   iter 3/10: +5 turns, done 0/8
runner_alive: 2
===== 2026-09-20 03:47:35 =====
completed_tasks: 20/30
tokens: 7988 requests, prompt=79.87M, completion=65.43M
-- campaign tail:
   [09-20 03:43:43]   seg7 turn+2: 0/8 valid
   [09-20 03:43:46]   seg5 turn+1: 1/8 valid
   [09-20 03:46:32]   seg3 turn+5: 0/8 valid
   [09-20 03:46:32]   iter 3/10: +5 turns, done 0/8
runner_alive: 2
===== 2026-09-20 04:07:04 =====
completed_tasks: 20/30
tokens: 8092 requests, prompt=80.91M, completion=66.28M
-- campaign tail:
   [09-20 04:03:39]   seg7 turn+4: 0/8 valid
   [09-20 04:04:54]   seg4 turn+2: 0/8 valid
   [09-20 04:05:32]   seg4 turn+5: 0/8 valid
   [09-20 04:05:32]   iter 4/10: +5 turns, done 0/8
runner_alive: 2
===== 2026-09-20 04:07:35 =====
completed_tasks: 20/30
tokens: 8092 requests, prompt=80.91M, completion=66.28M
-- campaign tail:
   [09-20 04:03:39]   seg7 turn+4: 0/8 valid
   [09-20 04:04:54]   seg4 turn+2: 0/8 valid
   [09-20 04:05:32]   seg4 turn+5: 0/8 valid
   [09-20 04:05:32]   iter 4/10: +5 turns, done 0/8
runner_alive: 2
===== 2026-09-20 04:27:04 =====
completed_tasks: 20/30
tokens: 8228 requests, prompt=82.22M, completion=67.40M
-- campaign tail:
   [09-20 04:24:35]   seg7 turn+1: 0/8 valid
   [09-20 04:25:34]   seg5 turn+2: 0/8 valid
   [09-20 04:26:10]   seg5 turn+5: 0/8 valid
   [09-20 04:26:10]   iter 5/10: +5 turns, done 0/8
runner_alive: 2
===== 2026-09-20 04:27:35 =====
completed_tasks: 20/30
tokens: 8228 requests, prompt=82.22M, completion=67.40M
-- campaign tail:
   [09-20 04:24:35]   seg7 turn+1: 0/8 valid
   [09-20 04:25:34]   seg5 turn+2: 0/8 valid
   [09-20 04:26:10]   seg5 turn+5: 0/8 valid
   [09-20 04:26:10]   iter 5/10: +5 turns, done 0/8
runner_alive: 2
===== 2026-09-20 04:47:04 =====
completed_tasks: 20/30
tokens: 8364 requests, prompt=83.54M, completion=68.51M
-- campaign tail:
   [09-20 04:42:26]   seg6 turn+1: 0/8 valid
   [09-20 04:43:01]   seg6 turn+4: 0/8 valid
   [09-20 04:46:13]   seg8 turn+4: 0/8 valid
   [09-20 04:46:32]   seg6 turn+2: 0/8 valid
runner_alive: 2
===== 2026-09-20 04:47:35 =====
completed_tasks: 20/30
tokens: 8364 requests, prompt=83.54M, completion=68.51M
-- campaign tail:
   [09-20 04:47:11]   seg6 turn+5: 0/8 valid
   [09-20 04:47:11]   iter 6/10: +5 turns, done 0/8
   [09-20 04:47:14]   seg7 turn+5: 1/8 valid
   [09-20 04:47:14]   iter 7/10: +5 turns, done 0/8
runner_alive: 2
===== 2026-09-20 05:07:04 =====
completed_tasks: 20/30
tokens: 8484 requests, prompt=84.61M, completion=69.49M
-- campaign tail:
   [09-20 05:00:39]   iter 6/10: +5 turns, done 0/8
   [09-20 05:03:46]   seg7 turn+4: 0/8 valid
   [09-20 05:04:34]   seg8 turn+3: 0/8 valid
   [09-20 05:04:44]   seg7 turn+1: 0/8 valid
runner_alive: 2
===== 2026-09-20 05:07:35 =====
completed_tasks: 20/30
tokens: 8492 requests, prompt=84.71M, completion=69.56M
-- campaign tail:
   [09-20 05:00:39]   iter 6/10: +5 turns, done 0/8
   [09-20 05:03:46]   seg7 turn+4: 0/8 valid
   [09-20 05:04:34]   seg8 turn+3: 0/8 valid
   [09-20 05:04:44]   seg7 turn+1: 0/8 valid
runner_alive: 2
===== 2026-09-20 05:27:04 =====
completed_tasks: 20/30
tokens: 8616 requests, prompt=85.88M, completion=70.58M
-- campaign tail:
   [09-20 05:22:40]   seg9 turn+3: 0/8 valid
   [09-20 05:22:45]   seg8 turn+4: 0/8 valid
   [09-20 05:24:28]   seg9 turn+3: 1/8 valid
   [09-20 05:24:37]   seg8 turn+1: 0/8 valid
runner_alive: 2
===== 2026-09-20 05:27:35 =====
completed_tasks: 20/30
tokens: 8620 requests, prompt=85.93M, completion=70.61M
-- campaign tail:
   [09-20 05:24:37]   seg8 turn+1: 0/8 valid
   [09-20 05:27:14]   seg8 turn+5: 0/8 valid
   [09-20 05:27:14]   iter 8/10: +5 turns, done 0/8
   [09-20 05:27:20]   seg9 turn+4: 0/8 valid
runner_alive: 2
===== 2026-09-20 05:47:04 =====
completed_tasks: 20/30
tokens: 8748 requests, prompt=87.14M, completion=71.66M
-- campaign tail:
   [09-20 05:43:40]   seg9 turn+1: 0/8 valid
   [09-20 05:46:05]   seg9 turn+5: 0/8 valid
   [09-20 05:46:05]   iter 9/10: +5 turns, done 0/8
   [09-20 05:46:46]   seg9 turn+2: 0/8 valid
runner_alive: 2
===== 2026-09-20 05:47:35 =====
completed_tasks: 20/30
tokens: 8748 requests, prompt=87.14M, completion=71.66M
-- campaign tail:
   [09-20 05:43:40]   seg9 turn+1: 0/8 valid
   [09-20 05:46:05]   seg9 turn+5: 0/8 valid
   [09-20 05:46:05]   iter 9/10: +5 turns, done 0/8
   [09-20 05:46:46]   seg9 turn+2: 0/8 valid
runner_alive: 2
===== 2026-09-20 06:07:04 =====
completed_tasks: 21/30
tokens: 8876 requests, prompt=88.36M, completion=72.71M
-- campaign tail:
   [09-20 06:06:04] === STTS done: SOL/L2/036_convnextv2_layer_with_nhwc_persistence_backward pass@1=0.00 final=None
   [09-20 06:06:04] === STTS task 25: SOL/L2/040_altup_predict_correction_cycle_backward (16 wl) ===
   [09-20 06:06:04]   refcache exists: /data1/workspace/weihongren/baseline/drtriton/kbstyle_campaign_v2_20260918/refcache/sol/040_altup_predict_correction_cycle_backward/reference_cache.json
   [09-20 06:06:48]   seg10 turn+2: 0/8 valid
runner_alive: 2
===== 2026-09-20 06:07:35 =====
completed_tasks: 22/30
tokens: 8876 requests, prompt=88.36M, completion=72.71M
-- campaign tail:
   [09-20 06:06:48]   seg10 turn+2: 0/8 valid
   [09-20 06:07:23] === STTS done: SOL/L2/030_flux_concatenated_sequence_processing_with_split pass@1=0.25 final=0.1427227844634249
   [09-20 06:07:23] === STTS task 26: SOL/L2/043_mamba_chunk_scan_with_segsum (16 wl) ===
   [09-20 06:07:23]   refcache exists: /data1/workspace/weihongren/baseline/drtriton/kbstyle_campaign_v2_20260918/refcache/sol/043_mamba_chunk_scan_with_segsum/reference_cache.json
runner_alive: 2
===== 2026-09-20 06:27:04 =====
completed_tasks: 24/30
tokens: 9012 requests, prompt=89.55M, completion=73.82M
-- campaign tail:
   [09-20 06:25:37]   seg2 turn+1: 0/8 valid
   [09-20 06:26:22]   seg1 turn+2: 0/8 valid
   [09-20 06:26:22]   iter 1/10: +2 turns, done 0/8
   [09-20 06:26:45]   seg2 turn+3: 0/8 valid
runner_alive: 2
===== 2026-09-20 06:27:35 =====
completed_tasks: 24/30
tokens: 9012 requests, prompt=89.55M, completion=73.82M
-- campaign tail:
   [09-20 06:25:37]   seg2 turn+1: 0/8 valid
   [09-20 06:26:22]   seg1 turn+2: 0/8 valid
   [09-20 06:26:22]   iter 1/10: +2 turns, done 0/8
   [09-20 06:26:45]   seg2 turn+3: 0/8 valid
runner_alive: 2
===== 2026-09-20 06:47:05 =====
completed_tasks: 24/30
tokens: 9132 requests, prompt=90.73M, completion=74.80M
-- campaign tail:
   [09-20 06:43:03]   seg2 turn+2: 0/8 valid
   [09-20 06:43:29]   seg3 turn+2: 0/8 valid
   [09-20 06:45:15]   seg2 turn+4: 0/8 valid
   [09-20 06:46:43]   seg3 turn+1: 0/8 valid
runner_alive: 2
===== 2026-09-20 06:47:36 =====
completed_tasks: 24/30
tokens: 9140 requests, prompt=90.81M, completion=74.87M
-- campaign tail:
   [09-20 06:43:03]   seg2 turn+2: 0/8 valid
   [09-20 06:43:29]   seg3 turn+2: 0/8 valid
   [09-20 06:45:15]   seg2 turn+4: 0/8 valid
   [09-20 06:46:43]   seg3 turn+1: 0/8 valid
runner_alive: 2
===== 2026-09-20 07:07:05 =====
completed_tasks: 24/30
tokens: 9268 requests, prompt=92.07M, completion=75.92M
-- campaign tail:
   [09-20 07:03:36]   seg4 turn+1: 0/8 valid
   [09-20 07:04:16]   seg3 turn+5: 0/8 valid
   [09-20 07:04:16]   iter 3/10: +5 turns, done 0/8
   [09-20 07:05:22]   seg3 turn+2: 0/8 valid
runner_alive: 2
===== 2026-09-20 07:07:36 =====
completed_tasks: 24/30
tokens: 9276 requests, prompt=92.16M, completion=75.98M
-- campaign tail:
   [09-20 07:03:36]   seg4 turn+1: 0/8 valid
   [09-20 07:04:16]   seg3 turn+5: 0/8 valid
   [09-20 07:04:16]   iter 3/10: +5 turns, done 0/8
   [09-20 07:05:22]   seg3 turn+2: 0/8 valid
runner_alive: 2
===== 2026-09-20 07:27:05 =====
completed_tasks: 24/30
tokens: 9420 requests, prompt=93.53M, completion=77.16M
-- campaign tail:
   [09-20 07:25:31]   seg4 turn+3: 0/8 valid
   [09-20 07:25:52]   seg5 turn+1: 0/8 valid
   [09-20 07:26:35]   seg4 turn+5: 0/8 valid
   [09-20 07:26:35]   iter 4/10: +5 turns, done 0/8
runner_alive: 2
===== 2026-09-20 07:27:36 =====
completed_tasks: 24/30
tokens: 9420 requests, prompt=93.53M, completion=77.16M
-- campaign tail:
   [09-20 07:25:31]   seg4 turn+3: 0/8 valid
   [09-20 07:25:52]   seg5 turn+1: 0/8 valid
   [09-20 07:26:35]   seg4 turn+5: 0/8 valid
   [09-20 07:26:35]   iter 4/10: +5 turns, done 0/8
runner_alive: 2
===== 2026-09-20 07:47:05 =====
completed_tasks: 24/30
tokens: 9556 requests, prompt=94.83M, completion=78.27M
-- campaign tail:
   [09-20 07:43:59]   seg5 turn+5: 0/8 valid
   [09-20 07:43:59]   iter 5/10: +5 turns, done 0/8
   [09-20 07:44:47]   seg5 turn+4: 0/8 valid
   [09-20 07:46:30]   seg5 turn+1: 0/8 valid
runner_alive: 2
===== 2026-09-20 07:47:36 =====
completed_tasks: 24/30
tokens: 9556 requests, prompt=94.83M, completion=78.27M
-- campaign tail:
   [09-20 07:43:59]   seg5 turn+5: 0/8 valid
   [09-20 07:43:59]   iter 5/10: +5 turns, done 0/8
   [09-20 07:44:47]   seg5 turn+4: 0/8 valid
   [09-20 07:46:30]   seg5 turn+1: 0/8 valid
runner_alive: 2
===== 2026-09-20 08:07:05 =====
completed_tasks: 24/30
tokens: 9704 requests, prompt=96.25M, completion=79.49M
-- campaign tail:
   [09-20 08:04:28]   iter 5/10: +5 turns, done 0/8
   [09-20 08:06:15]   seg6 turn+2: 0/8 valid
   [09-20 08:06:18]   seg6 turn+5: 0/8 valid
   [09-20 08:06:18]   iter 6/10: +5 turns, done 0/8
runner_alive: 2
===== 2026-09-20 08:07:36 =====
completed_tasks: 24/30
tokens: 9708 requests, prompt=96.29M, completion=79.52M
-- campaign tail:
   [09-20 08:04:28]   iter 5/10: +5 turns, done 0/8
   [09-20 08:06:15]   seg6 turn+2: 0/8 valid
   [09-20 08:06:18]   seg6 turn+5: 0/8 valid
   [09-20 08:06:18]   iter 6/10: +5 turns, done 0/8
runner_alive: 2
===== 2026-09-20 08:27:05 =====
completed_tasks: 24/30
tokens: 9824 requests, prompt=97.42M, completion=80.47M
-- campaign tail:
   [09-20 08:23:09]   iter 6/10: +5 turns, done 0/8
   [09-20 08:24:29]   seg7 turn+5: 0/8 valid
   [09-20 08:24:29]   iter 7/10: +5 turns, done 0/8
   [09-20 08:26:03]   seg7 turn+1: 0/8 valid
runner_alive: 2
===== 2026-09-20 08:27:36 =====
completed_tasks: 24/30
tokens: 9828 requests, prompt=97.45M, completion=80.50M
-- campaign tail:
   [09-20 08:24:29]   iter 7/10: +5 turns, done 0/8
   [09-20 08:26:03]   seg7 turn+1: 0/8 valid
   [09-20 08:27:11]   seg6 turn+4: 0/8 valid
   [09-20 08:27:24]   seg8 turn+1: 0/8 valid
runner_alive: 2
===== 2026-09-20 08:47:05 =====
completed_tasks: 24/30
tokens: 9953 requests, prompt=98.60M, completion=81.52M
-- campaign tail:
   [09-20 08:43:38]   seg8 turn+5: 0/8 valid
   [09-20 08:43:38]   iter 8/10: +5 turns, done 0/8
   [09-20 08:46:01]   seg8 turn+1: 0/8 valid
   [09-20 08:46:35]   seg7 turn+2: 0/8 valid
runner_alive: 2
===== 2026-09-20 08:47:36 =====
completed_tasks: 24/30
tokens: 9960 requests, prompt=98.66M, completion=81.58M
-- campaign tail:
   [09-20 08:43:38]   iter 8/10: +5 turns, done 0/8
   [09-20 08:46:01]   seg8 turn+1: 0/8 valid
   [09-20 08:46:35]   seg7 turn+2: 0/8 valid
   [09-20 08:47:29]   seg7 turn+4: 0/8 valid
runner_alive: 2
===== 2026-09-20 09:07:05 =====
completed_tasks: 24/30
tokens: 10092 requests, prompt=99.93M, completion=82.66M
-- campaign tail:
   [09-20 09:04:32]   seg8 turn+1: 0/8 valid
   [09-20 09:05:34]   seg8 turn+3: 0/8 valid
   [09-20 09:06:03]   seg9 turn+5: 0/8 valid
   [09-20 09:06:03]   iter 9/10: +5 turns, done 0/8
runner_alive: 2
===== 2026-09-20 09:07:36 =====
completed_tasks: 24/30
tokens: 10092 requests, prompt=99.93M, completion=82.66M
-- campaign tail:
   [09-20 09:04:32]   seg8 turn+1: 0/8 valid
   [09-20 09:05:34]   seg8 turn+3: 0/8 valid
   [09-20 09:06:03]   seg9 turn+5: 0/8 valid
   [09-20 09:06:03]   iter 9/10: +5 turns, done 0/8
runner_alive: 2
===== 2026-09-20 09:27:05 =====
completed_tasks: 24/30
tokens: 10236 requests, prompt=101.27M, completion=83.84M
-- campaign tail:
   [09-20 09:24:03]   seg10 turn+4: 0/8 valid
   [09-20 09:26:09]   seg9 turn+5: 0/8 valid
   [09-20 09:26:09]   iter 9/10: +5 turns, done 0/8
   [09-20 09:26:41]   seg9 turn+1: 0/8 valid
runner_alive: 2
===== 2026-09-20 09:27:36 =====
completed_tasks: 24/30
tokens: 10236 requests, prompt=101.27M, completion=83.84M
-- campaign tail:
   [09-20 09:24:03]   seg10 turn+4: 0/8 valid
   [09-20 09:26:09]   seg9 turn+5: 0/8 valid
   [09-20 09:26:09]   iter 9/10: +5 turns, done 0/8
   [09-20 09:26:41]   seg9 turn+1: 0/8 valid
runner_alive: 2
===== 2026-09-20 09:47:05 =====
completed_tasks: 25/30
tokens: 10380 requests, prompt=102.58M, completion=85.02M
-- campaign tail:
   [09-20 09:44:31]   seg9 turn+5: 0/8 valid
   [09-20 09:44:31]   iter 9/10: +5 turns, done 0/8
   [09-20 09:45:24]   seg10 turn+2: 0/8 valid
   [09-20 09:46:07]   seg2 turn+2: 0/8 valid
runner_alive: 2
===== 2026-09-20 09:47:36 =====
completed_tasks: 25/30
tokens: 10380 requests, prompt=102.58M, completion=85.02M
-- campaign tail:
   [09-20 09:44:31]   seg9 turn+5: 0/8 valid
   [09-20 09:44:31]   iter 9/10: +5 turns, done 0/8
   [09-20 09:45:24]   seg10 turn+2: 0/8 valid
   [09-20 09:46:07]   seg2 turn+2: 0/8 valid
runner_alive: 2
===== 2026-09-20 10:07:05 =====
completed_tasks: 28/30
tokens: 10524 requests, prompt=103.97M, completion=86.20M
-- campaign tail:
   [09-20 10:06:03]   seg10 turn+5: 0/8 valid
   [09-20 10:06:03]   iter 10/10: +5 turns, done 0/8
   [09-20 10:06:03] === STTS done: SOL/L2/051_seqlen-finetuned-reconstructed_hyena_complete_forward_block pass@1=0.00 final=None
   [09-20 10:07:02]   seg3 turn+2: 0/8 valid
runner_alive: 2
===== 2026-09-20 10:07:36 =====
completed_tasks: 28/30
tokens: 10524 requests, prompt=103.97M, completion=86.20M
-- campaign tail:
   [09-20 10:06:03]   seg10 turn+5: 0/8 valid
   [09-20 10:06:03]   iter 10/10: +5 turns, done 0/8
   [09-20 10:06:03] === STTS done: SOL/L2/051_seqlen-finetuned-reconstructed_hyena_complete_forward_block pass@1=0.00 final=None
   [09-20 10:07:02]   seg3 turn+2: 0/8 valid
runner_alive: 2
===== 2026-09-20 10:27:05 =====
completed_tasks: 28/30
tokens: 10628 requests, prompt=105.03M, completion=87.05M
-- campaign tail:
   [09-20 10:22:36]   seg4 turn+2: 0/8 valid
   [09-20 10:23:46]   seg3 turn+3: 0/8 valid
   [09-20 10:25:45]   seg4 turn+3: 0/8 valid
   [09-20 10:26:57]   seg3 turn+4: 0/8 valid
runner_alive: 2
===== 2026-09-20 10:27:36 =====
completed_tasks: 28/30
tokens: 10628 requests, prompt=105.03M, completion=87.05M
-- campaign tail:
   [09-20 10:22:36]   seg4 turn+2: 0/8 valid
   [09-20 10:23:46]   seg3 turn+3: 0/8 valid
   [09-20 10:25:45]   seg4 turn+3: 0/8 valid
   [09-20 10:26:57]   seg3 turn+4: 0/8 valid
runner_alive: 2
===== 2026-09-20 10:47:06 =====
completed_tasks: 28/30
tokens: 10732 requests, prompt=106.09M, completion=87.90M
-- campaign tail:
   [09-20 10:42:14]   seg4 turn+4: 0/8 valid
   [09-20 10:44:17]   seg5 turn+4: 0/8 valid
   [09-20 10:46:30]   seg4 turn+5: 0/8 valid
   [09-20 10:46:30]   iter 4/10: +5 turns, done 0/8
runner_alive: 2
===== 2026-09-20 10:47:37 =====
completed_tasks: 28/30
tokens: 10732 requests, prompt=106.09M, completion=87.90M
-- campaign tail:
   [09-20 10:46:30]   seg4 turn+5: 0/8 valid
   [09-20 10:46:30]   iter 4/10: +5 turns, done 0/8
   [09-20 10:47:09]   seg5 turn+5: 0/8 valid
   [09-20 10:47:09]   iter 5/10: +5 turns, done 0/8
runner_alive: 2
===== 2026-09-20 11:07:06 =====
completed_tasks: 28/30
tokens: 10828 requests, prompt=107.00M, completion=88.69M
-- campaign tail:
   [09-20 11:02:27]   seg6 turn+5: 0/8 valid
   [09-20 11:02:27]   iter 6/10: +5 turns, done 0/8
   [09-20 11:04:48]   seg6 turn+1: 0/8 valid
   [09-20 11:05:09]   seg7 turn+1: 0/8 valid
runner_alive: 2
===== 2026-09-20 11:07:37 =====
completed_tasks: 28/30
tokens: 10828 requests, prompt=107.00M, completion=88.69M
-- campaign tail:
   [09-20 11:02:27]   seg6 turn+5: 0/8 valid
   [09-20 11:02:27]   iter 6/10: +5 turns, done 0/8
   [09-20 11:04:48]   seg6 turn+1: 0/8 valid
   [09-20 11:05:09]   seg7 turn+1: 0/8 valid
runner_alive: 2
===== 2026-09-20 11:27:06 =====
completed_tasks: 28/30
tokens: 10940 requests, prompt=108.08M, completion=89.61M
-- campaign tail:
   [09-20 11:23:23]   seg8 turn+2: 0/8 valid
   [09-20 11:23:27]   seg7 turn+2: 0/8 valid
   [09-20 11:26:27]   seg8 turn+3: 0/8 valid
   [09-20 11:26:36]   seg7 turn+3: 0/8 valid
runner_alive: 2
===== 2026-09-20 11:27:37 =====
completed_tasks: 28/30
tokens: 10940 requests, prompt=108.08M, completion=89.61M
-- campaign tail:
   [09-20 11:23:23]   seg8 turn+2: 0/8 valid
   [09-20 11:23:27]   seg7 turn+2: 0/8 valid
   [09-20 11:26:27]   seg8 turn+3: 0/8 valid
   [09-20 11:26:36]   seg7 turn+3: 0/8 valid
runner_alive: 2
===== 2026-09-20 11:47:06 =====
completed_tasks: 28/30
tokens: 11036 requests, prompt=109.02M, completion=90.39M
-- campaign tail:
   [09-20 11:41:24]   seg9 turn+3: 0/8 valid
   [09-20 11:41:49]   seg8 turn+3: 0/8 valid
   [09-20 11:44:23]   seg9 turn+4: 0/8 valid
   [09-20 11:44:56]   seg8 turn+4: 0/8 valid
runner_alive: 2
===== 2026-09-20 11:47:37 =====
completed_tasks: 28/30
tokens: 11044 requests, prompt=109.11M, completion=90.46M
-- campaign tail:
   [09-20 11:44:23]   seg9 turn+4: 0/8 valid
   [09-20 11:44:56]   seg8 turn+4: 0/8 valid
   [09-20 11:47:32]   seg9 turn+5: 0/8 valid
   [09-20 11:47:32]   iter 9/10: +5 turns, done 0/8
runner_alive: 2
===== 2026-09-20 12:07:06 =====
completed_tasks: 29/30
tokens: 11124 requests, prompt=109.88M, completion=91.11M
-- campaign tail:
   [09-20 11:59:17]   seg10 turn+4: 0/8 valid
   [09-20 12:02:17]   seg10 turn+5: 0/8 valid
   [09-20 12:02:17]   iter 10/10: +5 turns, done 0/8
   [09-20 12:02:17] === STTS done: SOL/L2/057_residual_coupling_flow_block pass@1=0.00 final=None
runner_alive: 2
===== 2026-09-20 12:07:37 =====
completed_tasks: 29/30
tokens: 11124 requests, prompt=109.88M, completion=91.11M
-- campaign tail:
   [09-20 12:02:17]   seg10 turn+5: 0/8 valid
   [09-20 12:02:17]   iter 10/10: +5 turns, done 0/8
   [09-20 12:02:17] === STTS done: SOL/L2/057_residual_coupling_flow_block pass@1=0.00 final=None
   [09-20 12:07:12]   seg9 turn+4: 0/8 valid
runner_alive: 2
===== 2026-09-20 12:27:06 =====
completed_tasks: 30/30
tokens: 11172 requests, prompt=110.35M, completion=91.51M
-- campaign tail:
   [09-20 12:21:38]   seg10 turn+5: 0/8 valid
   [09-20 12:21:39]   iter 10/10: +5 turns, done 0/8
   [09-20 12:21:39] === STTS done: SOL/L2/080_moe_complete_layer_with_shared_expert_backward pass@1=0.00 final=None
   [09-20 12:21:39] STTS complete -> /data1/workspace/weihongren/baseline/drtriton/kbstyle_stts_full8_20260919/results.jsonl
runner_alive: 1
===== 2026-09-20 12:27:37 =====
completed_tasks: 30/30
tokens: 11172 requests, prompt=110.35M, completion=91.51M
-- campaign tail:
   [09-20 12:21:38]   seg10 turn+5: 0/8 valid
   [09-20 12:21:39]   iter 10/10: +5 turns, done 0/8
   [09-20 12:21:39] === STTS done: SOL/L2/080_moe_complete_layer_with_shared_expert_backward pass@1=0.00 final=None
   [09-20 12:21:39] STTS complete -> /data1/workspace/weihongren/baseline/drtriton/kbstyle_stts_full8_20260919/results.jsonl
runner_alive: 1
