Definition: /home/ziming/dataset/SOL-ExecBench/data/benchmark/L2/049_group_limited_topk_routing/definition.json
Workload  : /home/ziming/kda-ops/kda-control/formal-kda-h100-20260920--sol_execbench--L2-049_group_limited_topk_routing/feedback_workloads.jsonl
Solution  : /home/ziming/kda-ops/kda-control/formal-kda-h100-20260920--sol_execbench--L2-049_group_limited_topk_routing/candidates/c004/solution.py
Output    : /home/ziming/kda-ops/kda-runs/formal-kda-h100-20260920--sol_execbench--L2-049_group_limited_topk_routing/runs/candidates/c004/feedback.json

==============================================================================
Problem : 049_group_limited_topk_routing
Passed  : 0/16
Status  : FAIL
[1] d6d0eb83-de2e-5a6d-ba23-ee72ae216708: INCORRECT_NUMERICAL
[2] 2d3ab9f3-e864-5bc5-86a8-22df69d7afe1: INCORRECT_NUMERICAL
[3] 557d6ebe-248b-5692-a8c9-f2cf0daea505: INCORRECT_NUMERICAL
[4] 3c7e34f7-cf64-52cc-9145-8b956a99d786: INCORRECT_NUMERICAL
[5] 1d554a6c-1d9d-54c7-9ed9-6d4b50c95906: INCORRECT_NUMERICAL
[6] 255fc599-953f-5ad6-9fd1-ffa2d961599a: INCORRECT_NUMERICAL
[7] 0fc8f5f9-1900-55f4-b7d8-acefecbead69: INCORRECT_NUMERICAL
[8] 56d76e98-5a37-53fb-acb7-98c263e6492d: INCORRECT_NUMERICAL
[9] 120f9250-1ae9-5daa-93df-33657e8ef3bc: INCORRECT_NUMERICAL
[10] 0b6c941f-7820-5b8a-a767-cfa0ccd5bc13: INCORRECT_NUMERICAL
[11] 0955cad9-50b5-508d-9f56-2c4409225941: INCORRECT_NUMERICAL
[12] 52292135-4dd2-510b-a7e0-21aa988862c1: INCORRECT_NUMERICAL
[13] 469b2796-deb3-5a83-a7a6-1b2f84b86f20: INCORRECT_NUMERICAL
[14] 012f1aaf-7c8b-5342-a24a-5bf688ba5668: INCORRECT_NUMERICAL
[15] dca55419-b0fb-59a3-9e34-a3e654a7643d: INCORRECT_NUMERICAL
[16] 993dd417-9fb2-5d66-9b81-c1e15a113463: INCORRECT_NUMERICAL
==============================================================================
Performance: /home/ziming/kda-ops/kda-runs/formal-kda-h100-20260920--sol_execbench--L2-049_group_limited_topk_routing/runs/candidates/c004/feedback.json
