==============================================================================
Definition : gqa_ragged_prefill_causal_h32_kv8_d128  (op_type=gqa_ragged)
Solution   : /home/ziming/kda-ops/kda-control/formal-kda-h100-20260920--flashinfer--gqa_ragged_prefill_causal_h32_kv8_d128/candidates/c005/solution.py
Device     : cuda:0  (NVIDIA H100 80GB HBM3)
Workloads  : 21   trials=1 warmup=2 iters=10
Selected   : [0, 1, 2, 3, 4, 5, 6, 7, 8, 9, 10, 11, 12, 13, 14, 15, 16, 17, 18, 19, 20]
Tolerance  : atol=0.01 rtol=0.01 matched_ratio=0.99
==============================================================================
[1/21] f7a038e9 axes={'len_indptr': 2, 'total_q': 7, 'total_kv': 7}: PASSED  ref=0.4393ms sol=0.0532ms  speedup=8.26x  abs=1.56e-02 rel=3.37e+02
[2/21] f4c23a33 axes={'len_indptr': 2, 'total_q': 1, 'total_kv': 1}: PASSED  ref=0.3602ms sol=0.0474ms  speedup=7.60x  abs=4.77e-07 rel=3.08e-07
[3/21] bad384fa axes={'len_indptr': 2, 'total_q': 35, 'total_kv': 35}: PASSED  ref=0.4176ms sol=0.0481ms  speedup=8.67x  abs=1.56e-02 rel=2.95e+01
[4/21] 2068cdff axes={'len_indptr': 3, 'total_q': 81, 'total_kv': 81}: PASSED  ref=0.7296ms sol=0.0476ms  speedup=15.34x  abs=1.56e-02 rel=2.90e+02
[5/21] 6f3e1bfe axes={'len_indptr': 26, 'total_q': 13557, 'total_kv': 13557}: PASSED  ref=34.1614ms sol=1.0215ms  speedup=33.44x  abs=1.56e-02 rel=1.58e+04
[6/21] adefedc4 axes={'len_indptr': 37, 'total_q': 12845, 'total_kv': 12845}: PASSED  ref=37.4473ms sol=1.0181ms  speedup=36.78x  abs=1.56e-02 rel=1.23e+04
[7/21] fab48473 axes={'len_indptr': 2, 'total_q': 7, 'total_kv': 7}: PASSED  ref=0.4477ms sol=0.0553ms  speedup=8.10x  abs=1.56e-02 rel=2.58e+01
[8/21] 3a919718 axes={'len_indptr': 2, 'total_q': 1, 'total_kv': 1}: PASSED  ref=0.4024ms sol=0.0542ms  speedup=7.42x  abs=3.58e-07 rel=1.89e-06
[9/21] 32f5e961 axes={'len_indptr': 2, 'total_q': 35, 'total_kv': 35}: PASSED  ref=0.4565ms sol=0.0538ms  speedup=8.48x  abs=1.56e-02 rel=5.44e+01
[10/21] daa2d149 axes={'len_indptr': 2, 'total_q': 35, 'total_kv': 35}: PASSED  ref=0.4611ms sol=0.0546ms  speedup=8.44x  abs=7.81e-03 rel=5.76e+01
[11/21] ef683298 axes={'len_indptr': 2, 'total_q': 18, 'total_kv': 18}: PASSED  ref=0.4527ms sol=0.0560ms  speedup=8.09x  abs=7.81e-03 rel=8.95e+01
[12/21] 568a6016 axes={'len_indptr': 2, 'total_q': 18, 'total_kv': 18}: PASSED  ref=0.4528ms sol=0.0533ms  speedup=8.50x  abs=1.56e-02 rel=5.20e+01
[13/21] b8f94163 axes={'len_indptr': 2, 'total_q': 7, 'total_kv': 7}: PASSED  ref=0.4485ms sol=0.0544ms  speedup=8.24x  abs=1.56e-02 rel=1.80e+01
[14/21] bdc49f9e axes={'len_indptr': 2, 'total_q': 1, 'total_kv': 1}: PASSED  ref=0.4031ms sol=0.0560ms  speedup=7.20x  abs=4.77e-07 rel=2.84e-06
[15/21] da9042ea axes={'len_indptr': 2, 'total_q': 35, 'total_kv': 35}: PASSED  ref=0.4599ms sol=0.0535ms  speedup=8.60x  abs=1.56e-02 rel=5.76e+01
[16/21] 58701318 axes={'len_indptr': 2, 'total_q': 35, 'total_kv': 35}: PASSED  ref=0.4564ms sol=0.0540ms  speedup=8.44x  abs=1.56e-02 rel=1.45e+02
[17/21] 2328b031 axes={'len_indptr': 16, 'total_q': 982, 'total_kv': 982}: PASSED  ref=4.9319ms sol=0.1173ms  speedup=42.05x  abs=1.56e-02 rel=7.97e+03
[18/21] 012bb8e4 axes={'len_indptr': 2, 'total_q': 71, 'total_kv': 71}: PASSED  ref=0.4567ms sol=0.0557ms  speedup=8.20x  abs=1.56e-02 rel=2.52e+02
[19/21] 370287f0 axes={'len_indptr': 2, 'total_q': 71, 'total_kv': 71}: PASSED  ref=0.4572ms sol=0.0544ms  speedup=8.40x  abs=1.56e-02 rel=1.54e+02
[20/21] 7a08a0f6 axes={'len_indptr': 11, 'total_q': 12571, 'total_kv': 12571}: PASSED  ref=31.2534ms sol=1.0044ms  speedup=31.12x  abs=1.56e-02 rel=8.87e+03
[21/21] dc8c1d18 axes={'len_indptr': 6, 'total_q': 92, 'total_kv': 92}: PASSED  ref=1.7674ms sol=0.0568ms  speedup=31.10x  abs=1.56e-02 rel=2.00e+02
==============================================================================
Passed: 21/21    valid_run=True
GEOMEAN speedup (optimization target): 11.87x
  arithmetic mean (fib/AKO4X metric):  14.88x
  min=7.20x  max=42.05x
RESULT: VALID — geomean speedup = 11.87x
==============================================================================
Wrote /home/ziming/kda-ops/kda-runs/formal-kda-h100-20260920--flashinfer--gqa_ragged_prefill_causal_h32_kv8_d128/runs/candidates/c005/feedback.json
