Definition: /home/ziming/dataset/SOL-ExecBench/data/benchmark/L1/092_gqa_attention_with_qk_norm/definition.json
Workload  : /home/ziming/dataset/SOL-ExecBench/data/benchmark/L1/092_gqa_attention_with_qk_norm/workload.jsonl
Solution  : /home/ziming/kda-ops/kda-control/formal-kda-h100-20260920--sol_execbench--L1-092_gqa_attention_with_qk_norm/candidates/c003/solution.py
Output    : /home/ziming/kda-ops/kda-runs/formal-kda-h100-20260920--sol_execbench--L1-092_gqa_attention_with_qk_norm/runs/candidates/c003/final.json

==============================================================================
Problem : 092_gqa_attention_with_qk_norm
Passed  : 16/16
Status  : OK
[1] c92bb0a5-0dff-5559-921c-3f4e48c6ec5d: reference=1.075337 ms, candidate=0.468836 ms, speedup=2.2936x
[2] 51c2b5bd-fcfa-54aa-8b49-7dcf549e8071: reference=0.805590 ms, candidate=0.412227 ms, speedup=1.9542x
[3] ce688df8-9e5d-54d3-808b-5dfacd84c6e1: reference=0.913799 ms, candidate=0.421620 ms, speedup=2.1674x
[4] 6c00773e-6f6e-5f0c-b52a-a3a4b5bb7a3a: reference=6.467894 ms, candidate=2.678598 ms, speedup=2.4147x
[5] 65a1864d-4cc8-548f-a9d5-c42a9e639607: reference=5.879808 ms, candidate=2.065265 ms, speedup=2.8470x
[6] 4e17d54d-ba8b-5456-a399-d6ed486e94f4: reference=8.475431 ms, candidate=1.834383 ms, speedup=4.6203x
[7] d0ce8c45-23c5-55e8-a582-f62b1f6068a9: reference=2.779367 ms, candidate=0.885528 ms, speedup=3.1387x
[8] 45487d16-a02f-5861-a6b1-4e565c7d7285: reference=17.136848 ms, candidate=3.469021 ms, speedup=4.9400x
[9] d30e1ce8-92e4-570b-a489-bcdb3170de61: reference=4.052417 ms, candidate=1.444284 ms, speedup=2.8058x
[10] 36af929c-db1b-5edc-8de5-3b0f3700c535: reference=7.927938 ms, candidate=2.807816 ms, speedup=2.8235x
[11] 047a5b81-f0f6-5bc5-85b8-499f96dc333e: reference=2.945528 ms, candidate=1.356395 ms, speedup=2.1716x
[12] 07ab2bf3-193a-57df-b434-30a648c63369: reference=10.829722 ms, candidate=3.034969 ms, speedup=3.5683x
[13] ccea3f00-da6d-515a-846e-3c65f48ad459: reference=0.690006 ms, candidate=0.324499 ms, speedup=2.1264x
[14] 785dbede-dd28-536f-89c1-a2e8ec40d983: reference=12.783035 ms, candidate=5.398125 ms, speedup=2.3681x
[15] 610a5d07-2a1f-520e-a7df-8eba4a0dc3a8: reference=2.100769 ms, candidate=0.778918 ms, speedup=2.6970x
[16] 1e96cc88-5675-52ff-a563-8a51a889e1fe: reference=2.402707 ms, candidate=1.078985 ms, speedup=2.2268x
Geomean : 2.7182x
Average : 2.8227x
==============================================================================
Performance: /home/ziming/kda-ops/kda-runs/formal-kda-h100-20260920--sol_execbench--L1-092_gqa_attention_with_qk_norm/runs/candidates/c003/final.json
