==============================================================================
Definition : gdn_decode_qk4_v8_d128_k_last  (op_type=gdn)
Solution   : /home/ziming/kda-ops/kda-control/formal-kda-h100-20260920--flashinfer--gdn_decode_qk4_v8_d128_k_last/candidates/c003/solution.py
Device     : cuda:0  (NVIDIA H100 80GB HBM3)
Workloads  : 54   trials=1 warmup=2 iters=10
Selected   : [0, 1, 2, 3, 4, 5, 6, 7, 8, 9, 10, 11, 12, 13, 14, 15, 16, 17, 18, 19, 20, 21, 22, 23, 24, 25, 26, 27, 28, 29, 30, 31, 32, 33, 34, 35, 36, 37, 38, 39, 40, 41, 42, 43, 44, 45, 46, 47, 48, 49, 50, 51, 52, 53]
Tolerance  : atol=0.01 rtol=0.01 matched_ratio=0.99
==============================================================================
[1/54] 901e5104 axes={'batch_size': 1}: PASSED  ref=1.3754ms sol=0.0665ms  speedup=20.69x  abs=5.96e-08 rel=3.43e-03
[2/54] a5714b69 axes={'batch_size': 1}: PASSED  ref=1.3672ms sol=0.0650ms  speedup=21.03x  abs=2.38e-07 rel=1.03e-02
[3/54] 3daa0974 axes={'batch_size': 1}: PASSED  ref=1.3696ms sol=0.0661ms  speedup=20.71x  abs=2.98e-08 rel=5.42e-03
[4/54] 22d5cef5 axes={'batch_size': 1}: PASSED  ref=1.3642ms sol=0.0652ms  speedup=20.91x  abs=1.19e-07 rel=6.76e-03
[5/54] aed4bdd4 axes={'batch_size': 1}: PASSED  ref=1.3692ms sol=0.0645ms  speedup=21.24x  abs=2.24e-08 rel=5.28e-03
[6/54] 49a125e5 axes={'batch_size': 1}: PASSED  ref=1.3675ms sol=0.0646ms  speedup=21.15x  abs=2.38e-07 rel=2.59e-03
[7/54] 798635cf axes={'batch_size': 1}: PASSED  ref=1.3695ms sol=0.0651ms  speedup=21.03x  abs=1.19e-07 rel=2.88e-03
[8/54] 5716e24a axes={'batch_size': 1}: PASSED  ref=1.5026ms sol=0.0704ms  speedup=21.35x  abs=2.38e-07 rel=1.38e-03
[9/54] 4c7df22f axes={'batch_size': 1}: PASSED  ref=1.3968ms sol=0.0661ms  speedup=21.14x  abs=2.98e-07 rel=2.31e-02
[10/54] d0e91dea axes={'batch_size': 1}: PASSED  ref=1.4045ms sol=0.0665ms  speedup=21.12x  abs=5.96e-08 rel=3.58e-03
[11/54] ec9d2340 axes={'batch_size': 4}: PASSED  ref=4.8748ms sol=0.0661ms  speedup=73.78x  abs=2.38e-07 rel=5.41e-03
[12/54] 9f238670 axes={'batch_size': 4}: PASSED  ref=4.8415ms sol=0.0651ms  speedup=74.41x  abs=3.73e-08 rel=1.19e-02
[13/54] 6d929bff axes={'batch_size': 4}: PASSED  ref=4.8504ms sol=0.0662ms  speedup=73.30x  abs=2.38e-07 rel=1.56e-02
[14/54] 494844dc axes={'batch_size': 4}: PASSED  ref=4.8518ms sol=0.0651ms  speedup=74.55x  abs=7.45e-08 rel=4.39e-03
[15/54] 26f760ab axes={'batch_size': 4}: PASSED  ref=5.9248ms sol=0.0759ms  speedup=78.04x  abs=1.79e-07 rel=2.44e-02
[16/54] deecf42e axes={'batch_size': 4}: PASSED  ref=7.2553ms sol=0.2181ms  speedup=33.27x  abs=2.09e-07 rel=1.86e-02
[17/54] 9a92acbc axes={'batch_size': 4}: PASSED  ref=5.0302ms sol=0.0651ms  speedup=77.23x  abs=8.94e-08 rel=5.98e-03
[18/54] fa90b213 axes={'batch_size': 4}: PASSED  ref=4.8472ms sol=0.0662ms  speedup=73.21x  abs=1.43e-06 rel=3.15e-02
[19/54] 2640f1e3 axes={'batch_size': 8}: PASSED  ref=9.4809ms sol=0.0666ms  speedup=142.35x  abs=1.19e-07 rel=1.52e-02
[20/54] 7464a1d6 axes={'batch_size': 8}: PASSED  ref=9.6837ms sol=0.0666ms  speedup=145.40x  abs=9.54e-07 rel=1.27e-02
[21/54] 25d1f606 axes={'batch_size': 8}: PASSED  ref=9.4912ms sol=0.0658ms  speedup=144.18x  abs=5.96e-08 rel=9.10e-03
[22/54] fe2e6584 axes={'batch_size': 8}: PASSED  ref=9.4998ms sol=0.0650ms  speedup=146.10x  abs=2.20e-07 rel=1.51e-02
[23/54] ca62112d axes={'batch_size': 8}: PASSED  ref=9.5868ms sol=0.0666ms  speedup=143.92x  abs=8.94e-08 rel=1.36e-02
[24/54] 61dfd334 axes={'batch_size': 8}: PASSED  ref=9.4847ms sol=0.0652ms  speedup=145.41x  abs=3.81e-06 rel=1.16e-02
[25/54] abec5d32 axes={'batch_size': 8}: PASSED  ref=9.4703ms sol=0.0647ms  speedup=146.36x  abs=2.09e-07 rel=1.60e-02
[26/54] 76eec66d axes={'batch_size': 16}: PASSED  ref=18.8094ms sol=0.0664ms  speedup=283.11x  abs=2.38e-07 rel=3.43e-02
[27/54] f0507025 axes={'batch_size': 16}: PASSED  ref=21.1732ms sol=0.0657ms  speedup=322.49x  abs=6.10e-05 rel=4.46e-02
[28/54] d1508f6d axes={'batch_size': 16}: PASSED  ref=19.0414ms sol=0.0661ms  speedup=288.24x  abs=2.38e-07 rel=6.20e-03
[29/54] 63d4cb66 axes={'batch_size': 16}: PASSED  ref=18.7557ms sol=0.0658ms  speedup=285.26x  abs=1.79e-07 rel=1.56e-02
[30/54] ef6bb01d axes={'batch_size': 16}: PASSED  ref=18.7886ms sol=0.0654ms  speedup=287.17x  abs=1.04e-07 rel=1.25e-02
[31/54] d0acf04a axes={'batch_size': 16}: PASSED  ref=18.7473ms sol=0.0642ms  speedup=291.92x  abs=7.63e-06 rel=2.11e-02
[32/54] ac83f1e4 axes={'batch_size': 16}: PASSED  ref=18.7571ms sol=0.0647ms  speedup=289.72x  abs=8.94e-08 rel=1.06e-02
[33/54] a8c8beff axes={'batch_size': 32}: PASSED  ref=33.0604ms sol=0.0576ms  speedup=573.81x  abs=4.77e-07 rel=3.44e-02
[34/54] 40940a4c axes={'batch_size': 32}: PASSED  ref=33.1932ms sol=0.0568ms  speedup=584.55x  abs=5.96e-07 rel=8.49e-02
[35/54] 0915952b axes={'batch_size': 32}: PASSED  ref=33.1803ms sol=0.0624ms  speedup=531.63x  abs=9.54e-07 rel=2.49e-02
[36/54] d38dde79 axes={'batch_size': 32}: PASSED  ref=34.3222ms sol=0.0587ms  speedup=584.89x  abs=1.19e-06 rel=1.02e-01
[37/54] 388f79b1 axes={'batch_size': 32}: PASSED  ref=33.1953ms sol=0.0573ms  speedup=579.46x  abs=1.79e-07 rel=1.12e-02
[38/54] 80288532 axes={'batch_size': 32}: PASSED  ref=33.0841ms sol=0.0572ms  speedup=577.97x  abs=2.68e-07 rel=3.27e-02
[39/54] 773a4157 axes={'batch_size': 32}: PASSED  ref=33.1250ms sol=0.0582ms  speedup=569.08x  abs=4.77e-07 rel=2.05e-02
[40/54] 53385c7f axes={'batch_size': 48}: PASSED  ref=49.5653ms sol=0.0615ms  speedup=805.89x  abs=1.91e-06 rel=3.72e-02
[41/54] 45e7697a axes={'batch_size': 48}: PASSED  ref=49.7790ms sol=0.0606ms  speedup=821.93x  abs=4.77e-07 rel=1.65e-02
[42/54] 34403e5b axes={'batch_size': 48}: PASSED  ref=50.9509ms sol=0.0601ms  speedup=847.83x  abs=4.77e-07 rel=1.34e-02
[43/54] b91cc4aa axes={'batch_size': 48}: PASSED  ref=50.9716ms sol=0.0605ms  speedup=842.29x  abs=9.54e-07 rel=1.61e-01
[44/54] 4c38f0e4 axes={'batch_size': 48}: PASSED  ref=49.8554ms sol=0.0594ms  speedup=839.20x  abs=3.05e-05 rel=6.31e-02
[45/54] be91d78c axes={'batch_size': 48}: PASSED  ref=49.7752ms sol=0.0602ms  speedup=827.12x  abs=3.81e-06 rel=2.35e-01
[46/54] 3803367a axes={'batch_size': 48}: PASSED  ref=49.9274ms sol=0.0601ms  speedup=830.44x  abs=1.19e-07 rel=1.37e-02
[47/54] eaf0a285 axes={'batch_size': 64}: PASSED  ref=65.9599ms sol=0.0657ms  speedup=1004.65x  abs=4.77e-07 rel=2.89e-02
[48/54] f4fd2171 axes={'batch_size': 64}: PASSED  ref=66.2782ms sol=0.0657ms  speedup=1009.30x  abs=1.91e-06 rel=1.64e-02
[49/54] b1931bc6 axes={'batch_size': 64}: PASSED  ref=66.0910ms sol=0.0666ms  speedup=992.43x  abs=9.54e-07 rel=7.65e-02
[50/54] 8d0c5789 axes={'batch_size': 64}: PASSED  ref=66.3093ms sol=0.0664ms  speedup=998.35x  abs=1.19e-07 rel=2.59e-02
[51/54] 9eef9bc7 axes={'batch_size': 64}: PASSED  ref=65.9390ms sol=0.0667ms  speedup=987.96x  abs=3.81e-06 rel=6.07e-02
[52/54] 58571e49 axes={'batch_size': 64}: PASSED  ref=66.0286ms sol=0.0656ms  speedup=1006.19x  abs=3.58e-07 rel=1.14e-01
[53/54] ef2cf980 axes={'batch_size': 64}: PASSED  ref=67.2013ms sol=0.0680ms  speedup=987.88x  abs=3.81e-06 rel=4.52e-02
[54/54] 42963acb axes={'batch_size': 64}: PASSED  ref=66.6901ms sol=0.0662ms  speedup=1007.82x  abs=3.05e-05 rel=6.63e-01
==============================================================================
Passed: 54/54    valid_run=True
GEOMEAN speedup (optimization target): 197.76x
  arithmetic mean (fib/AKO4X metric):  400.75x
  min=20.69x  max=1009.30x
RESULT: VALID — geomean speedup = 197.76x
==============================================================================
Wrote /home/ziming/kda-ops/kda-runs/formal-kda-h100-20260920--flashinfer--gdn_decode_qk4_v8_d128_k_last/runs/candidates/c003/feedback.json
