==============================================================================
Definition : gemm_n4096_k4096  (op_type=gemm)
Solution   : /home/ziming/kda-ops/kda-control/formal-kda-h100-20260920--flashinfer--gemm_n4096_k4096/candidates/c007/solution.py
Device     : cuda:0  (NVIDIA H100 80GB HBM3)
Workloads  : 43   trials=1 warmup=2 iters=10
Selected   : [0, 1, 2, 3, 4, 5, 6, 7, 8, 9, 10, 11, 12, 13, 14, 15, 16, 17, 18, 19, 20, 21, 22, 23, 24, 25, 26, 27, 28, 29, 30, 31, 32, 33, 34, 35, 36, 37, 38, 39, 40, 41, 42]
Tolerance  : atol=0.01 rtol=0.01 matched_ratio=0.99
==============================================================================
[1/43] 280860e6 axes={'M': 256}: PASSED  ref=0.0383ms sol=0.0972ms  speedup=0.39x  abs=0.00e+00 rel=0.00e+00
[2/43] 2e90109a axes={'M': 248}: PASSED  ref=0.0369ms sol=0.0919ms  speedup=0.40x  abs=0.00e+00 rel=0.00e+00
[3/43] e7c939ae axes={'M': 240}: PASSED  ref=0.0350ms sol=0.0913ms  speedup=0.38x  abs=0.00e+00 rel=0.00e+00
[4/43] 3ab6479f axes={'M': 232}: PASSED  ref=0.0347ms sol=0.0904ms  speedup=0.38x  abs=0.00e+00 rel=0.00e+00
[5/43] 29581017 axes={'M': 224}: PASSED  ref=0.0347ms sol=0.0902ms  speedup=0.38x  abs=0.00e+00 rel=0.00e+00
[6/43] e97cc8b3 axes={'M': 216}: PASSED  ref=0.0338ms sol=0.0892ms  speedup=0.38x  abs=0.00e+00 rel=0.00e+00
[7/43] c69f1da6 axes={'M': 208}: PASSED  ref=0.0334ms sol=0.0904ms  speedup=0.37x  abs=0.00e+00 rel=0.00e+00
[8/43] 38a98eb2 axes={'M': 200}: PASSED  ref=0.0351ms sol=0.0896ms  speedup=0.39x  abs=0.00e+00 rel=0.00e+00
[9/43] 62f7844c axes={'M': 192}: PASSED  ref=0.0318ms sol=0.0901ms  speedup=0.35x  abs=0.00e+00 rel=0.00e+00
[10/43] 1342c570 axes={'M': 184}: PASSED  ref=0.0336ms sol=0.0904ms  speedup=0.37x  abs=0.00e+00 rel=0.00e+00
[11/43] beb5da20 axes={'M': 176}: PASSED  ref=0.0318ms sol=0.0893ms  speedup=0.36x  abs=0.00e+00 rel=0.00e+00
[12/43] c8c9178e axes={'M': 168}: PASSED  ref=0.0326ms sol=0.0890ms  speedup=0.37x  abs=0.00e+00 rel=0.00e+00
[13/43] c103a7db axes={'M': 160}: PASSED  ref=0.0309ms sol=0.0895ms  speedup=0.35x  abs=0.00e+00 rel=0.00e+00
[14/43] ed0bbc00 axes={'M': 152}: PASSED  ref=0.0320ms sol=0.0891ms  speedup=0.36x  abs=0.00e+00 rel=0.00e+00
[15/43] 83deae78 axes={'M': 144}: PASSED  ref=0.0309ms sol=0.0880ms  speedup=0.35x  abs=0.00e+00 rel=0.00e+00
[16/43] 76fde2b6 axes={'M': 136}: PASSED  ref=0.0317ms sol=0.0894ms  speedup=0.35x  abs=0.00e+00 rel=0.00e+00
[17/43] 29ebd771 axes={'M': 128}: PASSED  ref=0.0346ms sol=0.0580ms  speedup=0.60x  abs=0.00e+00 rel=0.00e+00
[18/43] 73dd121d axes={'M': 120}: PASSED  ref=0.0307ms sol=0.0534ms  speedup=0.57x  abs=0.00e+00 rel=0.00e+00
[19/43] 27fa4c34 axes={'M': 112}: PASSED  ref=0.0303ms sol=0.0535ms  speedup=0.57x  abs=0.00e+00 rel=0.00e+00
[20/43] faac134d axes={'M': 104}: PASSED  ref=0.0298ms sol=0.0542ms  speedup=0.55x  abs=0.00e+00 rel=0.00e+00
[21/43] 1948bb55 axes={'M': 96}: PASSED  ref=0.0292ms sol=0.0537ms  speedup=0.54x  abs=0.00e+00 rel=0.00e+00
[22/43] 3a7e6db4 axes={'M': 88}: PASSED  ref=0.0294ms sol=0.0530ms  speedup=0.56x  abs=0.00e+00 rel=0.00e+00
[23/43] dcb04a7e axes={'M': 80}: PASSED  ref=0.0290ms sol=0.0525ms  speedup=0.55x  abs=0.00e+00 rel=0.00e+00
[24/43] ef996a93 axes={'M': 72}: PASSED  ref=0.0302ms sol=0.0529ms  speedup=0.57x  abs=0.00e+00 rel=0.00e+00
[25/43] 67d4c8f3 axes={'M': 64}: PASSED  ref=0.0296ms sol=0.0490ms  speedup=0.60x  abs=0.00e+00 rel=0.00e+00
[26/43] 54d34708 axes={'M': 56}: PASSED  ref=0.0306ms sol=0.0492ms  speedup=0.62x  abs=0.00e+00 rel=0.00e+00
[27/43] 59ca23f5 axes={'M': 48}: PASSED  ref=0.0288ms sol=0.0518ms  speedup=0.56x  abs=0.00e+00 rel=0.00e+00
[28/43] 54062a8b axes={'M': 40}: PASSED  ref=0.0296ms sol=0.0501ms  speedup=0.59x  abs=0.00e+00 rel=0.00e+00
[29/43] 5230e6ed axes={'M': 32}: PASSED  ref=0.0293ms sol=0.0495ms  speedup=0.59x  abs=0.00e+00 rel=0.00e+00
[30/43] 73212638 axes={'M': 24}: PASSED  ref=0.0285ms sol=0.0497ms  speedup=0.57x  abs=0.00e+00 rel=0.00e+00
[31/43] 404d21b1 axes={'M': 16}: PASSED  ref=0.0310ms sol=0.0503ms  speedup=0.62x  abs=1.25e-01 rel=1.07e-01
[32/43] 4cdab8cd axes={'M': 8}: PASSED  ref=0.0282ms sol=0.0523ms  speedup=0.54x  abs=0.00e+00 rel=0.00e+00
[33/43] f439da26 axes={'M': 4}: PASSED  ref=0.0306ms sol=0.0521ms  speedup=0.59x  abs=1.25e-01 rel=1.25e-01
[34/43] 6c2f4ba8 axes={'M': 2}: PASSED  ref=0.0312ms sol=0.0583ms  speedup=0.54x  abs=6.25e-02 rel=6.35e-03
[35/43] e39649a6 axes={'M': 1}: PASSED  ref=0.0328ms sol=0.0748ms  speedup=0.44x  abs=1.25e-01 rel=1.09e-02
[36/43] 094ef833 axes={'M': 7}: PASSED  ref=0.0316ms sol=0.0533ms  speedup=0.59x  abs=6.25e-02 rel=2.94e-01
[37/43] 4c6bdefd axes={'M': 35}: PASSED  ref=0.0293ms sol=0.0497ms  speedup=0.59x  abs=0.00e+00 rel=0.00e+00
[38/43] da2a2234 axes={'M': 972}: PASSED  ref=0.0698ms sol=0.0885ms  speedup=0.79x  abs=0.00e+00 rel=0.00e+00
[39/43] 897b6544 axes={'M': 70}: PASSED  ref=0.0285ms sol=0.0525ms  speedup=0.54x  abs=0.00e+00 rel=0.00e+00
[40/43] 8a8311fa axes={'M': 2053}: PASSED  ref=0.1705ms sol=0.2424ms  speedup=0.70x  abs=0.00e+00 rel=0.00e+00
[41/43] b626104c axes={'M': 8192}: PASSED  ref=0.6563ms sol=0.7052ms  speedup=0.93x  abs=0.00e+00 rel=0.00e+00
[42/43] 547e0ce5 axes={'M': 2379}: PASSED  ref=0.1832ms sol=0.2462ms  speedup=0.74x  abs=0.00e+00 rel=0.00e+00
[43/43] 339de815 axes={'M': 15}: PASSED  ref=0.0319ms sol=0.0514ms  speedup=0.62x  abs=1.25e-01 rel=2.09e-01
==============================================================================
Passed: 43/43    valid_run=True
GEOMEAN speedup (optimization target): 0.50x
  arithmetic mean (fib/AKO4X metric):  0.52x
  min=0.35x  max=0.93x
RESULT: VALID — geomean speedup = 0.50x
==============================================================================
Wrote /home/ziming/kda-ops/kda-runs/formal-kda-h100-20260920--flashinfer--gemm_n4096_k4096/runs/candidates/c007/feedback.json
