==============================================================================
Definition : gemm_n4096_k4096  (op_type=gemm)
Solution   : /home/ziming/whr/run/baseline/drtriton/kbstyle_stts_full8_20260922/tasks/flashinfer/gemm_n4096_k4096/final/solution.py
Device     : cuda:0  (NVIDIA H100 80GB HBM3)
Workloads  : 43   trials=1 warmup=3 iters=100
Tolerance  : atol=0.01 rtol=0.01 matched_ratio=0.99
==============================================================================
[1/43] 280860e6 axes={'M': 256}: PASSED  ref=0.0341ms sol=0.1211ms  speedup=0.28x  abs=0.00e+00 rel=0.00e+00
[2/43] 2e90109a axes={'M': 248}: PASSED  ref=0.0347ms sol=0.1204ms  speedup=0.29x  abs=0.00e+00 rel=0.00e+00
[3/43] e7c939ae axes={'M': 240}: PASSED  ref=0.0329ms sol=0.1223ms  speedup=0.27x  abs=0.00e+00 rel=0.00e+00
[4/43] 3ab6479f axes={'M': 232}: PASSED  ref=0.0335ms sol=0.1218ms  speedup=0.27x  abs=0.00e+00 rel=0.00e+00
[5/43] 29581017 axes={'M': 224}: PASSED  ref=0.0315ms sol=0.1163ms  speedup=0.27x  abs=0.00e+00 rel=0.00e+00
[6/43] e97cc8b3 axes={'M': 216}: PASSED  ref=0.0327ms sol=0.1135ms  speedup=0.29x  abs=0.00e+00 rel=0.00e+00
[7/43] c69f1da6 axes={'M': 208}: PASSED  ref=0.0312ms sol=0.1053ms  speedup=0.30x  abs=0.00e+00 rel=0.00e+00
[8/43] 38a98eb2 axes={'M': 200}: PASSED  ref=0.0320ms sol=0.1040ms  speedup=0.31x  abs=0.00e+00 rel=0.00e+00
[9/43] 62f7844c axes={'M': 192}: PASSED  ref=0.0303ms sol=0.0810ms  speedup=0.37x  abs=0.00e+00 rel=0.00e+00
[10/43] 1342c570 axes={'M': 184}: PASSED  ref=0.0315ms sol=0.0815ms  speedup=0.39x  abs=0.00e+00 rel=0.00e+00
[11/43] beb5da20 axes={'M': 176}: PASSED  ref=0.0300ms sol=0.0814ms  speedup=0.37x  abs=0.00e+00 rel=0.00e+00
[12/43] c8c9178e axes={'M': 168}: PASSED  ref=0.0309ms sol=0.0812ms  speedup=0.38x  abs=0.00e+00 rel=0.00e+00
[13/43] c103a7db axes={'M': 160}: PASSED  ref=0.0294ms sol=0.0803ms  speedup=0.37x  abs=0.00e+00 rel=0.00e+00
[14/43] ed0bbc00 axes={'M': 152}: PASSED  ref=0.0310ms sol=0.0802ms  speedup=0.39x  abs=0.00e+00 rel=0.00e+00
[15/43] 83deae78 axes={'M': 144}: PASSED  ref=0.0289ms sol=0.0808ms  speedup=0.36x  abs=0.00e+00 rel=0.00e+00
[16/43] 76fde2b6 axes={'M': 136}: PASSED  ref=0.0297ms sol=0.0794ms  speedup=0.37x  abs=0.00e+00 rel=0.00e+00
[17/43] 29ebd771 axes={'M': 128}: PASSED  ref=0.0284ms sol=0.0959ms  speedup=0.30x  abs=0.00e+00 rel=0.00e+00
[18/43] 73dd121d axes={'M': 120}: PASSED  ref=0.0283ms sol=0.0721ms  speedup=0.39x  abs=0.00e+00 rel=0.00e+00
[19/43] 27fa4c34 axes={'M': 112}: PASSED  ref=0.0282ms sol=0.0719ms  speedup=0.39x  abs=0.00e+00 rel=0.00e+00
[20/43] faac134d axes={'M': 104}: PASSED  ref=0.0280ms sol=0.0722ms  speedup=0.39x  abs=0.00e+00 rel=0.00e+00
[21/43] 1948bb55 axes={'M': 96}: PASSED  ref=0.0280ms sol=0.0720ms  speedup=0.39x  abs=0.00e+00 rel=0.00e+00
[22/43] 3a7e6db4 axes={'M': 88}: PASSED  ref=0.0279ms sol=0.0737ms  speedup=0.38x  abs=0.00e+00 rel=0.00e+00
[23/43] dcb04a7e axes={'M': 80}: PASSED  ref=0.0278ms sol=0.0708ms  speedup=0.39x  abs=0.00e+00 rel=0.00e+00
[24/43] ef996a93 axes={'M': 72}: PASSED  ref=0.0285ms sol=0.0711ms  speedup=0.40x  abs=0.00e+00 rel=0.00e+00
[25/43] 67d4c8f3 axes={'M': 64}: PASSED  ref=0.0272ms sol=0.0658ms  speedup=0.41x  abs=0.00e+00 rel=0.00e+00
[26/43] 54d34708 axes={'M': 56}: PASSED  ref=0.0282ms sol=0.0655ms  speedup=0.43x  abs=0.00e+00 rel=0.00e+00
[27/43] 59ca23f5 axes={'M': 48}: PASSED  ref=0.0274ms sol=0.0658ms  speedup=0.42x  abs=0.00e+00 rel=0.00e+00
[28/43] 54062a8b axes={'M': 40}: PASSED  ref=0.0269ms sol=0.0649ms  speedup=0.41x  abs=0.00e+00 rel=0.00e+00
[29/43] 5230e6ed axes={'M': 32}: PASSED  ref=0.0269ms sol=0.0648ms  speedup=0.42x  abs=0.00e+00 rel=0.00e+00
[30/43] 73212638 axes={'M': 24}: PASSED  ref=0.0268ms sol=0.0649ms  speedup=0.41x  abs=0.00e+00 rel=0.00e+00
[31/43] 404d21b1 axes={'M': 16}: PASSED  ref=0.0289ms sol=0.0648ms  speedup=0.45x  abs=1.25e-01 rel=5.41e-02
[32/43] 4cdab8cd axes={'M': 8}: PASSED  ref=0.0267ms sol=0.0643ms  speedup=0.41x  abs=0.00e+00 rel=0.00e+00
[33/43] f439da26 axes={'M': 4}: PASSED  ref=0.0283ms sol=0.0642ms  speedup=0.44x  abs=6.25e-02 rel=1.77e-02
[34/43] 6c2f4ba8 axes={'M': 2}: PASSED  ref=0.0283ms sol=0.0642ms  speedup=0.44x  abs=1.25e-01 rel=1.61e-02
[35/43] e39649a6 axes={'M': 1}: PASSED  ref=0.0284ms sol=0.0648ms  speedup=0.44x  abs=6.25e-02 rel=1.11e-02
[36/43] 094ef833 axes={'M': 7}: PASSED  ref=0.0284ms sol=0.0647ms  speedup=0.44x  abs=1.25e-01 rel=2.00e-02
[37/43] 4c6bdefd axes={'M': 35}: PASSED  ref=0.0273ms sol=0.0650ms  speedup=0.42x  abs=0.00e+00 rel=0.00e+00
[38/43] da2a2234 axes={'M': 972}: PASSED  ref=0.0669ms sol=0.3290ms  speedup=0.20x  abs=0.00e+00 rel=0.00e+00
[39/43] 897b6544 axes={'M': 70}: PASSED  ref=0.0282ms sol=0.0779ms  speedup=0.36x  abs=0.00e+00 rel=0.00e+00
[40/43] 8a8311fa axes={'M': 2053}: PASSED  ref=0.1639ms sol=0.6027ms  speedup=0.27x  abs=0.00e+00 rel=0.00e+00
[41/43] b626104c axes={'M': 8192}: PASSED  ref=0.6306ms sol=2.5983ms  speedup=0.24x  abs=0.00e+00 rel=0.00e+00
[42/43] 547e0ce5 axes={'M': 2379}: PASSED  ref=0.1893ms sol=0.6893ms  speedup=0.27x  abs=0.00e+00 rel=0.00e+00
[43/43] 339de815 axes={'M': 15}: PASSED  ref=0.0309ms sol=0.0687ms  speedup=0.45x  abs=1.25e-01 rel=4.34e-01
==============================================================================
Passed: 43/43    valid_run=True
GEOMEAN speedup (optimization target): 0.36x
  arithmetic mean (fib/AKO4X metric):  0.36x
  min=0.20x  max=0.45x
RESULT: VALID — geomean speedup = 0.36x
==============================================================================
Wrote /home/ziming/whr/run/baseline/drtriton/kbstyle_stts_full8_20260922/tasks/flashinfer/gemm_n4096_k4096/final/performance.json
