==============================================================================
Definition : gdn_decode_qk4_v8_d128_k_last  (op_type=gdn)
Solution   : /data1/workspace/weihongren/kda-control/formal-kda-20260916--flashinfer--gdn_decode_qk4_v8_d128_k_last/candidates/c001/solution.py
Device     : cuda:0  (NVIDIA A800-SXM4-80GB)
Workloads  : 5   trials=1 warmup=3 iters=100
Selected   : [24, 48, 26, 2, 16]
Tolerance  : atol=0.01 rtol=0.01 matched_ratio=0.99
==============================================================================
[1/5] abec5d32 axes={'batch_size': 8}: PASSED  ref=12.3339ms sol=0.0658ms  speedup=187.53x  abs=2.09e-07 rel=2.62e-02
[2/5] b1931bc6 axes={'batch_size': 64}: PASSED  ref=96.0442ms sol=0.0904ms  speedup=1062.69x  abs=9.54e-07 rel=4.16e-02
[3/5] f0507025 axes={'batch_size': 16}: PASSED  ref=24.1214ms sol=0.0649ms  speedup=371.55x  abs=6.10e-05 rel=4.49e-02
[4/5] 3daa0974 axes={'batch_size': 1}: PASSED  ref=1.7766ms sol=0.0639ms  speedup=27.82x  abs=2.24e-08 rel=5.42e-03
[5/5] 9a92acbc axes={'batch_size': 4}: PASSED  ref=6.2939ms sol=0.0648ms  speedup=97.18x  abs=8.94e-08 rel=6.74e-03
==============================================================================
Passed: 5/5    valid_run=True
GEOMEAN speedup (optimization target): 182.09x
  arithmetic mean (fib/AKO4X metric):  349.35x
  min=27.82x  max=1062.69x
RESULT: VALID — geomean speedup = 182.09x
==============================================================================
Wrote /data1/workspace/weihongren/kda-runs/formal-kda-20260916--flashinfer--gdn_decode_qk4_v8_d128_k_last/runs/candidates/c001/feedback.json
