==============================================================================
Definition : gqa_paged_prefill_causal_h32_kv8_d128_ps1  (op_type=gqa_paged)
Solution   : /data1/workspace/weihongren/kda-control/formal-kda-20260916--flashinfer--gqa_paged_prefill_causal_h32_kv8_d128_ps1/candidates/c001/solution.py
Device     : cuda:0  (NVIDIA A800-SXM4-80GB)
Workloads  : 5   trials=1 warmup=3 iters=100
Selected   : [24, 26, 2, 16, 32]
Tolerance  : atol=0.01 rtol=0.01 matched_ratio=0.99
==============================================================================
[1/5] d1b0b14d axes={'len_indptr': 39, 'total_q': 7140, 'num_kv_indices': 97, 'num_pages': 399096}: PASSED  ref=562.2857ms sol=3.0906ms  speedup=181.93x  abs=7.81e-03 rel=1.19e-02
[2/5] 7e6843d3 axes={'len_indptr': 4, 'total_q': 123, 'num_kv_indices': 12, 'num_pages': 135698}: PASSED  ref=70.5247ms sol=0.6179ms  speedup=114.14x  abs=3.91e-03 rel=6.25e-03
[3/5] 75ab4c21 axes={'len_indptr': 29, 'total_q': 13515, 'num_kv_indices': 28, 'num_pages': 2}: PASSED  ref=160.1993ms sol=2.3176ms  speedup=69.12x  abs=9.54e-07 rel=3.18e-05
[4/5] a94c44ab axes={'len_indptr': 2, 'total_q': 16384, 'num_kv_indices': 3, 'num_pages': 25634}: PASSED  ref=20.0734ms sol=0.6280ms  speedup=31.97x  abs=7.15e-07 rel=1.38e-06
[5/5] a1638bf3 axes={'len_indptr': 11, 'total_q': 4950, 'num_kv_indices': 25, 'num_pages': 296392}: PASSED  ref=146.5131ms sol=1.0003ms  speedup=146.46x  abs=3.91e-03 rel=7.30e-03
==============================================================================
Passed: 5/5    valid_run=True
GEOMEAN speedup (optimization target): 92.36x
  arithmetic mean (fib/AKO4X metric):  108.72x
  min=31.97x  max=181.93x
RESULT: VALID — geomean speedup = 92.36x
==============================================================================
Wrote /data1/workspace/weihongren/kda-runs/formal-kda-20260916--flashinfer--gqa_paged_prefill_causal_h32_kv8_d128_ps1/runs/candidates/c001/feedback.json
