==============================================================================
Definition : dsa_sparse_attention_h16_ckv512_kpe64_topk2048_ps64  (op_type=dsa_paged)
Solution   : /home/ziming/kda-ops/kda-control/formal-kda-h100-20260920--flashinfer--dsa_sparse_attention_h16_ckv512_kpe64_topk2048_ps64/candidates/c003/solution.py
Device     : cuda:0  (NVIDIA H100 80GB HBM3)
Workloads  : 23   trials=1 warmup=2 iters=10
Selected   : [0, 1, 2, 3, 4, 5, 6, 7, 8, 9, 10, 11, 12, 13, 14, 15, 16, 17, 18, 19, 20, 21, 22]
Tolerance  : atol=0.01 rtol=0.01 matched_ratio=0.99
==============================================================================
[1/23] 0c23b10c axes={'num_tokens': 1, 'num_pages': 8462}: PASSED  ref=1.3360ms sol=0.1063ms  speedup=12.57x  abs=1.56e-02 rel=5.95e-01
[2/23] 9d4a5f21 axes={'num_tokens': 2, 'num_pages': 8462}: PASSED  ref=1.4663ms sol=0.0991ms  speedup=14.79x  abs=7.81e-03 rel=5.98e+00
[3/23] b7668cfd axes={'num_tokens': 2, 'num_pages': 8462}: PASSED  ref=1.5369ms sol=0.0989ms  speedup=15.53x  abs=7.81e-03 rel=1.45e+01
[4/23] 0a63b87b axes={'num_tokens': 2, 'num_pages': 8462}: PASSED  ref=1.9993ms sol=0.0990ms  speedup=20.19x  abs=1.56e-02 rel=4.50e+00
[5/23] 05f6de65 axes={'num_tokens': 2, 'num_pages': 8462}: PASSED  ref=1.4781ms sol=0.1004ms  speedup=14.72x  abs=1.56e-02 rel=2.82e+00
[6/23] fc85411e axes={'num_tokens': 2, 'num_pages': 8462}: PASSED  ref=1.4590ms sol=0.0989ms  speedup=14.75x  abs=1.56e-02 rel=4.21e+00
[7/23] e6b849f2 axes={'num_tokens': 2, 'num_pages': 8462}: PASSED  ref=1.4639ms sol=0.0986ms  speedup=14.84x  abs=1.56e-02 rel=3.38e+01
[8/23] 9f3f891b axes={'num_tokens': 2, 'num_pages': 8462}: PASSED  ref=1.4502ms sol=0.0981ms  speedup=14.79x  abs=7.81e-03 rel=6.84e+00
[9/23] f77df5ce axes={'num_tokens': 2, 'num_pages': 8462}: PASSED  ref=1.4558ms sol=0.0989ms  speedup=14.72x  abs=1.56e-02 rel=3.83e+00
[10/23] 385742b2 axes={'num_tokens': 8, 'num_pages': 8462}: PASSED  ref=2.8594ms sol=0.1022ms  speedup=27.97x  abs=1.56e-02 rel=7.39e+02
[11/23] 4c46a94b axes={'num_tokens': 8, 'num_pages': 8462}: PASSED  ref=2.8345ms sol=0.0998ms  speedup=28.39x  abs=1.56e-02 rel=1.22e+01
[12/23] 38389961 axes={'num_tokens': 7, 'num_pages': 8462}: PASSED  ref=2.8511ms sol=0.0999ms  speedup=28.55x  abs=1.56e-02 rel=2.46e+02
[13/23] 02d6ae9c axes={'num_tokens': 8, 'num_pages': 8462}: PASSED  ref=2.8791ms sol=0.1000ms  speedup=28.79x  abs=1.56e-02 rel=6.35e+00
[14/23] ddfa9e34 axes={'num_tokens': 6, 'num_pages': 8462}: PASSED  ref=2.3925ms sol=0.0998ms  speedup=23.98x  abs=1.56e-02 rel=1.02e+01
[15/23] 78b2e11c axes={'num_tokens': 8, 'num_pages': 8462}: PASSED  ref=2.8829ms sol=0.1009ms  speedup=28.58x  abs=7.81e-03 rel=1.81e+01
[16/23] 68d6817d axes={'num_tokens': 6, 'num_pages': 8462}: PASSED  ref=2.3675ms sol=0.0998ms  speedup=23.73x  abs=1.56e-02 rel=1.19e+03
[17/23] 564007ac axes={'num_tokens': 8, 'num_pages': 8462}: PASSED  ref=2.8744ms sol=0.1014ms  speedup=28.36x  abs=1.56e-02 rel=6.91e+01
[18/23] ae4219a9 axes={'num_tokens': 7, 'num_pages': 8462}: PASSED  ref=2.6469ms sol=0.0997ms  speedup=26.55x  abs=1.56e-02 rel=6.44e+01
[19/23] 232ed014 axes={'num_tokens': 8, 'num_pages': 8462}: PASSED  ref=2.8489ms sol=0.0994ms  speedup=28.65x  abs=1.56e-02 rel=1.70e+01
[20/23] 7a389715 axes={'num_tokens': 8, 'num_pages': 8462}: PASSED  ref=2.8562ms sol=0.1010ms  speedup=28.28x  abs=1.56e-02 rel=8.98e+00
[21/23] 5096e459 axes={'num_tokens': 8, 'num_pages': 8462}: PASSED  ref=2.8882ms sol=0.0982ms  speedup=29.40x  abs=7.81e-03 rel=9.76e+00
[22/23] d57eb9e1 axes={'num_tokens': 6, 'num_pages': 8462}: PASSED  ref=2.4487ms sol=0.0991ms  speedup=24.70x  abs=7.81e-03 rel=1.24e+01
[23/23] 2207f0fd axes={'num_tokens': 7, 'num_pages': 8462}: PASSED  ref=2.6786ms sol=0.0985ms  speedup=27.19x  abs=1.56e-02 rel=5.64e+01
==============================================================================
Passed: 23/23    valid_run=True
GEOMEAN speedup (optimization target): 21.66x
  arithmetic mean (fib/AKO4X metric):  22.61x
  min=12.57x  max=29.40x
RESULT: VALID — geomean speedup = 21.66x
==============================================================================
Wrote /home/ziming/kda-ops/kda-runs/formal-kda-h100-20260920--flashinfer--dsa_sparse_attention_h16_ckv512_kpe64_topk2048_ps64/runs/candidates/c003/feedback.json
