Definition: /home/ziming/dataset/SOL-ExecBench/data/benchmark/L1/018_fused_rope_with_qk_norm_and_kv_cache_update/definition.json
Workload  : /home/ziming/kda-ops/kda-control/formal-kda-h100-20260920--sol_execbench--L1-018_fused_rope_with_qk_norm_and_kv_cache_update/feedback_workloads.jsonl
Solution  : /home/ziming/kda-ops/kda-control/formal-kda-h100-20260920--sol_execbench--L1-018_fused_rope_with_qk_norm_and_kv_cache_update/candidates/c001/solution.py
Output    : /home/ziming/kda-ops/kda-runs/formal-kda-h100-20260920--sol_execbench--L1-018_fused_rope_with_qk_norm_and_kv_cache_update/runs/candidates/c001/feedback.json

==============================================================================
Problem : 018_fused_rope_with_qk_norm_and_kv_cache_update
Passed  : 12/13
Status  : FAIL
[1] 2ff5eaf3-5138-5135-b35a-ea14e9014cd2: reference=0.106817 ms, candidate=0.008272 ms, speedup=12.9130x
[2] 3c3b2b9b-5b67-582b-b183-a34a3199ddd2: reference=0.189392 ms, candidate=0.018944 ms, speedup=9.9975x
[3] 8f5402ae-9b88-5eed-afe5-cba4c51a72cb: INCORRECT_NUMERICAL
[4] 520daee2-844e-528d-ba34-10eafa62b0a4: reference=0.148336 ms, candidate=0.013968 ms, speedup=10.6197x
[5] 052e17c9-2fdd-5b2d-a3bc-376d9ffac3e4: reference=0.521138 ms, candidate=0.050848 ms, speedup=10.2489x
[6] d1dbaf22-9513-5482-99bc-ac28bd971a79: reference=0.192960 ms, candidate=0.019696 ms, speedup=9.7969x
[7] 6a214883-9138-51d9-aa5a-8d3c81f8ad89: reference=0.515906 ms, candidate=0.047232 ms, speedup=10.9228x
[8] 8603b54e-8690-5562-bbfe-24037a153750: reference=1.724261 ms, candidate=0.163504 ms, speedup=10.5457x
[9] 39eb0040-eb8e-5cb0-b4f6-130a35f589d9: reference=0.922883 ms, candidate=0.087472 ms, speedup=10.5506x
[10] f71286e4-c31d-5da8-a0b1-150e7ad5ea32: reference=0.203537 ms, candidate=0.021568 ms, speedup=9.4370x
[11] 3c5b9152-7a47-5bb5-9b79-8515dea00500: reference=0.553394 ms, candidate=0.051120 ms, speedup=10.8254x
[12] d90ee047-589a-5943-968d-3c0f966d1957: reference=1.074997 ms, candidate=0.101616 ms, speedup=10.5790x
[13] 13f5b933-268b-5baa-bf48-452cd48dd0e5: reference=0.308161 ms, candidate=0.032320 ms, speedup=9.5347x
Geomean : 10.4643x
Average : 10.4976x
==============================================================================
Performance: /home/ziming/kda-ops/kda-runs/formal-kda-h100-20260920--sol_execbench--L1-018_fused_rope_with_qk_norm_and_kv_cache_update/runs/candidates/c001/feedback.json
