Definition: /data1/workspace/ziming/dataset/SOL-ExecBench/data/benchmark/L2/049_group_limited_topk_routing/definition.json
Workload  : /data1/workspace/ziming/dataset/SOL-ExecBench/data/benchmark/L2/049_group_limited_topk_routing/workload.jsonl
Solution  : /data1/workspace/weihongren/baseline/drtriton/kbstyle_campaign_v2_20260918/tasks/SOL/L2/049_group_limited_topk_routing/refprecompute/solution.json
Output    : /data1/workspace/weihongren/baseline/drtriton/kbstyle_campaign_v2_20260918/tasks/SOL/L2/049_group_limited_topk_routing/refprecompute/evaluation.json

==============================================================================
Problem : 049_group_limited_topk_routing
Passed  : 16/16
Status  : OK
[1] d6d0eb83-de2e-5a6d-ba23-ee72ae216708: reference=0.628324 ms, candidate=0.629412 ms, speedup=0.9983x
[2] 2d3ab9f3-e864-5bc5-86a8-22df69d7afe1: reference=0.669171 ms, candidate=0.670689 ms, speedup=0.9977x
[3] 557d6ebe-248b-5692-a8c9-f2cf0daea505: reference=0.968365 ms, candidate=0.967166 ms, speedup=1.0012x
[4] 3c7e34f7-cf64-52cc-9145-8b956a99d786: reference=1.075310 ms, candidate=1.074924 ms, speedup=1.0004x
[5] 1d554a6c-1d9d-54c7-9ed9-6d4b50c95906: reference=0.671571 ms, candidate=0.672002 ms, speedup=0.9994x
[6] 255fc599-953f-5ad6-9fd1-ffa2d961599a: reference=0.677523 ms, candidate=0.677428 ms, speedup=1.0001x
[7] 0fc8f5f9-1900-55f4-b7d8-acefecbead69: reference=1.491204 ms, candidate=1.490803 ms, speedup=1.0003x
[8] 56d76e98-5a37-53fb-acb7-98c263e6492d: reference=3.193926 ms, candidate=3.902614 ms, speedup=0.8184x
[9] 120f9250-1ae9-5daa-93df-33657e8ef3bc: reference=0.554472 ms, candidate=0.554005 ms, speedup=1.0008x
[10] 0b6c941f-7820-5b8a-a767-cfa0ccd5bc13: reference=0.715234 ms, candidate=0.714818 ms, speedup=1.0006x
[11] 0955cad9-50b5-508d-9f56-2c4409225941: reference=1.759711 ms, candidate=1.759919 ms, speedup=0.9999x
[12] 52292135-4dd2-510b-a7e0-21aa988862c1: reference=0.559701 ms, candidate=0.559462 ms, speedup=1.0004x
[13] 469b2796-deb3-5a83-a7a6-1b2f84b86f20: reference=0.559335 ms, candidate=0.558853 ms, speedup=1.0009x
[14] 012f1aaf-7c8b-5342-a24a-5bf688ba5668: reference=2.819180 ms, candidate=3.024697 ms, speedup=0.9321x
[15] dca55419-b0fb-59a3-9e34-a3e654a7643d: reference=0.741875 ms, candidate=0.742034 ms, speedup=0.9998x
[16] 993dd417-9fb2-5d66-9b81-c1e15a113463: reference=0.645668 ms, candidate=0.645555 ms, speedup=1.0002x
Geomean : 0.9832x
Average : 0.9844x
==============================================================================
Performance: /data1/workspace/weihongren/baseline/drtriton/kbstyle_campaign_v2_20260918/tasks/SOL/L2/049_group_limited_topk_routing/refprecompute/evaluation.json
