==============================================================================
Definition : mla_paged_prefill_causal_h16_ckv512_kpe64_ps1  (op_type=mla_paged)
Solution   : /home/ziming/kda-ops/kda-control/formal-kda-h100-20260920--flashinfer--mla_paged_prefill_causal_h16_ckv512_kpe64_ps1/candidates/c001/solution.py
Device     : cuda:0  (NVIDIA H100 80GB HBM3)
Workloads  : 38   trials=1 warmup=2 iters=10
Selected   : [0, 1, 2, 3, 4, 5, 6, 7, 8, 9, 10, 11, 12, 13, 14, 15, 16, 17, 18, 19, 20, 21, 22, 23, 24, 25, 26, 27, 28, 29, 30, 31, 32, 33, 34, 35, 36, 37]
Tolerance  : atol=0.01 rtol=0.01 matched_ratio=0.99
==============================================================================
[1/38] 55b51e96 axes={'total_q': 33, 'num_pages': 989669, 'len_indptr': 2, 'num_kv_indices': 34}: RUNTIME_ERROR  CompilationError: at 65:26:
    q_rows = q_start + offs_m
    qn_ptrs = (
        Q_nope + q_rows[:, None] * stride_qn_t + cur_head * stride_qn_h + offs_d[None, :]
    )
    q_nope = tl.load(qn_ptrs, mask=mask_m[:, None], other=0.0)  # [BM, Dc]

    qp_ptrs = (
        Q_pe + q_rows[:, None] * stride_qp_t + cur_head * stride_qp_h + offs_dpe[None, :]
    )
    q_pe = tl.load(qp_ptrs, mask=mask_m[:, None], other=0.0)  # [BM, Dp]

    qk_scale = sm_scale * LOG2E
                          ^
NameError("Cannot access global variable LOG2E from within @jit'ed function. Triton kernels can only access global variables that are instanstiated as constexpr (`x = triton.language.constexpr(42)`). Note that this is different from annotating a variable as constexpr (`x: triton.language.constexpr = 42`), which is not supported.  Alternatively, set the envvar TRITON_ALLOW_NON_CONSTEXPR_GLOBALS=1, but we do not promise to support this forever.")
[2/38] d30e4c23 axes={'total_q': 1, 'num_pages': 989669, 'len_indptr': 2, 'num_kv_indices': 34}: RUNTIME_ERROR  CompilationError: at 65:26:
    q_rows = q_start + offs_m
    qn_ptrs = (
        Q_nope + q_rows[:, None] * stride_qn_t + cur_head * stride_qn_h + offs_d[None, :]
    )
    q_nope = tl.load(qn_ptrs, mask=mask_m[:, None], other=0.0)  # [BM, Dc]

    qp_ptrs = (
        Q_pe + q_rows[:, None] * stride_qp_t + cur_head * stride_qp_h + offs_dpe[None, :]
    )
    q_pe = tl.load(qp_ptrs, mask=mask_m[:, None], other=0.0)  # [BM, Dp]

    qk_scale = sm_scale * LOG2E
                          ^
NameError("Cannot access global variable LOG2E from within @jit'ed function. Triton kernels can only access global variables that are instanstiated as constexpr (`x = triton.language.constexpr(42)`). Note that this is different from annotating a variable as constexpr (`x: triton.language.constexpr = 42`), which is not supported.  Alternatively, set the envvar TRITON_ALLOW_NON_CONSTEXPR_GLOBALS=1, but we do not promise to support this forever.")
[3/38] 7572654f axes={'total_q': 17, 'num_pages': 989669, 'len_indptr': 2, 'num_kv_indices': 19}: RUNTIME_ERROR  CompilationError: at 65:26:
    q_rows = q_start + offs_m
    qn_ptrs = (
        Q_nope + q_rows[:, None] * stride_qn_t + cur_head * stride_qn_h + offs_d[None, :]
    )
    q_nope = tl.load(qn_ptrs, mask=mask_m[:, None], other=0.0)  # [BM, Dc]

    qp_ptrs = (
        Q_pe + q_rows[:, None] * stride_qp_t + cur_head * stride_qp_h + offs_dpe[None, :]
    )
    q_pe = tl.load(qp_ptrs, mask=mask_m[:, None], other=0.0)  # [BM, Dp]

    qk_scale = sm_scale * LOG2E
                          ^
NameError("Cannot access global variable LOG2E from within @jit'ed function. Triton kernels can only access global variables that are instanstiated as constexpr (`x = triton.language.constexpr(42)`). Note that this is different from annotating a variable as constexpr (`x: triton.language.constexpr = 42`), which is not supported.  Alternatively, set the envvar TRITON_ALLOW_NON_CONSTEXPR_GLOBALS=1, but we do not promise to support this forever.")
[4/38] 473e30ea axes={'total_q': 52, 'num_pages': 989669, 'len_indptr': 5, 'num_kv_indices': 67}: RUNTIME_ERROR  CompilationError: at 65:26:
    q_rows = q_start + offs_m
    qn_ptrs = (
        Q_nope + q_rows[:, None] * stride_qn_t + cur_head * stride_qn_h + offs_d[None, :]
    )
    q_nope = tl.load(qn_ptrs, mask=mask_m[:, None], other=0.0)  # [BM, Dc]

    qp_ptrs = (
        Q_pe + q_rows[:, None] * stride_qp_t + cur_head * stride_qp_h + offs_dpe[None, :]
    )
    q_pe = tl.load(qp_ptrs, mask=mask_m[:, None], other=0.0)  # [BM, Dp]

    qk_scale = sm_scale * LOG2E
                          ^
NameError("Cannot access global variable LOG2E from within @jit'ed function. Triton kernels can only access global variables that are instanstiated as constexpr (`x = triton.language.constexpr(42)`). Note that this is different from annotating a variable as constexpr (`x: triton.language.constexpr = 42`), which is not supported.  Alternatively, set the envvar TRITON_ALLOW_NON_CONSTEXPR_GLOBALS=1, but we do not promise to support this forever.")
[5/38] bda0e743 axes={'total_q': 376, 'num_pages': 989669, 'len_indptr': 2, 'num_kv_indices': 381}: RUNTIME_ERROR  CompilationError: at 65:26:
    q_rows = q_start + offs_m
    qn_ptrs = (
        Q_nope + q_rows[:, None] * stride_qn_t + cur_head * stride_qn_h + offs_d[None, :]
    )
    q_nope = tl.load(qn_ptrs, mask=mask_m[:, None], other=0.0)  # [BM, Dc]

    qp_ptrs = (
        Q_pe + q_rows[:, None] * stride_qp_t + cur_head * stride_qp_h + offs_dpe[None, :]
    )
    q_pe = tl.load(qp_ptrs, mask=mask_m[:, None], other=0.0)  # [BM, Dp]

    qk_scale = sm_scale * LOG2E
                          ^
NameError("Cannot access global variable LOG2E from within @jit'ed function. Triton kernels can only access global variables that are instanstiated as constexpr (`x = triton.language.constexpr(42)`). Note that this is different from annotating a variable as constexpr (`x: triton.language.constexpr = 42`), which is not supported.  Alternatively, set the envvar TRITON_ALLOW_NON_CONSTEXPR_GLOBALS=1, but we do not promise to support this forever.")
[6/38] 7e602557 axes={'total_q': 287, 'num_pages': 989669, 'len_indptr': 2, 'num_kv_indices': 288}: RUNTIME_ERROR  CompilationError: at 65:26:
    q_rows = q_start + offs_m
    qn_ptrs = (
        Q_nope + q_rows[:, None] * stride_qn_t + cur_head * stride_qn_h + offs_d[None, :]
    )
    q_nope = tl.load(qn_ptrs, mask=mask_m[:, None], other=0.0)  # [BM, Dc]

    qp_ptrs = (
        Q_pe + q_rows[:, None] * stride_qp_t + cur_head * stride_qp_h + offs_dpe[None, :]
    )
    q_pe = tl.load(qp_ptrs, mask=mask_m[:, None], other=0.0)  # [BM, Dp]

    qk_scale = sm_scale * LOG2E
                          ^
NameError("Cannot access global variable LOG2E from within @jit'ed function. Triton kernels can only access global variables that are instanstiated as constexpr (`x = triton.language.constexpr(42)`). Note that this is different from annotating a variable as constexpr (`x: triton.language.constexpr = 42`), which is not supported.  Alternatively, set the envvar TRITON_ALLOW_NON_CONSTEXPR_GLOBALS=1, but we do not promise to support this forever.")
[7/38] 5ca61491 axes={'total_q': 5, 'num_pages': 989669, 'len_indptr': 2, 'num_kv_indices': 7}: RUNTIME_ERROR  CompilationError: at 65:26:
    q_rows = q_start + offs_m
    qn_ptrs = (
        Q_nope + q_rows[:, None] * stride_qn_t + cur_head * stride_qn_h + offs_d[None, :]
    )
    q_nope = tl.load(qn_ptrs, mask=mask_m[:, None], other=0.0)  # [BM, Dc]

    qp_ptrs = (
        Q_pe + q_rows[:, None] * stride_qp_t + cur_head * stride_qp_h + offs_dpe[None, :]
    )
    q_pe = tl.load(qp_ptrs, mask=mask_m[:, None], other=0.0)  # [BM, Dp]

    qk_scale = sm_scale * LOG2E
                          ^
NameError("Cannot access global variable LOG2E from within @jit'ed function. Triton kernels can only access global variables that are instanstiated as constexpr (`x = triton.language.constexpr(42)`). Note that this is different from annotating a variable as constexpr (`x: triton.language.constexpr = 42`), which is not supported.  Alternatively, set the envvar TRITON_ALLOW_NON_CONSTEXPR_GLOBALS=1, but we do not promise to support this forever.")
[8/38] 77737de2 axes={'total_q': 1187, 'num_pages': 989669, 'len_indptr': 4, 'num_kv_indices': 1205}: RUNTIME_ERROR  CompilationError: at 65:26:
    q_rows = q_start + offs_m
    qn_ptrs = (
        Q_nope + q_rows[:, None] * stride_qn_t + cur_head * stride_qn_h + offs_d[None, :]
    )
    q_nope = tl.load(qn_ptrs, mask=mask_m[:, None], other=0.0)  # [BM, Dc]

    qp_ptrs = (
        Q_pe + q_rows[:, None] * stride_qp_t + cur_head * stride_qp_h + offs_dpe[None, :]
    )
    q_pe = tl.load(qp_ptrs, mask=mask_m[:, None], other=0.0)  # [BM, Dp]

    qk_scale = sm_scale * LOG2E
                          ^
NameError("Cannot access global variable LOG2E from within @jit'ed function. Triton kernels can only access global variables that are instanstiated as constexpr (`x = triton.language.constexpr(42)`). Note that this is different from annotating a variable as constexpr (`x: triton.language.constexpr = 42`), which is not supported.  Alternatively, set the envvar TRITON_ALLOW_NON_CONSTEXPR_GLOBALS=1, but we do not promise to support this forever.")
[9/38] b270fd9c axes={'total_q': 10, 'num_pages': 989669, 'len_indptr': 2, 'num_kv_indices': 12}: RUNTIME_ERROR  CompilationError: at 65:26:
    q_rows = q_start + offs_m
    qn_ptrs = (
        Q_nope + q_rows[:, None] * stride_qn_t + cur_head * stride_qn_h + offs_d[None, :]
    )
    q_nope = tl.load(qn_ptrs, mask=mask_m[:, None], other=0.0)  # [BM, Dc]

    qp_ptrs = (
        Q_pe + q_rows[:, None] * stride_qp_t + cur_head * stride_qp_h + offs_dpe[None, :]
    )
    q_pe = tl.load(qp_ptrs, mask=mask_m[:, None], other=0.0)  # [BM, Dp]

    qk_scale = sm_scale * LOG2E
                          ^
NameError("Cannot access global variable LOG2E from within @jit'ed function. Triton kernels can only access global variables that are instanstiated as constexpr (`x = triton.language.constexpr(42)`). Note that this is different from annotating a variable as constexpr (`x: triton.language.constexpr = 42`), which is not supported.  Alternatively, set the envvar TRITON_ALLOW_NON_CONSTEXPR_GLOBALS=1, but we do not promise to support this forever.")
[10/38] 3bdcf0e1 axes={'total_q': 3, 'num_pages': 989669, 'len_indptr': 2, 'num_kv_indices': 5}: RUNTIME_ERROR  CompilationError: at 65:26:
    q_rows = q_start + offs_m
    qn_ptrs = (
        Q_nope + q_rows[:, None] * stride_qn_t + cur_head * stride_qn_h + offs_d[None, :]
    )
    q_nope = tl.load(qn_ptrs, mask=mask_m[:, None], other=0.0)  # [BM, Dc]

    qp_ptrs = (
        Q_pe + q_rows[:, None] * stride_qp_t + cur_head * stride_qp_h + offs_dpe[None, :]
    )
    q_pe = tl.load(qp_ptrs, mask=mask_m[:, None], other=0.0)  # [BM, Dp]

    qk_scale = sm_scale * LOG2E
                          ^
NameError("Cannot access global variable LOG2E from within @jit'ed function. Triton kernels can only access global variables that are instanstiated as constexpr (`x = triton.language.constexpr(42)`). Note that this is different from annotating a variable as constexpr (`x: triton.language.constexpr = 42`), which is not supported.  Alternatively, set the envvar TRITON_ALLOW_NON_CONSTEXPR_GLOBALS=1, but we do not promise to support this forever.")
[11/38] 6c8fe593 axes={'total_q': 13, 'num_pages': 989669, 'len_indptr': 2, 'num_kv_indices': 14}: RUNTIME_ERROR  CompilationError: at 65:26:
    q_rows = q_start + offs_m
    qn_ptrs = (
        Q_nope + q_rows[:, None] * stride_qn_t + cur_head * stride_qn_h + offs_d[None, :]
    )
    q_nope = tl.load(qn_ptrs, mask=mask_m[:, None], other=0.0)  # [BM, Dc]

    qp_ptrs = (
        Q_pe + q_rows[:, None] * stride_qp_t + cur_head * stride_qp_h + offs_dpe[None, :]
    )
    q_pe = tl.load(qp_ptrs, mask=mask_m[:, None], other=0.0)  # [BM, Dp]

    qk_scale = sm_scale * LOG2E
                          ^
NameError("Cannot access global variable LOG2E from within @jit'ed function. Triton kernels can only access global variables that are instanstiated as constexpr (`x = triton.language.constexpr(42)`). Note that this is different from annotating a variable as constexpr (`x: triton.language.constexpr = 42`), which is not supported.  Alternatively, set the envvar TRITON_ALLOW_NON_CONSTEXPR_GLOBALS=1, but we do not promise to support this forever.")
[12/38] 98814691 axes={'total_q': 26, 'num_pages': 989669, 'len_indptr': 3, 'num_kv_indices': 32}: RUNTIME_ERROR  CompilationError: at 65:26:
    q_rows = q_start + offs_m
    qn_ptrs = (
        Q_nope + q_rows[:, None] * stride_qn_t + cur_head * stride_qn_h + offs_d[None, :]
    )
    q_nope = tl.load(qn_ptrs, mask=mask_m[:, None], other=0.0)  # [BM, Dc]

    qp_ptrs = (
        Q_pe + q_rows[:, None] * stride_qp_t + cur_head * stride_qp_h + offs_dpe[None, :]
    )
    q_pe = tl.load(qp_ptrs, mask=mask_m[:, None], other=0.0)  # [BM, Dp]

    qk_scale = sm_scale * LOG2E
                          ^
NameError("Cannot access global variable LOG2E from within @jit'ed function. Triton kernels can only access global variables that are instanstiated as constexpr (`x = triton.language.constexpr(42)`). Note that this is different from annotating a variable as constexpr (`x: triton.language.constexpr = 42`), which is not supported.  Alternatively, set the envvar TRITON_ALLOW_NON_CONSTEXPR_GLOBALS=1, but we do not promise to support this forever.")
[13/38] 74202b1d axes={'total_q': 8987, 'num_pages': 989669, 'len_indptr': 57, 'num_kv_indices': 14390}: RUNTIME_ERROR  CompilationError: at 65:26:
    q_rows = q_start + offs_m
    qn_ptrs = (
        Q_nope + q_rows[:, None] * stride_qn_t + cur_head * stride_qn_h + offs_d[None, :]
    )
    q_nope = tl.load(qn_ptrs, mask=mask_m[:, None], other=0.0)  # [BM, Dc]

    qp_ptrs = (
        Q_pe + q_rows[:, None] * stride_qp_t + cur_head * stride_qp_h + offs_dpe[None, :]
    )
    q_pe = tl.load(qp_ptrs, mask=mask_m[:, None], other=0.0)  # [BM, Dp]

    qk_scale = sm_scale * LOG2E
                          ^
NameError("Cannot access global variable LOG2E from within @jit'ed function. Triton kernels can only access global variables that are instanstiated as constexpr (`x = triton.language.constexpr(42)`). Note that this is different from annotating a variable as constexpr (`x: triton.language.constexpr = 42`), which is not supported.  Alternatively, set the envvar TRITON_ALLOW_NON_CONSTEXPR_GLOBALS=1, but we do not promise to support this forever.")
[14/38] 6e3567c4 axes={'total_q': 29, 'num_pages': 989669, 'len_indptr': 2, 'num_kv_indices': 34}: RUNTIME_ERROR  CompilationError: at 65:26:
    q_rows = q_start + offs_m
    qn_ptrs = (
        Q_nope + q_rows[:, None] * stride_qn_t + cur_head * stride_qn_h + offs_d[None, :]
    )
    q_nope = tl.load(qn_ptrs, mask=mask_m[:, None], other=0.0)  # [BM, Dc]

    qp_ptrs = (
        Q_pe + q_rows[:, None] * stride_qp_t + cur_head * stride_qp_h + offs_dpe[None, :]
    )
    q_pe = tl.load(qp_ptrs, mask=mask_m[:, None], other=0.0)  # [BM, Dp]

    qk_scale = sm_scale * LOG2E
                          ^
NameError("Cannot access global variable LOG2E from within @jit'ed function. Triton kernels can only access global variables that are instanstiated as constexpr (`x = triton.language.constexpr(42)`). Note that this is different from annotating a variable as constexpr (`x: triton.language.constexpr = 42`), which is not supported.  Alternatively, set the envvar TRITON_ALLOW_NON_CONSTEXPR_GLOBALS=1, but we do not promise to support this forever.")
[15/38] a455e8fb axes={'total_q': 2, 'num_pages': 989669, 'len_indptr': 3, 'num_kv_indices': 53}: RUNTIME_ERROR  CompilationError: at 65:26:
    q_rows = q_start + offs_m
    qn_ptrs = (
        Q_nope + q_rows[:, None] * stride_qn_t + cur_head * stride_qn_h + offs_d[None, :]
    )
    q_nope = tl.load(qn_ptrs, mask=mask_m[:, None], other=0.0)  # [BM, Dc]

    qp_ptrs = (
        Q_pe + q_rows[:, None] * stride_qp_t + cur_head * stride_qp_h + offs_dpe[None, :]
    )
    q_pe = tl.load(qp_ptrs, mask=mask_m[:, None], other=0.0)  # [BM, Dp]

    qk_scale = sm_scale * LOG2E
                          ^
NameError("Cannot access global variable LOG2E from within @jit'ed function. Triton kernels can only access global variables that are instanstiated as constexpr (`x = triton.language.constexpr(42)`). Note that this is different from annotating a variable as constexpr (`x: triton.language.constexpr = 42`), which is not supported.  Alternatively, set the envvar TRITON_ALLOW_NON_CONSTEXPR_GLOBALS=1, but we do not promise to support this forever.")
[16/38] bb28f188 axes={'total_q': 1028, 'num_pages': 989669, 'len_indptr': 2, 'num_kv_indices': 1038}: RUNTIME_ERROR  CompilationError: at 65:26:
    q_rows = q_start + offs_m
    qn_ptrs = (
        Q_nope + q_rows[:, None] * stride_qn_t + cur_head * stride_qn_h + offs_d[None, :]
    )
    q_nope = tl.load(qn_ptrs, mask=mask_m[:, None], other=0.0)  # [BM, Dc]

    qp_ptrs = (
        Q_pe + q_rows[:, None] * stride_qp_t + cur_head * stride_qp_h + offs_dpe[None, :]
    )
    q_pe = tl.load(qp_ptrs, mask=mask_m[:, None], other=0.0)  # [BM, Dp]

    qk_scale = sm_scale * LOG2E
                          ^
NameError("Cannot access global variable LOG2E from within @jit'ed function. Triton kernels can only access global variables that are instanstiated as constexpr (`x = triton.language.constexpr(42)`). Note that this is different from annotating a variable as constexpr (`x: triton.language.constexpr = 42`), which is not supported.  Alternatively, set the envvar TRITON_ALLOW_NON_CONSTEXPR_GLOBALS=1, but we do not promise to support this forever.")
[17/38] ed999c80 axes={'total_q': 22, 'num_pages': 989669, 'len_indptr': 23, 'num_kv_indices': 17759}: RUNTIME_ERROR  CompilationError: at 65:26:
    q_rows = q_start + offs_m
    qn_ptrs = (
        Q_nope + q_rows[:, None] * stride_qn_t + cur_head * stride_qn_h + offs_d[None, :]
    )
    q_nope = tl.load(qn_ptrs, mask=mask_m[:, None], other=0.0)  # [BM, Dc]

    qp_ptrs = (
        Q_pe + q_rows[:, None] * stride_qp_t + cur_head * stride_qp_h + offs_dpe[None, :]
    )
    q_pe = tl.load(qp_ptrs, mask=mask_m[:, None], other=0.0)  # [BM, Dp]

    qk_scale = sm_scale * LOG2E
                          ^
NameError("Cannot access global variable LOG2E from within @jit'ed function. Triton kernels can only access global variables that are instanstiated as constexpr (`x = triton.language.constexpr(42)`). Note that this is different from annotating a variable as constexpr (`x: triton.language.constexpr = 42`), which is not supported.  Alternatively, set the envvar TRITON_ALLOW_NON_CONSTEXPR_GLOBALS=1, but we do not promise to support this forever.")
[18/38] cb60b649 axes={'total_q': 15, 'num_pages': 989669, 'len_indptr': 2, 'num_kv_indices': 18}: RUNTIME_ERROR  CompilationError: at 65:26:
    q_rows = q_start + offs_m
    qn_ptrs = (
        Q_nope + q_rows[:, None] * stride_qn_t + cur_head * stride_qn_h + offs_d[None, :]
    )
    q_nope = tl.load(qn_ptrs, mask=mask_m[:, None], other=0.0)  # [BM, Dc]

    qp_ptrs = (
        Q_pe + q_rows[:, None] * stride_qp_t + cur_head * stride_qp_h + offs_dpe[None, :]
    )
    q_pe = tl.load(qp_ptrs, mask=mask_m[:, None], other=0.0)  # [BM, Dp]

    qk_scale = sm_scale * LOG2E
                          ^
NameError("Cannot access global variable LOG2E from within @jit'ed function. Triton kernels can only access global variables that are instanstiated as constexpr (`x = triton.language.constexpr(42)`). Note that this is different from annotating a variable as constexpr (`x: triton.language.constexpr = 42`), which is not supported.  Alternatively, set the envvar TRITON_ALLOW_NON_CONSTEXPR_GLOBALS=1, but we do not promise to support this forever.")
[19/38] e6f75600 axes={'total_q': 69, 'num_pages': 989669, 'len_indptr': 4, 'num_kv_indices': 90}: RUNTIME_ERROR  CompilationError: at 65:26:
    q_rows = q_start + offs_m
    qn_ptrs = (
        Q_nope + q_rows[:, None] * stride_qn_t + cur_head * stride_qn_h + offs_d[None, :]
    )
    q_nope = tl.load(qn_ptrs, mask=mask_m[:, None], other=0.0)  # [BM, Dc]

    qp_ptrs = (
        Q_pe + q_rows[:, None] * stride_qp_t + cur_head * stride_qp_h + offs_dpe[None, :]
    )
    q_pe = tl.load(qp_ptrs, mask=mask_m[:, None], other=0.0)  # [BM, Dp]

    qk_scale = sm_scale * LOG2E
                          ^
NameError("Cannot access global variable LOG2E from within @jit'ed function. Triton kernels can only access global variables that are instanstiated as constexpr (`x = triton.language.constexpr(42)`). Note that this is different from annotating a variable as constexpr (`x: triton.language.constexpr = 42`), which is not supported.  Alternatively, set the envvar TRITON_ALLOW_NON_CONSTEXPR_GLOBALS=1, but we do not promise to support this forever.")
[20/38] 733a7bbe axes={'total_q': 3024, 'num_pages': 989669, 'len_indptr': 4, 'num_kv_indices': 3029}: RUNTIME_ERROR  CompilationError: at 65:26:
    q_rows = q_start + offs_m
    qn_ptrs = (
        Q_nope + q_rows[:, None] * stride_qn_t + cur_head * stride_qn_h + offs_d[None, :]
    )
    q_nope = tl.load(qn_ptrs, mask=mask_m[:, None], other=0.0)  # [BM, Dc]

    qp_ptrs = (
        Q_pe + q_rows[:, None] * stride_qp_t + cur_head * stride_qp_h + offs_dpe[None, :]
    )
    q_pe = tl.load(qp_ptrs, mask=mask_m[:, None], other=0.0)  # [BM, Dp]

    qk_scale = sm_scale * LOG2E
                          ^
NameError("Cannot access global variable LOG2E from within @jit'ed function. Triton kernels can only access global variables that are instanstiated as constexpr (`x = triton.language.constexpr(42)`). Note that this is different from annotating a variable as constexpr (`x: triton.language.constexpr = 42`), which is not supported.  Alternatively, set the envvar TRITON_ALLOW_NON_CONSTEXPR_GLOBALS=1, but we do not promise to support this forever.")
[21/38] 892d1b8f axes={'total_q': 1954, 'num_pages': 989669, 'len_indptr': 29, 'num_kv_indices': 2044}: RUNTIME_ERROR  CompilationError: at 65:26:
    q_rows = q_start + offs_m
    qn_ptrs = (
        Q_nope + q_rows[:, None] * stride_qn_t + cur_head * stride_qn_h + offs_d[None, :]
    )
    q_nope = tl.load(qn_ptrs, mask=mask_m[:, None], other=0.0)  # [BM, Dc]

    qp_ptrs = (
        Q_pe + q_rows[:, None] * stride_qp_t + cur_head * stride_qp_h + offs_dpe[None, :]
    )
    q_pe = tl.load(qp_ptrs, mask=mask_m[:, None], other=0.0)  # [BM, Dp]

    qk_scale = sm_scale * LOG2E
                          ^
NameError("Cannot access global variable LOG2E from within @jit'ed function. Triton kernels can only access global variables that are instanstiated as constexpr (`x = triton.language.constexpr(42)`). Note that this is different from annotating a variable as constexpr (`x: triton.language.constexpr = 42`), which is not supported.  Alternatively, set the envvar TRITON_ALLOW_NON_CONSTEXPR_GLOBALS=1, but we do not promise to support this forever.")
[22/38] 4eeb9b51 axes={'total_q': 199, 'num_pages': 989669, 'len_indptr': 2, 'num_kv_indices': 203}: RUNTIME_ERROR  CompilationError: at 65:26:
    q_rows = q_start + offs_m
    qn_ptrs = (
        Q_nope + q_rows[:, None] * stride_qn_t + cur_head * stride_qn_h + offs_d[None, :]
    )
    q_nope = tl.load(qn_ptrs, mask=mask_m[:, None], other=0.0)  # [BM, Dc]

    qp_ptrs = (
        Q_pe + q_rows[:, None] * stride_qp_t + cur_head * stride_qp_h + offs_dpe[None, :]
    )
    q_pe = tl.load(qp_ptrs, mask=mask_m[:, None], other=0.0)  # [BM, Dp]

    qk_scale = sm_scale * LOG2E
                          ^
NameError("Cannot access global variable LOG2E from within @jit'ed function. Triton kernels can only access global variables that are instanstiated as constexpr (`x = triton.language.constexpr(42)`). Note that this is different from annotating a variable as constexpr (`x: triton.language.constexpr = 42`), which is not supported.  Alternatively, set the envvar TRITON_ALLOW_NON_CONSTEXPR_GLOBALS=1, but we do not promise to support this forever.")
[23/38] 77573fb4 axes={'total_q': 473, 'num_pages': 989669, 'len_indptr': 6, 'num_kv_indices': 491}: RUNTIME_ERROR  CompilationError: at 65:26:
    q_rows = q_start + offs_m
    qn_ptrs = (
        Q_nope + q_rows[:, None] * stride_qn_t + cur_head * stride_qn_h + offs_d[None, :]
    )
    q_nope = tl.load(qn_ptrs, mask=mask_m[:, None], other=0.0)  # [BM, Dc]

    qp_ptrs = (
        Q_pe + q_rows[:, None] * stride_qp_t + cur_head * stride_qp_h + offs_dpe[None, :]
    )
    q_pe = tl.load(qp_ptrs, mask=mask_m[:, None], other=0.0)  # [BM, Dp]

    qk_scale = sm_scale * LOG2E
                          ^
NameError("Cannot access global variable LOG2E from within @jit'ed function. Triton kernels can only access global variables that are instanstiated as constexpr (`x = triton.language.constexpr(42)`). Note that this is different from annotating a variable as constexpr (`x: triton.language.constexpr = 42`), which is not supported.  Alternatively, set the envvar TRITON_ALLOW_NON_CONSTEXPR_GLOBALS=1, but we do not promise to support this forever.")
[24/38] 9722a8a5 axes={'total_q': 96, 'num_pages': 989669, 'len_indptr': 2, 'num_kv_indices': 98}: RUNTIME_ERROR  CompilationError: at 65:26:
    q_rows = q_start + offs_m
    qn_ptrs = (
        Q_nope + q_rows[:, None] * stride_qn_t + cur_head * stride_qn_h + offs_d[None, :]
    )
    q_nope = tl.load(qn_ptrs, mask=mask_m[:, None], other=0.0)  # [BM, Dc]

    qp_ptrs = (
        Q_pe + q_rows[:, None] * stride_qp_t + cur_head * stride_qp_h + offs_dpe[None, :]
    )
    q_pe = tl.load(qp_ptrs, mask=mask_m[:, None], other=0.0)  # [BM, Dp]

    qk_scale = sm_scale * LOG2E
                          ^
NameError("Cannot access global variable LOG2E from within @jit'ed function. Triton kernels can only access global variables that are instanstiated as constexpr (`x = triton.language.constexpr(42)`). Note that this is different from annotating a variable as constexpr (`x: triton.language.constexpr = 42`), which is not supported.  Alternatively, set the envvar TRITON_ALLOW_NON_CONSTEXPR_GLOBALS=1, but we do not promise to support this forever.")
[25/38] 053a88a3 axes={'total_q': 6053, 'num_pages': 989669, 'len_indptr': 12, 'num_kv_indices': 6091}: RUNTIME_ERROR  CompilationError: at 65:26:
    q_rows = q_start + offs_m
    qn_ptrs = (
        Q_nope + q_rows[:, None] * stride_qn_t + cur_head * stride_qn_h + offs_d[None, :]
    )
    q_nope = tl.load(qn_ptrs, mask=mask_m[:, None], other=0.0)  # [BM, Dc]

    qp_ptrs = (
        Q_pe + q_rows[:, None] * stride_qp_t + cur_head * stride_qp_h + offs_dpe[None, :]
    )
    q_pe = tl.load(qp_ptrs, mask=mask_m[:, None], other=0.0)  # [BM, Dp]

    qk_scale = sm_scale * LOG2E
                          ^
NameError("Cannot access global variable LOG2E from within @jit'ed function. Triton kernels can only access global variables that are instanstiated as constexpr (`x = triton.language.constexpr(42)`). Note that this is different from annotating a variable as constexpr (`x: triton.language.constexpr = 42`), which is not supported.  Alternatively, set the envvar TRITON_ALLOW_NON_CONSTEXPR_GLOBALS=1, but we do not promise to support this forever.")
[26/38] a06f2653 axes={'total_q': 16384, 'num_pages': 989669, 'len_indptr': 2, 'num_kv_indices': 16387}: RUNTIME_ERROR  CompilationError: at 65:26:
    q_rows = q_start + offs_m
    qn_ptrs = (
        Q_nope + q_rows[:, None] * stride_qn_t + cur_head * stride_qn_h + offs_d[None, :]
    )
    q_nope = tl.load(qn_ptrs, mask=mask_m[:, None], other=0.0)  # [BM, Dc]

    qp_ptrs = (
        Q_pe + q_rows[:, None] * stride_qp_t + cur_head * stride_qp_h + offs_dpe[None, :]
    )
    q_pe = tl.load(qp_ptrs, mask=mask_m[:, None], other=0.0)  # [BM, Dp]

    qk_scale = sm_scale * LOG2E
                          ^
NameError("Cannot access global variable LOG2E from within @jit'ed function. Triton kernels can only access global variables that are instanstiated as constexpr (`x = triton.language.constexpr(42)`). Note that this is different from annotating a variable as constexpr (`x: triton.language.constexpr = 42`), which is not supported.  Alternatively, set the envvar TRITON_ALLOW_NON_CONSTEXPR_GLOBALS=1, but we do not promise to support this forever.")
[27/38] a8cff3c6 axes={'total_q': 43, 'num_pages': 989669, 'len_indptr': 2, 'num_kv_indices': 46}: RUNTIME_ERROR  CompilationError: at 65:26:
    q_rows = q_start + offs_m
    qn_ptrs = (
        Q_nope + q_rows[:, None] * stride_qn_t + cur_head * stride_qn_h + offs_d[None, :]
    )
    q_nope = tl.load(qn_ptrs, mask=mask_m[:, None], other=0.0)  # [BM, Dc]

    qp_ptrs = (
        Q_pe + q_rows[:, None] * stride_qp_t + cur_head * stride_qp_h + offs_dpe[None, :]
    )
    q_pe = tl.load(qp_ptrs, mask=mask_m[:, None], other=0.0)  # [BM, Dp]

    qk_scale = sm_scale * LOG2E
                          ^
NameError("Cannot access global variable LOG2E from within @jit'ed function. Triton kernels can only access global variables that are instanstiated as constexpr (`x = triton.language.constexpr(42)`). Note that this is different from annotating a variable as constexpr (`x: triton.language.constexpr = 42`), which is not supported.  Alternatively, set the envvar TRITON_ALLOW_NON_CONSTEXPR_GLOBALS=1, but we do not promise to support this forever.")
[28/38] 71df32c9 axes={'total_q': 6, 'num_pages': 989669, 'len_indptr': 7, 'num_kv_indices': 109}: RUNTIME_ERROR  CompilationError: at 65:26:
    q_rows = q_start + offs_m
    qn_ptrs = (
        Q_nope + q_rows[:, None] * stride_qn_t + cur_head * stride_qn_h + offs_d[None, :]
    )
    q_nope = tl.load(qn_ptrs, mask=mask_m[:, None], other=0.0)  # [BM, Dc]

    qp_ptrs = (
        Q_pe + q_rows[:, None] * stride_qp_t + cur_head * stride_qp_h + offs_dpe[None, :]
    )
    q_pe = tl.load(qp_ptrs, mask=mask_m[:, None], other=0.0)  # [BM, Dp]

    qk_scale = sm_scale * LOG2E
                          ^
NameError("Cannot access global variable LOG2E from within @jit'ed function. Triton kernels can only access global variables that are instanstiated as constexpr (`x = triton.language.constexpr(42)`). Note that this is different from annotating a variable as constexpr (`x: triton.language.constexpr = 42`), which is not supported.  Alternatively, set the envvar TRITON_ALLOW_NON_CONSTEXPR_GLOBALS=1, but we do not promise to support this forever.")
[29/38] 22689bbd axes={'total_q': 805, 'num_pages': 989669, 'len_indptr': 5, 'num_kv_indices': 814}: RUNTIME_ERROR  CompilationError: at 65:26:
    q_rows = q_start + offs_m
    qn_ptrs = (
        Q_nope + q_rows[:, None] * stride_qn_t + cur_head * stride_qn_h + offs_d[None, :]
    )
    q_nope = tl.load(qn_ptrs, mask=mask_m[:, None], other=0.0)  # [BM, Dc]

    qp_ptrs = (
        Q_pe + q_rows[:, None] * stride_qp_t + cur_head * stride_qp_h + offs_dpe[None, :]
    )
    q_pe = tl.load(qp_ptrs, mask=mask_m[:, None], other=0.0)  # [BM, Dp]

    qk_scale = sm_scale * LOG2E
                          ^
NameError("Cannot access global variable LOG2E from within @jit'ed function. Triton kernels can only access global variables that are instanstiated as constexpr (`x = triton.language.constexpr(42)`). Note that this is different from annotating a variable as constexpr (`x: triton.language.constexpr = 42`), which is not supported.  Alternatively, set the envvar TRITON_ALLOW_NON_CONSTEXPR_GLOBALS=1, but we do not promise to support this forever.")
[30/38] a6fbb45c axes={'total_q': 58, 'num_pages': 989669, 'len_indptr': 2, 'num_kv_indices': 60}: RUNTIME_ERROR  CompilationError: at 65:26:
    q_rows = q_start + offs_m
    qn_ptrs = (
        Q_nope + q_rows[:, None] * stride_qn_t + cur_head * stride_qn_h + offs_d[None, :]
    )
    q_nope = tl.load(qn_ptrs, mask=mask_m[:, None], other=0.0)  # [BM, Dc]

    qp_ptrs = (
        Q_pe + q_rows[:, None] * stride_qp_t + cur_head * stride_qp_h + offs_dpe[None, :]
    )
    q_pe = tl.load(qp_ptrs, mask=mask_m[:, None], other=0.0)  # [BM, Dp]

    qk_scale = sm_scale * LOG2E
                          ^
NameError("Cannot access global variable LOG2E from within @jit'ed function. Triton kernels can only access global variables that are instanstiated as constexpr (`x = triton.language.constexpr(42)`). Note that this is different from annotating a variable as constexpr (`x: triton.language.constexpr = 42`), which is not supported.  Alternatively, set the envvar TRITON_ALLOW_NON_CONSTEXPR_GLOBALS=1, but we do not promise to support this forever.")
[31/38] d44f32e1 axes={'total_q': 123, 'num_pages': 989669, 'len_indptr': 3, 'num_kv_indices': 185}: RUNTIME_ERROR  CompilationError: at 65:26:
    q_rows = q_start + offs_m
    qn_ptrs = (
        Q_nope + q_rows[:, None] * stride_qn_t + cur_head * stride_qn_h + offs_d[None, :]
    )
    q_nope = tl.load(qn_ptrs, mask=mask_m[:, None], other=0.0)  # [BM, Dc]

    qp_ptrs = (
        Q_pe + q_rows[:, None] * stride_qp_t + cur_head * stride_qp_h + offs_dpe[None, :]
    )
    q_pe = tl.load(qp_ptrs, mask=mask_m[:, None], other=0.0)  # [BM, Dp]

    qk_scale = sm_scale * LOG2E
                          ^
NameError("Cannot access global variable LOG2E from within @jit'ed function. Triton kernels can only access global variables that are instanstiated as constexpr (`x = triton.language.constexpr(42)`). Note that this is different from annotating a variable as constexpr (`x: triton.language.constexpr = 42`), which is not supported.  Alternatively, set the envvar TRITON_ALLOW_NON_CONSTEXPR_GLOBALS=1, but we do not promise to support this forever.")
[32/38] 9265de63 axes={'total_q': 4, 'num_pages': 989669, 'len_indptr': 5, 'num_kv_indices': 121}: RUNTIME_ERROR  CompilationError: at 65:26:
    q_rows = q_start + offs_m
    qn_ptrs = (
        Q_nope + q_rows[:, None] * stride_qn_t + cur_head * stride_qn_h + offs_d[None, :]
    )
    q_nope = tl.load(qn_ptrs, mask=mask_m[:, None], other=0.0)  # [BM, Dc]

    qp_ptrs = (
        Q_pe + q_rows[:, None] * stride_qp_t + cur_head * stride_qp_h + offs_dpe[None, :]
    )
    q_pe = tl.load(qp_ptrs, mask=mask_m[:, None], other=0.0)  # [BM, Dp]

    qk_scale = sm_scale * LOG2E
                          ^
NameError("Cannot access global variable LOG2E from within @jit'ed function. Triton kernels can only access global variables that are instanstiated as constexpr (`x = triton.language.constexpr(42)`). Note that this is different from annotating a variable as constexpr (`x: triton.language.constexpr = 42`), which is not supported.  Alternatively, set the envvar TRITON_ALLOW_NON_CONSTEXPR_GLOBALS=1, but we do not promise to support this forever.")
[33/38] 805238ee axes={'total_q': 3842, 'num_pages': 989669, 'len_indptr': 21, 'num_kv_indices': 3916}: RUNTIME_ERROR  CompilationError: at 65:26:
    q_rows = q_start + offs_m
    qn_ptrs = (
        Q_nope + q_rows[:, None] * stride_qn_t + cur_head * stride_qn_h + offs_d[None, :]
    )
    q_nope = tl.load(qn_ptrs, mask=mask_m[:, None], other=0.0)  # [BM, Dc]

    qp_ptrs = (
        Q_pe + q_rows[:, None] * stride_qp_t + cur_head * stride_qp_h + offs_dpe[None, :]
    )
    q_pe = tl.load(qp_ptrs, mask=mask_m[:, None], other=0.0)  # [BM, Dp]

    qk_scale = sm_scale * LOG2E
                          ^
NameError("Cannot access global variable LOG2E from within @jit'ed function. Triton kernels can only access global variables that are instanstiated as constexpr (`x = triton.language.constexpr(42)`). Note that this is different from annotating a variable as constexpr (`x: triton.language.constexpr = 42`), which is not supported.  Alternatively, set the envvar TRITON_ALLOW_NON_CONSTEXPR_GLOBALS=1, but we do not promise to support this forever.")
[34/38] fe63f292 axes={'total_q': 15883, 'num_pages': 989669, 'len_indptr': 19, 'num_kv_indices': 15937}: RUNTIME_ERROR  CompilationError: at 65:26:
    q_rows = q_start + offs_m
    qn_ptrs = (
        Q_nope + q_rows[:, None] * stride_qn_t + cur_head * stride_qn_h + offs_d[None, :]
    )
    q_nope = tl.load(qn_ptrs, mask=mask_m[:, None], other=0.0)  # [BM, Dc]

    qp_ptrs = (
        Q_pe + q_rows[:, None] * stride_qp_t + cur_head * stride_qp_h + offs_dpe[None, :]
    )
    q_pe = tl.load(qp_ptrs, mask=mask_m[:, None], other=0.0)  # [BM, Dp]

    qk_scale = sm_scale * LOG2E
                          ^
NameError("Cannot access global variable LOG2E from within @jit'ed function. Triton kernels can only access global variables that are instanstiated as constexpr (`x = triton.language.constexpr(42)`). Note that this is different from annotating a variable as constexpr (`x: triton.language.constexpr = 42`), which is not supported.  Alternatively, set the envvar TRITON_ALLOW_NON_CONSTEXPR_GLOBALS=1, but we do not promise to support this forever.")
[35/38] 54187805 axes={'total_q': 15092, 'num_pages': 989669, 'len_indptr': 27, 'num_kv_indices': 15187}: RUNTIME_ERROR  CompilationError: at 65:26:
    q_rows = q_start + offs_m
    qn_ptrs = (
        Q_nope + q_rows[:, None] * stride_qn_t + cur_head * stride_qn_h + offs_d[None, :]
    )
    q_nope = tl.load(qn_ptrs, mask=mask_m[:, None], other=0.0)  # [BM, Dc]

    qp_ptrs = (
        Q_pe + q_rows[:, None] * stride_qp_t + cur_head * stride_qp_h + offs_dpe[None, :]
    )
    q_pe = tl.load(qp_ptrs, mask=mask_m[:, None], other=0.0)  # [BM, Dp]

    qk_scale = sm_scale * LOG2E
                          ^
NameError("Cannot access global variable LOG2E from within @jit'ed function. Triton kernels can only access global variables that are instanstiated as constexpr (`x = triton.language.constexpr(42)`). Note that this is different from annotating a variable as constexpr (`x: triton.language.constexpr = 42`), which is not supported.  Alternatively, set the envvar TRITON_ALLOW_NON_CONSTEXPR_GLOBALS=1, but we do not promise to support this forever.")
[36/38] f96b666d axes={'total_q': 138, 'num_pages': 989669, 'len_indptr': 5, 'num_kv_indices': 151}: RUNTIME_ERROR  CompilationError: at 65:26:
    q_rows = q_start + offs_m
    qn_ptrs = (
        Q_nope + q_rows[:, None] * stride_qn_t + cur_head * stride_qn_h + offs_d[None, :]
    )
    q_nope = tl.load(qn_ptrs, mask=mask_m[:, None], other=0.0)  # [BM, Dc]

    qp_ptrs = (
        Q_pe + q_rows[:, None] * stride_qp_t + cur_head * stride_qp_h + offs_dpe[None, :]
    )
    q_pe = tl.load(qp_ptrs, mask=mask_m[:, None], other=0.0)  # [BM, Dp]

    qk_scale = sm_scale * LOG2E
                          ^
NameError("Cannot access global variable LOG2E from within @jit'ed function. Triton kernels can only access global variables that are instanstiated as constexpr (`x = triton.language.constexpr(42)`). Note that this is different from annotating a variable as constexpr (`x: triton.language.constexpr = 42`), which is not supported.  Alternatively, set the envvar TRITON_ALLOW_NON_CONSTEXPR_GLOBALS=1, but we do not promise to support this forever.")
[37/38] d88c9577 axes={'total_q': 8, 'num_pages': 989669, 'len_indptr': 2, 'num_kv_indices': 12}: RUNTIME_ERROR  CompilationError: at 65:26:
    q_rows = q_start + offs_m
    qn_ptrs = (
        Q_nope + q_rows[:, None] * stride_qn_t + cur_head * stride_qn_h + offs_d[None, :]
    )
    q_nope = tl.load(qn_ptrs, mask=mask_m[:, None], other=0.0)  # [BM, Dc]

    qp_ptrs = (
        Q_pe + q_rows[:, None] * stride_qp_t + cur_head * stride_qp_h + offs_dpe[None, :]
    )
    q_pe = tl.load(qp_ptrs, mask=mask_m[:, None], other=0.0)  # [BM, Dp]

    qk_scale = sm_scale * LOG2E
                          ^
NameError("Cannot access global variable LOG2E from within @jit'ed function. Triton kernels can only access global variables that are instanstiated as constexpr (`x = triton.language.constexpr(42)`). Note that this is different from annotating a variable as constexpr (`x: triton.language.constexpr = 42`), which is not supported.  Alternatively, set the envvar TRITON_ALLOW_NON_CONSTEXPR_GLOBALS=1, but we do not promise to support this forever.")
[38/38] 0e70750d axes={'total_q': 10870, 'num_pages': 989669, 'len_indptr': 3, 'num_kv_indices': 10875}: RUNTIME_ERROR  CompilationError: at 65:26:
    q_rows = q_start + offs_m
    qn_ptrs = (
        Q_nope + q_rows[:, None] * stride_qn_t + cur_head * stride_qn_h + offs_d[None, :]
    )
    q_nope = tl.load(qn_ptrs, mask=mask_m[:, None], other=0.0)  # [BM, Dc]

    qp_ptrs = (
        Q_pe + q_rows[:, None] * stride_qp_t + cur_head * stride_qp_h + offs_dpe[None, :]
    )
    q_pe = tl.load(qp_ptrs, mask=mask_m[:, None], other=0.0)  # [BM, Dp]

    qk_scale = sm_scale * LOG2E
                          ^
NameError("Cannot access global variable LOG2E from within @jit'ed function. Triton kernels can only access global variables that are instanstiated as constexpr (`x = triton.language.constexpr(42)`). Note that this is different from annotating a variable as constexpr (`x: triton.language.constexpr = 42`), which is not supported.  Alternatively, set the envvar TRITON_ALLOW_NON_CONSTEXPR_GLOBALS=1, but we do not promise to support this forever.")
==============================================================================
Passed: 0/38    valid_run=False
RESULT: INVALID — not all workloads passed correctness (geomean above is over the PASSED subset only).
==============================================================================
Wrote /home/ziming/kda-ops/kda-runs/formal-kda-h100-20260920--flashinfer--mla_paged_prefill_causal_h16_ckv512_kpe64_ps1/runs/candidates/c001/feedback.json
