==============================================================================
Definition : gqa_paged_decode_h32_kv8_d128_ps1  (op_type=gqa_paged)
Solution   : /home/ziming/kda-ops/kda-control/formal-kda-h100-20260920--flashinfer--gqa_paged_decode_h32_kv8_d128_ps1/candidates/c001/solution.py
Device     : cuda:0  (NVIDIA H100 80GB HBM3)
Workloads  : 48   trials=1 warmup=2 iters=10
Selected   : [0, 1, 2, 3, 4, 5, 6, 7, 8, 9, 10, 11, 12, 13, 14, 15, 16, 17, 18, 19, 20, 21, 22, 23, 24, 25, 26, 27, 28, 29, 30, 31, 32, 33, 34, 35, 36, 37, 38, 39, 40, 41, 42, 43, 44, 45, 46, 47]
Tolerance  : atol=0.01 rtol=0.01 matched_ratio=0.99
==============================================================================
[1/48] e2142798 axes={'batch_size': 1, 'num_pages': 9316, 'len_indptr': 2, 'num_kv_indices': 73}: PASSED  ref=3.7736ms sol=0.0512ms  speedup=73.69x  abs=1.95e-03 rel=6.41e-03
[2/48] 2849bdc5 axes={'batch_size': 1, 'num_pages': 63, 'len_indptr': 2, 'num_kv_indices': 46}: PASSED  ref=3.7081ms sol=0.0465ms  speedup=79.66x  abs=4.77e-07 rel=5.21e-03
[3/48] aa937325 axes={'batch_size': 1, 'num_pages': 82, 'len_indptr': 2, 'num_kv_indices': 65}: PASSED  ref=12.2815ms sol=0.0469ms  speedup=261.82x  abs=9.54e-07 rel=6.85e-03
[4/48] be0e9c07 axes={'batch_size': 1, 'num_pages': 18, 'len_indptr': 2, 'num_kv_indices': 2}: PASSED  ref=3.7201ms sol=0.0462ms  speedup=80.58x  abs=2.38e-07 rel=9.31e-06
[5/48] 13bd6f6d axes={'batch_size': 1, 'num_pages': 67, 'len_indptr': 2, 'num_kv_indices': 50}: PASSED  ref=3.7054ms sol=0.0460ms  speedup=80.47x  abs=1.22e-04 rel=7.58e-03
[6/48] 4b6e577b axes={'batch_size': 1, 'num_pages': 406, 'len_indptr': 2, 'num_kv_indices': 356}: PASSED  ref=3.7485ms sol=0.0552ms  speedup=67.90x  abs=9.54e-07 rel=4.46e-03
[7/48] 233743f3 axes={'batch_size': 1, 'num_pages': 597, 'len_indptr': 2, 'num_kv_indices': 547}: PASSED  ref=3.7706ms sol=0.0609ms  speedup=61.87x  abs=3.05e-05 rel=5.95e-03
[8/48] 55b7d182 axes={'batch_size': 1, 'num_pages': 71, 'len_indptr': 2, 'num_kv_indices': 54}: PASSED  ref=3.7120ms sol=0.0462ms  speedup=80.43x  abs=9.54e-07 rel=5.35e-03
[9/48] d8826343 axes={'batch_size': 1, 'num_pages': 223, 'len_indptr': 2, 'num_kv_indices': 173}: PASSED  ref=6.0128ms sol=0.0875ms  speedup=68.74x  abs=9.54e-07 rel=5.12e-03
[10/48] cc152036 axes={'batch_size': 1, 'num_pages': 74, 'len_indptr': 2, 'num_kv_indices': 57}: PASSED  ref=6.1709ms sol=0.1429ms  speedup=43.18x  abs=1.53e-05 rel=6.02e-03
[11/48] 2f08e877 axes={'batch_size': 1, 'num_pages': 78, 'len_indptr': 2, 'num_kv_indices': 61}: PASSED  ref=4.1387ms sol=0.0529ms  speedup=78.19x  abs=9.54e-07 rel=1.33e-07
[12/48] 62aad293 axes={'batch_size': 1, 'num_pages': 11, 'len_indptr': 2, 'num_kv_indices': 10}: PASSED  ref=4.4274ms sol=0.0528ms  speedup=83.90x  abs=4.77e-07 rel=1.21e-07
[13/48] 7e5dca40 axes={'batch_size': 1, 'num_pages': 15, 'len_indptr': 2, 'num_kv_indices': 14}: PASSED  ref=4.1481ms sol=0.0515ms  speedup=80.56x  abs=4.77e-07 rel=1.13e-07
[14/48] d58b7e5a axes={'batch_size': 1, 'num_pages': 55, 'len_indptr': 2, 'num_kv_indices': 38}: PASSED  ref=4.1377ms sol=0.0518ms  speedup=79.85x  abs=1.22e-04 rel=4.85e-03
[15/48] 86584e1f axes={'batch_size': 1, 'num_pages': 9341, 'len_indptr': 2, 'num_kv_indices': 98}: PASSED  ref=4.2027ms sol=0.0514ms  speedup=81.84x  abs=4.77e-07 rel=6.89e-08
[16/48] 1ae14253 axes={'batch_size': 1, 'num_pages': 59, 'len_indptr': 2, 'num_kv_indices': 42}: PASSED  ref=4.1402ms sol=0.0508ms  speedup=81.52x  abs=9.54e-07 rel=1.49e-07
[17/48] 39ca5ed6 axes={'batch_size': 16, 'num_pages': 2708, 'len_indptr': 17, 'num_kv_indices': 2681}: PASSED  ref=64.4030ms sol=0.0611ms  speedup=1054.76x  abs=4.88e-04 rel=2.49e-02
[18/48] 85fac3ed axes={'batch_size': 16, 'num_pages': 2212, 'len_indptr': 17, 'num_kv_indices': 2185}: PASSED  ref=63.9769ms sol=0.0607ms  speedup=1054.53x  abs=9.77e-04 rel=1.51e-02
[19/48] cd36924a axes={'batch_size': 16, 'num_pages': 1220, 'len_indptr': 17, 'num_kv_indices': 1193}: PASSED  ref=64.5681ms sol=0.0575ms  speedup=1122.41x  abs=1.95e-03 rel=3.17e-02
[20/48] db2de7f1 axes={'batch_size': 16, 'num_pages': 1732, 'len_indptr': 17, 'num_kv_indices': 1705}: PASSED  ref=64.1920ms sol=0.0587ms  speedup=1094.14x  abs=1.95e-03 rel=1.18e-02
[21/48] 1e15ed03 axes={'batch_size': 16, 'num_pages': 81390, 'len_indptr': 17, 'num_kv_indices': 12942}: PASSED  ref=60.1187ms sol=0.1692ms  speedup=355.32x  abs=2.44e-04 rel=2.51e-02
[22/48] f31598f9 axes={'batch_size': 16, 'num_pages': 1069, 'len_indptr': 17, 'num_kv_indices': 1034}: PASSED  ref=56.9876ms sol=0.0529ms  speedup=1077.74x  abs=9.77e-04 rel=1.30e-02
[23/48] 5aecf120 axes={'batch_size': 16, 'num_pages': 2868, 'len_indptr': 17, 'num_kv_indices': 2841}: PASSED  ref=57.8805ms sol=0.0584ms  speedup=990.67x  abs=4.88e-04 rel=1.11e-02
[24/48] 8a1fd5df axes={'batch_size': 16, 'num_pages': 2372, 'len_indptr': 17, 'num_kv_indices': 2345}: PASSED  ref=58.0118ms sol=0.0570ms  speedup=1017.66x  abs=9.77e-04 rel=7.63e-03
[25/48] ccdc67b6 axes={'batch_size': 16, 'num_pages': 30163, 'len_indptr': 17, 'num_kv_indices': 20911}: PASSED  ref=57.8510ms sol=0.1956ms  speedup=295.81x  abs=4.88e-04 rel=7.69e-03
[26/48] 16e73fbc axes={'batch_size': 16, 'num_pages': 1892, 'len_indptr': 17, 'num_kv_indices': 1865}: PASSED  ref=57.9266ms sol=0.0591ms  speedup=979.71x  abs=1.95e-03 rel=6.99e-03
[27/48] d2c89e1d axes={'batch_size': 16, 'num_pages': 1396, 'len_indptr': 17, 'num_kv_indices': 1369}: PASSED  ref=57.3469ms sol=0.0535ms  speedup=1072.34x  abs=1.95e-03 rel=7.81e-03
[28/48] 434980b4 axes={'batch_size': 16, 'num_pages': 4333, 'len_indptr': 17, 'num_kv_indices': 4298}: PASSED  ref=58.0792ms sol=0.0626ms  speedup=927.28x  abs=4.88e-04 rel=2.04e-02
[29/48] 0ea2f83b axes={'batch_size': 16, 'num_pages': 3044, 'len_indptr': 17, 'num_kv_indices': 3017}: PASSED  ref=57.9873ms sol=0.0596ms  speedup=973.67x  abs=3.05e-05 rel=1.39e-02
[30/48] 127a80a4 axes={'batch_size': 16, 'num_pages': 2548, 'len_indptr': 17, 'num_kv_indices': 2521}: PASSED  ref=57.7394ms sol=0.0565ms  speedup=1022.82x  abs=1.95e-03 rel=2.37e-02
[31/48] f248b828 axes={'batch_size': 16, 'num_pages': 2052, 'len_indptr': 17, 'num_kv_indices': 2025}: PASSED  ref=57.7730ms sol=0.0567ms  speedup=1018.16x  abs=2.44e-04 rel=7.56e-03
[32/48] ebe29c4a axes={'batch_size': 16, 'num_pages': 1556, 'len_indptr': 17, 'num_kv_indices': 1529}: PASSED  ref=57.0835ms sol=0.0528ms  speedup=1081.06x  abs=9.77e-04 rel=2.54e-01
[33/48] 91552da7 axes={'batch_size': 64, 'num_pages': 60071, 'len_indptr': 65, 'num_kv_indices': 50902}: PASSED  ref=229.8440ms sol=0.2972ms  speedup=773.26x  abs=9.77e-04 rel=3.75e-02
[34/48] 27b811f9 axes={'batch_size': 64, 'num_pages': 66637, 'len_indptr': 65, 'num_kv_indices': 57366}: PASSED  ref=229.7547ms sol=0.3277ms  speedup=701.19x  abs=9.77e-04 rel=1.64e-01
[35/48] cfccc048 axes={'batch_size': 64, 'num_pages': 62605, 'len_indptr': 65, 'num_kv_indices': 53334}: PASSED  ref=229.9842ms sol=0.3032ms  speedup=758.52x  abs=9.77e-04 rel=4.35e-02
[36/48] 9608dc13 axes={'batch_size': 64, 'num_pages': 64653, 'len_indptr': 65, 'num_kv_indices': 55382}: PASSED  ref=231.4035ms sol=0.3151ms  speedup=734.42x  abs=9.77e-04 rel=2.83e-02
[37/48] d4415ca7 axes={'batch_size': 64, 'num_pages': 67021, 'len_indptr': 65, 'num_kv_indices': 57750}: PASSED  ref=229.9429ms sol=0.3212ms  speedup=715.94x  abs=9.77e-04 rel=1.11e-01
[38/48] 43de6e71 axes={'batch_size': 64, 'num_pages': 65037, 'len_indptr': 65, 'num_kv_indices': 55766}: PASSED  ref=256.1264ms sol=0.3129ms  speedup=818.63x  abs=4.88e-04 rel=1.85e-02
[39/48] 12b921da axes={'batch_size': 64, 'num_pages': 63053, 'len_indptr': 65, 'num_kv_indices': 53782}: PASSED  ref=232.6305ms sol=0.3066ms  speedup=758.66x  abs=4.88e-04 rel=7.96e-02
[40/48] 817a4061 axes={'batch_size': 64, 'num_pages': 67405, 'len_indptr': 65, 'num_kv_indices': 58134}: PASSED  ref=232.2996ms sol=0.3094ms  speedup=750.86x  abs=4.88e-04 rel=3.27e-01
[41/48] 7077cfb4 axes={'batch_size': 64, 'num_pages': 65421, 'len_indptr': 65, 'num_kv_indices': 56150}: PASSED  ref=231.9994ms sol=0.3179ms  speedup=729.83x  abs=9.77e-04 rel=4.58e-01
[42/48] d562ca35 axes={'batch_size': 64, 'num_pages': 63437, 'len_indptr': 65, 'num_kv_indices': 54166}: PASSED  ref=230.4204ms sol=0.3059ms  speedup=753.32x  abs=9.77e-04 rel=1.65e-01
[43/48] 556fea1d axes={'batch_size': 64, 'num_pages': 65805, 'len_indptr': 65, 'num_kv_indices': 56534}: PASSED  ref=231.7546ms sol=0.3066ms  speedup=755.79x  abs=4.88e-04 rel=2.13e-02
[44/48] 116916f0 axes={'batch_size': 64, 'num_pages': 63821, 'len_indptr': 65, 'num_kv_indices': 54550}: PASSED  ref=257.0316ms sol=0.3222ms  speedup=797.76x  abs=9.77e-04 rel=6.37e-02
[45/48] e165c254 axes={'batch_size': 64, 'num_pages': 67853, 'len_indptr': 65, 'num_kv_indices': 58582}: PASSED  ref=256.3099ms sol=0.3195ms  speedup=802.24x  abs=9.77e-04 rel=3.31e-02
[46/48] 486d0874 axes={'batch_size': 64, 'num_pages': 66253, 'len_indptr': 65, 'num_kv_indices': 56982}: PASSED  ref=257.8469ms sol=0.3170ms  speedup=813.39x  abs=4.88e-04 rel=2.85e-02
[47/48] 5444fc56 axes={'batch_size': 64, 'num_pages': 68237, 'len_indptr': 65, 'num_kv_indices': 58966}: PASSED  ref=231.6401ms sol=0.3242ms  speedup=714.58x  abs=4.88e-04 rel=2.02e-02
[48/48] d78eb414 axes={'batch_size': 64, 'num_pages': 64205, 'len_indptr': 65, 'num_kv_indices': 54934}: PASSED  ref=229.4633ms sol=0.3148ms  speedup=728.91x  abs=4.88e-04 rel=4.03e-01
==============================================================================
Passed: 48/48    valid_run=True
GEOMEAN speedup (optimization target): 378.12x
  arithmetic mean (fib/AKO4X metric):  596.45x
  min=43.18x  max=1122.41x
RESULT: VALID — geomean speedup = 378.12x
==============================================================================
Wrote /home/ziming/kda-ops/kda-runs/formal-kda-h100-20260920--flashinfer--gqa_paged_decode_h32_kv8_d128_ps1/runs/candidates/c001/feedback.json
