==============================================================================
Definition : rmsnorm_h4096  (op_type=rmsnorm)
Solution   : /home/ziming/kda-ops/kda-control/formal-kda-h100-20260920--flashinfer--rmsnorm_h4096/candidates/c001/solution.py
Device     : cuda:0  (NVIDIA H100 80GB HBM3)
Workloads  : 14   trials=1 warmup=2 iters=10
Selected   : [0, 1, 2, 3, 4, 5, 6, 7, 8, 9, 10, 11, 12, 13]
Tolerance  : atol=0.01 rtol=0.01 matched_ratio=0.99
==============================================================================
[1/14] 33bf737d axes={'batch_size': 7}: PASSED  ref=0.0846ms sol=0.0355ms  speedup=2.38x  abs=0.00e+00 rel=0.00e+00
[2/14] 864d596c axes={'batch_size': 1}: PASSED  ref=0.0784ms sol=0.0300ms  speedup=2.61x  abs=0.00e+00 rel=0.00e+00
[3/14] f7c3b329 axes={'batch_size': 34}: PASSED  ref=0.0779ms sol=0.0311ms  speedup=2.51x  abs=1.56e-02 rel=6.49e-03
[4/14] b010c7f2 axes={'batch_size': 170}: PASSED  ref=0.0798ms sol=0.0295ms  speedup=2.70x  abs=1.56e-02 rel=7.52e-03
[5/14] f0f508c3 axes={'batch_size': 14418}: PASSED  ref=0.9593ms sol=0.0993ms  speedup=9.66x  abs=3.12e-02 rel=7.81e-03
[6/14] cfddc087 axes={'batch_size': 11832}: PASSED  ref=0.8068ms sol=0.0847ms  speedup=9.52x  abs=3.12e-02 rel=7.81e-03
[7/14] 14531e96 axes={'batch_size': 64}: PASSED  ref=0.0779ms sol=0.0289ms  speedup=2.69x  abs=7.81e-03 rel=4.33e-03
[8/14] a497c980 axes={'batch_size': 16}: PASSED  ref=0.0760ms sol=0.0298ms  speedup=2.55x  abs=0.00e+00 rel=0.00e+00
[9/14] d1337dc1 axes={'batch_size': 10827}: PASSED  ref=0.7562ms sol=0.0795ms  speedup=9.51x  abs=1.56e-02 rel=7.75e-03
[10/14] 0cf0fdba axes={'batch_size': 8804}: PASSED  ref=0.6199ms sol=0.0698ms  speedup=8.88x  abs=1.56e-02 rel=7.63e-03
[11/14] d9e317ac axes={'batch_size': 63}: PASSED  ref=0.0769ms sol=0.0298ms  speedup=2.58x  abs=0.00e+00 rel=0.00e+00
[12/14] 818219cc axes={'batch_size': 79}: PASSED  ref=0.0759ms sol=0.0295ms  speedup=2.57x  abs=0.00e+00 rel=0.00e+00
[13/14] 841b0afa axes={'batch_size': 14509}: PASSED  ref=0.9675ms sol=0.0994ms  speedup=9.73x  abs=3.12e-02 rel=7.75e-03
[14/14] 9d403d2b axes={'batch_size': 15}: PASSED  ref=0.0774ms sol=0.0297ms  speedup=2.61x  abs=0.00e+00 rel=0.00e+00
==============================================================================
Passed: 14/14    valid_run=True
GEOMEAN speedup (optimization target): 4.10x
  arithmetic mean (fib/AKO4X metric):  5.04x
  min=2.38x  max=9.73x
RESULT: VALID — geomean speedup = 4.10x
==============================================================================
Wrote /home/ziming/kda-ops/kda-runs/formal-kda-h100-20260920--flashinfer--rmsnorm_h4096/runs/candidates/c001/feedback.json
