Definition: /data1/workspace/ziming/dataset/SOL-ExecBench/data/benchmark/L2/030_flux_concatenated_sequence_processing_with_split/definition.json
Workload  : /data1/workspace/ziming/dataset/SOL-ExecBench/data/benchmark/L2/030_flux_concatenated_sequence_processing_with_split/workload.jsonl
Solution  : /data1/workspace/weihongren/baseline/drtriton/kbstyle_stts_full8_20260919/tasks/SOL/L2/030_flux_concatenated_sequence_processing_with_split/final/solution.json
Output    : /data1/workspace/weihongren/baseline/drtriton/kbstyle_stts_full8_20260919/tasks/SOL/L2/030_flux_concatenated_sequence_processing_with_split/final/evaluation.json

==============================================================================
Problem : 030_flux_concatenated_sequence_processing_with_split
Passed  : 16/16
Status  : OK
[1] 9de8abcb-a854-578a-9da4-9aec0f0925e0: reference=0.909872 ms, candidate=5.887684 ms, speedup=0.1545x
[2] 5c686654-84b3-5ce5-ad5b-4f50bd397416: reference=0.909839 ms, candidate=5.889333 ms, speedup=0.1545x
[3] dda2cd74-1d9c-5583-9164-5c4a0bbcf376: reference=0.966894 ms, candidate=9.207049 ms, speedup=0.1050x
[4] 2c9cc79c-e00f-583e-80b7-3904e5139b6c: reference=0.430729 ms, candidate=3.977016 ms, speedup=0.1083x
[5] e92f1fac-423f-59f2-bfcd-2154258d5a9a: reference=4.372402 ms, candidate=29.212417 ms, speedup=0.1497x
[6] 978c252a-7dc2-55db-8731-a9ff7af63f3b: reference=2.640688 ms, candidate=18.190283 ms, speedup=0.1452x
[7] a9d58452-943d-5f67-a8d6-d9ae6bcc3072: reference=1.192395 ms, candidate=9.235308 ms, speedup=0.1291x
[8] 659c4d3b-9e59-5996-9b7f-035ee408c3ac: reference=4.661565 ms, candidate=31.090888 ms, speedup=0.1499x
[9] e6aab32c-d3cd-5758-801f-212cfbaf6911: reference=5.243044 ms, candidate=34.556960 ms, speedup=0.1517x
[10] e0782f0c-bc40-55e6-bcd2-13f420f4ad1b: reference=6.392370 ms, candidate=41.573996 ms, speedup=0.1538x
[11] 71d670d9-083c-5c14-b7fb-38d9a572852b: reference=25.056561 ms, candidate=159.869468 ms, speedup=0.1567x
[12] bf56c2b5-f59b-556d-be9e-5ddd00225bd1: reference=3.217371 ms, candidate=21.619998 ms, speedup=0.1488x
[13] 7ae93ff7-0db4-5e52-8aa4-1b53f6e8ae79: reference=6.103805 ms, candidate=39.780375 ms, speedup=0.1534x
[14] d234a6e4-6f9c-55fe-ae82-58e1bd445a34: reference=2.348938 ms, candidate=16.256856 ms, speedup=0.1445x
[15] 62f6139b-7873-52e0-8738-345d10caad5e: reference=2.951408 ms, candidate=21.058123 ms, speedup=0.1402x
[16] 7a91d659-0bcc-5b47-bfcf-670cafc27ae9: reference=1.714309 ms, candidate=11.168603 ms, speedup=0.1535x
Geomean : 0.1427x
Average : 0.1437x
==============================================================================
Performance: /data1/workspace/weihongren/baseline/drtriton/kbstyle_stts_full8_20260919/tasks/SOL/L2/030_flux_concatenated_sequence_processing_with_split/final/evaluation.json
