Definition: /home/ziming/dataset/SOL-ExecBench/data/benchmark/L1/018_fused_rope_with_qk_norm_and_kv_cache_update/definition.json
Workload  : /home/ziming/kda-ops/kda-control/formal-kda-h100-20260920--sol_execbench--L1-018_fused_rope_with_qk_norm_and_kv_cache_update/feedback_workloads.jsonl
Solution  : /home/ziming/kda-ops/kda-control/formal-kda-h100-20260920--sol_execbench--L1-018_fused_rope_with_qk_norm_and_kv_cache_update/candidates/c003/solution.py
Output    : /home/ziming/kda-ops/kda-runs/formal-kda-h100-20260920--sol_execbench--L1-018_fused_rope_with_qk_norm_and_kv_cache_update/runs/candidates/c003/feedback.json

==============================================================================
Problem : 018_fused_rope_with_qk_norm_and_kv_cache_update
Passed  : 13/13
Status  : OK
[1] 2ff5eaf3-5138-5135-b35a-ea14e9014cd2: reference=0.106544 ms, candidate=0.005824 ms, speedup=18.2940x
[2] 3c3b2b9b-5b67-582b-b183-a34a3199ddd2: reference=0.190225 ms, candidate=0.014768 ms, speedup=12.8809x
[3] 8f5402ae-9b88-5eed-afe5-cba4c51a72cb: reference=0.110720 ms, candidate=0.006304 ms, speedup=17.5635x
[4] 520daee2-844e-528d-ba34-10eafa62b0a4: reference=0.150193 ms, candidate=0.010352 ms, speedup=14.5086x
[5] 052e17c9-2fdd-5b2d-a3bc-376d9ffac3e4: reference=0.522994 ms, candidate=0.038080 ms, speedup=13.7341x
[6] d1dbaf22-9513-5482-99bc-ac28bd971a79: reference=0.192353 ms, candidate=0.019824 ms, speedup=9.7030x
[7] 6a214883-9138-51d9-aa5a-8d3c81f8ad89: reference=0.513346 ms, candidate=0.031872 ms, speedup=16.1065x
[8] 8603b54e-8690-5562-bbfe-24037a153750: reference=1.725494 ms, candidate=0.121120 ms, speedup=14.2461x
[9] 39eb0040-eb8e-5cb0-b4f6-130a35f589d9: reference=0.924114 ms, candidate=0.060753 ms, speedup=15.2111x
[10] f71286e4-c31d-5da8-a0b1-150e7ad5ea32: reference=0.204401 ms, candidate=0.014144 ms, speedup=14.4514x
[11] 3c5b9152-7a47-5bb5-9b79-8515dea00500: reference=0.558338 ms, candidate=0.034433 ms, speedup=16.2152x
[12] d90ee047-589a-5943-968d-3c0f966d1957: reference=1.027988 ms, candidate=0.065312 ms, speedup=15.7395x
[13] 13f5b933-268b-5baa-bf48-452cd48dd0e5: reference=0.309585 ms, candidate=0.022385 ms, speedup=13.8303x
Geomean : 14.6444x
Average : 14.8065x
==============================================================================
Performance: /home/ziming/kda-ops/kda-runs/formal-kda-h100-20260920--sol_execbench--L1-018_fused_rope_with_qk_norm_and_kv_cache_update/runs/candidates/c003/feedback.json
