Definition: /data1/workspace/ziming/dataset/SOL-ExecBench/data/benchmark/L2/049_group_limited_topk_routing/definition.json
Workload  : /data1/workspace/ziming/dataset/SOL-ExecBench/data/benchmark/L2/049_group_limited_topk_routing/workload.jsonl
Solution  : /data1/workspace/weihongren/kda-control/formal-kda-20260916--sol_execbench--L2-049_group_limited_topk_routing/candidates/c013/solution.py
Output    : /data1/workspace/weihongren/kda-runs/formal-kda-20260916--sol_execbench--L2-049_group_limited_topk_routing/runs/candidates/c013/final.json

==============================================================================
Problem : 049_group_limited_topk_routing
Passed  : 16/16
Status  : OK
[1] d6d0eb83-de2e-5a6d-ba23-ee72ae216708: reference=0.625860 ms, candidate=0.178701 ms, speedup=3.5023x
[2] 2d3ab9f3-e864-5bc5-86a8-22df69d7afe1: reference=0.668467 ms, candidate=0.179596 ms, speedup=3.7220x
[3] 557d6ebe-248b-5692-a8c9-f2cf0daea505: reference=0.929053 ms, candidate=0.197884 ms, speedup=4.6949x
[4] 3c7e34f7-cf64-52cc-9145-8b956a99d786: reference=0.873678 ms, candidate=0.184460 ms, speedup=4.7364x
[5] 1d554a6c-1d9d-54c7-9ed9-6d4b50c95906: reference=0.669171 ms, candidate=0.179644 ms, speedup=3.7250x
[6] 255fc599-953f-5ad6-9fd1-ffa2d961599a: reference=0.647203 ms, candidate=0.174828 ms, speedup=3.7019x
[7] 0fc8f5f9-1900-55f4-b7d8-acefecbead69: reference=1.487810 ms, candidate=0.260331 ms, speedup=5.7151x
[8] 56d76e98-5a37-53fb-acb7-98c263e6492d: reference=3.201887 ms, candidate=0.600196 ms, speedup=5.3347x
[9] 120f9250-1ae9-5daa-93df-33657e8ef3bc: reference=0.549541 ms, candidate=0.153228 ms, speedup=3.5864x
[10] 0b6c941f-7820-5b8a-a767-cfa0ccd5bc13: reference=0.873918 ms, candidate=0.199212 ms, speedup=4.3869x
[11] 0955cad9-50b5-508d-9f56-2c4409225941: reference=2.133221 ms, candidate=0.368345 ms, speedup=5.7914x
[12] 52292135-4dd2-510b-a7e0-21aa988862c1: reference=0.555397 ms, candidate=0.152621 ms, speedup=3.6391x
[13] 469b2796-deb3-5a83-a7a6-1b2f84b86f20: reference=0.678370 ms, candidate=0.180076 ms, speedup=3.7671x
[14] 012f1aaf-7c8b-5342-a24a-5bf688ba5668: reference=3.022355 ms, candidate=0.460135 ms, speedup=6.5684x
[15] dca55419-b0fb-59a3-9e34-a3e654a7643d: reference=0.649587 ms, candidate=0.159996 ms, speedup=4.0600x
[16] 993dd417-9fb2-5d66-9b81-c1e15a113463: reference=0.688114 ms, candidate=0.180316 ms, speedup=3.8161x
Geomean : 4.3339x
Average : 4.4217x
==============================================================================
Performance: /data1/workspace/weihongren/kda-runs/formal-kda-20260916--sol_execbench--L2-049_group_limited_topk_routing/runs/candidates/c013/final.json
