==============================================================================
Definition : rmsnorm_h4096  (op_type=rmsnorm)
Solution   : /data1/workspace/weihongren/baseline/drtriton/kbstyle_campaign_v2_20260918/tasks/flashinfer/rmsnorm_h4096/final/solution.py
Device     : cuda:0  (NVIDIA A800-SXM4-80GB)
Workloads  : 14   trials=1 warmup=3 iters=100
Tolerance  : atol=0.01 rtol=0.01 matched_ratio=0.99
==============================================================================
[1/14] 33bf737d axes={'batch_size': 7}: PASSED  ref=0.1100ms sol=0.0559ms  speedup=1.97x  abs=0.00e+00 rel=0.00e+00
[2/14] 864d596c axes={'batch_size': 1}: PASSED  ref=0.1068ms sol=0.0555ms  speedup=1.92x  abs=0.00e+00 rel=0.00e+00
[3/14] f7c3b329 axes={'batch_size': 34}: PASSED  ref=0.1080ms sol=0.0554ms  speedup=1.95x  abs=0.00e+00 rel=0.00e+00
[4/14] b010c7f2 axes={'batch_size': 170}: PASSED  ref=0.1077ms sol=0.0552ms  speedup=1.95x  abs=1.95e-03 rel=6.10e-03
[5/14] f0f508c3 axes={'batch_size': 14418}: PASSED  ref=1.5680ms sol=0.1926ms  speedup=8.14x  abs=3.12e-02 rel=7.81e-03
[6/14] cfddc087 axes={'batch_size': 11832}: PASSED  ref=1.2860ms sol=0.1654ms  speedup=7.78x  abs=3.12e-02 rel=7.75e-03
[7/14] 14531e96 axes={'batch_size': 64}: PASSED  ref=0.1075ms sol=0.0547ms  speedup=1.96x  abs=1.95e-03 rel=4.98e-03
[8/14] a497c980 axes={'batch_size': 16}: PASSED  ref=0.1078ms sol=0.0552ms  speedup=1.95x  abs=0.00e+00 rel=0.00e+00
[9/14] d1337dc1 axes={'batch_size': 10827}: PASSED  ref=1.1850ms sol=0.1551ms  speedup=7.64x  abs=3.12e-02 rel=7.81e-03
[10/14] 0cf0fdba axes={'batch_size': 8804}: PASSED  ref=0.9781ms sol=0.1339ms  speedup=7.31x  abs=3.12e-02 rel=7.75e-03
[11/14] d9e317ac axes={'batch_size': 63}: PASSED  ref=0.1066ms sol=0.0545ms  speedup=1.95x  abs=1.22e-04 rel=5.21e-03
[12/14] 818219cc axes={'batch_size': 79}: PASSED  ref=0.1061ms sol=0.0547ms  speedup=1.94x  abs=7.81e-03 rel=6.62e-03
[13/14] 841b0afa axes={'batch_size': 14509}: PASSED  ref=1.5723ms sol=0.1934ms  speedup=8.13x  abs=1.56e-02 rel=7.75e-03
[14/14] 9d403d2b axes={'batch_size': 15}: PASSED  ref=0.1078ms sol=0.0549ms  speedup=1.96x  abs=3.91e-03 rel=7.25e-03
==============================================================================
Passed: 14/14    valid_run=True
GEOMEAN speedup (optimization target): 3.20x
  arithmetic mean (fib/AKO4X metric):  4.04x
  min=1.92x  max=8.14x
RESULT: VALID — geomean speedup = 3.20x
==============================================================================
Wrote /data1/workspace/weihongren/baseline/drtriton/kbstyle_campaign_v2_20260918/tasks/flashinfer/rmsnorm_h4096/final/performance.json
