==============================================================================
Definition : gqa_paged_decode_h32_kv8_d128_ps1  (op_type=gqa_paged)
Solution   : /home/ziming/kda-ops/kda-control/formal-kda-h100-20260920--flashinfer--gqa_paged_decode_h32_kv8_d128_ps1/candidates/c004/solution.py
Device     : cuda:0  (NVIDIA H100 80GB HBM3)
Workloads  : 48   trials=1 warmup=2 iters=10
Selected   : [0, 1, 2, 3, 4, 5, 6, 7, 8, 9, 10, 11, 12, 13, 14, 15, 16, 17, 18, 19, 20, 21, 22, 23, 24, 25, 26, 27, 28, 29, 30, 31, 32, 33, 34, 35, 36, 37, 38, 39, 40, 41, 42, 43, 44, 45, 46, 47]
Tolerance  : atol=0.01 rtol=0.01 matched_ratio=0.99
==============================================================================
[1/48] e2142798 axes={'batch_size': 1, 'num_pages': 9316, 'len_indptr': 2, 'num_kv_indices': 73}: PASSED  ref=4.2565ms sol=0.0591ms  speedup=72.07x  abs=3.91e-03 rel=2.64e+01
[2/48] 2849bdc5 axes={'batch_size': 1, 'num_pages': 63, 'len_indptr': 2, 'num_kv_indices': 46}: PASSED  ref=4.1925ms sol=0.0552ms  speedup=75.94x  abs=3.91e-03 rel=6.49e+01
[3/48] aa937325 axes={'batch_size': 1, 'num_pages': 82, 'len_indptr': 2, 'num_kv_indices': 65}: PASSED  ref=4.2603ms sol=0.0524ms  speedup=81.36x  abs=3.91e-03 rel=2.63e+00
[4/48] be0e9c07 axes={'batch_size': 1, 'num_pages': 18, 'len_indptr': 2, 'num_kv_indices': 2}: PASSED  ref=4.1482ms sol=0.0532ms  speedup=77.94x  abs=1.56e-02 rel=7.82e+00
[5/48] 13bd6f6d axes={'batch_size': 1, 'num_pages': 67, 'len_indptr': 2, 'num_kv_indices': 50}: PASSED  ref=4.1497ms sol=0.0518ms  speedup=80.11x  abs=3.91e-03 rel=4.48e+00
[6/48] 4b6e577b axes={'batch_size': 1, 'num_pages': 406, 'len_indptr': 2, 'num_kv_indices': 356}: PASSED  ref=4.2056ms sol=0.0511ms  speedup=82.24x  abs=9.77e-04 rel=1.88e+00
[7/48] 233743f3 axes={'batch_size': 1, 'num_pages': 597, 'len_indptr': 2, 'num_kv_indices': 547}: PASSED  ref=4.2234ms sol=0.0655ms  speedup=64.51x  abs=9.77e-04 rel=4.02e+00
[8/48] 55b7d182 axes={'batch_size': 1, 'num_pages': 71, 'len_indptr': 2, 'num_kv_indices': 54}: PASSED  ref=4.1623ms sol=0.0525ms  speedup=79.23x  abs=3.91e-03 rel=2.04e+00
[9/48] d8826343 axes={'batch_size': 1, 'num_pages': 223, 'len_indptr': 2, 'num_kv_indices': 173}: PASSED  ref=4.2175ms sol=0.0527ms  speedup=79.96x  abs=1.95e-03 rel=1.85e+00
[10/48] cc152036 axes={'batch_size': 1, 'num_pages': 74, 'len_indptr': 2, 'num_kv_indices': 57}: PASSED  ref=4.1337ms sol=0.0528ms  speedup=78.24x  abs=3.91e-03 rel=4.78e+00
[11/48] 2f08e877 axes={'batch_size': 1, 'num_pages': 78, 'len_indptr': 2, 'num_kv_indices': 61}: PASSED  ref=4.5940ms sol=0.0512ms  speedup=89.79x  abs=3.91e-03 rel=8.74e+00
[12/48] 62aad293 axes={'batch_size': 1, 'num_pages': 11, 'len_indptr': 2, 'num_kv_indices': 10}: PASSED  ref=4.1803ms sol=0.0521ms  speedup=80.23x  abs=7.81e-03 rel=1.62e+00
[13/48] 7e5dca40 axes={'batch_size': 1, 'num_pages': 15, 'len_indptr': 2, 'num_kv_indices': 14}: PASSED  ref=4.1781ms sol=0.0528ms  speedup=79.20x  abs=7.81e-03 rel=1.25e+01
[14/48] d58b7e5a axes={'batch_size': 1, 'num_pages': 55, 'len_indptr': 2, 'num_kv_indices': 38}: PASSED  ref=4.1563ms sol=0.0519ms  speedup=80.01x  abs=3.91e-03 rel=5.24e+00
[15/48] 86584e1f axes={'batch_size': 1, 'num_pages': 9341, 'len_indptr': 2, 'num_kv_indices': 98}: PASSED  ref=4.2058ms sol=0.0527ms  speedup=79.78x  abs=3.91e-03 rel=3.71e+00
[16/48] 1ae14253 axes={'batch_size': 1, 'num_pages': 59, 'len_indptr': 2, 'num_kv_indices': 42}: PASSED  ref=4.1791ms sol=0.0511ms  speedup=81.72x  abs=3.91e-03 rel=3.51e+01
[17/48] 39ca5ed6 axes={'batch_size': 16, 'num_pages': 2708, 'len_indptr': 17, 'num_kv_indices': 2681}: PASSED  ref=65.2767ms sol=0.0537ms  speedup=1216.11x  abs=3.91e-03 rel=1.57e+01
[18/48] 85fac3ed axes={'batch_size': 16, 'num_pages': 2212, 'len_indptr': 17, 'num_kv_indices': 2185}: PASSED  ref=65.0252ms sol=0.0519ms  speedup=1252.72x  abs=3.91e-03 rel=2.16e+01
[19/48] cd36924a axes={'batch_size': 16, 'num_pages': 1220, 'len_indptr': 17, 'num_kv_indices': 1193}: PASSED  ref=64.8710ms sol=0.0469ms  speedup=1382.82x  abs=7.81e-03 rel=1.16e+02
[20/48] db2de7f1 axes={'batch_size': 16, 'num_pages': 1732, 'len_indptr': 17, 'num_kv_indices': 1705}: PASSED  ref=64.2883ms sol=0.0484ms  speedup=1327.66x  abs=3.91e-03 rel=1.32e+02
[21/48] 1e15ed03 axes={'batch_size': 16, 'num_pages': 81390, 'len_indptr': 17, 'num_kv_indices': 12942}: PASSED  ref=64.7172ms sol=0.0939ms  speedup=689.02x  abs=7.81e-03 rel=6.74e+01
[22/48] f31598f9 axes={'batch_size': 16, 'num_pages': 1069, 'len_indptr': 17, 'num_kv_indices': 1034}: PASSED  ref=63.8047ms sol=0.0503ms  speedup=1268.87x  abs=7.81e-03 rel=1.05e+02
[23/48] 5aecf120 axes={'batch_size': 16, 'num_pages': 2868, 'len_indptr': 17, 'num_kv_indices': 2841}: PASSED  ref=63.9772ms sol=0.0485ms  speedup=1318.79x  abs=3.91e-03 rel=4.53e+01
[24/48] 8a1fd5df axes={'batch_size': 16, 'num_pages': 2372, 'len_indptr': 17, 'num_kv_indices': 2345}: PASSED  ref=63.2518ms sol=0.0480ms  speedup=1318.98x  abs=3.91e-03 rel=2.17e+01
[25/48] ccdc67b6 axes={'batch_size': 16, 'num_pages': 30163, 'len_indptr': 17, 'num_kv_indices': 20911}: PASSED  ref=62.1877ms sol=0.1003ms  speedup=620.01x  abs=9.77e-04 rel=1.56e+02
[26/48] 16e73fbc axes={'batch_size': 16, 'num_pages': 1892, 'len_indptr': 17, 'num_kv_indices': 1865}: PASSED  ref=64.4801ms sol=0.0500ms  speedup=1288.37x  abs=3.91e-03 rel=3.65e+01
[27/48] d2c89e1d axes={'batch_size': 16, 'num_pages': 1396, 'len_indptr': 17, 'num_kv_indices': 1369}: PASSED  ref=63.0798ms sol=0.0484ms  speedup=1302.10x  abs=7.81e-03 rel=1.41e+02
[28/48] 434980b4 axes={'batch_size': 16, 'num_pages': 4333, 'len_indptr': 17, 'num_kv_indices': 4298}: PASSED  ref=62.7962ms sol=0.0480ms  speedup=1309.13x  abs=3.91e-03 rel=7.07e+01
[29/48] 0ea2f83b axes={'batch_size': 16, 'num_pages': 3044, 'len_indptr': 17, 'num_kv_indices': 3017}: PASSED  ref=62.9733ms sol=0.0486ms  speedup=1295.11x  abs=3.91e-03 rel=3.51e+01
[30/48] 127a80a4 axes={'batch_size': 16, 'num_pages': 2548, 'len_indptr': 17, 'num_kv_indices': 2521}: PASSED  ref=63.1402ms sol=0.0502ms  speedup=1258.29x  abs=3.91e-03 rel=5.49e+02
[31/48] f248b828 axes={'batch_size': 16, 'num_pages': 2052, 'len_indptr': 17, 'num_kv_indices': 2025}: PASSED  ref=63.0613ms sol=0.0488ms  speedup=1292.24x  abs=3.91e-03 rel=4.36e+02
[32/48] ebe29c4a axes={'batch_size': 16, 'num_pages': 1556, 'len_indptr': 17, 'num_kv_indices': 1529}: PASSED  ref=62.9772ms sol=0.0485ms  speedup=1298.78x  abs=3.91e-03 rel=4.88e+01
[33/48] 91552da7 axes={'batch_size': 64, 'num_pages': 60071, 'len_indptr': 65, 'num_kv_indices': 50902}: PASSED  ref=270.6476ms sol=0.1563ms  speedup=1731.76x  abs=1.95e-03 rel=1.71e+02
[34/48] 27b811f9 axes={'batch_size': 64, 'num_pages': 66637, 'len_indptr': 65, 'num_kv_indices': 57366}: PASSED  ref=251.8790ms sol=0.1702ms  speedup=1480.11x  abs=1.95e-03 rel=3.70e+03
[35/48] cfccc048 axes={'batch_size': 64, 'num_pages': 62605, 'len_indptr': 65, 'num_kv_indices': 53334}: PASSED  ref=243.6142ms sol=0.1571ms  speedup=1550.81x  abs=1.95e-03 rel=3.69e+02
[36/48] 9608dc13 axes={'batch_size': 64, 'num_pages': 64653, 'len_indptr': 65, 'num_kv_indices': 55382}: PASSED  ref=244.1129ms sol=0.1605ms  speedup=1521.26x  abs=1.95e-03 rel=1.55e+02
[37/48] d4415ca7 axes={'batch_size': 64, 'num_pages': 67021, 'len_indptr': 65, 'num_kv_indices': 57750}: PASSED  ref=243.4364ms sol=0.1735ms  speedup=1402.88x  abs=1.95e-03 rel=3.68e+02
[38/48] 43de6e71 axes={'batch_size': 64, 'num_pages': 65037, 'len_indptr': 65, 'num_kv_indices': 55766}: PASSED  ref=242.8651ms sol=0.1604ms  speedup=1513.73x  abs=1.95e-03 rel=7.47e+01
[39/48] 12b921da axes={'batch_size': 64, 'num_pages': 63053, 'len_indptr': 65, 'num_kv_indices': 53782}: PASSED  ref=243.9818ms sol=0.1577ms  speedup=1546.88x  abs=1.95e-03 rel=1.26e+03
[40/48] 817a4061 axes={'batch_size': 64, 'num_pages': 67405, 'len_indptr': 65, 'num_kv_indices': 58134}: PASSED  ref=245.1971ms sol=0.1687ms  speedup=1453.25x  abs=1.95e-03 rel=9.50e+02
[41/48] 7077cfb4 axes={'batch_size': 64, 'num_pages': 65421, 'len_indptr': 65, 'num_kv_indices': 56150}: PASSED  ref=243.4673ms sol=0.1632ms  speedup=1492.04x  abs=1.95e-03 rel=1.62e+02
[42/48] d562ca35 axes={'batch_size': 64, 'num_pages': 63437, 'len_indptr': 65, 'num_kv_indices': 54166}: PASSED  ref=244.0501ms sol=0.1574ms  speedup=1550.37x  abs=1.95e-03 rel=1.34e+02
[43/48] 556fea1d axes={'batch_size': 64, 'num_pages': 65805, 'len_indptr': 65, 'num_kv_indices': 56534}: PASSED  ref=243.0793ms sol=0.1635ms  speedup=1486.86x  abs=1.95e-03 rel=4.51e+02
[44/48] 116916f0 axes={'batch_size': 64, 'num_pages': 63821, 'len_indptr': 65, 'num_kv_indices': 54550}: PASSED  ref=261.3426ms sol=0.1581ms  speedup=1652.83x  abs=1.95e-03 rel=1.66e+03
[45/48] e165c254 axes={'batch_size': 64, 'num_pages': 67853, 'len_indptr': 65, 'num_kv_indices': 58582}: PASSED  ref=243.3558ms sol=0.1702ms  speedup=1429.46x  abs=1.95e-03 rel=1.36e+02
[46/48] 486d0874 axes={'batch_size': 64, 'num_pages': 66253, 'len_indptr': 65, 'num_kv_indices': 56982}: PASSED  ref=245.0820ms sol=0.1660ms  speedup=1476.45x  abs=1.95e-03 rel=2.09e+03
[47/48] 5444fc56 axes={'batch_size': 64, 'num_pages': 68237, 'len_indptr': 65, 'num_kv_indices': 58966}: PASSED  ref=243.4480ms sol=0.1719ms  speedup=1415.87x  abs=1.95e-03 rel=4.42e+02
[48/48] d78eb414 axes={'batch_size': 64, 'num_pages': 64205, 'len_indptr': 65, 'num_kv_indices': 54934}: PASSED  ref=243.8445ms sol=0.1571ms  speedup=1552.50x  abs=1.95e-03 rel=2.43e+03
==============================================================================
Passed: 48/48    valid_run=True
GEOMEAN speedup (optimization target): 521.27x
  arithmetic mean (fib/AKO4X metric):  936.63x
  min=64.51x  max=1731.76x
RESULT: VALID — geomean speedup = 521.27x
==============================================================================
Wrote /home/ziming/kda-ops/kda-runs/formal-kda-h100-20260920--flashinfer--gqa_paged_decode_h32_kv8_d128_ps1/runs/candidates/c004/feedback.json
