==============================================================================
Definition : gqa_paged_decode_h32_kv8_d128_ps1  (op_type=gqa_paged)
Solution   : /home/ziming/kda-ops/kda-control/formal-kda-h100-20260920--flashinfer--gqa_paged_decode_h32_kv8_d128_ps1/candidates/c004/solution.py
Device     : cuda:0  (NVIDIA H100 80GB HBM3)
Workloads  : 48   trials=1 warmup=3 iters=100
Tolerance  : atol=0.01 rtol=0.01 matched_ratio=0.99
==============================================================================
[1/48] e2142798 axes={'batch_size': 1, 'num_pages': 9316, 'len_indptr': 2, 'num_kv_indices': 73}: PASSED  ref=4.0698ms sol=0.0498ms  speedup=81.78x  abs=3.91e-03 rel=2.20e+00
[2/48] 2849bdc5 axes={'batch_size': 1, 'num_pages': 63, 'len_indptr': 2, 'num_kv_indices': 46}: PASSED  ref=4.0320ms sol=0.0488ms  speedup=82.64x  abs=3.91e-03 rel=2.06e+01
[3/48] aa937325 axes={'batch_size': 1, 'num_pages': 82, 'len_indptr': 2, 'num_kv_indices': 65}: PASSED  ref=4.1339ms sol=0.0489ms  speedup=84.56x  abs=3.91e-03 rel=2.23e+01
[4/48] be0e9c07 axes={'batch_size': 1, 'num_pages': 18, 'len_indptr': 2, 'num_kv_indices': 2}: PASSED  ref=4.0031ms sol=0.0488ms  speedup=81.97x  abs=1.56e-02 rel=2.56e-01
[5/48] 13bd6f6d axes={'batch_size': 1, 'num_pages': 67, 'len_indptr': 2, 'num_kv_indices': 50}: PASSED  ref=4.0536ms sol=0.0489ms  speedup=82.97x  abs=3.91e-03 rel=1.90e+00
[6/48] 4b6e577b axes={'batch_size': 1, 'num_pages': 406, 'len_indptr': 2, 'num_kv_indices': 356}: PASSED  ref=4.0793ms sol=0.0484ms  speedup=84.23x  abs=1.95e-03 rel=4.00e+01
[7/48] 233743f3 axes={'batch_size': 1, 'num_pages': 597, 'len_indptr': 2, 'num_kv_indices': 547}: PASSED  ref=3.7534ms sol=0.0453ms  speedup=82.78x  abs=9.77e-04 rel=9.43e-01
[8/48] 55b7d182 axes={'batch_size': 1, 'num_pages': 71, 'len_indptr': 2, 'num_kv_indices': 54}: PASSED  ref=3.6028ms sol=0.0428ms  speedup=84.10x  abs=3.91e-03 rel=1.22e+00
[9/48] d8826343 axes={'batch_size': 1, 'num_pages': 223, 'len_indptr': 2, 'num_kv_indices': 173}: PASSED  ref=3.6210ms sol=0.0428ms  speedup=84.51x  abs=1.95e-03 rel=2.84e+00
[10/48] cc152036 axes={'batch_size': 1, 'num_pages': 74, 'len_indptr': 2, 'num_kv_indices': 57}: PASSED  ref=3.5998ms sol=0.0438ms  speedup=82.10x  abs=3.91e-03 rel=1.48e+01
[11/48] 2f08e877 axes={'batch_size': 1, 'num_pages': 78, 'len_indptr': 2, 'num_kv_indices': 61}: PASSED  ref=3.6048ms sol=0.0424ms  speedup=85.02x  abs=3.91e-03 rel=4.59e+01
[12/48] 62aad293 axes={'batch_size': 1, 'num_pages': 11, 'len_indptr': 2, 'num_kv_indices': 10}: PASSED  ref=3.5824ms sol=0.0422ms  speedup=84.85x  abs=7.81e-03 rel=3.92e+00
[13/48] 7e5dca40 axes={'batch_size': 1, 'num_pages': 15, 'len_indptr': 2, 'num_kv_indices': 14}: PASSED  ref=3.6122ms sol=0.0424ms  speedup=85.20x  abs=7.81e-03 rel=1.05e+00
[14/48] d58b7e5a axes={'batch_size': 1, 'num_pages': 55, 'len_indptr': 2, 'num_kv_indices': 38}: PASSED  ref=3.5993ms sol=0.0427ms  speedup=84.34x  abs=3.91e-03 rel=6.32e+00
[15/48] 86584e1f axes={'batch_size': 1, 'num_pages': 9341, 'len_indptr': 2, 'num_kv_indices': 98}: PASSED  ref=3.6695ms sol=0.0426ms  speedup=86.10x  abs=3.91e-03 rel=3.24e+00
[16/48] 1ae14253 axes={'batch_size': 1, 'num_pages': 59, 'len_indptr': 2, 'num_kv_indices': 42}: PASSED  ref=3.5891ms sol=0.0426ms  speedup=84.27x  abs=3.91e-03 rel=1.86e+00
[17/48] 39ca5ed6 axes={'batch_size': 16, 'num_pages': 2708, 'len_indptr': 17, 'num_kv_indices': 2681}: PASSED  ref=56.1319ms sol=0.0437ms  speedup=1284.61x  abs=3.91e-03 rel=5.60e+01
[18/48] 85fac3ed axes={'batch_size': 16, 'num_pages': 2212, 'len_indptr': 17, 'num_kv_indices': 2185}: PASSED  ref=55.8146ms sol=0.0435ms  speedup=1281.94x  abs=3.91e-03 rel=1.48e+01
[19/48] cd36924a axes={'batch_size': 16, 'num_pages': 1220, 'len_indptr': 17, 'num_kv_indices': 1193}: PASSED  ref=55.8057ms sol=0.0435ms  speedup=1283.18x  abs=7.81e-03 rel=2.46e+02
[20/48] db2de7f1 axes={'batch_size': 16, 'num_pages': 1732, 'len_indptr': 17, 'num_kv_indices': 1705}: PASSED  ref=55.9688ms sol=0.0437ms  speedup=1280.31x  abs=3.91e-03 rel=8.01e+01
[21/48] 1e15ed03 axes={'batch_size': 16, 'num_pages': 81390, 'len_indptr': 17, 'num_kv_indices': 12942}: PASSED  ref=56.1968ms sol=0.0888ms  speedup=633.03x  abs=7.81e-03 rel=5.83e+01
[22/48] f31598f9 axes={'batch_size': 16, 'num_pages': 1069, 'len_indptr': 17, 'num_kv_indices': 1034}: PASSED  ref=55.4521ms sol=0.0436ms  speedup=1272.74x  abs=7.81e-03 rel=5.40e+01
[23/48] 5aecf120 axes={'batch_size': 16, 'num_pages': 2868, 'len_indptr': 17, 'num_kv_indices': 2841}: PASSED  ref=55.9496ms sol=0.0437ms  speedup=1280.12x  abs=3.91e-03 rel=3.52e+01
[24/48] 8a1fd5df axes={'batch_size': 16, 'num_pages': 2372, 'len_indptr': 17, 'num_kv_indices': 2345}: PASSED  ref=55.7053ms sol=0.0437ms  speedup=1276.08x  abs=3.91e-03 rel=2.00e+02
[25/48] ccdc67b6 axes={'batch_size': 16, 'num_pages': 30163, 'len_indptr': 17, 'num_kv_indices': 20911}: PASSED  ref=56.0810ms sol=0.0978ms  speedup=573.35x  abs=1.95e-03 rel=7.02e+01
[26/48] 16e73fbc axes={'batch_size': 16, 'num_pages': 1892, 'len_indptr': 17, 'num_kv_indices': 1865}: PASSED  ref=55.5690ms sol=0.0440ms  speedup=1262.83x  abs=3.91e-03 rel=4.60e+01
[27/48] d2c89e1d axes={'batch_size': 16, 'num_pages': 1396, 'len_indptr': 17, 'num_kv_indices': 1369}: PASSED  ref=55.3451ms sol=0.0434ms  speedup=1275.18x  abs=7.81e-03 rel=3.17e+01
[28/48] 434980b4 axes={'batch_size': 16, 'num_pages': 4333, 'len_indptr': 17, 'num_kv_indices': 4298}: PASSED  ref=55.5661ms sol=0.0454ms  speedup=1224.20x  abs=1.95e-03 rel=3.24e+02
[29/48] 0ea2f83b axes={'batch_size': 16, 'num_pages': 3044, 'len_indptr': 17, 'num_kv_indices': 3017}: PASSED  ref=55.5772ms sol=0.0444ms  speedup=1251.82x  abs=3.91e-03 rel=5.44e+01
[30/48] 127a80a4 axes={'batch_size': 16, 'num_pages': 2548, 'len_indptr': 17, 'num_kv_indices': 2521}: PASSED  ref=55.6677ms sol=0.0438ms  speedup=1269.81x  abs=3.91e-03 rel=1.70e+03
[31/48] f248b828 axes={'batch_size': 16, 'num_pages': 2052, 'len_indptr': 17, 'num_kv_indices': 2025}: PASSED  ref=55.5271ms sol=0.0436ms  speedup=1273.63x  abs=7.81e-03 rel=5.95e+02
[32/48] ebe29c4a axes={'batch_size': 16, 'num_pages': 1556, 'len_indptr': 17, 'num_kv_indices': 1529}: PASSED  ref=55.4993ms sol=0.0443ms  speedup=1253.11x  abs=7.81e-03 rel=1.33e+02
[33/48] 91552da7 axes={'batch_size': 64, 'num_pages': 60071, 'len_indptr': 65, 'num_kv_indices': 50902}: PASSED  ref=222.9933ms sol=0.1460ms  speedup=1527.16x  abs=1.95e-03 rel=1.11e+02
[34/48] 27b811f9 axes={'batch_size': 64, 'num_pages': 66637, 'len_indptr': 65, 'num_kv_indices': 57366}: PASSED  ref=223.1279ms sol=0.1570ms  speedup=1420.84x  abs=1.95e-03 rel=3.52e+02
[35/48] cfccc048 axes={'batch_size': 64, 'num_pages': 62605, 'len_indptr': 65, 'num_kv_indices': 53334}: PASSED  ref=223.3469ms sol=0.1510ms  speedup=1479.60x  abs=1.95e-03 rel=1.41e+02
[36/48] 9608dc13 axes={'batch_size': 64, 'num_pages': 64653, 'len_indptr': 65, 'num_kv_indices': 55382}: PASSED  ref=223.0950ms sol=0.1534ms  speedup=1454.53x  abs=1.95e-03 rel=1.23e+02
[37/48] d4415ca7 axes={'batch_size': 64, 'num_pages': 67021, 'len_indptr': 65, 'num_kv_indices': 57750}: PASSED  ref=223.4336ms sol=0.1578ms  speedup=1415.66x  abs=1.95e-03 rel=2.47e+02
[38/48] 43de6e71 axes={'batch_size': 64, 'num_pages': 65037, 'len_indptr': 65, 'num_kv_indices': 55766}: PASSED  ref=223.1650ms sol=0.1539ms  speedup=1449.76x  abs=1.95e-03 rel=3.06e+02
[39/48] 12b921da axes={'batch_size': 64, 'num_pages': 63053, 'len_indptr': 65, 'num_kv_indices': 53782}: PASSED  ref=223.0221ms sol=0.1504ms  speedup=1482.62x  abs=1.95e-03 rel=3.38e+03
[40/48] 817a4061 axes={'batch_size': 64, 'num_pages': 67405, 'len_indptr': 65, 'num_kv_indices': 58134}: PASSED  ref=223.6889ms sol=0.1597ms  speedup=1400.86x  abs=1.95e-03 rel=8.15e+02
[41/48] 7077cfb4 axes={'batch_size': 64, 'num_pages': 65421, 'len_indptr': 65, 'num_kv_indices': 56150}: PASSED  ref=223.3659ms sol=0.1540ms  speedup=1450.41x  abs=1.95e-03 rel=2.10e+02
[42/48] d562ca35 axes={'batch_size': 64, 'num_pages': 63437, 'len_indptr': 65, 'num_kv_indices': 54166}: PASSED  ref=227.1458ms sol=0.1517ms  speedup=1497.24x  abs=1.95e-03 rel=6.85e+03
[43/48] 556fea1d axes={'batch_size': 64, 'num_pages': 65805, 'len_indptr': 65, 'num_kv_indices': 56534}: PASSED  ref=223.7068ms sol=0.1557ms  speedup=1436.63x  abs=1.95e-03 rel=1.20e+02
[44/48] 116916f0 axes={'batch_size': 64, 'num_pages': 63821, 'len_indptr': 65, 'num_kv_indices': 54550}: PASSED  ref=224.7750ms sol=0.1516ms  speedup=1482.93x  abs=1.95e-03 rel=9.93e+01
[45/48] e165c254 axes={'batch_size': 64, 'num_pages': 67853, 'len_indptr': 65, 'num_kv_indices': 58582}: PASSED  ref=224.5838ms sol=0.1611ms  speedup=1394.12x  abs=1.95e-03 rel=2.15e+03
[46/48] 486d0874 axes={'batch_size': 64, 'num_pages': 66253, 'len_indptr': 65, 'num_kv_indices': 56982}: PASSED  ref=228.7862ms sol=0.1572ms  speedup=1454.99x  abs=1.95e-03 rel=2.54e+02
[47/48] 5444fc56 axes={'batch_size': 64, 'num_pages': 68237, 'len_indptr': 65, 'num_kv_indices': 58966}: PASSED  ref=229.0779ms sol=0.1628ms  speedup=1407.15x  abs=3.91e-03 rel=1.17e+02
[48/48] d78eb414 axes={'batch_size': 64, 'num_pages': 64205, 'len_indptr': 65, 'num_kv_indices': 54934}: PASSED  ref=227.5335ms sol=0.1525ms  speedup=1491.86x  abs=1.95e-03 rel=2.75e+02
==============================================================================
Passed: 48/48    valid_run=True
GEOMEAN speedup (optimization target): 520.22x
  arithmetic mean (fib/AKO4X metric):  907.58x
  min=81.78x  max=1527.16x
RESULT: VALID — geomean speedup = 520.22x
==============================================================================
Wrote /home/ziming/kda-ops/kda-runs/formal-kda-h100-20260920--flashinfer--gqa_paged_decode_h32_kv8_d128_ps1/runs/candidates/c004/final.json
