
[STAGE] init SolutionDB

[STAGE] initialize world model
WM status: nodes=7 attached_solutions=0 active_leaf_id=general_postprocess_action depth=2
  last_trace: status=initial world model; no implementation has been benchmarked. speedup=- latency=-
  active_path: root:<root> | general_family:kernel_family->general_full_sequence_decomposition | general_postprocess_action:initial_implementation_step->projection_epilogue_qk_postprocess
  nodes_preview: root:<root> | general_family:kernel_family→general_full_sequence_decomposition | general_postprocess_action:initial_implementation_step→projection_epilogue_qk_postprocess | short_family:kernel_family→short_sequence_token_local_execution | short_attention_action:initial_implementation_step→bounded_short_sequence_attention | long_family:kernel_family→long_sequence_at ... ecomposition | long_attention_action:initial_implementation_step→online_causal_gqa_core
[STAGE] world model init latency: 110.05s

[STAGE] world model: select next action (cycle start @ round 1)
[WM] apply_edit_ops: ops=1 updates=1 inserts=0 split_children=0 deletes=0 new_nodes_added=0/3 skipped_cap=0 skipped_missing_parent=0 skipped_parent_solution_id_mismatch=0 skipped_update_missing_node=0 skipped_insert_invalid_node=0 skipped_split_invalid_children=0 skipped_delete_not_allowed=0
[WM] apply_edit_ops: ops=2 updates=2 inserts=0 split_children=0 deletes=0 new_nodes_added=0/3 skipped_cap=0 skipped_missing_parent=0 skipped_parent_solution_id_mismatch=0 skipped_update_missing_node=0 skipped_insert_invalid_node=0 skipped_split_invalid_children=0 skipped_delete_not_allowed=0
WM status: nodes=7 attached_solutions=0 active_leaf_id=general_postprocess_action depth=2
  last_trace: status=initial world model; no implementation has been benchmarked. speedup=- latency=-
  active_path: root:<root> | general_family:kernel_family->general_full_sequence_decomposition | general_postprocess_action:initial_implementation_step->projection_epilogue_qk_postprocess
  nodes_preview: root:<root> | general_family:kernel_family→general_full_sequence_decomposition | general_postprocess_action:initial_implementation_step→projection_epilogue_qk_postprocess | short_family:kernel_family→short_sequence_token_local_execution | short_attention_action:initial_implementation_step→bounded_short_sequence_attention | long_family:kernel_family→long_sequence_at ... ecomposition | long_attention_action:initial_implementation_step→online_causal_gqa_core
World Model: Open Action Nodes (candidates) frontier=1 total_open=4
1. rating=8.1/10 score=0.78 diff=3/5 conf=0.68 vs_base~1.08x | node_id=general_family parent_id=root | General full-sequence phase decomposition
World Model: Chosen Next Action (from decision tree node)
- node_id: general_family
- base_node_id: root
- title: General full-sequence phase decomposition
- difficulty_1_to_5: 3
- expected_vs_baseline_factor: 1.08x

=== Optimization Round 1/100 ===
[CYCLE] action_node=1 action_node_id=general_family attempt=1 parent_is_root=yes base_code=no

[STAGE] codegen: attempt 1 (round 1) no_improve_streak=0/5 no_improve_over_base=0/5

[STAGE] create Solution object from current code (round 1)

[STAGE] evaluate solution (round 1)
[sol-task] 092_gqa_attention_with_qk_norm: 5/5 feedback workloads passed (passed, wall 28.3s)

=== Optimization Round 2/100 ===
[CYCLE] action_node=1 action_node_id=general_family attempt=2 parent_is_root=yes base_code=no

[STAGE] codegen: attempt 2 (round 2) no_improve_streak=0/5 no_improve_over_base=0/5

[STAGE] create Solution object from current code (round 2)

[STAGE] evaluate solution (round 2)
[sol-task] 092_gqa_attention_with_qk_norm: 5/5 feedback workloads passed (passed, wall 14.2s)

=== Optimization Round 3/100 ===
[CYCLE] action_node=1 action_node_id=general_family attempt=3 parent_is_root=yes base_code=no

[STAGE] codegen: attempt 3 (round 3) no_improve_streak=0/5 no_improve_over_base=0/5

[STAGE] create Solution object from current code (round 3)

[STAGE] evaluate solution (round 3)
[sol-task] 092_gqa_attention_with_qk_norm: 5/5 feedback workloads passed (passed, wall 14.1s)

=== Optimization Round 4/100 ===
[CYCLE] action_node=1 action_node_id=general_family attempt=4 parent_is_root=yes base_code=no

[STAGE] codegen: attempt 4 (round 4) no_improve_streak=0/5 no_improve_over_base=0/5

[STAGE] create Solution object from current code (round 4)

[STAGE] evaluate solution (round 4)
[sol-task] 092_gqa_attention_with_qk_norm: 5/5 feedback workloads passed (passed, wall 14.4s)

=== Optimization Round 5/100 ===
[CYCLE] action_node=1 action_node_id=general_family attempt=5 parent_is_root=yes base_code=no

[STAGE] codegen: attempt 5 (round 5) no_improve_streak=0/5 no_improve_over_base=0/5

[STAGE] create Solution object from current code (round 5)

[STAGE] evaluate solution (round 5)
[sol-task] 092_gqa_attention_with_qk_norm: 5/5 feedback workloads passed (passed, wall 15.4s)

[STAGE] cycle end: attach+refine best PASSED (round 4, score=3.151)
WM status: nodes=7 attached_solutions=1 active_leaf_id=general_family depth=1
  last_trace: status=initial world model; no implementation has been benchmarked. speedup=- latency=-
  active_path: root:<root> | general_family:kernel_family->general_full_sequence_decomposition
  nodes_preview: root:<root> | general_family:kernel_family→general_full_sequence_decomposition | general_postprocess_action:initial_implementation_step→projection_epilogue_qk_postprocess | short_family:kernel_family→short_sequence_token_local_execution | short_attention_action:initial_implementation_step→bounded_short_sequence_attention | long_family:kernel_family→long_sequence_at ... ecomposition | long_attention_action:initial_implementation_step→online_causal_gqa_core
[WM] apply_edit_ops: ops=4 updates=3 inserts=1 split_children=0 deletes=0 new_nodes_added=1/3 skipped_cap=0 skipped_missing_parent=0 skipped_parent_solution_id_mismatch=0 skipped_update_missing_node=0 skipped_insert_invalid_node=0 skipped_split_invalid_children=0 skipped_delete_not_allowed=0
WM status: nodes=8 attached_solutions=1 active_leaf_id=general_attention_dispatch_action depth=2
  last_trace: status=passed speedup=3.15x latency=1.3342ms
  active_path: root:<root> | general_family:kernel_family->general_full_sequence_decomposition | general_attention_dispatch_action:initial_implementation_step->shape_dispatched_streaming_attention_tiles
  nodes_preview: root:<root> | general_family:kernel_family→general_full_sequence_decomposition | general_postprocess_action:initial_implementation_step→projection_epilogue_qk_postprocess | short_family:kernel_family→short_sequence_token_local_execution | short_attention_action:initial_implementation_step→bounded_short_sequence_attention | long_family:kernel_family→long_sequence_at ... ecomposition | long_attention_action:initial_implementation_step→online_causal_gqa_core | general_attention_dispatch_action:initial_implementation_step→shape_dispatched ... ention_tiles

[STAGE] world model: select next action (cycle start @ round 6)
[WM] apply_edit_ops: ops=3 updates=3 inserts=0 split_children=0 deletes=0 new_nodes_added=0/3 skipped_cap=0 skipped_missing_parent=0 skipped_parent_solution_id_mismatch=0 skipped_update_missing_node=0 skipped_insert_invalid_node=0 skipped_split_invalid_children=0 skipped_delete_not_allowed=0
WM status: nodes=8 attached_solutions=1 active_leaf_id=general_attention_dispatch_action depth=2
  last_trace: status=passed speedup=3.15x latency=1.3342ms
  active_path: root:<root> | general_family:kernel_family->general_full_sequence_decomposition | general_attention_dispatch_action:initial_implementation_step->shape_dispatched_streaming_attention_tiles
  nodes_preview: root:<root> | general_family:kernel_family→general_full_sequence_decomposition | general_postprocess_action:initial_implementation_step→projection_epilogue_qk_postprocess | short_family:kernel_family→short_sequence_token_local_execution | short_attention_action:initial_implementation_step→bounded_short_sequence_attention | long_family:kernel_family→long_sequence_at ... ecomposition | long_attention_action:initial_implementation_step→online_causal_gqa_core | general_attention_dispatch_action:initial_implementation_step→shape_dispatched ... ention_tiles
World Model: Open Action Nodes (candidates) frontier=2 total_open=4
1. rating=8.3/10 score=0.81 diff=3/5 conf=0.82 vs_base~3.30x | node_id=general_attention_dispatch_action parent_id=general_family | Add sequence-length dispatch for streaming attention tiles
2. rating=6.9/10 score=0.59 diff=5/5 conf=0.57 vs_base~3.24x | node_id=general_postprocess_action parent_id=general_family | Fuse Q/K projection epilogues with normalization and RoPE — Add bias, FP32 RMS statistic accumulation, norm scaling, and half-rotation RoPE directly to the Q and K projection store path, producing attention-ready BF16 tensors without standalone postprocessing kernels.
World Model: Chosen Next Action (from decision tree node)
- node_id: general_attention_dispatch_action
- base_node_id: general_family
- title: Add sequence-length dispatch for streaming attention tiles
- difficulty_1_to_5: 3
- expected_vs_baseline_factor: 3.30x

=== Optimization Round 6/100 ===
[CYCLE] action_node=2 action_node_id=general_attention_dispatch_action attempt=1 parent_is_root=no base_code=yes

[STAGE] codegen: attempt 1 (round 6) no_improve_streak=0/5 no_improve_over_base=0/5

[STAGE] create Solution object from current code (round 6)

[STAGE] evaluate solution (round 6)
[sol-task] 092_gqa_attention_with_qk_norm: 5/5 feedback workloads passed (passed, wall 12.6s)

=== Optimization Round 7/100 ===
[CYCLE] action_node=2 action_node_id=general_attention_dispatch_action attempt=2 parent_is_root=no base_code=yes

[STAGE] codegen: attempt 2 (round 7) no_improve_streak=0/5 no_improve_over_base=0/5

[STAGE] create Solution object from current code (round 7)

[STAGE] evaluate solution (round 7)
[sol-task] 092_gqa_attention_with_qk_norm: 5/5 feedback workloads passed (passed, wall 13.9s)

=== Optimization Round 8/100 ===
[CYCLE] action_node=2 action_node_id=general_attention_dispatch_action attempt=3 parent_is_root=no base_code=yes

[STAGE] codegen: attempt 3 (round 8) no_improve_streak=1/5 no_improve_over_base=0/5

[STAGE] create Solution object from current code (round 8)

[STAGE] evaluate solution (round 8)
[sol-task] 092_gqa_attention_with_qk_norm: 5/5 feedback workloads passed (passed, wall 10.7s)

=== Optimization Round 9/100 ===
[CYCLE] action_node=2 action_node_id=general_attention_dispatch_action attempt=4 parent_is_root=no base_code=yes

[STAGE] codegen: attempt 4 (round 9) no_improve_streak=0/5 no_improve_over_base=0/5

[STAGE] create Solution object from current code (round 9)

[STAGE] evaluate solution (round 9)
[sol-task] 092_gqa_attention_with_qk_norm: 5/5 feedback workloads passed (passed, wall 11.6s)

=== Optimization Round 10/100 ===
[CYCLE] action_node=2 action_node_id=general_attention_dispatch_action attempt=5 parent_is_root=no base_code=yes

[STAGE] codegen: attempt 5 (round 10) no_improve_streak=1/5 no_improve_over_base=0/5

[STAGE] create Solution object from current code (round 10)

[STAGE] evaluate solution (round 10)
[sol-task] 092_gqa_attention_with_qk_norm: 5/5 feedback workloads passed (passed, wall 12.7s)

[STAGE] cycle end: attach+refine best PASSED (round 8, score=3.147)
WM status: nodes=8 attached_solutions=2 active_leaf_id=general_attention_dispatch_action depth=2
  last_trace: status=passed speedup=3.15x latency=1.3342ms
  active_path: root:<root> | general_family:kernel_family->general_full_sequence_decomposition | general_attention_dispatch_action:initial_implementation_step->shape_dispatched_streaming_attention_tiles
  nodes_preview: root:<root> | general_family:kernel_family→general_full_sequence_decomposition | general_postprocess_action:initial_implementation_step→projection_epilogue_qk_postprocess | short_family:kernel_family→short_sequence_token_local_execution | short_attention_action:initial_implementation_step→bounded_short_sequence_attention | long_family:kernel_family→long_sequence_at ... ecomposition | long_attention_action:initial_implementation_step→online_causal_gqa_core | general_attention_dispatch_action:initial_implementation_step→shape_dispatched ... ention_tiles
[WM] apply_edit_ops: ops=3 updates=2 inserts=0 split_children=0 deletes=0 new_nodes_added=0/3 skipped_cap=0 skipped_missing_parent=0 skipped_parent_solution_id_mismatch=1 skipped_update_missing_node=0 skipped_insert_invalid_node=0 skipped_split_invalid_children=0 skipped_delete_not_allowed=0
[WM][WARN] edit-ops had skipped operations; refine will retry if this was a refine call.
