Definition: /data1/workspace/ziming/dataset/SOL-ExecBench/data/benchmark/L1/092_gqa_attention_with_qk_norm/definition.json
Workload  : /data1/workspace/ziming/dataset/SOL-ExecBench/data/benchmark/L1/092_gqa_attention_with_qk_norm/workload.jsonl
Solution  : /data1/workspace/weihongren/baseline/drtriton/kbstyle_campaign_v2_20260918/tasks/SOL/L1/092_gqa_attention_with_qk_norm/refprecompute/solution.json
Output    : /data1/workspace/weihongren/baseline/drtriton/kbstyle_campaign_v2_20260918/tasks/SOL/L1/092_gqa_attention_with_qk_norm/refprecompute/evaluation.json

==============================================================================
Problem : 092_gqa_attention_with_qk_norm
Passed  : 16/16
Status  : OK
[1] c92bb0a5-0dff-5559-921c-3f4e48c6ec5d: reference=1.973213 ms, candidate=1.975451 ms, speedup=0.9989x
[2] 51c2b5bd-fcfa-54aa-8b49-7dcf549e8071: reference=1.528291 ms, candidate=1.527650 ms, speedup=1.0004x
[3] ce688df8-9e5d-54d3-808b-5dfacd84c6e1: reference=1.715839 ms, candidate=1.716208 ms, speedup=0.9998x
[4] 6c00773e-6f6e-5f0c-b52a-a3a4b5bb7a3a: reference=9.806265 ms, candidate=9.810009 ms, speedup=0.9996x
[5] 65a1864d-4cc8-548f-a9d5-c42a9e639607: reference=9.140169 ms, candidate=9.136518 ms, speedup=1.0004x
[6] 4e17d54d-ba8b-5456-a399-d6ed486e94f4: reference=13.342664 ms, candidate=13.340779 ms, speedup=1.0001x
[7] d0ce8c45-23c5-55e8-a582-f62b1f6068a9: reference=4.389356 ms, candidate=4.389774 ms, speedup=0.9999x
[8] 45487d16-a02f-5861-a6b1-4e565c7d7285: reference=26.448137 ms, candidate=26.442457 ms, speedup=1.0002x
[9] d30e1ce8-92e4-570b-a489-bcdb3170de61: reference=6.265087 ms, candidate=6.263231 ms, speedup=1.0003x
[10] 36af929c-db1b-5edc-8de5-3b0f3700c535: reference=12.145201 ms, candidate=12.144690 ms, speedup=1.0000x
[11] 047a5b81-f0f6-5bc5-85b8-499f96dc333e: reference=4.504906 ms, candidate=4.504351 ms, speedup=1.0001x
[12] 07ab2bf3-193a-57df-b434-30a648c63369: reference=16.830526 ms, candidate=16.832827 ms, speedup=0.9999x
[13] ccea3f00-da6d-515a-846e-3c65f48ad459: reference=0.857842 ms, candidate=0.857456 ms, speedup=1.0004x
[14] 785dbede-dd28-536f-89c1-a2e8ec40d983: reference=19.105076 ms, candidate=19.101298 ms, speedup=1.0002x
[15] 610a5d07-2a1f-520e-a7df-8eba4a0dc3a8: reference=3.284852 ms, candidate=3.283653 ms, speedup=1.0004x
[16] 1e96cc88-5675-52ff-a563-8a51a889e1fe: reference=3.547663 ms, candidate=3.546143 ms, speedup=1.0004x
Geomean : 1.0001x
Average : 1.0001x
==============================================================================
Performance: /data1/workspace/weihongren/baseline/drtriton/kbstyle_campaign_v2_20260918/tasks/SOL/L1/092_gqa_attention_with_qk_norm/refprecompute/evaluation.json
