Definition: /home/ziming/dataset/SOL-ExecBench/data/benchmark/L1/018_fused_rope_with_qk_norm_and_kv_cache_update/definition.json
Workload  : /home/ziming/dataset/SOL-ExecBench/data/benchmark/L1/018_fused_rope_with_qk_norm_and_kv_cache_update/workload.jsonl
Solution  : /home/ziming/kda-ops/kda-control/formal-kda-h100-20260920--sol_execbench--L1-018_fused_rope_with_qk_norm_and_kv_cache_update/candidates/c003/solution.py
Output    : /home/ziming/kda-ops/kda-runs/formal-kda-h100-20260920--sol_execbench--L1-018_fused_rope_with_qk_norm_and_kv_cache_update/runs/candidates/c003/final.json

==============================================================================
Problem : 018_fused_rope_with_qk_norm_and_kv_cache_update
Passed  : 13/13
Status  : OK
[1] 2ff5eaf3-5138-5135-b35a-ea14e9014cd2: reference=0.112769 ms, candidate=0.006144 ms, speedup=18.3543x
[2] 3c3b2b9b-5b67-582b-b183-a34a3199ddd2: reference=0.198145 ms, candidate=0.013504 ms, speedup=14.6731x
[3] 8f5402ae-9b88-5eed-afe5-cba4c51a72cb: reference=0.134194 ms, candidate=0.009456 ms, speedup=14.1914x
[4] 520daee2-844e-528d-ba34-10eafa62b0a4: reference=0.155313 ms, candidate=0.010769 ms, speedup=14.4229x
[5] 052e17c9-2fdd-5b2d-a3bc-376d9ffac3e4: reference=0.588309 ms, candidate=0.041648 ms, speedup=14.1256x
[6] d1dbaf22-9513-5482-99bc-ac28bd971a79: reference=0.223282 ms, candidate=0.016816 ms, speedup=13.2776x
[7] 6a214883-9138-51d9-aa5a-8d3c81f8ad89: reference=0.551365 ms, candidate=0.034112 ms, speedup=16.1634x
[8] 8603b54e-8690-5562-bbfe-24037a153750: reference=1.925170 ms, candidate=0.133138 ms, speedup=14.4600x
[9] 39eb0040-eb8e-5cb0-b4f6-130a35f589d9: reference=1.027194 ms, candidate=0.064161 ms, speedup=16.0096x
[10] f71286e4-c31d-5da8-a0b1-150e7ad5ea32: reference=0.212994 ms, candidate=0.015232 ms, speedup=13.9833x
[11] 3c5b9152-7a47-5bb5-9b79-8515dea00500: reference=0.620438 ms, candidate=0.040528 ms, speedup=15.3089x
[12] d90ee047-589a-5943-968d-3c0f966d1957: reference=1.104011 ms, candidate=0.071216 ms, speedup=15.5023x
[13] 13f5b933-268b-5baa-bf48-452cd48dd0e5: reference=0.325747 ms, candidate=0.020320 ms, speedup=16.0305x
Geomean : 15.0646x
Average : 15.1156x
==============================================================================
Performance: /home/ziming/kda-ops/kda-runs/formal-kda-h100-20260920--sol_execbench--L1-018_fused_rope_with_qk_norm_and_kv_cache_update/runs/candidates/c003/final.json
