==============================================================================
Definition : dsa_sparse_attention_h16_ckv512_kpe64_topk2048_ps64  (op_type=dsa_paged)
Solution   : /data1/workspace/weihongren/kda-control/formal-kda-20260916--flashinfer--dsa_sparse_attention_h16_ckv512_kpe64_topk2048_ps64/candidates/c004/solution.py
Device     : cuda:0  (NVIDIA A800-SXM4-80GB)
Workloads  : 5   trials=1 warmup=3 iters=100
Selected   : [12, 13, 1, 8, 16]
Tolerance  : atol=0.01 rtol=0.01 matched_ratio=0.99
==============================================================================
[1/5] 02d6ae9c axes={'num_tokens': 8, 'num_pages': 8462}: PASSED  ref=4.3369ms sol=0.1934ms  speedup=22.43x  abs=1.56e-02 rel=1.99e+01
[2/5] ddfa9e34 axes={'num_tokens': 6, 'num_pages': 8462}: PASSED  ref=3.6203ms sol=0.1886ms  speedup=19.20x  abs=1.56e-02 rel=2.62e+01
[3/5] 9d4a5f21 axes={'num_tokens': 2, 'num_pages': 8462}: PASSED  ref=2.2851ms sol=0.1761ms  speedup=12.98x  abs=7.81e-03 rel=6.69e+00
[4/5] f77df5ce axes={'num_tokens': 2, 'num_pages': 8462}: PASSED  ref=2.2852ms sol=0.1762ms  speedup=12.97x  abs=1.56e-02 rel=8.58e+00
[5/5] 564007ac axes={'num_tokens': 8, 'num_pages': 8462}: PASSED  ref=4.2811ms sol=0.1917ms  speedup=22.33x  abs=7.81e-03 rel=3.39e+01
==============================================================================
Passed: 5/5    valid_run=True
GEOMEAN speedup (optimization target): 17.45x
  arithmetic mean (fib/AKO4X metric):  17.98x
  min=12.97x  max=22.43x
RESULT: VALID — geomean speedup = 17.45x
==============================================================================
Wrote /data1/workspace/weihongren/kda-runs/formal-kda-20260916--flashinfer--dsa_sparse_attention_h16_ckv512_kpe64_topk2048_ps64/runs/candidates/c004/feedback.json
