Definition: /home/ziming/dataset/SOL-ExecBench/data/benchmark/L2/030_flux_concatenated_sequence_processing_with_split/definition.json
Workload  : /home/ziming/dataset/SOL-ExecBench/data/benchmark/L2/030_flux_concatenated_sequence_processing_with_split/workload.jsonl
Solution  : /home/ziming/kda-ops/kda-control/formal-kda-h100-20260920--sol_execbench--L2-030_flux_concatenated_sequence_processing_with_split/candidates/c004/solution.py
Output    : /home/ziming/kda-ops/kda-runs/formal-kda-h100-20260920--sol_execbench--L2-030_flux_concatenated_sequence_processing_with_split/runs/candidates/c004/final.json

==============================================================================
Problem : 030_flux_concatenated_sequence_processing_with_split
Passed  : 16/16
Status  : OK
[1] 9de8abcb-a854-578a-9da4-9aec0f0925e0: reference=0.410899 ms, candidate=0.305538 ms, speedup=1.3448x
[2] 5c686654-84b3-5ce5-ad5b-4f50bd397416: reference=0.405730 ms, candidate=0.309955 ms, speedup=1.3090x
[3] dda2cd74-1d9c-5583-9164-5c4a0bbcf376: reference=0.451763 ms, candidate=0.331923 ms, speedup=1.3610x
[4] 2c9cc79c-e00f-583e-80b7-3904e5139b6c: reference=0.225697 ms, candidate=0.145505 ms, speedup=1.5511x
[5] e92f1fac-423f-59f2-bfcd-2154258d5a9a: reference=2.082369 ms, candidate=1.222778 ms, speedup=1.7030x
[6] 978c252a-7dc2-55db-8731-a9ff7af63f3b: reference=1.297355 ms, candidate=0.708101 ms, speedup=1.8322x
[7] a9d58452-943d-5f67-a8d6-d9ae6bcc3072: reference=0.613893 ms, candidate=0.340210 ms, speedup=1.8045x
[8] 659c4d3b-9e59-5996-9b7f-035ee408c3ac: reference=2.785959 ms, candidate=1.322251 ms, speedup=2.1070x
[9] e6aab32c-d3cd-5758-801f-212cfbaf6911: reference=2.686791 ms, candidate=1.529469 ms, speedup=1.7567x
[10] e0782f0c-bc40-55e6-bcd2-13f420f4ad1b: reference=3.288219 ms, candidate=1.782447 ms, speedup=1.8448x
[11] 71d670d9-083c-5c14-b7fb-38d9a572852b: reference=12.985646 ms, candidate=7.579136 ms, speedup=1.7133x
[12] bf56c2b5-f59b-556d-be9e-5ddd00225bd1: reference=1.939264 ms, candidate=0.901928 ms, speedup=2.1501x
[13] 7ae93ff7-0db4-5e52-8aa4-1b53f6e8ae79: reference=3.208492 ms, candidate=1.807263 ms, speedup=1.7753x
[14] d234a6e4-6f9c-55fe-ae82-58e1bd445a34: reference=1.248891 ms, candidate=0.680311 ms, speedup=1.8358x
[15] 62f6139b-7873-52e0-8738-345d10caad5e: reference=1.346299 ms, candidate=0.737238 ms, speedup=1.8261x
[16] 7a91d659-0bcc-5b47-bfcf-670cafc27ae9: reference=0.853128 ms, candidate=0.499268 ms, speedup=1.7088x
Geomean : 1.7102x
Average : 1.7265x
==============================================================================
Performance: /home/ziming/kda-ops/kda-runs/formal-kda-h100-20260920--sol_execbench--L2-030_flux_concatenated_sequence_processing_with_split/runs/candidates/c004/final.json
