==============================================================================
Definition : dsa_sparse_attention_h16_ckv512_kpe64_topk2048_ps64  (op_type=dsa_paged)
Solution   : /home/ziming/kda-ops/kda-control/formal-kda-h100-20260920--flashinfer--dsa_sparse_attention_h16_ckv512_kpe64_topk2048_ps64/candidates/c005/solution.py
Device     : cuda:0  (NVIDIA H100 80GB HBM3)
Workloads  : 23   trials=1 warmup=2 iters=10
Selected   : [0, 1, 2, 3, 4, 5, 6, 7, 8, 9, 10, 11, 12, 13, 14, 15, 16, 17, 18, 19, 20, 21, 22]
Tolerance  : atol=0.01 rtol=0.01 matched_ratio=0.99
==============================================================================
[1/23] 0c23b10c axes={'num_tokens': 1, 'num_pages': 8462}: PASSED  ref=2.9020ms sol=0.1129ms  speedup=25.71x  abs=1.56e-02 rel=1.91e+00
[2/23] 9d4a5f21 axes={'num_tokens': 2, 'num_pages': 8462}: PASSED  ref=1.5801ms sol=0.1019ms  speedup=15.50x  abs=1.56e-02 rel=6.76e+00
[3/23] b7668cfd axes={'num_tokens': 2, 'num_pages': 8462}: PASSED  ref=1.5460ms sol=0.1046ms  speedup=14.78x  abs=7.81e-03 rel=4.87e+00
[4/23] 0a63b87b axes={'num_tokens': 2, 'num_pages': 8462}: PASSED  ref=1.5404ms sol=0.1028ms  speedup=14.98x  abs=1.56e-02 rel=4.01e+00
[5/23] 05f6de65 axes={'num_tokens': 2, 'num_pages': 8462}: PASSED  ref=1.5368ms sol=0.1019ms  speedup=15.08x  abs=1.56e-02 rel=1.20e+00
[6/23] fc85411e axes={'num_tokens': 2, 'num_pages': 8462}: PASSED  ref=1.5173ms sol=0.0999ms  speedup=15.18x  abs=7.81e-03 rel=1.23e+00
[7/23] e6b849f2 axes={'num_tokens': 2, 'num_pages': 8462}: PASSED  ref=1.5079ms sol=0.1012ms  speedup=14.90x  abs=1.56e-02 rel=1.14e+01
[8/23] 9f3f891b axes={'num_tokens': 2, 'num_pages': 8462}: PASSED  ref=1.4905ms sol=0.1004ms  speedup=14.85x  abs=1.56e-02 rel=1.25e+00
[9/23] f77df5ce axes={'num_tokens': 2, 'num_pages': 8462}: PASSED  ref=1.5027ms sol=0.1000ms  speedup=15.03x  abs=1.56e-02 rel=6.45e+00
[10/23] 385742b2 axes={'num_tokens': 8, 'num_pages': 8462}: PASSED  ref=2.9984ms sol=0.1006ms  speedup=29.80x  abs=1.56e-02 rel=5.89e+01
[11/23] 4c46a94b axes={'num_tokens': 8, 'num_pages': 8462}: PASSED  ref=3.0065ms sol=0.1011ms  speedup=29.74x  abs=1.56e-02 rel=1.00e+03
[12/23] 38389961 axes={'num_tokens': 7, 'num_pages': 8462}: PASSED  ref=2.8246ms sol=0.1023ms  speedup=27.60x  abs=1.56e-02 rel=1.67e+02
[13/23] 02d6ae9c axes={'num_tokens': 8, 'num_pages': 8462}: PASSED  ref=3.1738ms sol=0.1038ms  speedup=30.58x  abs=1.56e-02 rel=1.60e+01
[14/23] ddfa9e34 axes={'num_tokens': 6, 'num_pages': 8462}: PASSED  ref=2.6748ms sol=0.1235ms  speedup=21.66x  abs=1.56e-02 rel=8.07e+00
[15/23] 78b2e11c axes={'num_tokens': 8, 'num_pages': 8462}: PASSED  ref=3.3842ms sol=0.1059ms  speedup=31.96x  abs=1.56e-02 rel=1.70e+01
[16/23] 68d6817d axes={'num_tokens': 6, 'num_pages': 8462}: PASSED  ref=2.5945ms sol=0.1038ms  speedup=24.99x  abs=1.56e-02 rel=1.44e+01
[17/23] 564007ac axes={'num_tokens': 8, 'num_pages': 8462}: PASSED  ref=3.2541ms sol=0.1038ms  speedup=31.34x  abs=1.56e-02 rel=1.11e+01
[18/23] ae4219a9 axes={'num_tokens': 7, 'num_pages': 8462}: PASSED  ref=3.1072ms sol=0.1067ms  speedup=29.11x  abs=1.56e-02 rel=8.23e+00
[19/23] 232ed014 axes={'num_tokens': 8, 'num_pages': 8462}: PASSED  ref=3.4191ms sol=0.1055ms  speedup=32.40x  abs=1.56e-02 rel=2.86e+01
[20/23] 7a389715 axes={'num_tokens': 8, 'num_pages': 8462}: PASSED  ref=3.3893ms sol=0.1088ms  speedup=31.15x  abs=1.56e-02 rel=1.51e+01
[21/23] 5096e459 axes={'num_tokens': 8, 'num_pages': 8462}: PASSED  ref=3.2250ms sol=0.1049ms  speedup=30.74x  abs=1.56e-02 rel=3.88e+01
[22/23] d57eb9e1 axes={'num_tokens': 6, 'num_pages': 8462}: PASSED  ref=2.7488ms sol=0.1042ms  speedup=26.37x  abs=7.81e-03 rel=1.66e+01
[23/23] 2207f0fd axes={'num_tokens': 7, 'num_pages': 8462}: PASSED  ref=3.1434ms sol=0.1062ms  speedup=29.59x  abs=1.56e-02 rel=1.96e+01
==============================================================================
Passed: 23/23    valid_run=True
GEOMEAN speedup (optimization target): 22.92x
  arithmetic mean (fib/AKO4X metric):  24.05x
  min=14.78x  max=32.40x
RESULT: VALID — geomean speedup = 22.92x
==============================================================================
Wrote /home/ziming/kda-ops/kda-runs/formal-kda-h100-20260920--flashinfer--dsa_sparse_attention_h16_ckv512_kpe64_topk2048_ps64/runs/candidates/c005/feedback.json
