==============================================================================
Definition : dsa_sparse_attention_h16_ckv512_kpe64_topk2048_ps64  (op_type=dsa_paged)
Solution   : /home/ziming/kda-ops/kda-control/formal-kda-h100-20260920--flashinfer--dsa_sparse_attention_h16_ckv512_kpe64_topk2048_ps64/candidates/c005/solution.py
Device     : cuda:0  (NVIDIA H100 80GB HBM3)
Workloads  : 23   trials=1 warmup=3 iters=100
Tolerance  : atol=0.01 rtol=0.01 matched_ratio=0.99
==============================================================================
[1/23] 0c23b10c axes={'num_tokens': 1, 'num_pages': 8462}: PASSED  ref=2.0720ms sol=0.0837ms  speedup=24.76x  abs=1.56e-02 rel=1.80e+00
[2/23] 9d4a5f21 axes={'num_tokens': 2, 'num_pages': 8462}: PASSED  ref=1.4081ms sol=0.0839ms  speedup=16.78x  abs=1.56e-02 rel=1.15e+01
[3/23] b7668cfd axes={'num_tokens': 2, 'num_pages': 8462}: PASSED  ref=1.4394ms sol=0.0842ms  speedup=17.09x  abs=7.81e-03 rel=2.03e+00
[4/23] 0a63b87b axes={'num_tokens': 2, 'num_pages': 8462}: PASSED  ref=1.4950ms sol=0.0829ms  speedup=18.04x  abs=7.81e-03 rel=1.77e+00
[5/23] 05f6de65 axes={'num_tokens': 2, 'num_pages': 8462}: PASSED  ref=1.4261ms sol=0.0837ms  speedup=17.04x  abs=1.56e-02 rel=1.08e+01
[6/23] fc85411e axes={'num_tokens': 2, 'num_pages': 8462}: PASSED  ref=1.4206ms sol=0.0844ms  speedup=16.83x  abs=1.56e-02 rel=1.25e+00
[7/23] e6b849f2 axes={'num_tokens': 2, 'num_pages': 8462}: PASSED  ref=1.4144ms sol=0.0843ms  speedup=16.78x  abs=1.56e-02 rel=8.02e+00
[8/23] 9f3f891b axes={'num_tokens': 2, 'num_pages': 8462}: PASSED  ref=1.4614ms sol=0.0831ms  speedup=17.58x  abs=1.56e-02 rel=2.40e+00
[9/23] f77df5ce axes={'num_tokens': 2, 'num_pages': 8462}: PASSED  ref=1.4102ms sol=0.0831ms  speedup=16.98x  abs=7.81e-03 rel=7.97e+00
[10/23] 385742b2 axes={'num_tokens': 8, 'num_pages': 8462}: PASSED  ref=2.6954ms sol=0.0840ms  speedup=32.09x  abs=1.56e-02 rel=1.65e+03
[11/23] 4c46a94b axes={'num_tokens': 8, 'num_pages': 8462}: PASSED  ref=2.6217ms sol=0.0872ms  speedup=30.06x  abs=1.56e-02 rel=4.33e+01
[12/23] 38389961 axes={'num_tokens': 7, 'num_pages': 8462}: PASSED  ref=2.4460ms sol=0.0839ms  speedup=29.16x  abs=1.56e-02 rel=1.09e+01
[13/23] 02d6ae9c axes={'num_tokens': 8, 'num_pages': 8462}: PASSED  ref=2.6514ms sol=0.1093ms  speedup=24.25x  abs=1.56e-02 rel=1.19e+02
[14/23] ddfa9e34 axes={'num_tokens': 6, 'num_pages': 8462}: PASSED  ref=2.2651ms sol=0.0836ms  speedup=27.10x  abs=1.56e-02 rel=9.37e+01
[15/23] 78b2e11c axes={'num_tokens': 8, 'num_pages': 8462}: PASSED  ref=2.6782ms sol=0.0823ms  speedup=32.54x  abs=1.56e-02 rel=1.56e+01
[16/23] 68d6817d axes={'num_tokens': 6, 'num_pages': 8462}: PASSED  ref=2.2055ms sol=0.0827ms  speedup=26.68x  abs=1.56e-02 rel=2.65e+01
[17/23] 564007ac axes={'num_tokens': 8, 'num_pages': 8462}: PASSED  ref=2.6623ms sol=0.0863ms  speedup=30.86x  abs=1.56e-02 rel=1.11e+01
[18/23] ae4219a9 axes={'num_tokens': 7, 'num_pages': 8462}: PASSED  ref=2.4514ms sol=0.0835ms  speedup=29.37x  abs=1.56e-02 rel=3.41e+01
[19/23] 232ed014 axes={'num_tokens': 8, 'num_pages': 8462}: PASSED  ref=2.7099ms sol=0.0833ms  speedup=32.53x  abs=1.56e-02 rel=1.80e+02
[20/23] 7a389715 axes={'num_tokens': 8, 'num_pages': 8462}: PASSED  ref=2.6245ms sol=0.0831ms  speedup=31.57x  abs=1.56e-02 rel=9.23e+00
[21/23] 5096e459 axes={'num_tokens': 8, 'num_pages': 8462}: PASSED  ref=2.7239ms sol=0.0829ms  speedup=32.85x  abs=7.81e-03 rel=5.35e+00
[22/23] d57eb9e1 axes={'num_tokens': 6, 'num_pages': 8462}: PASSED  ref=2.2974ms sol=0.0824ms  speedup=27.89x  abs=1.56e-02 rel=1.63e+01
[23/23] 2207f0fd axes={'num_tokens': 7, 'num_pages': 8462}: PASSED  ref=2.4868ms sol=0.0836ms  speedup=29.74x  abs=7.81e-03 rel=2.22e+01
==============================================================================
Passed: 23/23    valid_run=True
GEOMEAN speedup (optimization target): 24.31x
  arithmetic mean (fib/AKO4X metric):  25.16x
  min=16.78x  max=32.85x
RESULT: VALID — geomean speedup = 24.31x
==============================================================================
Wrote /home/ziming/kda-ops/kda-runs/formal-kda-h100-20260920--flashinfer--dsa_sparse_attention_h16_ckv512_kpe64_topk2048_ps64/runs/candidates/c005/final.json
