==============================================================================
Definition : gemm_n4096_k4096  (op_type=gemm)
Solution   : /data1/workspace/weihongren/kda-control/formal-kda-20260916--flashinfer--gemm_n4096_k4096/candidates/c007/solution.py
Device     : cuda:0  (NVIDIA A800-SXM4-80GB)
Workloads  : 43   trials=1 warmup=3 iters=100
Tolerance  : atol=0.01 rtol=0.01 matched_ratio=0.99
==============================================================================
[1/43] 280860e6 axes={'M': 256}: PASSED  ref=0.0708ms sol=0.1143ms  speedup=0.62x  abs=2.50e-01 rel=1.41e+02
[2/43] 2e90109a axes={'M': 248}: PASSED  ref=0.0700ms sol=0.7038ms  speedup=0.10x  abs=2.50e-01 rel=5.12e+02
[3/43] e7c939ae axes={'M': 240}: PASSED  ref=0.0697ms sol=0.1128ms  speedup=0.62x  abs=2.50e-01 rel=1.07e+02
[4/43] 3ab6479f axes={'M': 232}: PASSED  ref=0.0696ms sol=0.1128ms  speedup=0.62x  abs=2.50e-01 rel=8.54e+02
[5/43] 29581017 axes={'M': 224}: PASSED  ref=0.0699ms sol=0.1133ms  speedup=0.62x  abs=2.50e-01 rel=3.69e+02
[6/43] e97cc8b3 axes={'M': 216}: PASSED  ref=0.0820ms sol=0.1139ms  speedup=0.72x  abs=0.00e+00 rel=0.00e+00
[7/43] c69f1da6 axes={'M': 208}: PASSED  ref=0.0827ms sol=0.1145ms  speedup=0.72x  abs=0.00e+00 rel=0.00e+00
[8/43] 38a98eb2 axes={'M': 200}: PASSED  ref=0.0814ms sol=0.1142ms  speedup=0.71x  abs=0.00e+00 rel=0.00e+00
[9/43] 62f7844c axes={'M': 192}: PASSED  ref=0.0568ms sol=0.0924ms  speedup=0.61x  abs=0.00e+00 rel=0.00e+00
[10/43] 1342c570 axes={'M': 184}: PASSED  ref=0.0572ms sol=0.0972ms  speedup=0.59x  abs=0.00e+00 rel=0.00e+00
[11/43] beb5da20 axes={'M': 176}: PASSED  ref=0.0553ms sol=0.0902ms  speedup=0.61x  abs=0.00e+00 rel=0.00e+00
[12/43] c8c9178e axes={'M': 168}: PASSED  ref=0.0558ms sol=0.0908ms  speedup=0.62x  abs=0.00e+00 rel=0.00e+00
[13/43] c103a7db axes={'M': 160}: PASSED  ref=0.0553ms sol=0.0908ms  speedup=0.61x  abs=0.00e+00 rel=0.00e+00
[14/43] ed0bbc00 axes={'M': 152}: PASSED  ref=0.0544ms sol=0.0900ms  speedup=0.60x  abs=0.00e+00 rel=0.00e+00
[15/43] 83deae78 axes={'M': 144}: PASSED  ref=0.0548ms sol=0.0901ms  speedup=0.61x  abs=0.00e+00 rel=0.00e+00
[16/43] 76fde2b6 axes={'M': 136}: PASSED  ref=0.0540ms sol=0.0904ms  speedup=0.60x  abs=0.00e+00 rel=0.00e+00
[17/43] 29ebd771 axes={'M': 128}: PASSED  ref=0.0506ms sol=0.0899ms  speedup=0.56x  abs=0.00e+00 rel=0.00e+00
[18/43] 73dd121d axes={'M': 120}: PASSED  ref=0.0503ms sol=0.0897ms  speedup=0.56x  abs=0.00e+00 rel=0.00e+00
[19/43] 27fa4c34 axes={'M': 112}: PASSED  ref=0.0506ms sol=0.0905ms  speedup=0.56x  abs=0.00e+00 rel=0.00e+00
[20/43] faac134d axes={'M': 104}: PASSED  ref=0.0499ms sol=0.0899ms  speedup=0.56x  abs=0.00e+00 rel=0.00e+00
[21/43] 1948bb55 axes={'M': 96}: PASSED  ref=0.0505ms sol=0.0870ms  speedup=0.58x  abs=0.00e+00 rel=0.00e+00
[22/43] 3a7e6db4 axes={'M': 88}: PASSED  ref=0.0601ms sol=0.0847ms  speedup=0.71x  abs=0.00e+00 rel=0.00e+00
[23/43] dcb04a7e axes={'M': 80}: PASSED  ref=0.0522ms sol=0.0855ms  speedup=0.61x  abs=0.00e+00 rel=0.00e+00
[24/43] ef996a93 axes={'M': 72}: PASSED  ref=0.0521ms sol=0.0867ms  speedup=0.60x  abs=0.00e+00 rel=0.00e+00
[25/43] 67d4c8f3 axes={'M': 64}: PASSED  ref=0.0444ms sol=0.0823ms  speedup=0.54x  abs=1.25e-01 rel=2.23e+00
[26/43] 54d34708 axes={'M': 56}: PASSED  ref=0.0452ms sol=0.0841ms  speedup=0.54x  abs=0.00e+00 rel=0.00e+00
[27/43] 59ca23f5 axes={'M': 48}: PASSED  ref=0.0446ms sol=0.0818ms  speedup=0.55x  abs=1.25e-01 rel=1.12e-01
[28/43] 54062a8b axes={'M': 40}: PASSED  ref=0.0456ms sol=0.0827ms  speedup=0.55x  abs=1.25e-01 rel=3.41e-01
[29/43] 5230e6ed axes={'M': 32}: PASSED  ref=0.0454ms sol=0.0766ms  speedup=0.59x  abs=1.25e-01 rel=1.68e-01
[30/43] 73212638 axes={'M': 24}: PASSED  ref=0.0446ms sol=0.0767ms  speedup=0.58x  abs=1.25e-01 rel=1.77e+00
[31/43] 404d21b1 axes={'M': 16}: PASSED  ref=0.0438ms sol=0.0735ms  speedup=0.60x  abs=1.25e-01 rel=9.83e-01
[32/43] 4cdab8cd axes={'M': 8}: PASSED  ref=0.0435ms sol=0.0730ms  speedup=0.60x  abs=1.25e-01 rel=1.33e-01
[33/43] f439da26 axes={'M': 4}: PASSED  ref=0.0433ms sol=0.0732ms  speedup=0.59x  abs=1.25e-01 rel=2.44e-02
[34/43] 6c2f4ba8 axes={'M': 2}: PASSED  ref=0.0432ms sol=0.0734ms  speedup=0.59x  abs=1.25e-01 rel=4.43e-02
[35/43] e39649a6 axes={'M': 1}: PASSED  ref=0.0426ms sol=0.0733ms  speedup=0.58x  abs=6.25e-02 rel=1.57e-02
[36/43] 094ef833 axes={'M': 7}: PASSED  ref=0.0434ms sol=0.0739ms  speedup=0.59x  abs=1.25e-01 rel=2.52e-02
[37/43] 4c6bdefd axes={'M': 35}: PASSED  ref=0.0458ms sol=0.0812ms  speedup=0.56x  abs=1.25e-01 rel=4.46e-01
[38/43] da2a2234 axes={'M': 972}: PASSED  ref=0.2225ms sol=0.2383ms  speedup=0.93x  abs=0.00e+00 rel=0.00e+00
[39/43] 897b6544 axes={'M': 70}: PASSED  ref=0.0517ms sol=0.0862ms  speedup=0.60x  abs=0.00e+00 rel=0.00e+00
[40/43] 8a8311fa axes={'M': 2053}: PASSED  ref=0.3212ms sol=0.3980ms  speedup=0.81x  abs=2.50e-01 rel=8.66e+02
[41/43] b626104c axes={'M': 8192}: PASSED  ref=1.1552ms sol=1.3071ms  speedup=0.88x  abs=2.50e-01 rel=8.97e+02
[42/43] 547e0ce5 axes={'M': 2379}: PASSED  ref=0.3263ms sol=0.4270ms  speedup=0.76x  abs=0.00e+00 rel=0.00e+00
[43/43] 339de815 axes={'M': 15}: PASSED  ref=0.0438ms sol=0.0743ms  speedup=0.59x  abs=1.25e-01 rel=3.10e-02
==============================================================================
Passed: 43/43    valid_run=True
GEOMEAN speedup (optimization target): 0.59x
  arithmetic mean (fib/AKO4X metric):  0.61x
  min=0.10x  max=0.93x
RESULT: VALID — geomean speedup = 0.59x
==============================================================================
Wrote /data1/workspace/weihongren/kda-runs/formal-kda-20260916--flashinfer--gemm_n4096_k4096/runs/candidates/c007/final.json
