==============================================================================
Definition : mla_paged_decode_h16_ckv512_kpe64_ps1  (op_type=mla_paged)
Solution   : /data1/workspace/weihongren/baseline/drtriton/kbstyle_stts_full8_20260919/tasks/flashinfer/mla_paged_decode_h16_ckv512_kpe64_ps1/final/solution.py
Device     : cuda:0  (NVIDIA A800-SXM4-80GB)
Workloads  : 47   trials=1 warmup=3 iters=100
Tolerance  : atol=0.01 rtol=0.01 matched_ratio=0.99
==============================================================================
[1/47] 00cb2bc2 axes={'batch_size': 1, 'num_pages': 989669, 'len_indptr': 2, 'num_kv_indices': 8}: PASSED  ref=3.4657ms sol=3.1954ms  speedup=1.08x  abs=4.77e-07 rel=8.38e-08
[2/47] c2e8ef55 axes={'batch_size': 1, 'num_pages': 989669, 'len_indptr': 2, 'num_kv_indices': 108}: PASSED  ref=3.2562ms sol=3.2766ms  speedup=0.99x  abs=3.91e-03 rel=7.30e-03
[3/47] deb5f26c axes={'batch_size': 1, 'num_pages': 989669, 'len_indptr': 2, 'num_kv_indices': 208}: PASSED  ref=3.2551ms sol=3.5189ms  speedup=0.93x  abs=1.95e-03 rel=7.52e-03
[4/47] 7cd78cb9 axes={'batch_size': 1, 'num_pages': 989669, 'len_indptr': 2, 'num_kv_indices': 308}: PASSED  ref=3.2632ms sol=3.8668ms  speedup=0.84x  abs=1.22e-04 rel=7.35e-03
[5/47] 951de642 axes={'batch_size': 1, 'num_pages': 989669, 'len_indptr': 2, 'num_kv_indices': 408}: PASSED  ref=3.2664ms sol=4.2735ms  speedup=0.76x  abs=9.77e-04 rel=7.19e-03
[6/47] 4d9f5e3e axes={'batch_size': 1, 'num_pages': 989669, 'len_indptr': 2, 'num_kv_indices': 508}: PASSED  ref=3.2728ms sol=4.7798ms  speedup=0.68x  abs=9.77e-04 rel=8.30e-03
[7/47] 5c200fe9 axes={'batch_size': 1, 'num_pages': 989669, 'len_indptr': 2, 'num_kv_indices': 608}: PASSED  ref=3.2676ms sol=5.3715ms  speedup=0.61x  abs=7.81e-03 rel=7.30e-03
[8/47] d232cde2 axes={'batch_size': 1, 'num_pages': 989669, 'len_indptr': 2, 'num_kv_indices': 708}: PASSED  ref=3.2683ms sol=6.0321ms  speedup=0.54x  abs=4.88e-04 rel=1.17e-01
[9/47] 2cde88e6 axes={'batch_size': 1, 'num_pages': 989669, 'len_indptr': 2, 'num_kv_indices': 808}: PASSED  ref=3.2690ms sol=6.7687ms  speedup=0.48x  abs=1.95e-03 rel=9.80e-03
[10/47] 53a7dfec axes={'batch_size': 1, 'num_pages': 989669, 'len_indptr': 2, 'num_kv_indices': 2708}: PASSED  ref=3.2683ms sol=36.4385ms  speedup=0.09x  abs=1.95e-03 rel=1.20e-02
[11/47] f26d4f7f axes={'batch_size': 1, 'num_pages': 989669, 'len_indptr': 2, 'num_kv_indices': 1908}: PASSED  ref=3.2638ms sol=20.3973ms  speedup=0.16x  abs=4.88e-04 rel=1.43e-02
[12/47] e6bef587 axes={'batch_size': 1, 'num_pages': 989669, 'len_indptr': 2, 'num_kv_indices': 1008}: PASSED  ref=3.2652ms sol=8.4976ms  speedup=0.38x  abs=4.88e-04 rel=7.58e-03
[13/47] d0da33e2 axes={'batch_size': 1, 'num_pages': 989669, 'len_indptr': 2, 'num_kv_indices': 2408}: PASSED  ref=3.2604ms sol=29.7949ms  speedup=0.11x  abs=1.95e-03 rel=6.86e-02
[14/47] 990b57e3 axes={'batch_size': 1, 'num_pages': 989669, 'len_indptr': 2, 'num_kv_indices': 1108}: PASSED  ref=3.2638ms sol=9.4854ms  speedup=0.34x  abs=2.44e-04 rel=7.75e-03
[15/47] 28210082 axes={'batch_size': 1, 'num_pages': 989669, 'len_indptr': 2, 'num_kv_indices': 1208}: PASSED  ref=3.2608ms sol=10.5619ms  speedup=0.31x  abs=9.77e-04 rel=1.32e-02
[16/47] 5e86857b axes={'batch_size': 16, 'num_pages': 989669, 'len_indptr': 17, 'num_kv_indices': 2757}: PASSED  ref=7.9883ms sol=17.0768ms  speedup=0.47x  abs=7.81e-03 rel=2.95e-02
[17/47] 34026642 axes={'batch_size': 16, 'num_pages': 989669, 'len_indptr': 17, 'num_kv_indices': 1857}: PASSED  ref=7.9702ms sol=9.9050ms  speedup=0.80x  abs=3.91e-03 rel=6.05e-02
[18/47] 89070a1d axes={'batch_size': 16, 'num_pages': 989669, 'len_indptr': 17, 'num_kv_indices': 3557}: PASSED  ref=7.9297ms sol=19.0923ms  speedup=0.42x  abs=3.91e-03 rel=1.35e-01
[19/47] 1250b1f6 axes={'batch_size': 16, 'num_pages': 989669, 'len_indptr': 17, 'num_kv_indices': 4357}: PASSED  ref=7.9748ms sol=21.7171ms  speedup=0.37x  abs=7.81e-03 rel=1.17e-01
[20/47] 5bfb8416 axes={'batch_size': 16, 'num_pages': 989669, 'len_indptr': 17, 'num_kv_indices': 7257}: PASSED  ref=8.1041ms sol=28.5187ms  speedup=0.28x  abs=7.81e-03 rel=1.62e-01
[21/47] 57106903 axes={'batch_size': 16, 'num_pages': 989669, 'len_indptr': 17, 'num_kv_indices': 8057}: PASSED  ref=8.1517ms sol=32.6406ms  speedup=0.25x  abs=7.81e-03 rel=7.85e-02
[22/47] 373074ba axes={'batch_size': 16, 'num_pages': 989669, 'len_indptr': 17, 'num_kv_indices': 5057}: PASSED  ref=8.0977ms sol=19.3955ms  speedup=0.42x  abs=3.91e-03 rel=4.11e-01
[23/47] c4e14a53 axes={'batch_size': 16, 'num_pages': 989669, 'len_indptr': 17, 'num_kv_indices': 9657}: PASSED  ref=8.0581ms sol=70.5909ms  speedup=0.11x  abs=3.91e-03 rel=1.67e-01
[24/47] f42ce054 axes={'batch_size': 16, 'num_pages': 989669, 'len_indptr': 17, 'num_kv_indices': 5857}: PASSED  ref=8.0839ms sol=22.6282ms  speedup=0.36x  abs=3.91e-03 rel=2.95e-02
[25/47] 220b10b5 axes={'batch_size': 16, 'num_pages': 989669, 'len_indptr': 17, 'num_kv_indices': 10857}: PASSED  ref=8.0291ms sol=78.4073ms  speedup=0.10x  abs=7.81e-03 rel=1.85e-01
[26/47] 787d2d2f axes={'batch_size': 16, 'num_pages': 989669, 'len_indptr': 17, 'num_kv_indices': 6657}: PASSED  ref=8.0934ms sol=26.2099ms  speedup=0.31x  abs=7.81e-03 rel=7.52e-02
[27/47] e417264f axes={'batch_size': 16, 'num_pages': 989669, 'len_indptr': 17, 'num_kv_indices': 12857}: PASSED  ref=8.0734ms sol=93.1055ms  speedup=0.09x  abs=3.91e-03 rel=2.34e+01
[28/47] a128f96f axes={'batch_size': 16, 'num_pages': 989669, 'len_indptr': 17, 'num_kv_indices': 457}: PASSED  ref=7.9740ms sol=7.4564ms  speedup=1.07x  abs=3.91e-03 rel=1.70e-01
[29/47] bd2dae14 axes={'batch_size': 16, 'num_pages': 989669, 'len_indptr': 17, 'num_kv_indices': 14857}: PASSED  ref=8.2111ms sol=109.7283ms  speedup=0.07x  abs=3.91e-03 rel=5.26e-02
[30/47] 84221f45 axes={'batch_size': 16, 'num_pages': 989669, 'len_indptr': 17, 'num_kv_indices': 17257}: PASSED  ref=8.1620ms sol=132.1200ms  speedup=0.06x  abs=7.81e-03 rel=7.75e-02
[31/47] 7a9dc58c axes={'batch_size': 16, 'num_pages': 989669, 'len_indptr': 17, 'num_kv_indices': 8857}: PASSED  ref=8.0670ms sol=48.9749ms  speedup=0.16x  abs=3.91e-03 rel=4.42e-02
[32/47] fd4b2558 axes={'batch_size': 64, 'num_pages': 989669, 'len_indptr': 65, 'num_kv_indices': 27545}: PASSED  ref=23.6395ms sol=122.2064ms  speedup=0.19x  abs=7.81e-03 rel=5.02e-02
[33/47] 7e083fc8 axes={'batch_size': 64, 'num_pages': 989669, 'len_indptr': 65, 'num_kv_indices': 30745}: PASSED  ref=23.4934ms sol=137.9736ms  speedup=0.17x  abs=7.81e-03 rel=2.57e-01
[34/47] 60b29b12 axes={'batch_size': 64, 'num_pages': 989669, 'len_indptr': 65, 'num_kv_indices': 33945}: PASSED  ref=23.4331ms sol=155.6043ms  speedup=0.15x  abs=7.81e-03 rel=6.03e-01
[35/47] b018a35e axes={'batch_size': 64, 'num_pages': 989669, 'len_indptr': 65, 'num_kv_indices': 37145}: PASSED  ref=23.5796ms sol=174.2514ms  speedup=0.14x  abs=7.81e-03 rel=7.46e-02
[36/47] 86a0eb47 axes={'batch_size': 64, 'num_pages': 989669, 'len_indptr': 65, 'num_kv_indices': 40345}: PASSED  ref=23.6378ms sol=193.6617ms  speedup=0.12x  abs=7.81e-03 rel=1.77e-01
[37/47] 80797c3d axes={'batch_size': 64, 'num_pages': 989669, 'len_indptr': 65, 'num_kv_indices': 44845}: PASSED  ref=23.5639ms sol=338.3222ms  speedup=0.07x  abs=7.81e-03 rel=3.40e-01
[38/47] f4367b30 axes={'batch_size': 64, 'num_pages': 989669, 'len_indptr': 65, 'num_kv_indices': 48045}: PASSED  ref=23.5806ms sol=361.8576ms  speedup=0.07x  abs=3.91e-03 rel=1.84e-01
[39/47] b15c7099 axes={'batch_size': 64, 'num_pages': 989669, 'len_indptr': 65, 'num_kv_indices': 51245}: PASSED  ref=23.5779ms sol=385.4145ms  speedup=0.06x  abs=7.81e-03 rel=3.25e-01
[40/47] 65082ffb axes={'batch_size': 64, 'num_pages': 989669, 'len_indptr': 65, 'num_kv_indices': 54445}: PASSED  ref=23.5825ms sol=410.9625ms  speedup=0.06x  abs=7.81e-03 rel=3.61e-01
[41/47] d771f51c axes={'batch_size': 64, 'num_pages': 989669, 'len_indptr': 65, 'num_kv_indices': 57645}: PASSED  ref=23.6095ms sol=438.6235ms  speedup=0.05x  abs=7.81e-03 rel=1.42e+01
[42/47] 5bef8d88 axes={'batch_size': 64, 'num_pages': 989669, 'len_indptr': 65, 'num_kv_indices': 75145}: PASSED  ref=23.7158ms sol=849.9200ms  speedup=0.03x  abs=7.81e-03 rel=6.19e-01
[43/47] 45be562f axes={'batch_size': 64, 'num_pages': 989669, 'len_indptr': 65, 'num_kv_indices': 9945}: PASSED  ref=23.1438ms sol=59.1948ms  speedup=0.39x  abs=7.81e-03 rel=2.05e-01
[44/47] 939f995a axes={'batch_size': 64, 'num_pages': 989669, 'len_indptr': 65, 'num_kv_indices': 62345}: PASSED  ref=23.6292ms sol=722.6836ms  speedup=0.03x  abs=7.81e-03 rel=2.72e-01
[45/47] c9ba5e7f axes={'batch_size': 64, 'num_pages': 989669, 'len_indptr': 65, 'num_kv_indices': 16345}: PASSED  ref=23.8228ms sol=77.6433ms  speedup=0.31x  abs=1.56e-02 rel=1.86e-01
[46/47] 0c746a7a axes={'batch_size': 64, 'num_pages': 989669, 'len_indptr': 65, 'num_kv_indices': 22745}: PASSED  ref=23.6518ms sol=101.1645ms  speedup=0.23x  abs=7.81e-03 rel=1.21e+00
[47/47] 1c3743b9 axes={'batch_size': 64, 'num_pages': 989669, 'len_indptr': 65, 'num_kv_indices': 68745}: PASSED  ref=23.7657ms sol=782.7968ms  speedup=0.03x  abs=1.56e-02 rel=1.33e+00
==============================================================================
Passed: 47/47    valid_run=True
GEOMEAN speedup (optimization target): 0.21x
  arithmetic mean (fib/AKO4X metric):  0.34x
  min=0.03x  max=1.08x
RESULT: VALID — geomean speedup = 0.21x
==============================================================================
Wrote /data1/workspace/weihongren/baseline/drtriton/kbstyle_stts_full8_20260919/tasks/flashinfer/mla_paged_decode_h16_ckv512_kpe64_ps1/final/performance.json
