Definition: /data1/workspace/ziming/dataset/SOL-ExecBench/data/benchmark/L2/030_flux_concatenated_sequence_processing_with_split/definition.json
Workload  : /data1/workspace/ziming/dataset/SOL-ExecBench/data/benchmark/L2/030_flux_concatenated_sequence_processing_with_split/workload.jsonl
Solution  : /data1/workspace/weihongren/kda-control/formal-kda-20260916--sol_execbench--L2-030_flux_concatenated_sequence_processing_with_split/candidates/c002/solution.py
Output    : /data1/workspace/weihongren/kda-runs/formal-kda-20260916--sol_execbench--L2-030_flux_concatenated_sequence_processing_with_split/runs/candidates/c002/final.json

==============================================================================
Problem : 030_flux_concatenated_sequence_processing_with_split
Passed  : 16/16
Status  : OK
[1] 9de8abcb-a854-578a-9da4-9aec0f0925e0: reference=0.909137 ms, candidate=1.911073 ms, speedup=0.4757x
[2] 5c686654-84b3-5ce5-ad5b-4f50bd397416: reference=0.909218 ms, candidate=1.548135 ms, speedup=0.5873x
[3] dda2cd74-1d9c-5583-9164-5c4a0bbcf376: reference=0.966592 ms, candidate=2.287435 ms, speedup=0.4226x
[4] 2c9cc79c-e00f-583e-80b7-3904e5139b6c: reference=0.430777 ms, candidate=1.535959 ms, speedup=0.2805x
[5] e92f1fac-423f-59f2-bfcd-2154258d5a9a: reference=4.368360 ms, candidate=6.822033 ms, speedup=0.6403x
[6] 978c252a-7dc2-55db-8731-a9ff7af63f3b: reference=2.638997 ms, candidate=3.826578 ms, speedup=0.6896x
[7] a9d58452-943d-5f67-a8d6-d9ae6bcc3072: reference=1.192060 ms, candidate=2.297867 ms, speedup=0.5188x
[8] 659c4d3b-9e59-5996-9b7f-035ee408c3ac: reference=4.659524 ms, candidate=6.828800 ms, speedup=0.6823x
[9] e6aab32c-d3cd-5758-801f-212cfbaf6911: reference=5.236907 ms, candidate=7.589637 ms, speedup=0.6900x
[10] e0782f0c-bc40-55e6-bcd2-13f420f4ad1b: reference=6.384841 ms, candidate=9.103580 ms, speedup=0.7014x
[11] 71d670d9-083c-5c14-b7fb-38d9a572852b: reference=25.032771 ms, candidate=33.391001 ms, speedup=0.7497x
[12] bf56c2b5-f59b-556d-be9e-5ddd00225bd1: reference=3.214557 ms, candidate=4.580536 ms, speedup=0.7018x
[13] 7ae93ff7-0db4-5e52-8aa4-1b53f6e8ae79: reference=6.095248 ms, candidate=9.096465 ms, speedup=0.6701x
[14] d234a6e4-6f9c-55fe-ae82-58e1bd445a34: reference=2.346570 ms, candidate=3.823939 ms, speedup=0.6137x
[15] 62f6139b-7873-52e0-8738-345d10caad5e: reference=2.941762 ms, candidate=4.566937 ms, speedup=0.6441x
[16] 7a91d659-0bcc-5b47-bfcf-670cafc27ae9: reference=1.714294 ms, candidate=2.311164 ms, speedup=0.7417x
Geomean : 0.5968x
Average : 0.6131x
==============================================================================
Performance: /data1/workspace/weihongren/kda-runs/formal-kda-20260916--sol_execbench--L2-030_flux_concatenated_sequence_processing_with_split/runs/candidates/c002/final.json
