Definition: /data1/workspace/ziming/dataset/SOL-ExecBench/data/benchmark/L2/057_residual_coupling_flow_block/definition.json
Workload  : /data1/workspace/ziming/dataset/SOL-ExecBench/data/benchmark/L2/057_residual_coupling_flow_block/workload.jsonl
Solution  : /data1/workspace/weihongren/kda-control/formal-kda-20260916--sol_execbench--L2-057_residual_coupling_flow_block/candidates/c003/solution.py
Output    : /data1/workspace/weihongren/kda-runs/formal-kda-20260916--sol_execbench--L2-057_residual_coupling_flow_block/runs/candidates/c003/final.json

==============================================================================
Problem : 057_residual_coupling_flow_block
Passed  : 16/16
Status  : OK
[1] 84fb0bc5-380f-55f4-9705-d65fce3b644b: reference=1.010882 ms, candidate=1.436205 ms, speedup=0.7039x
[2] 6128fbf5-c10e-5f12-947d-e24fb89b15f0: reference=2.314800 ms, candidate=5.344423 ms, speedup=0.4331x
[3] 2a151224-f78e-54f0-b5c3-b46599c7ea1d: reference=13.855397 ms, candidate=31.003640 ms, speedup=0.4469x
[4] 3c84b2d6-31ff-554c-af86-f96e6b151b3e: reference=0.990131 ms, candidate=1.676410 ms, speedup=0.5906x
[5] ea5ae433-92c8-539f-a8a6-db5ce7c92b8f: reference=67.835550 ms, candidate=391.166556 ms, speedup=0.1734x
[6] 7b2424f5-8bd6-5b58-b25d-6b0457b2e065: reference=31.197728 ms, candidate=180.119346 ms, speedup=0.1732x
[7] 3c3868a4-4479-54e6-b24e-901b97b7913d: reference=12.417571 ms, candidate=25.225921 ms, speedup=0.4923x
[8] 564874ed-0a28-55fd-ac62-7f6be221d66d: reference=0.915221 ms, candidate=1.672108 ms, speedup=0.5473x
[9] 5d0f4920-73c4-5831-93b9-9f4f03a0fd0a: reference=1.587565 ms, candidate=3.626532 ms, speedup=0.4378x
[10] 7109cae6-26df-5299-8640-5d7e2696e6ae: reference=9.860039 ms, candidate=19.008471 ms, speedup=0.5187x
[11] 2a33eeb0-ad13-5afd-81a8-b4bd85b8fe88: reference=1.888105 ms, candidate=2.429474 ms, speedup=0.7772x
[12] 1652542c-4da9-509f-a234-4530a74db4b2: reference=1.892680 ms, candidate=2.365555 ms, speedup=0.8001x
[13] 0e8f2568-5276-530d-af57-2138f78cd2e1: reference=9.377147 ms, candidate=10.592941 ms, speedup=0.8852x
[14] 40d72809-495b-54de-8499-3ba7a021c4b0: reference=6.734108 ms, candidate=7.018617 ms, speedup=0.9595x
[15] 23133e5c-2804-55a3-b302-7089887c69cb: reference=13.564568 ms, candidate=8.950944 ms, speedup=1.5154x
[16] f274d392-db38-5930-acc5-ea1a4101b6c2: reference=1.532349 ms, candidate=2.533632 ms, speedup=0.6048x
Geomean : 0.5507x
Average : 0.6287x
==============================================================================
Performance: /data1/workspace/weihongren/kda-runs/formal-kda-20260916--sol_execbench--L2-057_residual_coupling_flow_block/runs/candidates/c003/final.json
