Definition: /data1/workspace/ziming/dataset/SOL-ExecBench/data/benchmark/L1/053_gaussian_topk_sparse_activation/definition.json
Workload  : /data1/workspace/ziming/dataset/SOL-ExecBench/data/benchmark/L1/053_gaussian_topk_sparse_activation/workload.jsonl
Solution  : /data1/workspace/weihongren/baseline/drtriton/kbstyle_campaign_v2_20260918/tasks/SOL/L1/053_gaussian_topk_sparse_activation/final/solution.json
Output    : /data1/workspace/weihongren/baseline/drtriton/kbstyle_campaign_v2_20260918/tasks/SOL/L1/053_gaussian_topk_sparse_activation/final/evaluation.json

==============================================================================
Problem : 053_gaussian_topk_sparse_activation
Passed  : 12/12
Status  : OK
[1] 151250c8-7c37-56d8-9d87-6edc9f5fd531: reference=0.879007 ms, candidate=4.851019 ms, speedup=0.1812x
[2] fcbd00bf-2089-549a-a407-28d509581b4c: reference=3.072691 ms, candidate=75.241180 ms, speedup=0.0408x
[3] a1ce3f4a-abf4-504f-90be-1ede0f8bd65c: reference=1.903083 ms, candidate=37.680102 ms, speedup=0.0505x
[4] fe647339-085d-5bad-8192-50efbb5d4bef: reference=0.792705 ms, candidate=2.743370 ms, speedup=0.2890x
[5] eb88804d-33eb-5840-93b8-235b7f88961a: reference=1.535842 ms, candidate=25.156018 ms, speedup=0.0611x
[6] 084f1e52-f652-5592-ab34-f6156306545e: reference=1.129737 ms, candidate=12.643465 ms, speedup=0.0894x
[7] 75640ea8-8bb2-546f-b44d-c8d51baee3e4: reference=4.312142 ms, candidate=113.872834 ms, speedup=0.0379x
[8] 75e273d1-070a-5864-a5e2-11f455340620: reference=1.156538 ms, candidate=13.352319 ms, speedup=0.0866x
[9] 21ae223a-fefc-5b3f-ae0d-772742797229: reference=0.906559 ms, candidate=5.635188 ms, speedup=0.1609x
[10] 82eb0e10-41eb-50bf-a08f-7a9e3a4d0dfd: reference=13.348395 ms, candidate=400.717825 ms, speedup=0.0333x
[11] cfc707ec-c733-5cf1-b2f3-af867b078307: reference=0.789233 ms, candidate=0.981662 ms, speedup=0.8040x
[12] 30b3bded-7830-54c5-a242-75faeae6e052: reference=0.881055 ms, candidate=5.518443 ms, speedup=0.1597x
Geomean : 0.1024x
Average : 0.1662x
==============================================================================
Performance: /data1/workspace/weihongren/baseline/drtriton/kbstyle_campaign_v2_20260918/tasks/SOL/L1/053_gaussian_topk_sparse_activation/final/evaluation.json
