==============================================================================
Definition : gemm_n4096_k4096  (op_type=gemm)
Solution   : /data1/workspace/weihongren/baseline/drtriton/kbstyle_stts_full8_20260919/tasks/flashinfer/gemm_n4096_k4096/final/solution.py
Device     : cuda:0  (NVIDIA A800-SXM4-80GB)
Workloads  : 43   trials=1 warmup=3 iters=100
Tolerance  : atol=0.01 rtol=0.01 matched_ratio=0.99
==============================================================================
[1/43] 280860e6 axes={'M': 256}: PASSED  ref=0.0733ms sol=0.1166ms  speedup=0.63x  abs=2.50e-01 rel=1.60e+02
[2/43] 2e90109a axes={'M': 248}: PASSED  ref=0.0715ms sol=0.1261ms  speedup=0.57x  abs=2.50e-01 rel=1.66e+02
[3/43] e7c939ae axes={'M': 240}: PASSED  ref=0.0712ms sol=0.1130ms  speedup=0.63x  abs=2.50e-01 rel=7.72e+01
[4/43] 3ab6479f axes={'M': 232}: PASSED  ref=0.0722ms sol=0.1137ms  speedup=0.63x  abs=2.50e-01 rel=9.77e+01
[5/43] 29581017 axes={'M': 224}: PASSED  ref=0.0719ms sol=0.1174ms  speedup=0.61x  abs=2.50e-01 rel=1.44e+02
[6/43] e97cc8b3 axes={'M': 216}: PASSED  ref=0.0860ms sol=0.1153ms  speedup=0.75x  abs=0.00e+00 rel=0.00e+00
[7/43] c69f1da6 axes={'M': 208}: PASSED  ref=0.0842ms sol=0.1136ms  speedup=0.74x  abs=0.00e+00 rel=0.00e+00
[8/43] 38a98eb2 axes={'M': 200}: PASSED  ref=0.0840ms sol=0.1136ms  speedup=0.74x  abs=0.00e+00 rel=0.00e+00
[9/43] 62f7844c axes={'M': 192}: PASSED  ref=0.0580ms sol=0.1074ms  speedup=0.54x  abs=0.00e+00 rel=0.00e+00
[10/43] 1342c570 axes={'M': 184}: PASSED  ref=0.0581ms sol=0.1068ms  speedup=0.54x  abs=0.00e+00 rel=0.00e+00
[11/43] beb5da20 axes={'M': 176}: PASSED  ref=0.0575ms sol=0.1128ms  speedup=0.51x  abs=0.00e+00 rel=0.00e+00
[12/43] c8c9178e axes={'M': 168}: PASSED  ref=0.0577ms sol=0.1068ms  speedup=0.54x  abs=0.00e+00 rel=0.00e+00
[13/43] c103a7db axes={'M': 160}: PASSED  ref=0.0569ms sol=0.1078ms  speedup=0.53x  abs=0.00e+00 rel=0.00e+00
[14/43] ed0bbc00 axes={'M': 152}: PASSED  ref=0.0573ms sol=0.1060ms  speedup=0.54x  abs=0.00e+00 rel=0.00e+00
[15/43] 83deae78 axes={'M': 144}: PASSED  ref=0.0554ms sol=0.1058ms  speedup=0.52x  abs=0.00e+00 rel=0.00e+00
[16/43] 76fde2b6 axes={'M': 136}: PASSED  ref=0.0568ms sol=0.1057ms  speedup=0.54x  abs=0.00e+00 rel=0.00e+00
[17/43] 29ebd771 axes={'M': 128}: PASSED  ref=0.0522ms sol=0.1064ms  speedup=0.49x  abs=0.00e+00 rel=0.00e+00
[18/43] 73dd121d axes={'M': 120}: PASSED  ref=0.0523ms sol=0.1055ms  speedup=0.50x  abs=0.00e+00 rel=0.00e+00
[19/43] 27fa4c34 axes={'M': 112}: PASSED  ref=0.0518ms sol=0.1061ms  speedup=0.49x  abs=0.00e+00 rel=0.00e+00
[20/43] faac134d axes={'M': 104}: PASSED  ref=0.0517ms sol=0.1057ms  speedup=0.49x  abs=0.00e+00 rel=0.00e+00
[21/43] 1948bb55 axes={'M': 96}: PASSED  ref=0.0518ms sol=0.1059ms  speedup=0.49x  abs=0.00e+00 rel=0.00e+00
[22/43] 3a7e6db4 axes={'M': 88}: PASSED  ref=0.0618ms sol=0.1055ms  speedup=0.59x  abs=0.00e+00 rel=0.00e+00
[23/43] dcb04a7e axes={'M': 80}: PASSED  ref=0.0548ms sol=0.1051ms  speedup=0.52x  abs=0.00e+00 rel=0.00e+00
[24/43] ef996a93 axes={'M': 72}: PASSED  ref=0.0554ms sol=0.1047ms  speedup=0.53x  abs=0.00e+00 rel=0.00e+00
[25/43] 67d4c8f3 axes={'M': 64}: PASSED  ref=0.0465ms sol=0.1048ms  speedup=0.44x  abs=1.25e-01 rel=1.12e-01
[26/43] 54d34708 axes={'M': 56}: PASSED  ref=0.0467ms sol=0.1046ms  speedup=0.45x  abs=0.00e+00 rel=0.00e+00
[27/43] 59ca23f5 axes={'M': 48}: PASSED  ref=0.0462ms sol=0.1046ms  speedup=0.44x  abs=1.25e-01 rel=1.19e-01
[28/43] 54062a8b axes={'M': 40}: PASSED  ref=0.0467ms sol=0.1047ms  speedup=0.45x  abs=1.25e-01 rel=5.59e-02
[29/43] 5230e6ed axes={'M': 32}: PASSED  ref=0.0471ms sol=0.1042ms  speedup=0.45x  abs=1.25e-01 rel=6.82e-02
[30/43] 73212638 axes={'M': 24}: PASSED  ref=0.0461ms sol=0.1041ms  speedup=0.44x  abs=1.25e-01 rel=2.06e-01
[31/43] 404d21b1 axes={'M': 16}: PASSED  ref=0.0463ms sol=0.1041ms  speedup=0.44x  abs=1.25e-01 rel=2.74e-01
[32/43] 4cdab8cd axes={'M': 8}: PASSED  ref=0.0452ms sol=0.1033ms  speedup=0.44x  abs=1.25e-01 rel=1.30e-02
[33/43] f439da26 axes={'M': 4}: PASSED  ref=0.0449ms sol=0.1039ms  speedup=0.43x  abs=1.25e-01 rel=1.92e-02
[34/43] 6c2f4ba8 axes={'M': 2}: PASSED  ref=0.0448ms sol=0.1035ms  speedup=0.43x  abs=1.25e-01 rel=6.49e-03
[35/43] e39649a6 axes={'M': 1}: PASSED  ref=0.0439ms sol=0.1036ms  speedup=0.42x  abs=6.25e-02 rel=3.59e-03
[36/43] 094ef833 axes={'M': 7}: PASSED  ref=0.0454ms sol=0.1046ms  speedup=0.43x  abs=1.25e-01 rel=3.93e-02
[37/43] 4c6bdefd axes={'M': 35}: PASSED  ref=0.0477ms sol=0.1045ms  speedup=0.46x  abs=1.25e-01 rel=5.31e-01
[38/43] da2a2234 axes={'M': 972}: PASSED  ref=0.2257ms sol=0.1997ms  speedup=1.13x  abs=0.00e+00 rel=0.00e+00
[39/43] 897b6544 axes={'M': 70}: PASSED  ref=0.0549ms sol=0.1056ms  speedup=0.52x  abs=0.00e+00 rel=0.00e+00
[40/43] 8a8311fa axes={'M': 2053}: PASSED  ref=0.3245ms sol=0.3128ms  speedup=1.04x  abs=2.50e-01 rel=1.66e+02
[41/43] b626104c axes={'M': 8192}: PASSED  ref=1.1460ms sol=1.3828ms  speedup=0.83x  abs=2.50e-01 rel=1.06e+06
[42/43] 547e0ce5 axes={'M': 2379}: PASSED  ref=0.3279ms sol=0.3494ms  speedup=0.94x  abs=0.00e+00 rel=0.00e+00
[43/43] 339de815 axes={'M': 15}: PASSED  ref=0.0462ms sol=0.1040ms  speedup=0.44x  abs=1.25e-01 rel=1.34e-01
==============================================================================
Passed: 43/43    valid_run=True
GEOMEAN speedup (optimization target): 0.55x
  arithmetic mean (fib/AKO4X metric):  0.56x
  min=0.42x  max=1.13x
RESULT: VALID — geomean speedup = 0.55x
==============================================================================
Wrote /data1/workspace/weihongren/baseline/drtriton/kbstyle_stts_full8_20260919/tasks/flashinfer/gemm_n4096_k4096/final/performance.json
