Definition: /home/ziming/dataset/SOL-ExecBench/data/benchmark/L1/007_hyena_fft_size_padding_rfft/definition.json
Workload  : /home/ziming/kda-ops/kda-control/formal-kda-h100-20260920--sol_execbench--L1-007_hyena_fft_size_padding_rfft/feedback_workloads.jsonl
Solution  : /home/ziming/kda-ops/kda-control/formal-kda-h100-20260920--sol_execbench--L1-007_hyena_fft_size_padding_rfft/candidates/c001/solution.py
Output    : /home/ziming/kda-ops/kda-runs/formal-kda-h100-20260920--sol_execbench--L1-007_hyena_fft_size_padding_rfft/runs/candidates/c001/feedback.json

==============================================================================
Problem : 007_hyena_fft_size_padding_rfft
Passed  : 16/16
Status  : OK
[1] beb07143-6a4b-592e-b38f-c2272302f5fb: reference=0.068720 ms, candidate=1.242853 ms, speedup=0.0553x
[2] 2a6f1210-15d2-56fe-a6f1-28c680603f04: reference=0.266688 ms, candidate=4.838548 ms, speedup=0.0551x
[3] 06b703b1-c619-526f-90d9-6abbf195c8da: reference=0.080256 ms, candidate=0.275841 ms, speedup=0.2910x
[4] bf5e43ac-4c67-587e-962f-71d04eb63da3: reference=1.048148 ms, candidate=24.787229 ms, speedup=0.0423x
[5] 4d7fea4e-351a-57aa-8d5c-c334c5cfa387: reference=0.108593 ms, candidate=2.101624 ms, speedup=0.0517x
[6] 617efd8c-bb48-52a0-a620-58654c410c93: reference=0.062096 ms, candidate=0.084224 ms, speedup=0.7373x
[7] 2e37472c-bace-574f-b29d-7dcd777a18c0: reference=3.494482 ms, candidate=564.870050 ms, speedup=0.0062x
[8] 56c1a9ae-d22a-55a1-b217-328b8a505b0d: reference=0.056769 ms, candidate=0.059216 ms, speedup=0.9587x
[9] 6e4e7fea-b581-5d14-aa59-9a4711029920: reference=0.864546 ms, candidate=67.970061 ms, speedup=0.0127x
[10] 5d0f5000-9f51-50d1-827f-236e5642bb2a: reference=0.178769 ms, candidate=4.159111 ms, speedup=0.0430x
[11] f17267fc-c2e6-5ed5-8f55-92e9b392015d: reference=0.525298 ms, candidate=11.126203 ms, speedup=0.0472x
[12] cfcdecc8-0fa6-5c37-89cd-cc6e2b882adf: reference=0.231713 ms, candidate=8.495214 ms, speedup=0.0273x
[13] 59d23189-eaf7-52e8-adae-f3efe921e198: reference=0.080272 ms, candidate=1.912251 ms, speedup=0.0420x
[14] a533ac79-2d10-5b89-8503-9b10bec6daed: reference=0.065392 ms, candidate=0.223025 ms, speedup=0.2932x
[15] 088b063f-68cd-53e2-9990-a6238c9c1756: reference=0.549748 ms, candidate=286.298123 ms, speedup=0.0019x
[16] da70c6cf-b6d8-583a-acd5-053bd9590951: reference=0.067312 ms, candidate=0.082704 ms, speedup=0.8139x
Geomean : 0.0655x
Average : 0.2174x
==============================================================================
Performance: /home/ziming/kda-ops/kda-runs/formal-kda-h100-20260920--sol_execbench--L1-007_hyena_fft_size_padding_rfft/runs/candidates/c001/feedback.json
