Definition: /home/ziming/dataset/SOL-ExecBench/data/benchmark/L1/007_hyena_fft_size_padding_rfft/definition.json
Workload  : /home/ziming/dataset/SOL-ExecBench/data/benchmark/L1/007_hyena_fft_size_padding_rfft/workload.jsonl
Solution  : /home/ziming/kda-ops/kda-control/formal-kda-h100-20260920--sol_execbench--L1-007_hyena_fft_size_padding_rfft/candidates/c001/solution.py
Output    : /home/ziming/kda-ops/kda-runs/formal-kda-h100-20260920--sol_execbench--L1-007_hyena_fft_size_padding_rfft/runs/candidates/c001/final.json

==============================================================================
Problem : 007_hyena_fft_size_padding_rfft
Passed  : 16/16
Status  : OK
[1] beb07143-6a4b-592e-b38f-c2272302f5fb: reference=0.053392 ms, candidate=1.299546 ms, speedup=0.0411x
[2] 2a6f1210-15d2-56fe-a6f1-28c680603f04: reference=0.266897 ms, candidate=5.246695 ms, speedup=0.0509x
[3] 06b703b1-c619-526f-90d9-6abbf195c8da: reference=0.051696 ms, candidate=0.276802 ms, speedup=0.1868x
[4] bf5e43ac-4c67-587e-962f-71d04eb63da3: reference=1.125305 ms, candidate=26.076743 ms, speedup=0.0432x
[5] 4d7fea4e-351a-57aa-8d5c-c334c5cfa387: reference=0.108609 ms, candidate=2.248161 ms, speedup=0.0483x
[6] 617efd8c-bb48-52a0-a620-58654c410c93: reference=0.057104 ms, candidate=0.084753 ms, speedup=0.6738x
[7] 2e37472c-bace-574f-b29d-7dcd777a18c0: reference=3.639696 ms, candidate=584.529972 ms, speedup=0.0062x
[8] 56c1a9ae-d22a-55a1-b217-328b8a505b0d: reference=0.051520 ms, candidate=0.058592 ms, speedup=0.8793x
[9] 6e4e7fea-b581-5d14-aa59-9a4711029920: reference=0.885112 ms, candidate=75.065996 ms, speedup=0.0118x
[10] 5d0f5000-9f51-50d1-827f-236e5642bb2a: reference=0.176513 ms, candidate=4.693001 ms, speedup=0.0376x
[11] f17267fc-c2e6-5ed5-8f55-92e9b392015d: reference=0.527796 ms, candidate=11.958987 ms, speedup=0.0441x
[12] cfcdecc8-0fa6-5c37-89cd-cc6e2b882adf: reference=0.230370 ms, candidate=9.451236 ms, speedup=0.0244x
[13] 59d23189-eaf7-52e8-adae-f3efe921e198: reference=0.080272 ms, candidate=2.120483 ms, speedup=0.0379x
[14] a533ac79-2d10-5b89-8503-9b10bec6daed: reference=0.047809 ms, candidate=0.221922 ms, speedup=0.2154x
[15] 088b063f-68cd-53e2-9990-a6238c9c1756: reference=0.548597 ms, candidate=293.600794 ms, speedup=0.0019x
[16] da70c6cf-b6d8-583a-acd5-053bd9590951: reference=0.051264 ms, candidate=0.081457 ms, speedup=0.6293x
Geomean : 0.0574x
Average : 0.1832x
==============================================================================
Performance: /home/ziming/kda-ops/kda-runs/formal-kda-h100-20260920--sol_execbench--L1-007_hyena_fft_size_padding_rfft/runs/candidates/c001/final.json
