==============================================================================
Definition : gqa_ragged_prefill_causal_h32_kv8_d128  (op_type=gqa_ragged)
Solution   : /home/ziming/kda-ops/kda-control/formal-kda-h100-20260920--flashinfer--gqa_ragged_prefill_causal_h32_kv8_d128/candidates/c003/solution.py
Device     : cuda:0  (NVIDIA H100 80GB HBM3)
Workloads  : 21   trials=1 warmup=2 iters=10
Selected   : [0, 1, 2, 3, 4, 5, 6, 7, 8, 9, 10, 11, 12, 13, 14, 15, 16, 17, 18, 19, 20]
Tolerance  : atol=0.01 rtol=0.01 matched_ratio=0.99
==============================================================================
[1/21] f7a038e9 axes={'len_indptr': 2, 'total_q': 7, 'total_kv': 7}: PASSED  ref=0.4374ms sol=0.0547ms  speedup=8.00x  abs=7.81e-03 rel=1.89e+01
[2/21] f4c23a33 axes={'len_indptr': 2, 'total_q': 1, 'total_kv': 1}: PASSED  ref=0.3676ms sol=0.0506ms  speedup=7.26x  abs=4.77e-07 rel=8.76e-07
[3/21] bad384fa axes={'len_indptr': 2, 'total_q': 35, 'total_kv': 35}: PASSED  ref=0.4283ms sol=0.0502ms  speedup=8.52x  abs=1.56e-02 rel=1.41e+02
[4/21] 2068cdff axes={'len_indptr': 3, 'total_q': 81, 'total_kv': 81}: PASSED  ref=0.7287ms sol=0.0500ms  speedup=14.57x  abs=1.56e-02 rel=2.07e+02
[5/21] 6f3e1bfe axes={'len_indptr': 26, 'total_q': 13557, 'total_kv': 13557}: PASSED  ref=33.6610ms sol=1.0673ms  speedup=31.54x  abs=1.56e-02 rel=6.23e+03
[6/21] adefedc4 axes={'len_indptr': 37, 'total_q': 12845, 'total_kv': 12845}: PASSED  ref=35.8094ms sol=1.0709ms  speedup=33.44x  abs=1.56e-02 rel=1.12e+04
[7/21] fab48473 axes={'len_indptr': 2, 'total_q': 7, 'total_kv': 7}: PASSED  ref=0.4061ms sol=0.0499ms  speedup=8.14x  abs=7.81e-03 rel=6.52e+00
[8/21] 3a919718 axes={'len_indptr': 2, 'total_q': 1, 'total_kv': 1}: PASSED  ref=0.3627ms sol=0.0497ms  speedup=7.30x  abs=9.54e-07 rel=6.42e-07
[9/21] 32f5e961 axes={'len_indptr': 2, 'total_q': 35, 'total_kv': 35}: PASSED  ref=0.4120ms sol=0.0502ms  speedup=8.22x  abs=7.81e-03 rel=7.35e+02
[10/21] daa2d149 axes={'len_indptr': 2, 'total_q': 35, 'total_kv': 35}: PASSED  ref=0.4137ms sol=0.0501ms  speedup=8.25x  abs=1.56e-02 rel=9.78e+01
[11/21] ef683298 axes={'len_indptr': 2, 'total_q': 18, 'total_kv': 18}: PASSED  ref=0.4068ms sol=0.0488ms  speedup=8.33x  abs=1.56e-02 rel=3.93e+01
[12/21] 568a6016 axes={'len_indptr': 2, 'total_q': 18, 'total_kv': 18}: PASSED  ref=0.4080ms sol=0.0486ms  speedup=8.40x  abs=1.56e-02 rel=2.61e+01
[13/21] b8f94163 axes={'len_indptr': 2, 'total_q': 7, 'total_kv': 7}: PASSED  ref=0.4055ms sol=0.0496ms  speedup=8.18x  abs=1.56e-02 rel=1.35e+01
[14/21] bdc49f9e axes={'len_indptr': 2, 'total_q': 1, 'total_kv': 1}: PASSED  ref=0.3701ms sol=0.0496ms  speedup=7.46x  abs=2.38e-07 rel=1.95e-06
[15/21] da9042ea axes={'len_indptr': 2, 'total_q': 35, 'total_kv': 35}: PASSED  ref=0.4108ms sol=0.0490ms  speedup=8.38x  abs=1.56e-02 rel=2.21e+03
[16/21] 58701318 axes={'len_indptr': 2, 'total_q': 35, 'total_kv': 35}: PASSED  ref=0.4117ms sol=0.0493ms  speedup=8.35x  abs=1.56e-02 rel=2.35e+02
[17/21] 2328b031 axes={'len_indptr': 16, 'total_q': 982, 'total_kv': 982}: PASSED  ref=4.4753ms sol=0.1046ms  speedup=42.80x  abs=1.56e-02 rel=6.50e+03
[18/21] 012bb8e4 axes={'len_indptr': 2, 'total_q': 71, 'total_kv': 71}: PASSED  ref=0.4043ms sol=0.0490ms  speedup=8.25x  abs=1.56e-02 rel=1.72e+02
[19/21] 370287f0 axes={'len_indptr': 2, 'total_q': 71, 'total_kv': 71}: PASSED  ref=0.4482ms sol=0.0493ms  speedup=9.10x  abs=1.56e-02 rel=3.11e+02
[20/21] 7a08a0f6 axes={'len_indptr': 11, 'total_q': 12571, 'total_kv': 12571}: PASSED  ref=30.7613ms sol=1.0435ms  speedup=29.48x  abs=1.56e-02 rel=9.46e+03
[21/21] dc8c1d18 axes={'len_indptr': 6, 'total_q': 92, 'total_kv': 92}: PASSED  ref=1.5677ms sol=0.0493ms  speedup=31.82x  abs=1.56e-02 rel=3.86e+02
==============================================================================
Passed: 21/21    valid_run=True
GEOMEAN speedup (optimization target): 11.71x
  arithmetic mean (fib/AKO4X metric):  14.56x
  min=7.26x  max=42.80x
RESULT: VALID — geomean speedup = 11.71x
==============================================================================
Wrote /home/ziming/kda-ops/kda-runs/formal-kda-h100-20260920--flashinfer--gqa_ragged_prefill_causal_h32_kv8_d128/runs/candidates/c003/feedback.json
