Definition: /data1/workspace/ziming/dataset/SOL-ExecBench/data/benchmark/L2/012_moe_expert_batched_execution_with_capacity_factor/definition.json
Workload  : /data1/workspace/ziming/dataset/SOL-ExecBench/data/benchmark/L2/012_moe_expert_batched_execution_with_capacity_factor/workload.jsonl
Solution  : /data1/workspace/weihongren/baseline/drtriton/kbstyle_campaign_v2_20260918/tasks/SOL/L2/012_moe_expert_batched_execution_with_capacity_factor/refprecompute/solution.json
Output    : /data1/workspace/weihongren/baseline/drtriton/kbstyle_campaign_v2_20260918/tasks/SOL/L2/012_moe_expert_batched_execution_with_capacity_factor/refprecompute/evaluation.json

==============================================================================
Problem : 012_moe_expert_batched_execution_with_capacity_factor
Passed  : 16/16
Status  : OK
[1] f850f2b7-8380-57c1-9236-2771054e1971: reference=28.610560 ms, candidate=28.561134 ms, speedup=1.0017x
[2] 106f0092-d65a-594e-83d3-7498eb06cdfa: reference=23.938424 ms, candidate=24.037060 ms, speedup=0.9959x
[3] 61022909-66df-5948-b238-8b6ddbd0fc15: reference=14.369371 ms, candidate=14.395257 ms, speedup=0.9982x
[4] bf41eb28-3e46-5e09-8bd1-489f584956db: reference=25.927036 ms, candidate=25.741551 ms, speedup=1.0072x
[5] 2fe16676-be52-51fd-87bf-637612a64f5e: reference=15.690904 ms, candidate=15.616425 ms, speedup=1.0048x
[6] ab49eedb-1e04-56e3-add4-5776bd7427a6: reference=14.482912 ms, candidate=14.494528 ms, speedup=0.9992x
[7] c2a09e88-bd53-56ba-85f7-11d1ea0872b8: reference=14.565536 ms, candidate=14.579903 ms, speedup=0.9990x
[8] 2e7d2e79-d408-5b66-b0b8-d32b4abd272a: reference=14.682639 ms, candidate=14.682303 ms, speedup=1.0000x
[9] 18872872-5214-5673-8ea0-713318da014d: reference=55.559833 ms, candidate=55.489379 ms, speedup=1.0013x
[10] 604e6e46-97fb-558d-891b-96336ff3d977: reference=14.795077 ms, candidate=14.782516 ms, speedup=1.0008x
[11] 598f9037-e3c6-5b65-b49c-a1dbacc8ee95: reference=17.314414 ms, candidate=17.282206 ms, speedup=1.0019x
[12] 16755515-9001-5ccf-ae9c-ae0d5bd907b1: reference=15.233248 ms, candidate=15.211793 ms, speedup=1.0014x
[13] b983758c-5821-5998-a8c7-88209f6e17d9: reference=15.543325 ms, candidate=15.653387 ms, speedup=0.9930x
[14] 9a4bee24-ba2d-5f98-8de5-24d4a255dbf0: reference=15.346242 ms, candidate=15.377041 ms, speedup=0.9980x
[15] 3744fdcd-5cf2-5bfc-8235-751e81f8bc5f: reference=15.508354 ms, candidate=15.357057 ms, speedup=1.0099x
[16] d36f3c8b-3e15-51c6-8604-7a47a738c972: reference=15.677934 ms, candidate=15.717837 ms, speedup=0.9975x
Geomean : 1.0006x
Average : 1.0006x
==============================================================================
Performance: /data1/workspace/weihongren/baseline/drtriton/kbstyle_campaign_v2_20260918/tasks/SOL/L2/012_moe_expert_batched_execution_with_capacity_factor/refprecompute/evaluation.json
