==============================================================================
Definition : gqa_paged_decode_h32_kv8_d128_ps1  (op_type=gqa_paged)
Solution   : /home/ziming/kda-ops/kda-control/formal-kda-h100-20260920--flashinfer--gqa_paged_decode_h32_kv8_d128_ps1/candidates/c003/solution.py
Device     : cuda:0  (NVIDIA H100 80GB HBM3)
Workloads  : 48   trials=1 warmup=2 iters=10
Selected   : [0, 1, 2, 3, 4, 5, 6, 7, 8, 9, 10, 11, 12, 13, 14, 15, 16, 17, 18, 19, 20, 21, 22, 23, 24, 25, 26, 27, 28, 29, 30, 31, 32, 33, 34, 35, 36, 37, 38, 39, 40, 41, 42, 43, 44, 45, 46, 47]
Tolerance  : atol=0.01 rtol=0.01 matched_ratio=0.99
==============================================================================
[1/48] e2142798 axes={'batch_size': 1, 'num_pages': 9316, 'len_indptr': 2, 'num_kv_indices': 73}: PASSED  ref=4.2156ms sol=0.0591ms  speedup=71.28x  abs=3.91e-03 rel=2.15e+00
[2/48] 2849bdc5 axes={'batch_size': 1, 'num_pages': 63, 'len_indptr': 2, 'num_kv_indices': 46}: PASSED  ref=4.1256ms sol=0.0592ms  speedup=69.74x  abs=3.91e-03 rel=4.54e+00
[3/48] aa937325 axes={'batch_size': 1, 'num_pages': 82, 'len_indptr': 2, 'num_kv_indices': 65}: PASSED  ref=4.1668ms sol=0.0529ms  speedup=78.73x  abs=3.91e-03 rel=4.48e+00
[4/48] be0e9c07 axes={'batch_size': 1, 'num_pages': 18, 'len_indptr': 2, 'num_kv_indices': 2}: PASSED  ref=4.1244ms sol=0.0544ms  speedup=75.82x  abs=7.81e-03 rel=9.80e+00
[5/48] 13bd6f6d axes={'batch_size': 1, 'num_pages': 67, 'len_indptr': 2, 'num_kv_indices': 50}: PASSED  ref=4.1284ms sol=0.0538ms  speedup=76.75x  abs=3.91e-03 rel=2.30e+00
[6/48] 4b6e577b axes={'batch_size': 1, 'num_pages': 406, 'len_indptr': 2, 'num_kv_indices': 356}: PASSED  ref=4.1705ms sol=0.0532ms  speedup=78.45x  abs=1.95e-03 rel=5.00e+00
[7/48] 233743f3 axes={'batch_size': 1, 'num_pages': 597, 'len_indptr': 2, 'num_kv_indices': 547}: PASSED  ref=4.1617ms sol=0.0543ms  speedup=76.61x  abs=9.77e-04 rel=2.40e+00
[8/48] 55b7d182 axes={'batch_size': 1, 'num_pages': 71, 'len_indptr': 2, 'num_kv_indices': 54}: PASSED  ref=4.1431ms sol=0.0522ms  speedup=79.44x  abs=3.91e-03 rel=1.69e+00
[9/48] d8826343 axes={'batch_size': 1, 'num_pages': 223, 'len_indptr': 2, 'num_kv_indices': 173}: PASSED  ref=4.1832ms sol=0.0537ms  speedup=77.90x  abs=1.95e-03 rel=2.24e+00
[10/48] cc152036 axes={'batch_size': 1, 'num_pages': 74, 'len_indptr': 2, 'num_kv_indices': 57}: PASSED  ref=4.0910ms sol=0.0529ms  speedup=77.36x  abs=3.91e-03 rel=3.37e+01
[11/48] 2f08e877 axes={'batch_size': 1, 'num_pages': 78, 'len_indptr': 2, 'num_kv_indices': 61}: PASSED  ref=4.4284ms sol=0.0526ms  speedup=84.23x  abs=3.91e-03 rel=1.84e+01
[12/48] 62aad293 axes={'batch_size': 1, 'num_pages': 11, 'len_indptr': 2, 'num_kv_indices': 10}: PASSED  ref=4.1338ms sol=0.0535ms  speedup=77.33x  abs=7.81e-03 rel=8.71e+00
[13/48] 7e5dca40 axes={'batch_size': 1, 'num_pages': 15, 'len_indptr': 2, 'num_kv_indices': 14}: PASSED  ref=4.1418ms sol=0.0523ms  speedup=79.23x  abs=7.81e-03 rel=3.19e+02
[14/48] d58b7e5a axes={'batch_size': 1, 'num_pages': 55, 'len_indptr': 2, 'num_kv_indices': 38}: PASSED  ref=4.1187ms sol=0.0518ms  speedup=79.54x  abs=3.91e-03 rel=2.48e+01
[15/48] 86584e1f axes={'batch_size': 1, 'num_pages': 9341, 'len_indptr': 2, 'num_kv_indices': 98}: PASSED  ref=4.1870ms sol=0.0531ms  speedup=78.86x  abs=3.91e-03 rel=1.33e+01
[16/48] 1ae14253 axes={'batch_size': 1, 'num_pages': 59, 'len_indptr': 2, 'num_kv_indices': 42}: PASSED  ref=4.1340ms sol=0.0525ms  speedup=78.79x  abs=3.91e-03 rel=1.36e+00
[17/48] 39ca5ed6 axes={'batch_size': 16, 'num_pages': 2708, 'len_indptr': 17, 'num_kv_indices': 2681}: PASSED  ref=61.2986ms sol=0.0474ms  speedup=1292.39x  abs=3.91e-03 rel=3.42e+02
[18/48] 85fac3ed axes={'batch_size': 16, 'num_pages': 2212, 'len_indptr': 17, 'num_kv_indices': 2185}: PASSED  ref=57.5365ms sol=0.0472ms  speedup=1218.83x  abs=3.91e-03 rel=8.09e+01
[19/48] cd36924a axes={'batch_size': 16, 'num_pages': 1220, 'len_indptr': 17, 'num_kv_indices': 1193}: PASSED  ref=57.6809ms sol=0.0470ms  speedup=1228.13x  abs=7.81e-03 rel=3.78e+01
[20/48] db2de7f1 axes={'batch_size': 16, 'num_pages': 1732, 'len_indptr': 17, 'num_kv_indices': 1705}: PASSED  ref=57.0018ms sol=0.0471ms  speedup=1209.88x  abs=3.91e-03 rel=2.23e+01
[21/48] 1e15ed03 axes={'batch_size': 16, 'num_pages': 81390, 'len_indptr': 17, 'num_kv_indices': 12942}: PASSED  ref=57.9573ms sol=0.1079ms  speedup=537.20x  abs=7.81e-03 rel=1.45e+02
[22/48] f31598f9 axes={'batch_size': 16, 'num_pages': 1069, 'len_indptr': 17, 'num_kv_indices': 1034}: PASSED  ref=56.9871ms sol=0.0474ms  speedup=1203.28x  abs=7.81e-03 rel=4.16e+02
[23/48] 5aecf120 axes={'batch_size': 16, 'num_pages': 2868, 'len_indptr': 17, 'num_kv_indices': 2841}: PASSED  ref=57.8981ms sol=0.0482ms  speedup=1200.21x  abs=3.91e-03 rel=2.39e+02
[24/48] 8a1fd5df axes={'batch_size': 16, 'num_pages': 2372, 'len_indptr': 17, 'num_kv_indices': 2345}: PASSED  ref=59.7449ms sol=0.0540ms  speedup=1106.39x  abs=3.91e-03 rel=1.44e+02
[25/48] ccdc67b6 axes={'batch_size': 16, 'num_pages': 30163, 'len_indptr': 17, 'num_kv_indices': 20911}: PASSED  ref=70.2170ms sol=0.1279ms  speedup=549.12x  abs=1.95e-03 rel=1.06e+03
[26/48] 16e73fbc axes={'batch_size': 16, 'num_pages': 1892, 'len_indptr': 17, 'num_kv_indices': 1865}: PASSED  ref=70.2146ms sol=0.0562ms  speedup=1248.41x  abs=3.91e-03 rel=1.17e+02
[27/48] d2c89e1d axes={'batch_size': 16, 'num_pages': 1396, 'len_indptr': 17, 'num_kv_indices': 1369}: PASSED  ref=65.1016ms sol=0.0509ms  speedup=1279.83x  abs=7.81e-03 rel=1.95e+01
[28/48] 434980b4 axes={'batch_size': 16, 'num_pages': 4333, 'len_indptr': 17, 'num_kv_indices': 4298}: PASSED  ref=62.8270ms sol=0.0523ms  speedup=1201.34x  abs=3.91e-03 rel=9.58e+01
[29/48] 0ea2f83b axes={'batch_size': 16, 'num_pages': 3044, 'len_indptr': 17, 'num_kv_indices': 3017}: PASSED  ref=62.6982ms sol=0.0494ms  speedup=1270.39x  abs=3.91e-03 rel=1.50e+02
[30/48] 127a80a4 axes={'batch_size': 16, 'num_pages': 2548, 'len_indptr': 17, 'num_kv_indices': 2521}: PASSED  ref=62.3573ms sol=0.0521ms  speedup=1196.53x  abs=3.91e-03 rel=3.12e+02
[31/48] f248b828 axes={'batch_size': 16, 'num_pages': 2052, 'len_indptr': 17, 'num_kv_indices': 2025}: PASSED  ref=62.7579ms sol=0.0484ms  speedup=1295.62x  abs=3.91e-03 rel=4.89e+01
[32/48] ebe29c4a axes={'batch_size': 16, 'num_pages': 1556, 'len_indptr': 17, 'num_kv_indices': 1529}: PASSED  ref=64.0963ms sol=0.0530ms  speedup=1208.23x  abs=3.91e-03 rel=3.40e+01
[33/48] 91552da7 axes={'batch_size': 64, 'num_pages': 60071, 'len_indptr': 65, 'num_kv_indices': 50902}: PASSED  ref=246.4572ms sol=0.1733ms  speedup=1422.17x  abs=1.95e-03 rel=1.73e+02
[34/48] 27b811f9 axes={'batch_size': 64, 'num_pages': 66637, 'len_indptr': 65, 'num_kv_indices': 57366}: PASSED  ref=242.6886ms sol=0.1834ms  speedup=1323.45x  abs=1.95e-03 rel=5.50e+02
[35/48] cfccc048 axes={'batch_size': 64, 'num_pages': 62605, 'len_indptr': 65, 'num_kv_indices': 53334}: PASSED  ref=252.7048ms sol=0.1793ms  speedup=1409.73x  abs=1.95e-03 rel=6.83e+02
[36/48] 9608dc13 axes={'batch_size': 64, 'num_pages': 64653, 'len_indptr': 65, 'num_kv_indices': 55382}: PASSED  ref=244.1162ms sol=0.1786ms  speedup=1366.45x  abs=1.95e-03 rel=1.88e+02
[37/48] d4415ca7 axes={'batch_size': 64, 'num_pages': 67021, 'len_indptr': 65, 'num_kv_indices': 57750}: PASSED  ref=251.6994ms sol=0.1883ms  speedup=1336.94x  abs=1.95e-03 rel=5.02e+03
[38/48] 43de6e71 axes={'batch_size': 64, 'num_pages': 65037, 'len_indptr': 65, 'num_kv_indices': 55766}: PASSED  ref=252.5143ms sol=0.1808ms  speedup=1396.58x  abs=1.95e-03 rel=6.69e+02
[39/48] 12b921da axes={'batch_size': 64, 'num_pages': 63053, 'len_indptr': 65, 'num_kv_indices': 53782}: PASSED  ref=253.9766ms sol=0.1814ms  speedup=1400.05x  abs=1.95e-03 rel=1.74e+02
[40/48] 817a4061 axes={'batch_size': 64, 'num_pages': 67405, 'len_indptr': 65, 'num_kv_indices': 58134}: PASSED  ref=244.2012ms sol=0.1855ms  speedup=1316.44x  abs=1.95e-03 rel=1.11e+02
[41/48] 7077cfb4 axes={'batch_size': 64, 'num_pages': 65421, 'len_indptr': 65, 'num_kv_indices': 56150}: PASSED  ref=253.7703ms sol=0.1829ms  speedup=1387.58x  abs=1.95e-03 rel=2.24e+02
[42/48] d562ca35 axes={'batch_size': 64, 'num_pages': 63437, 'len_indptr': 65, 'num_kv_indices': 54166}: PASSED  ref=251.9299ms sol=0.1776ms  speedup=1418.50x  abs=1.95e-03 rel=1.57e+02
[43/48] 556fea1d axes={'batch_size': 64, 'num_pages': 65805, 'len_indptr': 65, 'num_kv_indices': 56534}: PASSED  ref=252.3095ms sol=0.1805ms  speedup=1397.87x  abs=1.95e-03 rel=5.53e+02
[44/48] 116916f0 axes={'batch_size': 64, 'num_pages': 63821, 'len_indptr': 65, 'num_kv_indices': 54550}: PASSED  ref=272.7393ms sol=0.1863ms  speedup=1464.07x  abs=1.95e-03 rel=1.09e+03
[45/48] e165c254 axes={'batch_size': 64, 'num_pages': 67853, 'len_indptr': 65, 'num_kv_indices': 58582}: PASSED  ref=243.7303ms sol=0.1833ms  speedup=1329.69x  abs=1.95e-03 rel=9.09e+01
[46/48] 486d0874 axes={'batch_size': 64, 'num_pages': 66253, 'len_indptr': 65, 'num_kv_indices': 56982}: PASSED  ref=244.1274ms sol=0.1848ms  speedup=1320.94x  abs=1.95e-03 rel=4.33e+03
[47/48] 5444fc56 axes={'batch_size': 64, 'num_pages': 68237, 'len_indptr': 65, 'num_kv_indices': 58966}: PASSED  ref=244.0937ms sol=0.1908ms  speedup=1279.00x  abs=1.95e-03 rel=4.95e+02
[48/48] d78eb414 axes={'batch_size': 64, 'num_pages': 64205, 'len_indptr': 65, 'num_kv_indices': 54934}: PASSED  ref=242.4299ms sol=0.1748ms  speedup=1386.70x  abs=1.95e-03 rel=1.74e+02
==============================================================================
Passed: 48/48    valid_run=True
GEOMEAN speedup (optimization target): 489.78x
  arithmetic mean (fib/AKO4X metric):  863.37x
  min=69.74x  max=1464.07x
RESULT: VALID — geomean speedup = 489.78x
==============================================================================
Wrote /home/ziming/kda-ops/kda-runs/formal-kda-h100-20260920--flashinfer--gqa_paged_decode_h32_kv8_d128_ps1/runs/candidates/c003/feedback.json
