Definition: /data1/workspace/ziming/dataset/SOL-ExecBench/data/benchmark/L1/020_vision_patch_merger_spatial_shuffle_mlp/definition.json
Workload  : /data1/workspace/ziming/dataset/SOL-ExecBench/data/benchmark/L1/020_vision_patch_merger_spatial_shuffle_mlp/workload.jsonl
Solution  : /data1/workspace/weihongren/baseline/drtriton/kbstyle_campaign_v2_20260918/tasks/SOL/L1/020_vision_patch_merger_spatial_shuffle_mlp/refprecompute/solution.json
Output    : /data1/workspace/weihongren/baseline/drtriton/kbstyle_campaign_v2_20260918/tasks/SOL/L1/020_vision_patch_merger_spatial_shuffle_mlp/refprecompute/evaluation.json

==============================================================================
Problem : 020_vision_patch_merger_spatial_shuffle_mlp
Passed  : 15/15
Status  : OK
[1] 3b69084d-dfca-51e1-a44d-2d1d9e6c2264: reference=1.478948 ms, candidate=1.480260 ms, speedup=0.9991x
[2] 9d5b4822-3031-5531-93d6-25a01dcf8e33: reference=0.515255 ms, candidate=0.521462 ms, speedup=0.9881x
[3] 133134ee-59c1-58c7-8d94-836ec191bb64: reference=0.459641 ms, candidate=0.462871 ms, speedup=0.9930x
[4] a2be6188-5ffc-57a9-a5f9-e64dd24a3f76: reference=1.192986 ms, candidate=1.190249 ms, speedup=1.0023x
[5] 67d44c8f-4513-5c33-ac8b-07dd00e38444: reference=0.671605 ms, candidate=0.672148 ms, speedup=0.9992x
[6] 42de85c1-f0b3-5821-8766-c30336f7128d: reference=2.641757 ms, candidate=2.816059 ms, speedup=0.9381x
[7] 24f153b1-e565-52b2-9405-30e43cf928a9: reference=1.492467 ms, candidate=1.493588 ms, speedup=0.9992x
[8] c60491d2-4780-523b-919c-bd2eaed8527d: reference=6.608021 ms, candidate=6.613571 ms, speedup=0.9992x
[9] 1f411501-4bd0-5cb7-88c5-7a248e19768b: reference=2.698862 ms, candidate=2.703327 ms, speedup=0.9983x
[10] b52d9dc5-2a69-5b7e-923c-78afd2b3ff8f: reference=2.150152 ms, candidate=2.157879 ms, speedup=0.9964x
[11] ffadc1e3-6079-5f8d-95ad-30b92e44f308: reference=3.512526 ms, candidate=3.519485 ms, speedup=0.9980x
[12] ea969b1d-5205-50d1-8d12-6c9d4213ac66: reference=11.918516 ms, candidate=11.914371 ms, speedup=1.0003x
[13] 9376d72b-6ffc-52d0-a7b3-eb7c4e84e0bc: reference=0.766163 ms, candidate=0.769728 ms, speedup=0.9954x
[14] 31eaac46-7c27-5762-9c03-156afcc1295e: reference=0.690195 ms, candidate=0.690371 ms, speedup=0.9997x
[15] 38e61f30-734d-5426-8519-f1ad7ce622cb: reference=0.533414 ms, candidate=0.537270 ms, speedup=0.9928x
Geomean : 0.9932x
Average : 0.9933x
==============================================================================
Performance: /data1/workspace/weihongren/baseline/drtriton/kbstyle_campaign_v2_20260918/tasks/SOL/L1/020_vision_patch_merger_spatial_shuffle_mlp/refprecompute/evaluation.json
