==============================================================================
Definition : mla_paged_prefill_causal_h16_ckv512_kpe64_ps1  (op_type=mla_paged)
Solution   : /home/ziming/kda-ops/kda-control/formal-kda-h100-20260920--flashinfer--mla_paged_prefill_causal_h16_ckv512_kpe64_ps1/candidates/c003/solution.py
Device     : cuda:0  (NVIDIA H100 80GB HBM3)
Workloads  : 38   trials=1 warmup=2 iters=10
Selected   : [0, 1, 2, 3, 4, 5, 6, 7, 8, 9, 10, 11, 12, 13, 14, 15, 16, 17, 18, 19, 20, 21, 22, 23, 24, 25, 26, 27, 28, 29, 30, 31, 32, 33, 34, 35, 36, 37]
Tolerance  : atol=0.01 rtol=0.01 matched_ratio=0.99
==============================================================================
[1/38] 55b51e96 axes={'total_q': 33, 'num_pages': 989669, 'len_indptr': 2, 'num_kv_indices': 34}: PASSED  ref=8.0371ms sol=0.1202ms  speedup=66.88x  abs=1.56e-02 rel=3.35e+01
[2/38] d30e4c23 axes={'total_q': 1, 'num_pages': 989669, 'len_indptr': 2, 'num_kv_indices': 34}: PASSED  ref=2.0912ms sol=0.1102ms  speedup=18.98x  abs=7.81e-03 rel=9.38e+00
[3/38] 7572654f axes={'total_q': 17, 'num_pages': 989669, 'len_indptr': 2, 'num_kv_indices': 19}: PASSED  ref=4.6913ms sol=0.1076ms  speedup=43.61x  abs=1.56e-02 rel=1.72e+01
[4/38] 473e30ea axes={'total_q': 52, 'num_pages': 989669, 'len_indptr': 5, 'num_kv_indices': 67}: PASSED  ref=11.2118ms sol=0.1142ms  speedup=98.17x  abs=1.56e-02 rel=1.05e+02
[5/38] bda0e743 axes={'total_q': 376, 'num_pages': 989669, 'len_indptr': 2, 'num_kv_indices': 381}: PASSED  ref=62.9621ms sol=0.1664ms  speedup=378.43x  abs=1.56e-02 rel=2.86e+02
[6/38] 7e602557 axes={'total_q': 287, 'num_pages': 989669, 'len_indptr': 2, 'num_kv_indices': 288}: PASSED  ref=45.4850ms sol=0.1411ms  speedup=322.42x  abs=1.56e-02 rel=2.92e+02
[7/38] 5ca61491 axes={'total_q': 5, 'num_pages': 989669, 'len_indptr': 2, 'num_kv_indices': 7}: PASSED  ref=2.7299ms sol=0.1025ms  speedup=26.64x  abs=1.56e-02 rel=3.38e+00
[8/38] 77737de2 axes={'total_q': 1187, 'num_pages': 989669, 'len_indptr': 4, 'num_kv_indices': 1205}: PASSED  ref=197.4198ms sol=0.4480ms  speedup=440.70x  abs=1.56e-02 rel=3.72e+03
[9/38] b270fd9c axes={'total_q': 10, 'num_pages': 989669, 'len_indptr': 2, 'num_kv_indices': 12}: PASSED  ref=3.7969ms sol=0.1000ms  speedup=37.96x  abs=1.56e-02 rel=6.45e+01
[10/38] 3bdcf0e1 axes={'total_q': 3, 'num_pages': 989669, 'len_indptr': 2, 'num_kv_indices': 5}: PASSED  ref=2.4079ms sol=0.1015ms  speedup=23.73x  abs=1.56e-02 rel=1.69e+00
[11/38] 6c8fe593 axes={'total_q': 13, 'num_pages': 989669, 'len_indptr': 2, 'num_kv_indices': 14}: PASSED  ref=4.0587ms sol=0.0998ms  speedup=40.66x  abs=1.56e-02 rel=2.21e+01
[12/38] 98814691 axes={'total_q': 26, 'num_pages': 989669, 'len_indptr': 3, 'num_kv_indices': 32}: PASSED  ref=6.2156ms sol=0.1018ms  speedup=61.08x  abs=1.56e-02 rel=1.57e+02
[13/38] 74202b1d axes={'total_q': 8987, 'num_pages': 989669, 'len_indptr': 57, 'num_kv_indices': 14390}: PASSED  ref=1339.0530ms sol=3.1020ms  speedup=431.67x  abs=1.56e-02 rel=1.74e+04
[14/38] 6e3567c4 axes={'total_q': 29, 'num_pages': 989669, 'len_indptr': 2, 'num_kv_indices': 34}: PASSED  ref=5.9694ms sol=0.0949ms  speedup=62.90x  abs=1.56e-02 rel=1.01e+02
[15/38] a455e8fb axes={'total_q': 2, 'num_pages': 989669, 'len_indptr': 3, 'num_kv_indices': 53}: PASSED  ref=2.2783ms sol=0.0901ms  speedup=25.28x  abs=1.56e-02 rel=2.81e+00
[16/38] bb28f188 axes={'total_q': 1028, 'num_pages': 989669, 'len_indptr': 2, 'num_kv_indices': 1038}: PASSED  ref=153.1850ms sol=0.4342ms  speedup=352.82x  abs=1.56e-02 rel=2.52e+03
[17/38] ed999c80 axes={'total_q': 22, 'num_pages': 989669, 'len_indptr': 23, 'num_kv_indices': 17759}: PASSED  ref=7.1112ms sol=0.7576ms  speedup=9.39x  abs=1.56e-02 rel=2.61e+02
[18/38] cb60b649 axes={'total_q': 15, 'num_pages': 989669, 'len_indptr': 2, 'num_kv_indices': 18}: PASSED  ref=4.0325ms sol=0.0924ms  speedup=43.66x  abs=1.56e-02 rel=9.10e+00
[19/38] e6f75600 axes={'total_q': 69, 'num_pages': 989669, 'len_indptr': 4, 'num_kv_indices': 90}: PASSED  ref=11.9410ms sol=0.0964ms  speedup=123.89x  abs=1.56e-02 rel=1.45e+02
[20/38] 733a7bbe axes={'total_q': 3024, 'num_pages': 989669, 'len_indptr': 4, 'num_kv_indices': 3029}: PASSED  ref=447.0955ms sol=1.8432ms  speedup=242.56x  abs=1.56e-02 rel=1.36e+04
[21/38] 892d1b8f axes={'total_q': 1954, 'num_pages': 989669, 'len_indptr': 29, 'num_kv_indices': 2044}: PASSED  ref=281.4647ms sol=0.3137ms  speedup=897.14x  abs=1.56e-02 rel=8.52e+03
[22/38] 4eeb9b51 axes={'total_q': 199, 'num_pages': 989669, 'len_indptr': 2, 'num_kv_indices': 203}: PASSED  ref=30.8925ms sol=0.1132ms  speedup=272.98x  abs=1.56e-02 rel=2.26e+04
[23/38] 77573fb4 axes={'total_q': 473, 'num_pages': 989669, 'len_indptr': 6, 'num_kv_indices': 491}: PASSED  ref=68.7400ms sol=0.1576ms  speedup=436.08x  abs=1.56e-02 rel=3.63e+03
[24/38] 9722a8a5 axes={'total_q': 96, 'num_pages': 989669, 'len_indptr': 2, 'num_kv_indices': 98}: PASSED  ref=16.1417ms sol=0.1000ms  speedup=161.47x  abs=1.56e-02 rel=8.23e+02
[25/38] 053a88a3 axes={'total_q': 6053, 'num_pages': 989669, 'len_indptr': 12, 'num_kv_indices': 6091}: PASSED  ref=887.6825ms sol=1.8205ms  speedup=487.60x  abs=1.56e-02 rel=1.10e+04
[26/38] a06f2653 axes={'total_q': 16384, 'num_pages': 989669, 'len_indptr': 2, 'num_kv_indices': 16387}: PASSED  ref=2383.1208ms sol=55.7790ms  speedup=42.72x  abs=1.56e-02 rel=2.11e+04
[27/38] a8cff3c6 axes={'total_q': 43, 'num_pages': 989669, 'len_indptr': 2, 'num_kv_indices': 46}: PASSED  ref=7.9016ms sol=0.0939ms  speedup=84.14x  abs=1.56e-02 rel=1.77e+02
[28/38] 71df32c9 axes={'total_q': 6, 'num_pages': 989669, 'len_indptr': 7, 'num_kv_indices': 109}: PASSED  ref=3.2920ms sol=0.0905ms  speedup=36.37x  abs=1.56e-02 rel=2.79e+02
[29/38] 22689bbd axes={'total_q': 805, 'num_pages': 989669, 'len_indptr': 5, 'num_kv_indices': 814}: PASSED  ref=115.4800ms sol=0.2801ms  speedup=412.23x  abs=1.56e-02 rel=4.68e+03
[30/38] a6fbb45c axes={'total_q': 58, 'num_pages': 989669, 'len_indptr': 2, 'num_kv_indices': 60}: PASSED  ref=9.9340ms sol=0.0949ms  speedup=104.64x  abs=1.56e-02 rel=1.30e+02
[31/38] d44f32e1 axes={'total_q': 123, 'num_pages': 989669, 'len_indptr': 3, 'num_kv_indices': 185}: PASSED  ref=20.1295ms sol=0.1001ms  speedup=201.17x  abs=1.56e-02 rel=8.63e+02
[32/38] 9265de63 axes={'total_q': 4, 'num_pages': 989669, 'len_indptr': 5, 'num_kv_indices': 121}: PASSED  ref=2.7414ms sol=0.0934ms  speedup=29.36x  abs=1.56e-02 rel=2.66e+00
[33/38] 805238ee axes={'total_q': 3842, 'num_pages': 989669, 'len_indptr': 21, 'num_kv_indices': 3916}: PASSED  ref=549.1311ms sol=0.8543ms  speedup=642.79x  abs=1.56e-02 rel=6.97e+03
[34/38] fe63f292 axes={'total_q': 15883, 'num_pages': 989669, 'len_indptr': 19, 'num_kv_indices': 15937}: PASSED  ref=2328.2703ms sol=8.7002ms  speedup=267.61x  abs=1.56e-02 rel=1.90e+04
[35/38] 54187805 axes={'total_q': 15092, 'num_pages': 989669, 'len_indptr': 27, 'num_kv_indices': 15187}: PASSED  ref=2205.7177ms sol=6.4306ms  speedup=343.00x  abs=3.12e-02 rel=1.89e+04
[36/38] f96b666d axes={'total_q': 138, 'num_pages': 989669, 'len_indptr': 5, 'num_kv_indices': 151}: PASSED  ref=22.2910ms sol=0.1008ms  speedup=221.15x  abs=1.56e-02 rel=4.61e+02
[37/38] d88c9577 axes={'total_q': 8, 'num_pages': 989669, 'len_indptr': 2, 'num_kv_indices': 12}: PASSED  ref=3.0619ms sol=0.0949ms  speedup=32.25x  abs=1.56e-02 rel=8.70e+01
[38/38] 0e70750d axes={'total_q': 10870, 'num_pages': 989669, 'len_indptr': 3, 'num_kv_indices': 10875}: PASSED  ref=1883.8142ms sol=12.8221ms  speedup=146.92x  abs=1.56e-02 rel=1.22e+04
==============================================================================
Passed: 38/38    valid_run=True
GEOMEAN speedup (optimization target): 112.57x
  arithmetic mean (fib/AKO4X metric):  201.87x
  min=9.39x  max=897.14x
RESULT: VALID — geomean speedup = 112.57x
==============================================================================
Wrote /home/ziming/kda-ops/kda-runs/formal-kda-h100-20260920--flashinfer--mla_paged_prefill_causal_h16_ckv512_kpe64_ps1/runs/candidates/c003/feedback.json
