==============================================================================
Definition : mla_paged_prefill_causal_h16_ckv512_kpe64_ps1  (op_type=mla_paged)
Solution   : /data1/workspace/weihongren/kda-control/formal-kda-20260916--flashinfer--mla_paged_prefill_causal_h16_ckv512_kpe64_ps1/candidates/c001/solution.py
Device     : cuda:0  (NVIDIA A800-SXM4-80GB)
Workloads  : 5   trials=1 warmup=3 iters=100
Selected   : [24, 26, 2, 16, 32]
Tolerance  : atol=0.01 rtol=0.01 matched_ratio=0.99
==============================================================================
[1/5] 053a88a3 axes={'total_q': 6053, 'num_pages': 989669, 'len_indptr': 12, 'num_kv_indices': 6091}: RUNTIME_ERROR  CompilationError: at 69:49:

        # online softmax update
        m_new = tl.maximum(m_i, tl.max(scores, axis=1))
        p = tl.exp(scores - m_new[:, None])
        alpha = tl.exp(m_i - m_new)
        l_i = l_i * alpha + tl.sum(p, axis=1)
        acc = acc * alpha[:, None] + tl.dot(p.to(tl.bfloat16), Kc)
        m_i = m_new

    l_safe = l_i > 0
    out = tl.where(l_safe[:, None], acc / l_i[:, None], 0.0)
    lse = tl.where(l_safe, (m_i + tl.log(l_i)) * _INV_LN2, -float("inf"))
                                                 ^
NameError("Cannot access global variable _INV_LN2 from within @jit'ed function. Triton kernels can only access global variables that are instanstiated as constexpr (`x = triton.language.constexpr(42)`). Note that this is different from annotating a variable as constexpr (`x: triton.language.constexpr = 42`), which is not supported.  Alternatively, set the envvar TRITON_ALLOW_NON_CONSTEXPR_GLOBALS=1, but we do not promise to support this forever.")
[2/5] a8cff3c6 axes={'total_q': 43, 'num_pages': 989669, 'len_indptr': 2, 'num_kv_indices': 46}: RUNTIME_ERROR  CompilationError: at 69:49:

        # online softmax update
        m_new = tl.maximum(m_i, tl.max(scores, axis=1))
        p = tl.exp(scores - m_new[:, None])
        alpha = tl.exp(m_i - m_new)
        l_i = l_i * alpha + tl.sum(p, axis=1)
        acc = acc * alpha[:, None] + tl.dot(p.to(tl.bfloat16), Kc)
        m_i = m_new

    l_safe = l_i > 0
    out = tl.where(l_safe[:, None], acc / l_i[:, None], 0.0)
    lse = tl.where(l_safe, (m_i + tl.log(l_i)) * _INV_LN2, -float("inf"))
                                                 ^
NameError("Cannot access global variable _INV_LN2 from within @jit'ed function. Triton kernels can only access global variables that are instanstiated as constexpr (`x = triton.language.constexpr(42)`). Note that this is different from annotating a variable as constexpr (`x: triton.language.constexpr = 42`), which is not supported.  Alternatively, set the envvar TRITON_ALLOW_NON_CONSTEXPR_GLOBALS=1, but we do not promise to support this forever.")
[3/5] 7572654f axes={'total_q': 17, 'num_pages': 989669, 'len_indptr': 2, 'num_kv_indices': 19}: RUNTIME_ERROR  CompilationError: at 69:49:

        # online softmax update
        m_new = tl.maximum(m_i, tl.max(scores, axis=1))
        p = tl.exp(scores - m_new[:, None])
        alpha = tl.exp(m_i - m_new)
        l_i = l_i * alpha + tl.sum(p, axis=1)
        acc = acc * alpha[:, None] + tl.dot(p.to(tl.bfloat16), Kc)
        m_i = m_new

    l_safe = l_i > 0
    out = tl.where(l_safe[:, None], acc / l_i[:, None], 0.0)
    lse = tl.where(l_safe, (m_i + tl.log(l_i)) * _INV_LN2, -float("inf"))
                                                 ^
NameError("Cannot access global variable _INV_LN2 from within @jit'ed function. Triton kernels can only access global variables that are instanstiated as constexpr (`x = triton.language.constexpr(42)`). Note that this is different from annotating a variable as constexpr (`x: triton.language.constexpr = 42`), which is not supported.  Alternatively, set the envvar TRITON_ALLOW_NON_CONSTEXPR_GLOBALS=1, but we do not promise to support this forever.")
[4/5] ed999c80 axes={'total_q': 22, 'num_pages': 989669, 'len_indptr': 23, 'num_kv_indices': 17759}: RUNTIME_ERROR  CompilationError: at 69:49:

        # online softmax update
        m_new = tl.maximum(m_i, tl.max(scores, axis=1))
        p = tl.exp(scores - m_new[:, None])
        alpha = tl.exp(m_i - m_new)
        l_i = l_i * alpha + tl.sum(p, axis=1)
        acc = acc * alpha[:, None] + tl.dot(p.to(tl.bfloat16), Kc)
        m_i = m_new

    l_safe = l_i > 0
    out = tl.where(l_safe[:, None], acc / l_i[:, None], 0.0)
    lse = tl.where(l_safe, (m_i + tl.log(l_i)) * _INV_LN2, -float("inf"))
                                                 ^
NameError("Cannot access global variable _INV_LN2 from within @jit'ed function. Triton kernels can only access global variables that are instanstiated as constexpr (`x = triton.language.constexpr(42)`). Note that this is different from annotating a variable as constexpr (`x: triton.language.constexpr = 42`), which is not supported.  Alternatively, set the envvar TRITON_ALLOW_NON_CONSTEXPR_GLOBALS=1, but we do not promise to support this forever.")
[5/5] 805238ee axes={'total_q': 3842, 'num_pages': 989669, 'len_indptr': 21, 'num_kv_indices': 3916}: RUNTIME_ERROR  CompilationError: at 69:49:

        # online softmax update
        m_new = tl.maximum(m_i, tl.max(scores, axis=1))
        p = tl.exp(scores - m_new[:, None])
        alpha = tl.exp(m_i - m_new)
        l_i = l_i * alpha + tl.sum(p, axis=1)
        acc = acc * alpha[:, None] + tl.dot(p.to(tl.bfloat16), Kc)
        m_i = m_new

    l_safe = l_i > 0
    out = tl.where(l_safe[:, None], acc / l_i[:, None], 0.0)
    lse = tl.where(l_safe, (m_i + tl.log(l_i)) * _INV_LN2, -float("inf"))
                                                 ^
NameError("Cannot access global variable _INV_LN2 from within @jit'ed function. Triton kernels can only access global variables that are instanstiated as constexpr (`x = triton.language.constexpr(42)`). Note that this is different from annotating a variable as constexpr (`x: triton.language.constexpr = 42`), which is not supported.  Alternatively, set the envvar TRITON_ALLOW_NON_CONSTEXPR_GLOBALS=1, but we do not promise to support this forever.")
==============================================================================
Passed: 0/5    valid_run=False
RESULT: INVALID — not all workloads passed correctness (geomean above is over the PASSED subset only).
==============================================================================
Wrote /data1/workspace/weihongren/kda-runs/formal-kda-20260916--flashinfer--mla_paged_prefill_causal_h16_ckv512_kpe64_ps1/runs/candidates/c001/feedback.json
