==============================================================================
Definition : dsa_sparse_attention_h16_ckv512_kpe64_topk2048_ps64  (op_type=dsa_paged)
Solution   : /data1/workspace/weihongren/kda-control/formal-kda-20260916--flashinfer--dsa_sparse_attention_h16_ckv512_kpe64_topk2048_ps64/candidates/c005/solution.py
Device     : cuda:0  (NVIDIA A800-SXM4-80GB)
Workloads  : 5   trials=1 warmup=3 iters=100
Selected   : [12, 13, 1, 8, 16]
Tolerance  : atol=0.01 rtol=0.01 matched_ratio=0.99
==============================================================================
[1/5] 02d6ae9c axes={'num_tokens': 8, 'num_pages': 8462}: PASSED  ref=4.3164ms sol=0.1284ms  speedup=33.62x  abs=1.56e-02 rel=1.61e+01
[2/5] ddfa9e34 axes={'num_tokens': 6, 'num_pages': 8462}: PASSED  ref=3.5826ms sol=0.1276ms  speedup=28.07x  abs=1.56e-02 rel=4.36e+00
[3/5] 9d4a5f21 axes={'num_tokens': 2, 'num_pages': 8462}: PASSED  ref=2.2641ms sol=0.1276ms  speedup=17.74x  abs=1.56e-02 rel=1.51e+01
[4/5] f77df5ce axes={'num_tokens': 2, 'num_pages': 8462}: PASSED  ref=2.2640ms sol=0.1295ms  speedup=17.48x  abs=7.81e-03 rel=5.31e+00
[5/5] 564007ac axes={'num_tokens': 8, 'num_pages': 8462}: PASSED  ref=4.2225ms sol=0.1282ms  speedup=32.93x  abs=1.56e-02 rel=1.48e+01
==============================================================================
Passed: 5/5    valid_run=True
GEOMEAN speedup (optimization target): 24.94x
  arithmetic mean (fib/AKO4X metric):  25.97x
  min=17.48x  max=33.62x
RESULT: VALID — geomean speedup = 24.94x
==============================================================================
Wrote /data1/workspace/weihongren/kda-runs/formal-kda-20260916--flashinfer--dsa_sparse_attention_h16_ckv512_kpe64_topk2048_ps64/runs/candidates/c005/feedback.json
