
[STAGE] init SolutionDB

[STAGE] initialize world model
WM status: nodes=4 attached_solutions=0 active_leaf_id=fused_logical_projection depth=1
  last_trace: status=initialized_not_benchmarked speedup=- latency=-
  active_path: root:<root> | fused_logical_projection:Kernel decomposition family->Treat both streams as one logical row matrix and write split outputs directly
  nodes_preview: root:<root> | fused_logical_projection:Kernel decomposition family→Treat both strea ... uts directly | dual_stream_projection:Kernel decomposition family→Project text and ... oncatenation | materialized_pipeline:Kernel decomposition family→Materialize the  ... e projection
[STAGE] world model init latency: 62.03s

[STAGE] world model: select next action (cycle start @ round 1)
WM status: nodes=4 attached_solutions=0 active_leaf_id=fused_logical_projection depth=1
  last_trace: status=initialized_not_benchmarked speedup=- latency=-
  active_path: root:<root> | fused_logical_projection:Kernel decomposition family->Treat both streams as one logical row matrix and write split outputs directly
  nodes_preview: root:<root> | fused_logical_projection:Kernel decomposition family→Treat both strea ... uts directly | dual_stream_projection:Kernel decomposition family→Project text and ... oncatenation | materialized_pipeline:Kernel decomposition family→Materialize the  ... e projection
World Model: Open Action Nodes (candidates) frontier=3 total_open=3
1. rating=9.0/10 score=0.84 diff=3/5 conf=0.72 vs_base~0.82x | node_id=fused_logical_projection parent_id=root | Implement fused logical-concatenation projection — Implement one projection kernel over the logical concatenated row space and route each completed row directly to processed_encoder or processed_hidden.
2. rating=7.0/10 score=0.71 diff=2/5 conf=0.77 vs_base~0.93x | node_id=dual_stream_projection parent_id=root | Implement independent dual-stream projections — Implement the encoder and image projections as two independent stream-contiguous Triton GEMM launches, each writing its final output directly.
3. rating=4.0/10 score=0.43 diff=3/5 conf=0.83 vs_base~1.08x | node_id=materialized_pipeline parent_id=root | Build a materialized pipeline control — Implement explicit concatenation into a temporary contiguous matrix, run one Triton projection over it, and copy or route the result into the two outputs.
World Model: Chosen Next Action (from decision tree node)
- node_id: fused_logical_projection
- base_node_id: root
- title: Implement fused logical-concatenation projection
- difficulty_1_to_5: 3
- description: Implement one projection kernel over the logical concatenated row space and route each completed row directly to processed_encoder or processed_hidden.
- expected_vs_baseline_factor: 0.82x
- rationale: This preserves one logical GEMM while removing the concatenation allocation, copy, and intermediate read. Fixed K=N=3072 gives a regular reduction and favorable A800 tensor-core dimensions.

=== Optimization Round 1/100 ===
[CYCLE] action_node=1 action_node_id=fused_logical_projection attempt=1 parent_is_root=yes base_code=no

[STAGE] codegen: attempt 1 (round 1) no_improve_streak=0/5 no_improve_over_base=0/5

[STAGE] create Solution object from current code (round 1)

[STAGE] evaluate solution (round 1)
[sol-task] 030_flux_concatenated_sequence_processing_with_split: 0/5 feedback workloads passed (RUNTIME_ERROR, wall 6.9s)

=== Optimization Round 2/100 ===
[CYCLE] action_node=1 action_node_id=fused_logical_projection attempt=2 parent_is_root=yes base_code=no

[STAGE] codegen: attempt 2 (round 2) no_improve_streak=1/5 no_improve_over_base=0/5

[STAGE] create Solution object from current code (round 2)

[STAGE] evaluate solution (round 2)
[sol-task] 030_flux_concatenated_sequence_processing_with_split: 4/5 feedback workloads passed (INCORRECT_NUMERICAL, wall 11.9s)

=== Optimization Round 3/100 ===
[CYCLE] action_node=1 action_node_id=fused_logical_projection attempt=3 parent_is_root=yes base_code=no

[STAGE] codegen: attempt 3 (round 3) no_improve_streak=2/5 no_improve_over_base=0/5

[STAGE] create Solution object from current code (round 3)

[STAGE] evaluate solution (round 3)
[sol-task] 030_flux_concatenated_sequence_processing_with_split: 5/5 feedback workloads passed (passed, wall 14.7s)

=== Optimization Round 4/100 ===
[CYCLE] action_node=1 action_node_id=fused_logical_projection attempt=4 parent_is_root=yes base_code=no

[STAGE] codegen: attempt 4 (round 4) no_improve_streak=0/5 no_improve_over_base=0/5

[STAGE] create Solution object from current code (round 4)

[STAGE] evaluate solution (round 4)
[sol-task] 030_flux_concatenated_sequence_processing_with_split: 5/5 feedback workloads passed (passed, wall 9.4s)

=== Optimization Round 5/100 ===
[CYCLE] action_node=1 action_node_id=fused_logical_projection attempt=5 parent_is_root=yes base_code=no

[STAGE] codegen: attempt 5 (round 5) no_improve_streak=0/5 no_improve_over_base=0/5

[STAGE] create Solution object from current code (round 5)

[STAGE] evaluate solution (round 5)
[sol-task] 030_flux_concatenated_sequence_processing_with_split: 5/5 feedback workloads passed (passed, wall 11.0s)

[STAGE] cycle end: attach+refine best PASSED (round 4, score=1.212)
WM status: nodes=4 attached_solutions=1 active_leaf_id=fused_logical_projection depth=1
  last_trace: status=initialized_not_benchmarked speedup=- latency=-
  active_path: root:<root> | fused_logical_projection:Kernel decomposition family->Treat both streams as one logical row matrix and write split outputs directly
  nodes_preview: root:<root> | fused_logical_projection:Kernel decomposition family→Treat both strea ... uts directly | dual_stream_projection:Kernel decomposition family→Project text and ... oncatenation | materialized_pipeline:Kernel decomposition family→Materialize the  ... e projection
[WM] apply_edit_ops: ops=4 updates=2 inserts=1 split_children=0 deletes=1 new_nodes_added=1/3 skipped_cap=0 skipped_missing_parent=0 skipped_parent_solution_id_mismatch=0 skipped_update_missing_node=0 skipped_insert_invalid_node=0 skipped_split_invalid_children=0 skipped_delete_not_allowed=0
WM status: nodes=4 attached_solutions=1 active_leaf_id=row_regime_tile_schedule depth=2
  last_trace: status=passed speedup=1.21x latency=2.3522ms
  active_path: root:<root> | fused_logical_projection:Kernel decomposition family->Treat both streams as one logical row matrix and write split outputs directly | row_regime_tile_schedule:Tensor-core schedule refinement->Select wider output tiles and pipeline parameters by logical row-count regime
  nodes_preview: root:<root> | fused_logical_projection:Kernel decomposition family→Treat both strea ... uts directly | dual_stream_projection:Kernel decomposition family→Project text and ... oncatenation | row_regime_tile_schedule:Tensor-c ... e refinement→Select wider out ... count regime

[STAGE] world model: select next action (cycle start @ round 6)
[WM] apply_edit_ops: ops=4 updates=3 inserts=1 split_children=0 deletes=0 new_nodes_added=1/3 skipped_cap=0 skipped_missing_parent=0 skipped_parent_solution_id_mismatch=0 skipped_update_missing_node=0 skipped_insert_invalid_node=0 skipped_split_invalid_children=0 skipped_delete_not_allowed=0
WM status: nodes=5 attached_solutions=1 active_leaf_id=low_row_wider_output_tile depth=3
  last_trace: status=passed speedup=1.21x latency=2.3522ms
  active_path: root:<root> | fused_logical_projection:Kernel decomposition family->Treat both streams as one logical row matrix and write split outputs directly | row_regime_tile_schedule:Tensor-core schedule refinement->Select wider output tiles and pipeline parameters by logical row-count regime | low_row_wider_output_tile:Low-row output-tile refinement->Use BLOCK_N=64 for total_rows up to 64 while preserving existing BLOCK_M regimes and the validated high-row schedule
  nodes_preview: root:<root> | fused_logical_projection:Kernel decomposition family→Treat both strea ... uts directly | dual_stream_projection:Kernel decomposition family→Project text and ... oncatenation | row_regime_tile_schedule:Tensor-c ... e refinement→Select wider out ... count regime | low_row_wider_output_tile:Low-row  ... e refinement→Use BLOCK_N=64 f ... row schedule
World Model: Open Action Nodes (candidates) frontier=2 total_open=3
1. rating=7.9/10 score=0.70 diff=3/5 conf=0.90 vs_base~1.21x | node_id=row_regime_tile_schedule parent_id=fused_logical_projection | Tune row-regime-specific projection schedules
2. rating=5.9/10 score=0.53 diff=2/5 conf=0.72 vs_base~1.08x | node_id=dual_stream_projection parent_id=root | Project text and image streams independently — Implement the encoder and image projections as two independent stream-contiguous Triton GEMM launches, each writing its final output directly.
World Model: Chosen Next Action (from decision tree node)
- node_id: row_regime_tile_schedule
- base_node_id: fused_logical_projection
- title: Tune row-regime-specific projection schedules
- difficulty_1_to_5: 3
- expected_vs_baseline_factor: 1.21x

=== Optimization Round 6/100 ===
[CYCLE] action_node=2 action_node_id=row_regime_tile_schedule attempt=1 parent_is_root=no base_code=yes

[STAGE] codegen: attempt 1 (round 6) no_improve_streak=0/5 no_improve_over_base=0/5

[STAGE] create Solution object from current code (round 6)

[STAGE] evaluate solution (round 6)
[sol-task] 030_flux_concatenated_sequence_processing_with_split: 5/5 feedback workloads passed (passed, wall 11.0s)

=== Optimization Round 7/100 ===
[CYCLE] action_node=2 action_node_id=row_regime_tile_schedule attempt=2 parent_is_root=no base_code=yes

[STAGE] codegen: attempt 2 (round 7) no_improve_streak=0/5 no_improve_over_base=0/5

[STAGE] create Solution object from current code (round 7)

[STAGE] evaluate solution (round 7)
[sol-task] 030_flux_concatenated_sequence_processing_with_split: 5/5 feedback workloads passed (passed, wall 9.8s)

=== Optimization Round 8/100 ===
[CYCLE] action_node=2 action_node_id=row_regime_tile_schedule attempt=3 parent_is_root=no base_code=yes

[STAGE] codegen: attempt 3 (round 8) no_improve_streak=0/5 no_improve_over_base=0/5

[STAGE] create Solution object from current code (round 8)

[STAGE] evaluate solution (round 8)
[sol-task] 030_flux_concatenated_sequence_processing_with_split: 5/5 feedback workloads passed (passed, wall 9.7s)

=== Optimization Round 9/100 ===
[CYCLE] action_node=2 action_node_id=row_regime_tile_schedule attempt=4 parent_is_root=no base_code=yes

[STAGE] codegen: attempt 4 (round 9) no_improve_streak=1/5 no_improve_over_base=0/5

[STAGE] create Solution object from current code (round 9)

[STAGE] evaluate solution (round 9)
[sol-task] 030_flux_concatenated_sequence_processing_with_split: 5/5 feedback workloads passed (passed, wall 8.5s)

=== Optimization Round 10/100 ===
[CYCLE] action_node=2 action_node_id=row_regime_tile_schedule attempt=5 parent_is_root=no base_code=yes

[STAGE] codegen: attempt 5 (round 10) no_improve_streak=2/5 no_improve_over_base=0/5

[STAGE] create Solution object from current code (round 10)

[STAGE] evaluate solution (round 10)
[sol-task] 030_flux_concatenated_sequence_processing_with_split: 5/5 feedback workloads passed (passed, wall 9.4s)

[STAGE] cycle end: attach+refine best PASSED (round 7, score=1.389)
WM status: nodes=5 attached_solutions=2 active_leaf_id=row_regime_tile_schedule depth=2
  last_trace: status=passed speedup=1.21x latency=2.3522ms
  active_path: root:<root> | fused_logical_projection:Kernel decomposition family->Treat both streams as one logical row matrix and write split outputs directly | row_regime_tile_schedule:Tensor-core schedule refinement->Select wider output tiles and pipeline parameters by logical row-count regime
  nodes_preview: root:<root> | fused_logical_projection:Kernel decomposition family→Treat both strea ... uts directly | dual_stream_projection:Kernel decomposition family→Project text and ... oncatenation | row_regime_tile_schedule:Tensor-c ... e refinement→Select wider out ... count regime | low_row_wider_output_tile:Low-row  ... e refinement→Use BLOCK_N=64 f ... row schedule
[WM] apply_edit_ops: ops=4 updates=4 inserts=0 split_children=0 deletes=0 new_nodes_added=0/3 skipped_cap=0 skipped_missing_parent=0 skipped_parent_solution_id_mismatch=0 skipped_update_missing_node=0 skipped_insert_invalid_node=0 skipped_split_invalid_children=0 skipped_delete_not_allowed=0
WM status: nodes=5 attached_solutions=2 active_leaf_id=low_row_wider_output_tile depth=3
  last_trace: status=passed speedup=1.39x latency=2.0612ms
  active_path: root:<root> | fused_logical_projection:Kernel decomposition family->Treat both streams as one logical row matrix and write split outputs directly | row_regime_tile_schedule:Tensor-core schedule refinement->Select wider output tiles and pipeline parameters by logical row-count regime | low_row_wider_output_tile:Low-row output-tile refinement->Use BLOCK_N=64 for total_rows up to 64 while preserving existing BLOCK_M regimes and the validated high-row schedule
  nodes_preview: root:<root> | fused_logical_projection:Kernel decomposition family→Treat both strea ... uts directly | dual_stream_projection:Kernel decomposition family→Project text and ... oncatenation | row_regime_tile_schedule:Tensor-c ... e refinement→Select wider out ... count regime | low_row_wider_output_tile:Low-row  ... e refinement→Use BLOCK_N=64 f ... row schedule

[STAGE] world model: select next action (cycle start @ round 11)
[WM] apply_edit_ops: ops=4 updates=4 inserts=0 split_children=0 deletes=0 new_nodes_added=0/3 skipped_cap=0 skipped_missing_parent=0 skipped_parent_solution_id_mismatch=0 skipped_update_missing_node=0 skipped_insert_invalid_node=0 skipped_split_invalid_children=0 skipped_delete_not_allowed=0
WM status: nodes=5 attached_solutions=2 active_leaf_id=low_row_wider_output_tile depth=3
  last_trace: status=passed speedup=1.39x latency=2.0612ms
  active_path: root:<root> | fused_logical_projection:Kernel decomposition family->Treat both streams as one logical row matrix and write split outputs directly | row_regime_tile_schedule:Tensor-core schedule refinement->Select wider output tiles and pipeline parameters by logical row-count regime | low_row_wider_output_tile:Low-row output-tile refinement->Use BLOCK_N=64 for total_rows up to 64 while preserving existing BLOCK_M regimes and the validated high-row schedule
  nodes_preview: root:<root> | fused_logical_projection:Kernel decomposition family→Treat both strea ... uts directly | dual_stream_projection:Kernel decomposition family→Project text and ... oncatenation | row_regime_tile_schedule:Tensor-c ... e refinement→Select wider out ... count regime | low_row_wider_output_tile:Low-row  ... e refinement→Use BLOCK_N=64 f ... row schedule
World Model: Open Action Nodes (candidates) frontier=2 total_open=2
1. rating=6.4/10 score=0.62 diff=2/5 conf=0.69 vs_base~1.42x | node_id=low_row_wider_output_tile parent_id=row_regime_tile_schedule | Implement and benchmark BLOCK_N=64 for low-row regimes
2. rating=4.6/10 score=0.34 diff=2/5 conf=0.78 vs_base~1.08x | node_id=dual_stream_projection parent_id=root | Evaluate independent stream projection only as a fallback — Implement the encoder and image projections as two independent stream-contiguous Triton GEMM launches, each writing its final output directly.
World Model: Chosen Next Action (from decision tree node)
- node_id: low_row_wider_output_tile
- base_node_id: row_regime_tile_schedule
- title: Implement and benchmark BLOCK_N=64 for low-row regimes
- difficulty_1_to_5: 2
- expected_vs_baseline_factor: 1.42x

=== Optimization Round 11/100 ===
[CYCLE] action_node=3 action_node_id=low_row_wider_output_tile attempt=1 parent_is_root=no base_code=yes

[STAGE] codegen: attempt 1 (round 11) no_improve_streak=0/5 no_improve_over_base=0/5

[STAGE] create Solution object from current code (round 11)

[STAGE] evaluate solution (round 11)
[sol-task] 030_flux_concatenated_sequence_processing_with_split: 5/5 feedback workloads passed (passed, wall 10.8s)

=== Optimization Round 12/100 ===
[CYCLE] action_node=3 action_node_id=low_row_wider_output_tile attempt=2 parent_is_root=no base_code=yes

[STAGE] codegen: attempt 2 (round 12) no_improve_streak=0/5 no_improve_over_base=0/5

[STAGE] create Solution object from current code (round 12)

[STAGE] evaluate solution (round 12)
[sol-task] 030_flux_concatenated_sequence_processing_with_split: 5/5 feedback workloads passed (passed, wall 11.3s)

=== Optimization Round 13/100 ===
[CYCLE] action_node=3 action_node_id=low_row_wider_output_tile attempt=3 parent_is_root=no base_code=yes

[STAGE] codegen: attempt 3 (round 13) no_improve_streak=0/5 no_improve_over_base=0/5

[STAGE] create Solution object from current code (round 13)

[STAGE] evaluate solution (round 13)
[sol-task] 030_flux_concatenated_sequence_processing_with_split: 5/5 feedback workloads passed (passed, wall 11.8s)

=== Optimization Round 14/100 ===
[CYCLE] action_node=3 action_node_id=low_row_wider_output_tile attempt=4 parent_is_root=no base_code=yes

[STAGE] codegen: attempt 4 (round 14) no_improve_streak=1/5 no_improve_over_base=0/5

[STAGE] create Solution object from current code (round 14)

[STAGE] evaluate solution (round 14)
[sol-task] 030_flux_concatenated_sequence_processing_with_split: 5/5 feedback workloads passed (passed, wall 9.5s)

=== Optimization Round 15/100 ===
[CYCLE] action_node=3 action_node_id=low_row_wider_output_tile attempt=5 parent_is_root=no base_code=yes

[STAGE] codegen: attempt 5 (round 15) no_improve_streak=2/5 no_improve_over_base=0/5

[STAGE] create Solution object from current code (round 15)

[STAGE] evaluate solution (round 15)
[sol-task] 030_flux_concatenated_sequence_processing_with_split: 5/5 feedback workloads passed (passed, wall 9.6s)

[STAGE] cycle end: attach+refine best PASSED (round 12, score=1.423)
WM status: nodes=5 attached_solutions=3 active_leaf_id=low_row_wider_output_tile depth=3
  last_trace: status=passed speedup=1.39x latency=2.0612ms
  active_path: root:<root> | fused_logical_projection:Kernel decomposition family->Treat both streams as one logical row matrix and write split outputs directly | row_regime_tile_schedule:Tensor-core schedule refinement->Select wider output tiles and pipeline parameters by logical row-count regime | low_row_wider_output_tile:Low-row output-tile refinement->Use BLOCK_N=64 for total_rows up to 64 while preserving existing BLOCK_M regimes and the validated high-row schedule
  nodes_preview: root:<root> | fused_logical_projection:Kernel decomposition family→Treat both strea ... uts directly | dual_stream_projection:Kernel decomposition family→Project text and ... oncatenation | row_regime_tile_schedule:Tensor-c ... e refinement→Select wider out ... count regime | low_row_wider_output_tile:Low-row  ... e refinement→Use BLOCK_N=64 f ... row schedule
[WM] apply_edit_ops: ops=4 updates=2 inserts=1 split_children=0 deletes=1 new_nodes_added=1/3 skipped_cap=0 skipped_missing_parent=0 skipped_parent_solution_id_mismatch=0 skipped_update_missing_node=0 skipped_insert_invalid_node=0 skipped_split_invalid_children=0 skipped_delete_not_allowed=0
WM status: nodes=5 attached_solutions=3 active_leaf_id=low_row_n64_cutoff_validation depth=4
  last_trace: status=passed speedup=1.42x latency=2.0118ms
  active_path: root:<root> | fused_logical_projection:Kernel decomposition family->Treat both streams as one logical row matrix and write split outputs directly | row_regime_tile_schedule:Tensor-core schedule refinement->Select wider output tiles and pipeline parameters by logical row-count regime | low_row_wider_output_tile:Low-row output-tile refinement->Use BLOCK_N=64 for total_rows up to 64 while preserving existing BLOCK_M regimes and the validated high-row schedule | low_row_n64_cutoff_validation:Low-row BLOCK_N cutoff refinement->Select the BLOCK_N=64 upper row cutoff from 64, 128, and 256 using per-regime benchmarks
  nodes_preview: root:<root> | fused_logical_projection:Kernel decomposition family→Treat both strea ... uts directly | row_regime_tile_schedule:Tensor-c ... e refinement→Select wider out ... count regime | low_row_wider_output_tile:Low-row  ... e refinement→Use BLOCK_N=64 f ... row schedule | low_row_n64_cutoff_validation:Low-row  ... f refinement→Select the BLOCK ... e benchmarks

[STAGE] world model: select next action (cycle start @ round 16)
[WM] apply_edit_ops: ops=2 updates=2 inserts=0 split_children=0 deletes=0 new_nodes_added=0/3 skipped_cap=0 skipped_missing_parent=0 skipped_parent_solution_id_mismatch=0 skipped_update_missing_node=0 skipped_insert_invalid_node=0 skipped_split_invalid_children=0 skipped_delete_not_allowed=0
WM status: nodes=5 attached_solutions=3 active_leaf_id=low_row_n64_cutoff_validation depth=4
  last_trace: status=passed speedup=1.42x latency=2.0118ms
  active_path: root:<root> | fused_logical_projection:Kernel decomposition family->Treat both streams as one logical row matrix and write split outputs directly | row_regime_tile_schedule:Tensor-core schedule refinement->Select wider output tiles and pipeline parameters by logical row-count regime | low_row_wider_output_tile:Low-row output-tile refinement->Use BLOCK_N=64 for total_rows up to 256 while preserving the validated BLOCK_M regimes and BLOCK_N=128 high-row schedule | low_row_n64_cutoff_validation:Low-row BLOCK_N cutoff refinement->Select the BLOCK_N=64 upper row cutoff from 64, 128, and 256 using per-regime benchmarks
  nodes_preview: root:<root> | fused_logical_projection:Kernel decomposition family→Treat both strea ... uts directly | row_regime_tile_schedule:Tensor-c ... e refinement→Select wider out ... count regime | low_row_wider_output_tile:Low-row  ... e refinement→Use BLOCK_N=64 f ... row schedule | low_row_n64_cutoff_validation:Low-row  ... f refinement→Select the BLOCK ... e benchmarks
World Model: Open Action Nodes (candidates) frontier=1 total_open=1
1. rating=6.6/10 score=0.64 diff=2/5 conf=0.58 vs_base~1.43x | node_id=low_row_n64_cutoff_validation parent_id=low_row_wider_output_tile | Benchmark BLOCK_N=64 cutoffs at 64, 128, and 256 rows
World Model: Chosen Next Action (from decision tree node)
- node_id: low_row_n64_cutoff_validation
- base_node_id: low_row_wider_output_tile
- title: Benchmark BLOCK_N=64 cutoffs at 64, 128, and 256 rows
- difficulty_1_to_5: 2
- expected_vs_baseline_factor: 1.43x

=== Optimization Round 16/100 ===
[CYCLE] action_node=4 action_node_id=low_row_n64_cutoff_validation attempt=1 parent_is_root=no base_code=yes

[STAGE] codegen: attempt 1 (round 16) no_improve_streak=0/5 no_improve_over_base=0/5

[STAGE] create Solution object from current code (round 16)

[STAGE] evaluate solution (round 16)
[sol-task] 030_flux_concatenated_sequence_processing_with_split: 5/5 feedback workloads passed (passed, wall 9.9s)

=== Optimization Round 17/100 ===
[CYCLE] action_node=4 action_node_id=low_row_n64_cutoff_validation attempt=2 parent_is_root=no base_code=yes

[STAGE] codegen: attempt 2 (round 17) no_improve_streak=0/5 no_improve_over_base=0/5

[STAGE] create Solution object from current code (round 17)

[STAGE] evaluate solution (round 17)
[sol-task] 030_flux_concatenated_sequence_processing_with_split: 5/5 feedback workloads passed (passed, wall 10.2s)

=== Optimization Round 18/100 ===
[CYCLE] action_node=4 action_node_id=low_row_n64_cutoff_validation attempt=3 parent_is_root=no base_code=yes

[STAGE] codegen: attempt 3 (round 18) no_improve_streak=1/5 no_improve_over_base=0/5

[STAGE] create Solution object from current code (round 18)

[STAGE] evaluate solution (round 18)
[sol-task] 030_flux_concatenated_sequence_processing_with_split: 5/5 feedback workloads passed (passed, wall 9.3s)

=== Optimization Round 19/100 ===
[CYCLE] action_node=4 action_node_id=low_row_n64_cutoff_validation attempt=4 parent_is_root=no base_code=yes

[STAGE] codegen: attempt 4 (round 19) no_improve_streak=2/5 no_improve_over_base=0/5
