==============================================================================
Definition : mla_paged_decode_h16_ckv512_kpe64_ps1  (op_type=mla_paged)
Solution   : /home/ziming/kda-ops/kda-control/formal-kda-h100-20260920--flashinfer--mla_paged_decode_h16_ckv512_kpe64_ps1/candidates/c002/solution.py
Device     : cuda:0  (NVIDIA H100 80GB HBM3)
Workloads  : 47   trials=1 warmup=2 iters=10
Selected   : [0, 1, 2, 3, 4, 5, 6, 7, 8, 9, 10, 11, 12, 13, 14, 15, 16, 17, 18, 19, 20, 21, 22, 23, 24, 25, 26, 27, 28, 29, 30, 31, 32, 33, 34, 35, 36, 37, 38, 39, 40, 41, 42, 43, 44, 45, 46]
Tolerance  : atol=0.01 rtol=0.01 matched_ratio=0.99
==============================================================================
[1/47] 00cb2bc2 axes={'batch_size': 1, 'num_pages': 989669, 'len_indptr': 2, 'num_kv_indices': 8}: PASSED  ref=3.0929ms sol=0.0838ms  speedup=36.89x  abs=7.81e-03 rel=2.06e+00
[2/47] c2e8ef55 axes={'batch_size': 1, 'num_pages': 989669, 'len_indptr': 2, 'num_kv_indices': 108}: PASSED  ref=2.0338ms sol=0.0785ms  speedup=25.92x  abs=7.81e-03 rel=1.60e+00
[3/47] deb5f26c axes={'batch_size': 1, 'num_pages': 989669, 'len_indptr': 2, 'num_kv_indices': 208}: PASSED  ref=2.0546ms sol=0.0782ms  speedup=26.27x  abs=7.81e-03 rel=3.77e+00
[4/47] 7cd78cb9 axes={'batch_size': 1, 'num_pages': 989669, 'len_indptr': 2, 'num_kv_indices': 308}: PASSED  ref=2.0313ms sol=0.0776ms  speedup=26.17x  abs=7.81e-03 rel=1.51e+00
[5/47] 951de642 axes={'batch_size': 1, 'num_pages': 989669, 'len_indptr': 2, 'num_kv_indices': 408}: PASSED  ref=2.0351ms sol=0.0775ms  speedup=26.28x  abs=7.81e-03 rel=2.27e+00
[6/47] 4d9f5e3e axes={'batch_size': 1, 'num_pages': 989669, 'len_indptr': 2, 'num_kv_indices': 508}: PASSED  ref=2.0367ms sol=0.0787ms  speedup=25.89x  abs=7.81e-03 rel=3.54e-01
[7/47] 5c200fe9 axes={'batch_size': 1, 'num_pages': 989669, 'len_indptr': 2, 'num_kv_indices': 608}: PASSED  ref=2.0438ms sol=0.0781ms  speedup=26.16x  abs=7.81e-03 rel=6.30e+00
[8/47] d232cde2 axes={'batch_size': 1, 'num_pages': 989669, 'len_indptr': 2, 'num_kv_indices': 708}: PASSED  ref=2.0485ms sol=0.0772ms  speedup=26.53x  abs=7.81e-03 rel=9.04e-01
[9/47] 2cde88e6 axes={'batch_size': 1, 'num_pages': 989669, 'len_indptr': 2, 'num_kv_indices': 808}: PASSED  ref=2.0553ms sol=0.0785ms  speedup=26.17x  abs=1.56e-02 rel=5.87e-01
[10/47] 53a7dfec axes={'batch_size': 1, 'num_pages': 989669, 'len_indptr': 2, 'num_kv_indices': 2708}: PASSED  ref=2.0639ms sol=0.1324ms  speedup=15.59x  abs=3.91e-03 rel=2.04e+00
[11/47] f26d4f7f axes={'batch_size': 1, 'num_pages': 989669, 'len_indptr': 2, 'num_kv_indices': 1908}: PASSED  ref=2.0578ms sol=0.1060ms  speedup=19.41x  abs=3.91e-03 rel=1.10e+00
[12/47] e6bef587 axes={'batch_size': 1, 'num_pages': 989669, 'len_indptr': 2, 'num_kv_indices': 1008}: PASSED  ref=2.0820ms sol=0.0800ms  speedup=26.02x  abs=7.81e-03 rel=6.53e-01
[13/47] d0da33e2 axes={'batch_size': 1, 'num_pages': 989669, 'len_indptr': 2, 'num_kv_indices': 2408}: PASSED  ref=2.0408ms sol=0.1219ms  speedup=16.74x  abs=3.91e-03 rel=9.57e+00
[14/47] 990b57e3 axes={'batch_size': 1, 'num_pages': 989669, 'len_indptr': 2, 'num_kv_indices': 1108}: PASSED  ref=2.0513ms sol=0.0850ms  speedup=24.14x  abs=7.81e-03 rel=1.40e+00
[15/47] 28210082 axes={'batch_size': 1, 'num_pages': 989669, 'len_indptr': 2, 'num_kv_indices': 1208}: PASSED  ref=2.0539ms sol=0.0880ms  speedup=23.34x  abs=1.56e-02 rel=1.23e+01
[16/47] 5e86857b axes={'batch_size': 16, 'num_pages': 989669, 'len_indptr': 17, 'num_kv_indices': 2757}: PASSED  ref=5.1378ms sol=0.0874ms  speedup=58.81x  abs=1.56e-02 rel=9.43e+02
[17/47] 34026642 axes={'batch_size': 16, 'num_pages': 989669, 'len_indptr': 17, 'num_kv_indices': 1857}: PASSED  ref=5.1182ms sol=0.0778ms  speedup=65.75x  abs=1.56e-02 rel=2.71e+01
[18/47] 89070a1d axes={'batch_size': 16, 'num_pages': 989669, 'len_indptr': 17, 'num_kv_indices': 3557}: PASSED  ref=5.1611ms sol=0.0871ms  speedup=59.25x  abs=1.56e-02 rel=1.36e+01
[19/47] 1250b1f6 axes={'batch_size': 16, 'num_pages': 989669, 'len_indptr': 17, 'num_kv_indices': 4357}: PASSED  ref=5.2057ms sol=0.0915ms  speedup=56.88x  abs=7.81e-03 rel=5.29e+01
[20/47] 5bfb8416 axes={'batch_size': 16, 'num_pages': 989669, 'len_indptr': 17, 'num_kv_indices': 7257}: PASSED  ref=5.1077ms sol=0.0865ms  speedup=59.07x  abs=7.81e-03 rel=7.66e+01
[21/47] 57106903 axes={'batch_size': 16, 'num_pages': 989669, 'len_indptr': 17, 'num_kv_indices': 8057}: PASSED  ref=5.0813ms sol=0.0781ms  speedup=65.07x  abs=1.56e-02 rel=2.27e+01
[22/47] 373074ba axes={'batch_size': 16, 'num_pages': 989669, 'len_indptr': 17, 'num_kv_indices': 5057}: PASSED  ref=4.9777ms sol=0.0784ms  speedup=63.51x  abs=7.81e-03 rel=1.69e+01
[23/47] c4e14a53 axes={'batch_size': 16, 'num_pages': 989669, 'len_indptr': 17, 'num_kv_indices': 9657}: PASSED  ref=5.2614ms sol=0.1064ms  speedup=49.43x  abs=7.81e-03 rel=6.54e+01
[24/47] f42ce054 axes={'batch_size': 16, 'num_pages': 989669, 'len_indptr': 17, 'num_kv_indices': 5857}: PASSED  ref=5.0414ms sol=0.0774ms  speedup=65.15x  abs=1.56e-02 rel=1.26e+02
[25/47] 220b10b5 axes={'batch_size': 16, 'num_pages': 989669, 'len_indptr': 17, 'num_kv_indices': 10857}: PASSED  ref=5.2089ms sol=0.1084ms  speedup=48.03x  abs=1.56e-02 rel=1.61e+02
[26/47] 787d2d2f axes={'batch_size': 16, 'num_pages': 989669, 'len_indptr': 17, 'num_kv_indices': 6657}: PASSED  ref=5.0887ms sol=0.0782ms  speedup=65.04x  abs=1.56e-02 rel=3.87e+01
[27/47] e417264f axes={'batch_size': 16, 'num_pages': 989669, 'len_indptr': 17, 'num_kv_indices': 12857}: PASSED  ref=5.1989ms sol=0.1145ms  speedup=45.39x  abs=1.56e-02 rel=1.90e+02
[28/47] a128f96f axes={'batch_size': 16, 'num_pages': 989669, 'len_indptr': 17, 'num_kv_indices': 457}: PASSED  ref=5.0345ms sol=0.0769ms  speedup=65.47x  abs=1.56e-02 rel=1.64e+01
[29/47] bd2dae14 axes={'batch_size': 16, 'num_pages': 989669, 'len_indptr': 17, 'num_kv_indices': 14857}: PASSED  ref=5.1586ms sol=0.1169ms  speedup=44.11x  abs=7.81e-03 rel=2.89e+02
[30/47] 84221f45 axes={'batch_size': 16, 'num_pages': 989669, 'len_indptr': 17, 'num_kv_indices': 17257}: PASSED  ref=5.4146ms sol=0.1248ms  speedup=43.40x  abs=7.81e-03 rel=1.40e+02
[31/47] 7a9dc58c axes={'batch_size': 16, 'num_pages': 989669, 'len_indptr': 17, 'num_kv_indices': 8857}: PASSED  ref=5.1602ms sol=0.0939ms  speedup=54.97x  abs=7.81e-03 rel=2.32e+02
[32/47] fd4b2558 axes={'batch_size': 64, 'num_pages': 989669, 'len_indptr': 65, 'num_kv_indices': 27545}: PASSED  ref=16.5036ms sol=0.1282ms  speedup=128.69x  abs=1.56e-02 rel=5.04e+01
[33/47] 7e083fc8 axes={'batch_size': 64, 'num_pages': 989669, 'len_indptr': 65, 'num_kv_indices': 30745}: PASSED  ref=16.3170ms sol=0.1336ms  speedup=122.10x  abs=1.56e-02 rel=7.64e+01
[34/47] 60b29b12 axes={'batch_size': 64, 'num_pages': 989669, 'len_indptr': 65, 'num_kv_indices': 33945}: PASSED  ref=16.3958ms sol=0.1356ms  speedup=120.90x  abs=1.56e-02 rel=2.44e+02
[35/47] b018a35e axes={'batch_size': 64, 'num_pages': 989669, 'len_indptr': 65, 'num_kv_indices': 37145}: PASSED  ref=16.5058ms sol=0.1417ms  speedup=116.45x  abs=1.56e-02 rel=4.20e+02
[36/47] 86a0eb47 axes={'batch_size': 64, 'num_pages': 989669, 'len_indptr': 65, 'num_kv_indices': 40345}: PASSED  ref=16.6675ms sol=0.1406ms  speedup=118.50x  abs=1.56e-02 rel=1.10e+02
[37/47] 80797c3d axes={'batch_size': 64, 'num_pages': 989669, 'len_indptr': 65, 'num_kv_indices': 44845}: PASSED  ref=16.1157ms sol=0.1715ms  speedup=93.94x  abs=1.56e-02 rel=8.37e+03
[38/47] f4367b30 axes={'batch_size': 64, 'num_pages': 989669, 'len_indptr': 65, 'num_kv_indices': 48045}: PASSED  ref=16.5887ms sol=0.1715ms  speedup=96.74x  abs=1.56e-02 rel=1.19e+02
[39/47] b15c7099 axes={'batch_size': 64, 'num_pages': 989669, 'len_indptr': 65, 'num_kv_indices': 51245}: PASSED  ref=16.5282ms sol=0.1727ms  speedup=95.72x  abs=1.56e-02 rel=1.62e+02
[40/47] 65082ffb axes={'batch_size': 64, 'num_pages': 989669, 'len_indptr': 65, 'num_kv_indices': 54445}: PASSED  ref=16.4572ms sol=0.1756ms  speedup=93.70x  abs=1.56e-02 rel=1.41e+02
[41/47] d771f51c axes={'batch_size': 64, 'num_pages': 989669, 'len_indptr': 65, 'num_kv_indices': 57645}: PASSED  ref=16.5510ms sol=0.1765ms  speedup=93.77x  abs=1.56e-02 rel=1.06e+04
[42/47] 5bef8d88 axes={'batch_size': 64, 'num_pages': 989669, 'len_indptr': 65, 'num_kv_indices': 75145}: PASSED  ref=16.6325ms sol=0.3592ms  speedup=46.30x  abs=7.81e-03 rel=3.89e+02
[43/47] 45be562f axes={'batch_size': 64, 'num_pages': 989669, 'len_indptr': 65, 'num_kv_indices': 9945}: PASSED  ref=15.8397ms sol=0.1091ms  speedup=145.15x  abs=1.56e-02 rel=1.55e+02
[44/47] 939f995a axes={'batch_size': 64, 'num_pages': 989669, 'len_indptr': 65, 'num_kv_indices': 62345}: PASSED  ref=15.0119ms sol=0.3486ms  speedup=43.07x  abs=1.56e-02 rel=4.00e+02
[45/47] c9ba5e7f axes={'batch_size': 64, 'num_pages': 989669, 'len_indptr': 65, 'num_kv_indices': 16345}: PASSED  ref=15.2098ms sol=0.1163ms  speedup=130.73x  abs=1.56e-02 rel=8.38e+01
[46/47] 0c746a7a axes={'batch_size': 64, 'num_pages': 989669, 'len_indptr': 65, 'num_kv_indices': 22745}: PASSED  ref=15.0353ms sol=0.1116ms  speedup=134.71x  abs=1.56e-02 rel=3.58e+02
[47/47] 1c3743b9 axes={'batch_size': 64, 'num_pages': 989669, 'len_indptr': 65, 'num_kv_indices': 68745}: PASSED  ref=15.5082ms sol=0.3463ms  speedup=44.79x  abs=1.56e-02 rel=7.61e+01
==============================================================================
Passed: 47/47    valid_run=True
GEOMEAN speedup (optimization target): 51.46x
  arithmetic mean (fib/AKO4X metric):  61.83x
  min=15.59x  max=145.15x
RESULT: VALID — geomean speedup = 51.46x
==============================================================================
Wrote /home/ziming/kda-ops/kda-runs/formal-kda-h100-20260920--flashinfer--mla_paged_decode_h16_ckv512_kpe64_ps1/runs/candidates/c002/feedback.json
