Definition: /data1/workspace/ziming/dataset/SOL-ExecBench/data/benchmark/L1/002_vae_conv3x3_groupnorm_silu_residual_fused/definition.json
Workload  : /data1/workspace/ziming/dataset/SOL-ExecBench/data/benchmark/L1/002_vae_conv3x3_groupnorm_silu_residual_fused/workload.jsonl
Solution  : /data1/workspace/weihongren/baseline/drtriton/kbstyle_campaign_v2_20260918/tasks/SOL/L1/002_vae_conv3x3_groupnorm_silu_residual_fused/refprecompute/solution.json
Output    : /data1/workspace/weihongren/baseline/drtriton/kbstyle_campaign_v2_20260918/tasks/SOL/L1/002_vae_conv3x3_groupnorm_silu_residual_fused/refprecompute/evaluation.json

==============================================================================
Problem : 002_vae_conv3x3_groupnorm_silu_residual_fused
Passed  : 20/20
Status  : OK
[1] 7b00c2c8-1eaa-55ec-a575-64639d605881: reference=2.189333 ms, candidate=2.313477 ms, speedup=0.9463x
[2] a4c930bb-4694-570b-8d51-97ba053f74ac: reference=0.846367 ms, candidate=0.845359 ms, speedup=1.0012x
[3] f1b799bf-831f-5434-98be-68e897f6a219: reference=0.889567 ms, candidate=0.890510 ms, speedup=0.9989x
[4] b7c12247-9822-5484-b556-12272c60c95b: reference=14.940801 ms, candidate=14.893123 ms, speedup=1.0032x
[5] 697db7ab-bed6-5b19-a6d9-ee56785b0031: reference=1.245432 ms, candidate=1.246009 ms, speedup=0.9995x
[6] c27f80fd-cda1-5e21-9a89-61e03f7fab92: reference=2.147033 ms, candidate=2.145541 ms, speedup=1.0007x
[7] d6d0256b-9fcc-58e1-b170-418468a285ff: reference=4.627544 ms, candidate=4.627638 ms, speedup=1.0000x
[8] 69ceed6e-126b-5583-8bba-fabb3a09f4db: reference=0.611075 ms, candidate=0.611909 ms, speedup=0.9986x
[9] 144fdf2b-0296-5d64-819b-eab16d18c752: reference=7.369237 ms, candidate=7.384770 ms, speedup=0.9979x
[10] 8d631edd-1bc9-5142-9253-b0378a890e67: reference=0.372680 ms, candidate=0.373448 ms, speedup=0.9979x
[11] 38357eec-a997-567f-a5e4-07cb993c02f9: reference=45.551189 ms, candidate=45.465826 ms, speedup=1.0019x
[12] 102b9359-8f90-5a29-a5a5-dd7bce9f32c3: reference=3.866949 ms, candidate=3.868231 ms, speedup=0.9997x
[13] 952fec71-f323-5dab-9340-dad59ad7a3f1: reference=8.178665 ms, candidate=8.151191 ms, speedup=1.0034x
[14] 6284bbd2-bc2e-5002-856a-c4f2c7582254: reference=3.749338 ms, candidate=3.752057 ms, speedup=0.9993x
[15] 99881f0c-5281-5728-a4fa-de56d6c2bbe0: reference=1.042477 ms, candidate=1.040605 ms, speedup=1.0018x
[16] 8de1dc63-b34a-5618-ba36-abaa79de54cf: reference=25.652676 ms, candidate=25.653251 ms, speedup=1.0000x
[17] d6339761-5f71-58dc-b823-4b5caf913838: reference=1.691138 ms, candidate=1.690481 ms, speedup=1.0004x
[18] 7a72b3ef-ddf9-5788-bcda-d4e310ffbc2a: reference=1.690499 ms, candidate=1.691360 ms, speedup=0.9995x
[19] cdb231f0-8b76-5b89-a93b-21af0627e037: reference=2.003723 ms, candidate=2.003773 ms, speedup=1.0000x
[20] c318e734-9c16-5ca9-8379-1ebdd11da8c0: reference=3.574527 ms, candidate=3.572349 ms, speedup=1.0006x
Geomean : 0.9975x
Average : 0.9975x
==============================================================================
Performance: /data1/workspace/weihongren/baseline/drtriton/kbstyle_campaign_v2_20260918/tasks/SOL/L1/002_vae_conv3x3_groupnorm_silu_residual_fused/refprecompute/evaluation.json
