Definition: /data1/workspace/ziming/dataset/SOL-ExecBench/data/benchmark/L2/043_mamba_chunk_scan_with_segsum/definition.json
Workload  : /data1/workspace/ziming/dataset/SOL-ExecBench/data/benchmark/L2/043_mamba_chunk_scan_with_segsum/workload.jsonl
Solution  : /data1/workspace/weihongren/baseline/drtriton/kbstyle_campaign_v2_20260918/tasks/SOL/L2/043_mamba_chunk_scan_with_segsum/refprecompute/solution.json
Output    : /data1/workspace/weihongren/baseline/drtriton/kbstyle_campaign_v2_20260918/tasks/SOL/L2/043_mamba_chunk_scan_with_segsum/refprecompute/evaluation.json

==============================================================================
Problem : 043_mamba_chunk_scan_with_segsum
Passed  : 16/16
Status  : OK
[1] 6dc47920-87cb-522b-be70-75445f3d5ec2: reference=1.437557 ms, candidate=1.433285 ms, speedup=1.0030x
[2] d991fa5b-44ea-5382-9dd7-ab2de30edb3f: reference=1.628736 ms, candidate=1.628210 ms, speedup=1.0003x
[3] 8b5183aa-fb88-5f42-93e0-7a7f93d21e39: reference=5.732421 ms, candidate=5.731620 ms, speedup=1.0001x
[4] ee5f8f4c-bcd1-579f-ba67-111dad5de40e: reference=1.133612 ms, candidate=1.127660 ms, speedup=1.0053x
[5] 5fd24475-8733-54c5-9b2f-b4c6e85c6346: reference=2.770697 ms, candidate=2.768637 ms, speedup=1.0007x
[6] b1a54ea4-b4a1-5ba2-bdde-629f3fc44ac4: reference=6.381305 ms, candidate=6.381305 ms, speedup=1.0000x
[7] a85c5733-0c73-556f-8514-570137ce6445: reference=1.255818 ms, candidate=1.270217 ms, speedup=0.9887x
[8] e46fbbbe-6435-5117-95a2-8765cae044b2: reference=1.282953 ms, candidate=1.280905 ms, speedup=1.0016x
[9] 7314d24b-0c2b-56b1-b284-a4788dbdd312: reference=5.666341 ms, candidate=5.670403 ms, speedup=0.9993x
[10] ac631b51-84e2-59cb-b2a7-7f5eb5323d33: reference=3.062342 ms, candidate=3.063413 ms, speedup=0.9997x
[11] cc6cc950-8370-53a7-a4b9-3ca3a06f0fe6: reference=3.063658 ms, candidate=3.066361 ms, speedup=0.9991x
[12] d0a303ee-a62b-52db-bbd2-be2c00180686: reference=5.592744 ms, candidate=5.590857 ms, speedup=1.0003x
[13] 4bf2c843-37b5-5bcc-8809-79651bc70a27: reference=1.450870 ms, candidate=1.443509 ms, speedup=1.0051x
[14] 12f5f749-116b-52a6-995a-daf4b2160b3f: reference=5.614980 ms, candidate=5.617816 ms, speedup=0.9995x
[15] 61c84e38-30c7-54c8-90b4-62584998568e: reference=2.778830 ms, candidate=2.784125 ms, speedup=0.9981x
[16] 2907639d-da31-514e-aad2-1a90f808b3ad: reference=3.108472 ms, candidate=3.109349 ms, speedup=0.9997x
Geomean : 1.0000x
Average : 1.0000x
==============================================================================
Performance: /data1/workspace/weihongren/baseline/drtriton/kbstyle_campaign_v2_20260918/tasks/SOL/L2/043_mamba_chunk_scan_with_segsum/refprecompute/evaluation.json
