Definition: /data1/workspace/ziming/dataset/SOL-ExecBench/data/benchmark/L1/018_fused_rope_with_qk_norm_and_kv_cache_update/definition.json
Workload  : /data1/workspace/ziming/dataset/SOL-ExecBench/data/benchmark/L1/018_fused_rope_with_qk_norm_and_kv_cache_update/workload.jsonl
Solution  : /data1/workspace/weihongren/baseline/drtriton/kbstyle_campaign_v2_20260918/tasks/SOL/L1/018_fused_rope_with_qk_norm_and_kv_cache_update/refprecompute/solution.json
Output    : /data1/workspace/weihongren/baseline/drtriton/kbstyle_campaign_v2_20260918/tasks/SOL/L1/018_fused_rope_with_qk_norm_and_kv_cache_update/refprecompute/evaluation.json

==============================================================================
Problem : 018_fused_rope_with_qk_norm_and_kv_cache_update
Passed  : 13/13
Status  : OK
[1] 2ff5eaf3-5138-5135-b35a-ea14e9014cd2: reference=0.154845 ms, candidate=0.154829 ms, speedup=1.0001x
[2] 3c3b2b9b-5b67-582b-b183-a34a3199ddd2: reference=0.284859 ms, candidate=0.285498 ms, speedup=0.9978x
[3] 8f5402ae-9b88-5eed-afe5-cba4c51a72cb: reference=0.162189 ms, candidate=0.162301 ms, speedup=0.9993x
[4] 520daee2-844e-528d-ba34-10eafa62b0a4: reference=0.220092 ms, candidate=0.220139 ms, speedup=0.9998x
[5] 052e17c9-2fdd-5b2d-a3bc-376d9ffac3e4: reference=0.835233 ms, candidate=0.834561 ms, speedup=1.0008x
[6] d1dbaf22-9513-5482-99bc-ac28bd971a79: reference=0.291899 ms, candidate=0.292187 ms, speedup=0.9990x
[7] 6a214883-9138-51d9-aa5a-8d3c81f8ad89: reference=0.825873 ms, candidate=0.824897 ms, speedup=1.0012x
[8] 8603b54e-8690-5562-bbfe-24037a153750: reference=2.768717 ms, candidate=2.770124 ms, speedup=0.9995x
[9] 39eb0040-eb8e-5cb0-b4f6-130a35f589d9: reference=1.464309 ms, candidate=1.466181 ms, speedup=0.9987x
[10] f71286e4-c31d-5da8-a0b1-150e7ad5ea32: reference=0.310923 ms, candidate=0.310330 ms, speedup=1.0019x
[11] 3c5b9152-7a47-5bb5-9b79-8515dea00500: reference=0.842224 ms, candidate=0.843728 ms, speedup=0.9982x
[12] d90ee047-589a-5943-968d-3c0f966d1957: reference=1.499718 ms, candidate=1.499621 ms, speedup=1.0001x
[13] 13f5b933-268b-5baa-bf48-452cd48dd0e5: reference=0.497511 ms, candidate=0.499607 ms, speedup=0.9958x
Geomean : 0.9994x
Average : 0.9994x
==============================================================================
Performance: /data1/workspace/weihongren/baseline/drtriton/kbstyle_campaign_v2_20260918/tasks/SOL/L1/018_fused_rope_with_qk_norm_and_kv_cache_update/refprecompute/evaluation.json
