==============================================================================
Definition : dsa_sparse_attention_h16_ckv512_kpe64_topk2048_ps64  (op_type=dsa_paged)
Solution   : /home/ziming/kda-ops/kda-control/formal-kda-h100-20260920--flashinfer--dsa_sparse_attention_h16_ckv512_kpe64_topk2048_ps64/candidates/c002/solution.py
Device     : cuda:0  (NVIDIA H100 80GB HBM3)
Workloads  : 23   trials=1 warmup=2 iters=10
Selected   : [0, 1, 2, 3, 4, 5, 6, 7, 8, 9, 10, 11, 12, 13, 14, 15, 16, 17, 18, 19, 20, 21, 22]
Tolerance  : atol=0.01 rtol=0.01 matched_ratio=0.99
==============================================================================
[1/23] 0c23b10c axes={'num_tokens': 1, 'num_pages': 8462}: PASSED  ref=1.2585ms sol=0.1191ms  speedup=10.57x  abs=1.56e-02 rel=1.27e-01
[2/23] 9d4a5f21 axes={'num_tokens': 2, 'num_pages': 8462}: PASSED  ref=1.4309ms sol=0.1105ms  speedup=12.95x  abs=1.56e-02 rel=8.62e+00
[3/23] b7668cfd axes={'num_tokens': 2, 'num_pages': 8462}: PASSED  ref=1.4383ms sol=0.1099ms  speedup=13.08x  abs=7.81e-03 rel=6.67e+00
[4/23] 0a63b87b axes={'num_tokens': 2, 'num_pages': 8462}: PASSED  ref=1.4233ms sol=0.1098ms  speedup=12.96x  abs=1.56e-02 rel=2.26e+00
[5/23] 05f6de65 axes={'num_tokens': 2, 'num_pages': 8462}: PASSED  ref=1.4263ms sol=0.1094ms  speedup=13.04x  abs=7.81e-03 rel=1.06e+01
[6/23] fc85411e axes={'num_tokens': 2, 'num_pages': 8462}: PASSED  ref=1.4249ms sol=0.1091ms  speedup=13.06x  abs=7.81e-03 rel=1.71e+00
[7/23] e6b849f2 axes={'num_tokens': 2, 'num_pages': 8462}: PASSED  ref=1.4302ms sol=0.1102ms  speedup=12.98x  abs=7.81e-03 rel=7.34e+00
[8/23] 9f3f891b axes={'num_tokens': 2, 'num_pages': 8462}: PASSED  ref=1.4181ms sol=0.1093ms  speedup=12.98x  abs=1.56e-02 rel=1.21e+01
[9/23] f77df5ce axes={'num_tokens': 2, 'num_pages': 8462}: PASSED  ref=1.4238ms sol=0.1096ms  speedup=12.99x  abs=1.56e-02 rel=1.10e+01
[10/23] 385742b2 axes={'num_tokens': 8, 'num_pages': 8462}: PASSED  ref=2.9197ms sol=0.1174ms  speedup=24.86x  abs=1.56e-02 rel=1.22e+01
[11/23] 4c46a94b axes={'num_tokens': 8, 'num_pages': 8462}: PASSED  ref=2.9040ms sol=0.1174ms  speedup=24.73x  abs=1.56e-02 rel=3.45e+01
[12/23] 38389961 axes={'num_tokens': 7, 'num_pages': 8462}: PASSED  ref=2.6957ms sol=0.1180ms  speedup=22.85x  abs=1.56e-02 rel=3.13e+01
[13/23] 02d6ae9c axes={'num_tokens': 8, 'num_pages': 8462}: PASSED  ref=2.9219ms sol=0.1226ms  speedup=23.84x  abs=1.56e-02 rel=3.96e+01
[14/23] ddfa9e34 axes={'num_tokens': 6, 'num_pages': 8462}: PASSED  ref=2.4307ms sol=0.1190ms  speedup=20.43x  abs=1.56e-02 rel=5.29e+00
[15/23] 78b2e11c axes={'num_tokens': 8, 'num_pages': 8462}: PASSED  ref=3.2558ms sol=0.1220ms  speedup=26.70x  abs=1.56e-02 rel=9.90e+01
[16/23] 68d6817d axes={'num_tokens': 6, 'num_pages': 8462}: PASSED  ref=2.3883ms sol=0.1149ms  speedup=20.79x  abs=1.56e-02 rel=9.86e+00
[17/23] 564007ac axes={'num_tokens': 8, 'num_pages': 8462}: PASSED  ref=2.9686ms sol=0.1219ms  speedup=24.35x  abs=1.56e-02 rel=8.72e+00
[18/23] ae4219a9 axes={'num_tokens': 7, 'num_pages': 8462}: PASSED  ref=2.6752ms sol=0.1211ms  speedup=22.09x  abs=7.81e-03 rel=9.62e+00
[19/23] 232ed014 axes={'num_tokens': 8, 'num_pages': 8462}: PASSED  ref=2.8928ms sol=0.1177ms  speedup=24.57x  abs=1.56e-02 rel=1.39e+02
[20/23] 7a389715 axes={'num_tokens': 8, 'num_pages': 8462}: PASSED  ref=2.8952ms sol=0.1198ms  speedup=24.18x  abs=1.56e-02 rel=4.49e+01
[21/23] 5096e459 axes={'num_tokens': 8, 'num_pages': 8462}: PASSED  ref=2.9301ms sol=0.1215ms  speedup=24.11x  abs=7.81e-03 rel=4.86e+01
[22/23] d57eb9e1 axes={'num_tokens': 6, 'num_pages': 8462}: PASSED  ref=2.4792ms sol=0.1214ms  speedup=20.42x  abs=7.81e-03 rel=2.17e+02
[23/23] 2207f0fd axes={'num_tokens': 7, 'num_pages': 8462}: PASSED  ref=2.7192ms sol=0.1215ms  speedup=22.37x  abs=1.56e-02 rel=1.30e+01
==============================================================================
Passed: 23/23    valid_run=True
GEOMEAN speedup (optimization target): 18.35x
  arithmetic mean (fib/AKO4X metric):  19.17x
  min=10.57x  max=26.70x
RESULT: VALID — geomean speedup = 18.35x
==============================================================================
Wrote /home/ziming/kda-ops/kda-runs/formal-kda-h100-20260920--flashinfer--dsa_sparse_attention_h16_ckv512_kpe64_topk2048_ps64/runs/candidates/c002/feedback.json
