Definition: /home/ziming/dataset/SOL-ExecBench/data/benchmark/L2/030_flux_concatenated_sequence_processing_with_split/definition.json
Workload  : /home/ziming/kda-ops/kda-control/formal-kda-h100-20260920--sol_execbench--L2-030_flux_concatenated_sequence_processing_with_split/feedback_workloads.jsonl
Solution  : /home/ziming/kda-ops/kda-control/formal-kda-h100-20260920--sol_execbench--L2-030_flux_concatenated_sequence_processing_with_split/candidates/c004/solution.py
Output    : /home/ziming/kda-ops/kda-runs/formal-kda-h100-20260920--sol_execbench--L2-030_flux_concatenated_sequence_processing_with_split/runs/candidates/c004/feedback.json

==============================================================================
Problem : 030_flux_concatenated_sequence_processing_with_split
Passed  : 16/16
Status  : OK
[1] 9de8abcb-a854-578a-9da4-9aec0f0925e0: reference=0.393072 ms, candidate=0.313536 ms, speedup=1.2537x
[2] 5c686654-84b3-5ce5-ad5b-4f50bd397416: reference=0.369006 ms, candidate=0.311855 ms, speedup=1.1833x
[3] dda2cd74-1d9c-5583-9164-5c4a0bbcf376: reference=0.409263 ms, candidate=0.320846 ms, speedup=1.2756x
[4] 2c9cc79c-e00f-583e-80b7-3904e5139b6c: reference=0.203711 ms, candidate=0.142416 ms, speedup=1.4304x
[5] e92f1fac-423f-59f2-bfcd-2154258d5a9a: reference=1.749966 ms, candidate=1.097346 ms, speedup=1.5947x
[6] 978c252a-7dc2-55db-8731-a9ff7af63f3b: reference=1.130911 ms, candidate=0.673696 ms, speedup=1.6787x
[7] a9d58452-943d-5f67-a8d6-d9ae6bcc3072: reference=0.549119 ms, candidate=0.343008 ms, speedup=1.6009x
[8] 659c4d3b-9e59-5996-9b7f-035ee408c3ac: reference=2.354014 ms, candidate=1.236097 ms, speedup=1.9044x
[9] e6aab32c-d3cd-5758-801f-212cfbaf6911: reference=2.264688 ms, candidate=1.303024 ms, speedup=1.7380x
[10] e0782f0c-bc40-55e6-bcd2-13f420f4ad1b: reference=2.875362 ms, candidate=1.525475 ms, speedup=1.8849x
[11] 71d670d9-083c-5c14-b7fb-38d9a572852b: reference=12.807063 ms, candidate=5.963300 ms, speedup=2.1476x
[12] bf56c2b5-f59b-556d-be9e-5ddd00225bd1: reference=1.657742 ms, candidate=0.820658 ms, speedup=2.0200x
[13] 7ae93ff7-0db4-5e52-8aa4-1b53f6e8ae79: reference=2.842561 ms, candidate=1.631474 ms, speedup=1.7423x
[14] d234a6e4-6f9c-55fe-ae82-58e1bd445a34: reference=1.063279 ms, candidate=0.659521 ms, speedup=1.6122x
[15] 62f6139b-7873-52e0-8738-345d10caad5e: reference=1.144862 ms, candidate=0.665650 ms, speedup=1.7199x
[16] 7a91d659-0bcc-5b47-bfcf-670cafc27ae9: reference=0.774782 ms, candidate=0.490399 ms, speedup=1.5799x
Geomean : 1.6264x
Average : 1.6479x
==============================================================================
Performance: /home/ziming/kda-ops/kda-runs/formal-kda-h100-20260920--sol_execbench--L2-030_flux_concatenated_sequence_processing_with_split/runs/candidates/c004/feedback.json
