Definition: /data1/workspace/ziming/dataset/SOL-ExecBench/data/benchmark/L1/007_hyena_fft_size_padding_rfft/definition.json
Workload  : /data1/workspace/ziming/dataset/SOL-ExecBench/data/benchmark/L1/007_hyena_fft_size_padding_rfft/workload.jsonl
Solution  : /data1/workspace/weihongren/kda-control/formal-kda-20260916--sol_execbench--L1-007_hyena_fft_size_padding_rfft/candidates/c001/solution.py
Output    : /data1/workspace/weihongren/kda-runs/formal-kda-20260916--sol_execbench--L1-007_hyena_fft_size_padding_rfft/runs/candidates/c001/final.json

==============================================================================
Problem : 007_hyena_fft_size_padding_rfft
Passed  : 16/16
Status  : OK
[1] beb07143-6a4b-592e-b38f-c2272302f5fb: reference=0.095278 ms, candidate=1.791456 ms, speedup=0.0532x
[2] 2a6f1210-15d2-56fe-a6f1-28c680603f04: reference=0.492407 ms, candidate=5.091347 ms, speedup=0.0967x
[3] 06b703b1-c619-526f-90d9-6abbf195c8da: reference=0.091758 ms, candidate=0.276731 ms, speedup=0.3316x
[4] bf5e43ac-4c67-587e-962f-71d04eb63da3: reference=1.993980 ms, candidate=24.213750 ms, speedup=0.0823x
[5] 4d7fea4e-351a-57aa-8d5c-c334c5cfa387: reference=0.218700 ms, candidate=2.429588 ms, speedup=0.0900x
[6] 617efd8c-bb48-52a0-a620-58654c410c93: reference=0.084703 ms, candidate=0.079167 ms, speedup=1.0699x
[7] 2e37472c-bace-574f-b29d-7dcd777a18c0: reference=6.117517 ms, candidate=621.426839 ms, speedup=0.0098x
[8] 56c1a9ae-d22a-55a1-b217-328b8a505b0d: reference=0.090783 ms, candidate=0.067103 ms, speedup=1.3529x
[9] 6e4e7fea-b581-5d14-aa59-9a4711029920: reference=1.495448 ms, candidate=74.242088 ms, speedup=0.0201x
[10] 5d0f5000-9f51-50d1-827f-236e5642bb2a: reference=0.323852 ms, candidate=4.453417 ms, speedup=0.0727x
[11] f17267fc-c2e6-5ed5-8f55-92e9b392015d: reference=0.965105 ms, candidate=11.273115 ms, speedup=0.0856x
[12] cfcdecc8-0fa6-5c37-89cd-cc6e2b882adf: reference=0.405273 ms, candidate=9.597238 ms, speedup=0.0422x
[13] 59d23189-eaf7-52e8-adae-f3efe921e198: reference=0.140302 ms, candidate=2.436489 ms, speedup=0.0576x
[14] a533ac79-2d10-5b89-8503-9b10bec6daed: reference=0.086270 ms, candidate=0.249788 ms, speedup=0.3454x
[15] 088b063f-68cd-53e2-9990-a6238c9c1756: reference=1.006432 ms, candidate=341.625345 ms, speedup=0.0029x
[16] da70c6cf-b6d8-583a-acd5-053bd9590951: reference=0.090734 ms, candidate=0.087263 ms, speedup=1.0398x
Geomean : 0.0967x
Average : 0.2971x
==============================================================================
Performance: /data1/workspace/weihongren/kda-runs/formal-kda-20260916--sol_execbench--L1-007_hyena_fft_size_padding_rfft/runs/candidates/c001/final.json
