Definition: /home/ziming/dataset/SOL-ExecBench/data/benchmark/L1/005_conv_gated_projection_with_causal_conv/definition.json
Workload  : /home/ziming/kda-ops/kda-control/formal-kda-h100-20260920--sol_execbench--L1-005_conv_gated_projection_with_causal_conv/feedback_workloads.jsonl
Solution  : /home/ziming/kda-ops/kda-control/formal-kda-h100-20260920--sol_execbench--L1-005_conv_gated_projection_with_causal_conv/candidates/c003/solution.py
Output    : /home/ziming/kda-ops/kda-runs/formal-kda-h100-20260920--sol_execbench--L1-005_conv_gated_projection_with_causal_conv/runs/candidates/c003/feedback.json

==============================================================================
Problem : 005_conv_gated_projection_with_causal_conv
Passed  : 16/16
Status  : OK
[1] 6033fd0f-a2c3-5f50-89e8-ac4aa0274a0e: reference=1.141520 ms, candidate=0.751473 ms, speedup=1.5190x
[2] 36e77f89-885f-5954-a347-343a1c5b896d: reference=0.550129 ms, candidate=0.378576 ms, speedup=1.4532x
[3] 121c8e28-4742-5bfd-946f-d60b0b24de3e: reference=0.581073 ms, candidate=0.375440 ms, speedup=1.5477x
[4] 1408082c-440a-55b2-91c6-6009a7adacbf: reference=0.588911 ms, candidate=0.388672 ms, speedup=1.5152x
[5] bb262a64-b4a4-5ef1-b5c5-ad69550e822c: reference=0.295056 ms, candidate=0.180800 ms, speedup=1.6320x
[6] 66fd2ad8-d067-5554-9b98-f398f27a6ff5: reference=0.109024 ms, candidate=0.086320 ms, speedup=1.2630x
[7] 58e3ac47-d122-5f30-bfb2-1bc2608bf230: reference=1.133952 ms, candidate=0.754321 ms, speedup=1.5033x
[8] 0a859b3a-d71a-5598-bff8-593e4c7020a3: reference=0.583727 ms, candidate=0.391377 ms, speedup=1.4915x
[9] 3ac091d6-0457-5f48-83d0-c0d786e35551: reference=0.289647 ms, candidate=0.175712 ms, speedup=1.6484x
[10] dcc98535-84bd-59c0-8809-bdc3e54137fd: reference=0.112528 ms, candidate=0.086816 ms, speedup=1.2962x
[11] d9432839-c38b-58d3-95ae-e3a9e8c36fb4: reference=1.123584 ms, candidate=0.723008 ms, speedup=1.5540x
[12] 01719394-09fb-5ec2-a70f-282a9c8120e8: reference=1.157953 ms, candidate=0.751602 ms, speedup=1.5406x
[13] b0a9e3f0-2835-5ab1-8de9-8dbe153a7868: reference=0.171424 ms, candidate=0.104192 ms, speedup=1.6453x
[14] b662596d-ccb4-5df5-803a-f3688a9db2f6: reference=0.303391 ms, candidate=0.238800 ms, speedup=1.2705x
[15] 1979d4cb-bf58-5329-ba26-956b954af9dd: reference=0.289840 ms, candidate=0.176416 ms, speedup=1.6429x
[16] 8b678b13-80e9-5e65-8f33-251542987fbd: reference=0.170432 ms, candidate=0.107695 ms, speedup=1.5825x
Geomean : 1.5012x
Average : 1.5066x
==============================================================================
Performance: /home/ziming/kda-ops/kda-runs/formal-kda-h100-20260920--sol_execbench--L1-005_conv_gated_projection_with_causal_conv/runs/candidates/c003/feedback.json
