Definition: /home/ziming/dataset/SOL-ExecBench/data/benchmark/L1/005_conv_gated_projection_with_causal_conv/definition.json
Workload  : /home/ziming/dataset/SOL-ExecBench/data/benchmark/L1/005_conv_gated_projection_with_causal_conv/workload.jsonl
Solution  : /home/ziming/kda-ops/kda-control/formal-kda-h100-20260920--sol_execbench--L1-005_conv_gated_projection_with_causal_conv/candidates/c003/solution.py
Output    : /home/ziming/kda-ops/kda-runs/formal-kda-h100-20260920--sol_execbench--L1-005_conv_gated_projection_with_causal_conv/runs/candidates/c003/final.json

==============================================================================
Problem : 005_conv_gated_projection_with_causal_conv
Passed  : 16/16
Status  : OK
[1] 6033fd0f-a2c3-5f50-89e8-ac4aa0274a0e: reference=1.241625 ms, candidate=0.756293 ms, speedup=1.6417x
[2] 36e77f89-885f-5954-a347-343a1c5b896d: reference=0.578436 ms, candidate=0.375186 ms, speedup=1.5417x
[3] 121c8e28-4742-5bfd-946f-d60b0b24de3e: reference=0.615476 ms, candidate=0.391763 ms, speedup=1.5710x
[4] 1408082c-440a-55b2-91c6-6009a7adacbf: reference=0.616947 ms, candidate=0.385139 ms, speedup=1.6019x
[5] bb262a64-b4a4-5ef1-b5c5-ad69550e822c: reference=0.302482 ms, candidate=0.182146 ms, speedup=1.6607x
[6] 66fd2ad8-d067-5554-9b98-f398f27a6ff5: reference=0.103633 ms, candidate=0.083536 ms, speedup=1.2406x
[7] 58e3ac47-d122-5f30-bfb2-1bc2608bf230: reference=1.250201 ms, candidate=0.758086 ms, speedup=1.6492x
[8] 0a859b3a-d71a-5598-bff8-593e4c7020a3: reference=0.610901 ms, candidate=0.385875 ms, speedup=1.5832x
[9] 3ac091d6-0457-5f48-83d0-c0d786e35551: reference=0.295842 ms, candidate=0.179009 ms, speedup=1.6527x
[10] dcc98535-84bd-59c0-8809-bdc3e54137fd: reference=0.102208 ms, candidate=0.083089 ms, speedup=1.2301x
[11] d9432839-c38b-58d3-95ae-e3a9e8c36fb4: reference=1.246457 ms, candidate=0.757558 ms, speedup=1.6454x
[12] 01719394-09fb-5ec2-a70f-282a9c8120e8: reference=1.268521 ms, candidate=0.757189 ms, speedup=1.6753x
[13] b0a9e3f0-2835-5ab1-8de9-8dbe153a7868: reference=0.175569 ms, candidate=0.108593 ms, speedup=1.6168x
[14] b662596d-ccb4-5df5-803a-f3688a9db2f6: reference=0.311666 ms, candidate=0.243665 ms, speedup=1.2791x
[15] 1979d4cb-bf58-5329-ba26-956b954af9dd: reference=0.297714 ms, candidate=0.180385 ms, speedup=1.6504x
[16] 8b678b13-80e9-5e65-8f33-251542987fbd: reference=0.176305 ms, candidate=0.109425 ms, speedup=1.6112x
Geomean : 1.5452x
Average : 1.5532x
==============================================================================
Performance: /home/ziming/kda-ops/kda-runs/formal-kda-h100-20260920--sol_execbench--L1-005_conv_gated_projection_with_causal_conv/runs/candidates/c003/final.json
