==============================================================================
Definition : gqa_paged_decode_h32_kv8_d128_ps1  (op_type=gqa_paged)
Solution   : /data1/workspace/weihongren/kda-control/formal-kda-20260916--flashinfer--gqa_paged_decode_h32_kv8_d128_ps1/candidates/c001/solution.py
Device     : cuda:0  (NVIDIA A800-SXM4-80GB)
Workloads  : 5   trials=1 warmup=3 iters=100
Selected   : [24, 26, 2, 16, 32]
Tolerance  : atol=0.01 rtol=0.01 matched_ratio=0.99
==============================================================================
[1/5] ccdc67b6 axes={'batch_size': 16, 'num_pages': 30163, 'len_indptr': 17, 'num_kv_indices': 20911}: PASSED  ref=94.6582ms sol=0.2273ms  speedup=416.47x  abs=1.95e-03 rel=1.03e+01
[2/5] d2c89e1d axes={'batch_size': 16, 'num_pages': 1396, 'len_indptr': 17, 'num_kv_indices': 1369}: PASSED  ref=93.0076ms sol=0.0653ms  speedup=1424.52x  abs=7.81e-03 rel=1.01e+02
[3/5] aa937325 axes={'batch_size': 1, 'num_pages': 82, 'len_indptr': 2, 'num_kv_indices': 65}: PASSED  ref=5.9807ms sol=0.0603ms  speedup=99.26x  abs=3.91e-03 rel=8.66e+00
[4/5] 39ca5ed6 axes={'batch_size': 16, 'num_pages': 2708, 'len_indptr': 17, 'num_kv_indices': 2681}: PASSED  ref=93.2815ms sol=0.0694ms  speedup=1344.98x  abs=3.91e-03 rel=8.71e+01
[5/5] 91552da7 axes={'batch_size': 64, 'num_pages': 60071, 'len_indptr': 65, 'num_kv_indices': 50902}: PASSED  ref=370.7457ms sol=0.2885ms  speedup=1285.21x  abs=1.95e-03 rel=3.35e+02
==============================================================================
Passed: 5/5    valid_run=True
GEOMEAN speedup (optimization target): 633.20x
  arithmetic mean (fib/AKO4X metric):  914.09x
  min=99.26x  max=1424.52x
RESULT: VALID — geomean speedup = 633.20x
==============================================================================
Wrote /data1/workspace/weihongren/kda-runs/formal-kda-20260916--flashinfer--gqa_paged_decode_h32_kv8_d128_ps1/runs/candidates/c001/feedback.json
