==============================================================================
Definition : gqa_ragged_prefill_causal_h32_kv8_d128  (op_type=gqa_ragged)
Solution   : /home/ziming/kda-ops/kda-control/formal-kda-h100-20260920--flashinfer--gqa_ragged_prefill_causal_h32_kv8_d128/candidates/c002/solution.py
Device     : cuda:0  (NVIDIA H100 80GB HBM3)
Workloads  : 21   trials=1 warmup=2 iters=10
Selected   : [0, 1, 2, 3, 4, 5, 6, 7, 8, 9, 10, 11, 12, 13, 14, 15, 16, 17, 18, 19, 20]
Tolerance  : atol=0.01 rtol=0.01 matched_ratio=0.99
==============================================================================
[1/21] f7a038e9 axes={'len_indptr': 2, 'total_q': 7, 'total_kv': 7}: PASSED  ref=0.4598ms sol=0.0665ms  speedup=6.92x  abs=1.56e-02 rel=2.51e+01
[2/21] f4c23a33 axes={'len_indptr': 2, 'total_q': 1, 'total_kv': 1}: PASSED  ref=0.3867ms sol=0.0618ms  speedup=6.26x  abs=4.77e-07 rel=2.10e-06
[3/21] bad384fa axes={'len_indptr': 2, 'total_q': 35, 'total_kv': 35}: PASSED  ref=0.4355ms sol=0.0617ms  speedup=7.05x  abs=1.56e-02 rel=3.71e+02
[4/21] 2068cdff axes={'len_indptr': 3, 'total_q': 81, 'total_kv': 81}: PASSED  ref=0.7815ms sol=0.0617ms  speedup=12.68x  abs=1.56e-02 rel=2.57e+02
[5/21] 6f3e1bfe axes={'len_indptr': 26, 'total_q': 13557, 'total_kv': 13557}: PASSED  ref=34.4124ms sol=1.0528ms  speedup=32.69x  abs=1.56e-02 rel=1.33e+04
[6/21] adefedc4 axes={'len_indptr': 37, 'total_q': 12845, 'total_kv': 12845}: PASSED  ref=37.5259ms sol=1.1650ms  speedup=32.21x  abs=1.56e-02 rel=1.00e+04
[7/21] fab48473 axes={'len_indptr': 2, 'total_q': 7, 'total_kv': 7}: PASSED  ref=0.4295ms sol=0.0607ms  speedup=7.07x  abs=1.56e-02 rel=1.42e+02
[8/21] 3a919718 axes={'len_indptr': 2, 'total_q': 1, 'total_kv': 1}: PASSED  ref=0.3864ms sol=0.0600ms  speedup=6.44x  abs=2.38e-07 rel=3.51e-06
[9/21] 32f5e961 axes={'len_indptr': 2, 'total_q': 35, 'total_kv': 35}: PASSED  ref=0.4337ms sol=0.0604ms  speedup=7.17x  abs=1.56e-02 rel=9.61e+01
[10/21] daa2d149 axes={'len_indptr': 2, 'total_q': 35, 'total_kv': 35}: PASSED  ref=0.4329ms sol=0.0624ms  speedup=6.94x  abs=1.56e-02 rel=1.33e+02
[11/21] ef683298 axes={'len_indptr': 2, 'total_q': 18, 'total_kv': 18}: PASSED  ref=0.4266ms sol=0.0601ms  speedup=7.10x  abs=1.56e-02 rel=3.09e+01
[12/21] 568a6016 axes={'len_indptr': 2, 'total_q': 18, 'total_kv': 18}: PASSED  ref=0.4376ms sol=0.0601ms  speedup=7.28x  abs=1.56e-02 rel=3.46e+01
[13/21] b8f94163 axes={'len_indptr': 2, 'total_q': 7, 'total_kv': 7}: PASSED  ref=0.4282ms sol=0.0599ms  speedup=7.15x  abs=7.81e-03 rel=1.60e+03
[14/21] bdc49f9e axes={'len_indptr': 2, 'total_q': 1, 'total_kv': 1}: PASSED  ref=0.3855ms sol=0.0613ms  speedup=6.29x  abs=9.54e-07 rel=4.27e-07
[15/21] da9042ea axes={'len_indptr': 2, 'total_q': 35, 'total_kv': 35}: PASSED  ref=0.4326ms sol=0.0612ms  speedup=7.07x  abs=1.56e-02 rel=2.43e+02
[16/21] 58701318 axes={'len_indptr': 2, 'total_q': 35, 'total_kv': 35}: PASSED  ref=0.4331ms sol=0.0597ms  speedup=7.25x  abs=7.81e-03 rel=1.09e+02
[17/21] 2328b031 axes={'len_indptr': 16, 'total_q': 982, 'total_kv': 982}: PASSED  ref=4.7813ms sol=0.1173ms  speedup=40.75x  abs=1.56e-02 rel=2.51e+03
[18/21] 012bb8e4 axes={'len_indptr': 2, 'total_q': 71, 'total_kv': 71}: PASSED  ref=0.4270ms sol=0.0606ms  speedup=7.05x  abs=1.56e-02 rel=4.80e+02
[19/21] 370287f0 axes={'len_indptr': 2, 'total_q': 71, 'total_kv': 71}: PASSED  ref=0.4350ms sol=0.0600ms  speedup=7.25x  abs=1.56e-02 rel=1.16e+02
[20/21] 7a08a0f6 axes={'len_indptr': 11, 'total_q': 12571, 'total_kv': 12571}: PASSED  ref=30.9531ms sol=1.0892ms  speedup=28.42x  abs=1.56e-02 rel=6.58e+03
[21/21] dc8c1d18 axes={'len_indptr': 6, 'total_q': 92, 'total_kv': 92}: PASSED  ref=1.6492ms sol=0.0615ms  speedup=26.83x  abs=1.56e-02 rel=1.23e+02
==============================================================================
Passed: 21/21    valid_run=True
GEOMEAN speedup (optimization target): 10.27x
  arithmetic mean (fib/AKO4X metric):  13.23x
  min=6.26x  max=40.75x
RESULT: VALID — geomean speedup = 10.27x
==============================================================================
Wrote /home/ziming/kda-ops/kda-runs/formal-kda-h100-20260920--flashinfer--gqa_ragged_prefill_causal_h32_kv8_d128/runs/candidates/c002/feedback.json
