Definition: /home/ziming/dataset/SOL-ExecBench/data/benchmark/L2/030_flux_concatenated_sequence_processing_with_split/definition.json
Workload  : /home/ziming/dataset/SOL-ExecBench/data/benchmark/L2/030_flux_concatenated_sequence_processing_with_split/workload.jsonl
Solution  : /home/ziming/whr/run/baseline/drtriton/kbstyle_stts_4tasks_7samples_20260922/tasks/SOL/L2/030_flux_concatenated_sequence_processing_with_split/final/solution.json
Output    : /home/ziming/whr/run/baseline/drtriton/kbstyle_stts_4tasks_7samples_20260922/tasks/SOL/L2/030_flux_concatenated_sequence_processing_with_split/final/evaluation.json

==============================================================================
Problem : 030_flux_concatenated_sequence_processing_with_split
Passed  : 16/16
Status  : OK
[1] 9de8abcb-a854-578a-9da4-9aec0f0925e0: reference=0.484946 ms, candidate=5.702416 ms, speedup=0.0850x
[2] 5c686654-84b3-5ce5-ad5b-4f50bd397416: reference=0.437825 ms, candidate=5.835424 ms, speedup=0.0750x
[3] dda2cd74-1d9c-5583-9164-5c4a0bbcf376: reference=0.468178 ms, candidate=4.965198 ms, speedup=0.0943x
[4] 2c9cc79c-e00f-583e-80b7-3904e5139b6c: reference=0.231313 ms, candidate=1.306100 ms, speedup=0.1771x
[5] e92f1fac-423f-59f2-bfcd-2154258d5a9a: reference=4.660557 ms, candidate=34.740530 ms, speedup=0.1342x
[6] 978c252a-7dc2-55db-8731-a9ff7af63f3b: reference=1.334356 ms, candidate=9.097402 ms, speedup=0.1467x
[7] a9d58452-943d-5f67-a8d6-d9ae6bcc3072: reference=0.566593 ms, candidate=3.762235 ms, speedup=0.1506x
[8] 659c4d3b-9e59-5996-9b7f-035ee408c3ac: reference=2.767128 ms, candidate=15.152876 ms, speedup=0.1826x
[9] e6aab32c-d3cd-5758-801f-212cfbaf6911: reference=5.870097 ms, candidate=43.685761 ms, speedup=0.1344x
[10] e0782f0c-bc40-55e6-bcd2-13f420f4ad1b: reference=5.928306 ms, candidate=36.834898 ms, speedup=0.1609x
[11] 71d670d9-083c-5c14-b7fb-38d9a572852b: reference=13.172028 ms, candidate=88.774296 ms, speedup=0.1484x
[12] bf56c2b5-f59b-556d-be9e-5ddd00225bd1: reference=1.943478 ms, candidate=10.571684 ms, speedup=0.1838x
[13] 7ae93ff7-0db4-5e52-8aa4-1b53f6e8ae79: reference=3.239019 ms, candidate=20.397830 ms, speedup=0.1588x
[14] d234a6e4-6f9c-55fe-ae82-58e1bd445a34: reference=1.267428 ms, candidate=8.349132 ms, speedup=0.1518x
[15] 62f6139b-7873-52e0-8738-345d10caad5e: reference=1.356772 ms, candidate=9.106111 ms, speedup=0.1490x
[16] 7a91d659-0bcc-5b47-bfcf-670cafc27ae9: reference=0.846259 ms, candidate=5.210977 ms, speedup=0.1624x
Geomean : 0.1392x
Average : 0.1434x
==============================================================================
Performance: /home/ziming/whr/run/baseline/drtriton/kbstyle_stts_4tasks_7samples_20260922/tasks/SOL/L2/030_flux_concatenated_sequence_processing_with_split/final/evaluation.json
