Definition: /home/ziming/dataset/SOL-ExecBench/data/benchmark/L1/053_gaussian_topk_sparse_activation/definition.json
Workload  : /home/ziming/dataset/SOL-ExecBench/data/benchmark/L1/053_gaussian_topk_sparse_activation/workload.jsonl
Solution  : /home/ziming/kda-ops/kda-control/formal-kda-h100-20260920--sol_execbench--L1-053_gaussian_topk_sparse_activation/candidates/c006/solution.py
Output    : /home/ziming/kda-ops/kda-runs/formal-kda-h100-20260920--sol_execbench--L1-053_gaussian_topk_sparse_activation/runs/candidates/c006/final.json

==============================================================================
Problem : 053_gaussian_topk_sparse_activation
Passed  : 12/12
Status  : OK
[1] 151250c8-7c37-56d8-9d87-6edc9f5fd531: reference=0.622869 ms, candidate=0.010336 ms, speedup=60.2621x
[2] fcbd00bf-2089-549a-a407-28d509581b4c: reference=2.008691 ms, candidate=0.178321 ms, speedup=11.2644x
[3] a1ce3f4a-abf4-504f-90be-1ede0f8bd65c: reference=1.283212 ms, candidate=0.087473 ms, speedup=14.6698x
[4] fe647339-085d-5bad-8192-50efbb5d4bef: reference=0.597653 ms, candidate=0.006304 ms, speedup=94.8054x
[5] eb88804d-33eb-5840-93b8-235b7f88961a: reference=1.027273 ms, candidate=0.046256 ms, speedup=22.2082x
[6] 084f1e52-f652-5592-ab34-f6156306545e: reference=0.795847 ms, candidate=0.032896 ms, speedup=24.1928x
[7] 75640ea8-8bb2-546f-b44d-c8d51baee3e4: reference=2.819194 ms, candidate=0.202306 ms, speedup=13.9353x
[8] 75e273d1-070a-5864-a5e2-11f455340620: reference=0.820951 ms, candidate=0.025440 ms, speedup=32.2695x
[9] 21ae223a-fefc-5b3f-ae0d-772742797229: reference=0.657494 ms, candidate=0.011824 ms, speedup=55.6044x
[10] 82eb0e10-41eb-50bf-a08f-7a9e3a4d0dfd: reference=9.041922 ms, candidate=0.706870 ms, speedup=12.7915x
[11] cfc707ec-c733-5cf1-b2f3-af867b078307: reference=0.597685 ms, candidate=0.003296 ms, speedup=181.3365x
[12] 30b3bded-7830-54c5-a242-75faeae6e052: reference=0.641973 ms, candidate=0.011648 ms, speedup=55.1145x
Geomean : 32.9224x
Average : 48.2045x
==============================================================================
Performance: /home/ziming/kda-ops/kda-runs/formal-kda-h100-20260920--sol_execbench--L1-053_gaussian_topk_sparse_activation/runs/candidates/c006/final.json
