Definition: /home/ziming/dataset/SOL-ExecBench/data/benchmark/L1/092_gqa_attention_with_qk_norm/definition.json
Workload  : /home/ziming/kda-ops/kda-control/formal-kda-h100-20260920--sol_execbench--L1-092_gqa_attention_with_qk_norm/feedback_workloads.jsonl
Solution  : /home/ziming/kda-ops/kda-control/formal-kda-h100-20260920--sol_execbench--L1-092_gqa_attention_with_qk_norm/candidates/c002/solution.py
Output    : /home/ziming/kda-ops/kda-runs/formal-kda-h100-20260920--sol_execbench--L1-092_gqa_attention_with_qk_norm/runs/candidates/c002/feedback.json

==============================================================================
Problem : 092_gqa_attention_with_qk_norm
Passed  : 16/16
Status  : OK
[1] c92bb0a5-0dff-5559-921c-3f4e48c6ec5d: reference=1.024546 ms, candidate=0.465329 ms, speedup=2.2018x
[2] 51c2b5bd-fcfa-54aa-8b49-7dcf549e8071: reference=0.817169 ms, candidate=0.447712 ms, speedup=1.8252x
[3] ce688df8-9e5d-54d3-808b-5dfacd84c6e1: reference=0.873921 ms, candidate=0.453873 ms, speedup=1.9255x
[4] 6c00773e-6f6e-5f0c-b52a-a3a4b5bb7a3a: reference=6.003533 ms, candidate=2.598184 ms, speedup=2.3107x
[5] 65a1864d-4cc8-548f-a9d5-c42a9e639607: reference=5.374381 ms, candidate=1.971299 ms, speedup=2.7263x
[6] 4e17d54d-ba8b-5456-a399-d6ed486e94f4: reference=8.189570 ms, candidate=1.718278 ms, speedup=4.7661x
[7] d0ce8c45-23c5-55e8-a582-f62b1f6068a9: reference=2.507202 ms, candidate=0.850289 ms, speedup=2.9486x
[8] 45487d16-a02f-5861-a6b1-4e565c7d7285: reference=16.857017 ms, candidate=3.324231 ms, speedup=5.0710x
[9] d30e1ce8-92e4-570b-a489-bcdb3170de61: reference=3.656807 ms, candidate=1.388242 ms, speedup=2.6341x
[10] 36af929c-db1b-5edc-8de5-3b0f3700c535: reference=7.457478 ms, candidate=2.723623 ms, speedup=2.7381x
[11] 047a5b81-f0f6-5bc5-85b8-499f96dc333e: reference=2.657366 ms, candidate=1.343620 ms, speedup=1.9778x
[12] 07ab2bf3-193a-57df-b434-30a648c63369: reference=10.532172 ms, candidate=2.900674 ms, speedup=3.6309x
[13] ccea3f00-da6d-515a-846e-3c65f48ad459: reference=0.721282 ms, candidate=0.332321 ms, speedup=2.1704x
[14] 785dbede-dd28-536f-89c1-a2e8ec40d983: reference=12.630750 ms, candidate=4.768013 ms, speedup=2.6491x
[15] 610a5d07-2a1f-520e-a7df-8eba4a0dc3a8: reference=1.878053 ms, candidate=0.772577 ms, speedup=2.4309x
[16] 1e96cc88-5675-52ff-a563-8a51a889e1fe: reference=2.102996 ms, candidate=1.037921 ms, speedup=2.0262x
Geomean : 2.6254x
Average : 2.7520x
==============================================================================
Performance: /home/ziming/kda-ops/kda-runs/formal-kda-h100-20260920--sol_execbench--L1-092_gqa_attention_with_qk_norm/runs/candidates/c002/feedback.json
