[09-18 15:56:58] campaign start (phase=both): 30 tasks, order: flashinfer/rmsnorm_h4096 -> flashinfer/gqa_ragged_prefill_causal_h32_kv8_d128 -> flashinfer/dsa_sparse_attention_h16_ckv512_kpe64_topk2048_ps64 ...
[09-18 15:56:59] GPU pool [0, 1, 2, 3, 4, 5, 6] | free now: [2, 3, 4, 5, 6] | our max parallel: 6
[09-18 15:56:59] === scan task 1: flashinfer/dsa_sparse_attention_h16_ckv512_kpe64_topk2048_ps64 (23 workloads) ===
[09-18 15:56:59]   refcache exists: /data1/workspace/weihongren/baseline/drtriton/kbstyle_campaign_v2_20260918/refcache/fib/dsa_sparse_attention_h16_ckv512_kpe64_topk2048_ps64
[09-18 15:56:59]   scan already past turn 0 (next_turn=2), skip
[09-18 15:56:59] === scan task 2: flashinfer/gqa_paged_prefill_causal_h32_kv8_d128_ps1 (38 workloads) ===
[09-18 15:56:59]   refcache exists: /data1/workspace/weihongren/baseline/drtriton/kbstyle_campaign_v2_20260918/refcache/fib/gqa_paged_prefill_causal_h32_kv8_d128_ps1
[09-18 15:56:59]   scan already past turn 0 (next_turn=2), skip
[09-18 15:56:59] === scan task 3: flashinfer/mla_paged_prefill_causal_h16_ckv512_kpe64_ps1 (38 workloads) ===
[09-18 15:56:59]   refcache exists: /data1/workspace/weihongren/baseline/drtriton/kbstyle_campaign_v2_20260918/refcache/fib/mla_paged_prefill_causal_h16_ckv512_kpe64_ps1
[09-18 15:56:59]   scan already past turn 0 (next_turn=1), skip
[09-18 15:56:59] === scan task 4: flashinfer/gemm_n4096_k4096 (43 workloads) ===
[09-18 15:56:59]   refcache exists: /data1/workspace/weihongren/baseline/drtriton/kbstyle_campaign_v2_20260918/refcache/fib/gemm_n4096_k4096
[09-18 15:56:59]   scan already past turn 0 (next_turn=1), skip
[09-18 15:56:59] === scan task 5: flashinfer/mla_paged_decode_h16_ckv512_kpe64_ps1 (47 workloads) ===
[09-18 15:56:59]   refcache exists: /data1/workspace/weihongren/baseline/drtriton/kbstyle_campaign_v2_20260918/refcache/fib/mla_paged_decode_h16_ckv512_kpe64_ps1
[09-18 15:56:59]   scan already past turn 0 (next_turn=1), skip
[09-18 15:56:59] === scan task 6: flashinfer/gqa_paged_decode_h32_kv8_d128_ps1 (48 workloads) ===
[09-18 15:56:59]   refcache exists: /data1/workspace/weihongren/baseline/drtriton/kbstyle_campaign_v2_20260918/refcache/fib/gqa_paged_decode_h32_kv8_d128_ps1
[09-18 15:56:59]   scan already past turn 0 (next_turn=1), skip
[09-18 15:56:59] === scan task 7: flashinfer/gdn_decode_qk4_v8_d128_k_last (54 workloads) ===
[09-18 15:56:59]   refcache exists: /data1/workspace/weihongren/baseline/drtriton/kbstyle_campaign_v2_20260918/refcache/fib/gdn_decode_qk4_v8_d128_k_last
[09-18 15:56:59]   scan already past turn 0 (next_turn=1), skip
[09-18 15:56:59] === scan task 8: flashinfer/gdn_prefill_qk4_v8_d128_k_last (100 workloads) ===
[09-18 15:56:59]   refcache exists: /data1/workspace/weihongren/baseline/drtriton/kbstyle_campaign_v2_20260918/refcache/fib/gdn_prefill_qk4_v8_d128_k_last
[09-18 15:56:59]   scan already past turn 0 (next_turn=1), skip
[09-18 15:56:59] === scan task 9: SOL/L1/002_vae_conv3x3_groupnorm_silu_residual_fused (20 workloads) ===
[09-18 15:56:59]   refcache exists: /data1/workspace/weihongren/baseline/drtriton/kbstyle_campaign_v2_20260918/refcache/sol/002_vae_conv3x3_groupnorm_silu_residual_fused/reference_cache.json
[09-18 15:56:59]   scan already past turn 0 (next_turn=1), skip
[09-18 15:56:59] === scan task 10: SOL/L1/005_conv_gated_projection_with_causal_conv (16 workloads) ===
[09-18 15:56:59]   refcache exists: /data1/workspace/weihongren/baseline/drtriton/kbstyle_campaign_v2_20260918/refcache/sol/005_conv_gated_projection_with_causal_conv/reference_cache.json
[09-18 15:56:59]   scan already past turn 0 (next_turn=1), skip
[09-18 15:56:59] === scan task 11: SOL/L1/007_hyena_fft_size_padding_rfft (16 workloads) ===
[09-18 15:56:59]   refcache exists: /data1/workspace/weihongren/baseline/drtriton/kbstyle_campaign_v2_20260918/refcache/sol/007_hyena_fft_size_padding_rfft/reference_cache.json
[09-18 15:56:59]   scan already past turn 0 (next_turn=1), skip
[09-18 15:56:59] === scan task 12: SOL/L1/008_expert_output_weighted_index_add_accumulation (16 workloads) ===
[09-18 15:56:59]   refcache exists: /data1/workspace/weihongren/baseline/drtriton/kbstyle_campaign_v2_20260918/refcache/sol/008_expert_output_weighted_index_add_accumulation/reference_cache.json
[09-18 15:56:59]   scan already past turn 0 (next_turn=1), skip
[09-18 15:56:59] === scan task 13: SOL/L1/018_fused_rope_with_qk_norm_and_kv_cache_update (13 workloads) ===
[09-18 15:56:59]   refcache exists: /data1/workspace/weihongren/baseline/drtriton/kbstyle_campaign_v2_20260918/refcache/sol/018_fused_rope_with_qk_norm_and_kv_cache_update/reference_cache.json
[09-18 15:56:59]   scan already past turn 0 (next_turn=1), skip
[09-18 15:56:59] === scan task 14: SOL/L1/020_vision_patch_merger_spatial_shuffle_mlp (15 workloads) ===
[09-18 15:56:59]   refcache exists: /data1/workspace/weihongren/baseline/drtriton/kbstyle_campaign_v2_20260918/refcache/sol/020_vision_patch_merger_spatial_shuffle_mlp/reference_cache.json
[09-18 15:56:59]   scan already past turn 0 (next_turn=1), skip
[09-18 15:56:59] === scan task 15: SOL/L1/053_gaussian_topk_sparse_activation (12 workloads) ===
[09-18 15:56:59]   refcache exists: /data1/workspace/weihongren/baseline/drtriton/kbstyle_campaign_v2_20260918/refcache/sol/053_gaussian_topk_sparse_activation/reference_cache.json
[09-18 15:56:59]   scan already past turn 0 (next_turn=1), skip
[09-18 15:56:59] === scan task 16: SOL/L1/058_moe_expert_token_radix_sort_with_prefix_sum (16 workloads) ===
[09-18 15:56:59]   refcache exists: /data1/workspace/weihongren/baseline/drtriton/kbstyle_campaign_v2_20260918/refcache/sol/058_moe_expert_token_radix_sort_with_prefix_sum/reference_cache.json
[09-18 15:56:59]   scan already past turn 0 (next_turn=1), skip
[09-18 15:56:59] === scan task 17: SOL/L1/070_mamba2_fused_intra_chunk_diagonal_computation (14 workloads) ===
[09-18 15:56:59]   refcache exists: /data1/workspace/weihongren/baseline/drtriton/kbstyle_campaign_v2_20260918/refcache/sol/070_mamba2_fused_intra_chunk_diagonal_computation/reference_cache.json
[09-18 15:56:59]   scan already past turn 0 (next_turn=1), skip
[09-18 15:56:59] === scan task 18: SOL/L1/092_gqa_attention_with_qk_norm (16 workloads) ===
[09-18 15:56:59]   refcache exists: /data1/workspace/weihongren/baseline/drtriton/kbstyle_campaign_v2_20260918/refcache/sol/092_gqa_attention_with_qk_norm/reference_cache.json
[09-18 15:56:59]   scan already past turn 0 (next_turn=1), skip
[09-18 15:56:59] === scan task 19: SOL/L2/012_moe_expert_batched_execution_with_capacity_factor (16 workloads) ===
[09-18 15:56:59]   refcache exists: /data1/workspace/weihongren/baseline/drtriton/kbstyle_campaign_v2_20260918/refcache/sol/012_moe_expert_batched_execution_with_capacity_factor/reference_cache.json
[09-18 15:56:59]   scan already past turn 0 (next_turn=1), skip
[09-18 15:56:59] === scan task 20: SOL/L2/015_audio_sinusoidal_position_embedding_with_conv_projection (16 workloads) ===
[09-18 15:56:59]   refcache exists: /data1/workspace/weihongren/baseline/drtriton/kbstyle_campaign_v2_20260918/refcache/sol/015_audio_sinusoidal_position_embedding_with_conv_projection/reference_cache.json
[09-18 15:56:59]   scan already past turn 0 (next_turn=1), skip
[09-18 15:56:59] === scan task 21: SOL/L2/030_flux_concatenated_sequence_processing_with_split (16 workloads) ===
[09-18 15:56:59]   refcache exists: /data1/workspace/weihongren/baseline/drtriton/kbstyle_campaign_v2_20260918/refcache/sol/030_flux_concatenated_sequence_processing_with_split/reference_cache.json
[09-18 15:56:59]   scan already past turn 0 (next_turn=1), skip
[09-18 15:56:59] === scan task 22: SOL/L2/036_convnextv2_layer_with_nhwc_persistence_backward (14 workloads) ===
[09-18 15:56:59]   refcache exists: /data1/workspace/weihongren/baseline/drtriton/kbstyle_campaign_v2_20260918/refcache/sol/036_convnextv2_layer_with_nhwc_persistence_backward/reference_cache.json
[09-18 15:56:59]   scan already past turn 0 (next_turn=1), skip
[09-18 15:56:59] === scan task 23: SOL/L2/040_altup_predict_correction_cycle_backward (16 workloads) ===
[09-18 15:56:59]   refcache exists: /data1/workspace/weihongren/baseline/drtriton/kbstyle_campaign_v2_20260918/refcache/sol/040_altup_predict_correction_cycle_backward/reference_cache.json
[09-18 15:56:59]   scan already past turn 0 (next_turn=1), skip
[09-18 15:56:59] === scan task 24: SOL/L2/043_mamba_chunk_scan_with_segsum (16 workloads) ===
[09-18 15:56:59]   refcache exists: /data1/workspace/weihongren/baseline/drtriton/kbstyle_campaign_v2_20260918/refcache/sol/043_mamba_chunk_scan_with_segsum/reference_cache.json
[09-18 15:56:59]   scan already past turn 0 (next_turn=1), skip
[09-18 15:56:59] === scan task 25: SOL/L2/049_group_limited_topk_routing (16 workloads) ===
[09-18 15:56:59]   refcache exists: /data1/workspace/weihongren/baseline/drtriton/kbstyle_campaign_v2_20260918/refcache/sol/049_group_limited_topk_routing/reference_cache.json
[09-18 15:56:59]   scan already past turn 0 (next_turn=1), skip
[09-18 15:56:59] === scan task 26: SOL/L2/051_seqlen-finetuned-reconstructed_hyena_complete_forward_block (16 workloads) ===
[09-18 15:56:59]   refcache exists: /data1/workspace/weihongren/baseline/drtriton/kbstyle_campaign_v2_20260918/refcache/sol/051_seqlen-finetuned-reconstructed_hyena_complete_forward_block/reference_cache.json
[09-18 15:56:59]   scan already past turn 0 (next_turn=1), skip
[09-18 15:56:59] === scan task 27: SOL/L2/057_residual_coupling_flow_block (16 workloads) ===
[09-18 15:56:59]   refcache exists: /data1/workspace/weihongren/baseline/drtriton/kbstyle_campaign_v2_20260918/refcache/sol/057_residual_coupling_flow_block/reference_cache.json
[09-18 15:56:59]   scan already past turn 0 (next_turn=1), skip
[09-18 15:56:59] === scan task 28: SOL/L2/080_moe_complete_layer_with_shared_expert_backward (16 workloads) ===
[09-18 15:56:59]   refcache exists: /data1/workspace/weihongren/baseline/drtriton/kbstyle_campaign_v2_20260918/refcache/sol/080_moe_complete_layer_with_shared_expert_backward/reference_cache.json
[09-18 15:56:59]   scan already past turn 0 (next_turn=1), skip
[09-18 15:56:59] scan phase complete -> /data1/workspace/weihongren/baseline/drtriton/kbstyle_campaign_v2_20260918/scan_results.jsonl
[09-18 15:56:59] === continue task 3: flashinfer/dsa_sparse_attention_h16_ckv512_kpe64_topk2048_ps64 (23 workloads) ===
[09-18 15:56:59]   refcache exists: /data1/workspace/weihongren/baseline/drtriton/kbstyle_campaign_v2_20260918/refcache/fib/dsa_sparse_attention_h16_ckv512_kpe64_topk2048_ps64
[09-18 15:56:59] === continue task 4: flashinfer/gqa_paged_prefill_causal_h32_kv8_d128_ps1 (38 workloads) ===
[09-18 15:56:59] === continue task 5: flashinfer/mla_paged_prefill_causal_h16_ckv512_kpe64_ps1 (38 workloads) ===
[09-18 15:56:59]   refcache exists: /data1/workspace/weihongren/baseline/drtriton/kbstyle_campaign_v2_20260918/refcache/fib/gqa_paged_prefill_causal_h32_kv8_d128_ps1
[09-18 15:56:59]   refcache exists: /data1/workspace/weihongren/baseline/drtriton/kbstyle_campaign_v2_20260918/refcache/fib/mla_paged_prefill_causal_h16_ckv512_kpe64_ps1
[09-18 16:01:51]   turn 3: 8 samples, usage={}
[09-18 16:01:56]   turn 3: 0/8 samples fully correct (all turns continue for speedup exploration)
[09-18 16:01:56] === task done: flashinfer/dsa_sparse_attention_h16_ckv512_kpe64_topk2048_ps64 pass@1=0.00 final_geomean=None
[09-18 16:01:56] === continue task 6: flashinfer/gemm_n4096_k4096 (43 workloads) ===
[09-18 16:01:56]   refcache exists: /data1/workspace/weihongren/baseline/drtriton/kbstyle_campaign_v2_20260918/refcache/fib/gemm_n4096_k4096
[09-18 16:05:50]   turn 3: 8 samples, usage={}
[09-18 16:05:50]   turn 2: 8 samples, usage={}
[09-18 16:05:54]   turn 2: 8 samples, usage={}
[09-18 16:05:59]   turn 2: 0/8 samples fully correct (all turns continue for speedup exploration)
[09-18 16:05:59]   turn 3: 0/8 samples fully correct (all turns continue for speedup exploration)
[09-18 16:05:59] === task done: flashinfer/gqa_paged_prefill_causal_h32_kv8_d128_ps1 pass@1=0.00 final_geomean=None
[09-18 16:05:59] === continue task 7: flashinfer/mla_paged_decode_h16_ckv512_kpe64_ps1 (47 workloads) ===
[09-18 16:05:59]   refcache exists: /data1/workspace/weihongren/baseline/drtriton/kbstyle_campaign_v2_20260918/refcache/fib/mla_paged_decode_h16_ckv512_kpe64_ps1
[09-18 16:07:28]   turn 2: 4/8 samples fully correct (all turns continue for speedup exploration)
[09-18 16:10:36]   turn 3: 8 samples, usage={}
[09-18 16:10:37]   turn 2: 8 samples, usage={}
[09-18 16:10:43]   turn 3: 0/8 samples fully correct (all turns continue for speedup exploration)
[09-18 16:10:43] === task done: flashinfer/mla_paged_prefill_causal_h16_ckv512_kpe64_ps1 pass@1=0.00 final_geomean=None
[09-18 16:10:43] === continue task 8: flashinfer/gqa_paged_decode_h32_kv8_d128_ps1 (48 workloads) ===
[09-18 16:10:43]   refcache exists: /data1/workspace/weihongren/baseline/drtriton/kbstyle_campaign_v2_20260918/refcache/fib/gqa_paged_decode_h32_kv8_d128_ps1
[09-18 16:10:50] GPU 2 acquired after 10s wait
[09-18 16:10:53]   turn 2: 0/8 samples fully correct (all turns continue for speedup exploration)
[09-18 16:15:01]   turn 3: 8 samples, usage={}
[09-18 16:15:10]   turn 2: 8 samples, usage={}
[09-18 16:15:21]   turn 2: 0/8 samples fully correct (all turns continue for speedup exploration)
[09-18 16:15:24] GPU 4 acquired after 21s wait
[09-18 16:16:53]   turn 3: 3/8 samples fully correct (all turns continue for speedup exploration)
[09-18 16:16:53]   final official eval (best reward=0.747 sample=0 turn=1)
[09-18 16:19:26] === task done: flashinfer/gemm_n4096_k4096 pass@1=0.75 final_geomean=0.42957645785751264
[09-18 16:19:26] === continue task 9: flashinfer/gdn_decode_qk4_v8_d128_k_last (54 workloads) ===
[09-18 16:19:26]   refcache exists: /data1/workspace/weihongren/baseline/drtriton/kbstyle_campaign_v2_20260918/refcache/fib/gdn_decode_qk4_v8_d128_k_last
[09-18 16:19:52]   turn 3: 8 samples, usage={}
[09-18 16:20:04] GPU 2 acquired after 10s wait
[09-18 16:20:10]   turn 3: 0/8 samples fully correct (all turns continue for speedup exploration)
[09-18 16:20:10] === task done: flashinfer/mla_paged_decode_h16_ckv512_kpe64_ps1 pass@1=0.00 final_geomean=None
[09-18 16:20:10] === continue task 10: flashinfer/gdn_prefill_qk4_v8_d128_k_last (100 workloads) ===
[09-18 16:20:10]   refcache exists: /data1/workspace/weihongren/baseline/drtriton/kbstyle_campaign_v2_20260918/refcache/fib/gdn_prefill_qk4_v8_d128_k_last
[09-18 16:20:21]   turn 3: 8 samples, usage={}
[09-18 16:20:27]   turn 3: 0/8 samples fully correct (all turns continue for speedup exploration)
[09-18 16:20:27] === task done: flashinfer/gqa_paged_decode_h32_kv8_d128_ps1 pass@1=0.00 final_geomean=None
[09-18 16:20:27] === continue task 11: SOL/L1/002_vae_conv3x3_groupnorm_silu_residual_fused (20 workloads) ===
[09-18 16:20:27]   refcache exists: /data1/workspace/weihongren/baseline/drtriton/kbstyle_campaign_v2_20260918/refcache/sol/002_vae_conv3x3_groupnorm_silu_residual_fused/reference_cache.json
[09-18 16:24:01]   turn 2: 8 samples, usage={}
[09-18 16:24:07]   turn 2: 0/8 samples fully correct (all turns continue for speedup exploration)
[09-18 16:24:26]   turn 2: 8 samples, usage={}
[09-18 16:27:05]   turn 2: 0/8 samples fully correct (all turns continue for speedup exploration)
[09-18 16:28:31]   turn 2: 8 samples, usage={}
[09-18 16:29:00]   turn 3: 8 samples, usage={}
[09-18 16:29:12] GPU 3 acquired after 10s wait
[09-18 16:29:16]   turn 3: 0/8 samples fully correct (all turns continue for speedup exploration)
[09-18 16:29:16] === task done: flashinfer/gdn_decode_qk4_v8_d128_k_last pass@1=0.00 final_geomean=None
[09-18 16:29:16] === continue task 12: SOL/L1/005_conv_gated_projection_with_causal_conv (16 workloads) ===
[09-18 16:29:16]   refcache exists: /data1/workspace/weihongren/baseline/drtriton/kbstyle_campaign_v2_20260918/refcache/sol/005_conv_gated_projection_with_causal_conv/reference_cache.json
[09-18 16:32:10]   turn 2: 0/8 samples fully correct (all turns continue for speedup exploration)
[09-18 16:32:51]   turn 3: 8 samples, usage={}
[09-18 16:32:51]   turn 3: 0/8 samples fully correct (all turns continue for speedup exploration)
[09-18 16:32:51] === task done: flashinfer/gdn_prefill_qk4_v8_d128_k_last pass@1=0.00 final_geomean=None
[09-18 16:32:51] === continue task 13: SOL/L1/007_hyena_fft_size_padding_rfft (16 workloads) ===
[09-18 16:32:51]   refcache exists: /data1/workspace/weihongren/baseline/drtriton/kbstyle_campaign_v2_20260918/refcache/sol/007_hyena_fft_size_padding_rfft/reference_cache.json
[09-18 16:33:43]   turn 2: 8 samples, usage={}
[09-18 16:33:53]   turn 2: 0/8 samples fully correct (all turns continue for speedup exploration)
[09-18 16:37:19]   turn 3: 8 samples, usage={}
[09-18 16:37:27]   turn 3: 0/8 samples fully correct (all turns continue for speedup exploration)
[09-18 16:37:27] === task done: SOL/L1/002_vae_conv3x3_groupnorm_silu_residual_fused pass@1=0.00 final_geomean=None
[09-18 16:37:27] === continue task 14: SOL/L1/008_expert_output_weighted_index_add_accumulation (16 workloads) ===
[09-18 16:37:27]   refcache exists: /data1/workspace/weihongren/baseline/drtriton/kbstyle_campaign_v2_20260918/refcache/sol/008_expert_output_weighted_index_add_accumulation/reference_cache.json
[09-18 16:38:08]   turn 2: 8 samples, usage={}
[09-18 16:38:42]   turn 2: 0/8 samples fully correct (all turns continue for speedup exploration)
[09-18 16:41:49]   turn 3: 8 samples, usage={}
[09-18 16:42:35]   turn 2: 8 samples, usage={}
[09-18 16:42:47] GPU 5 acquired after 10s wait
[09-18 16:45:06]   turn 3: 8 samples, usage={}
[09-18 16:45:18] GPU 3 acquired after 10s wait
[09-18 16:45:21]   turn 3: 0/8 samples fully correct (all turns continue for speedup exploration)
[09-18 16:45:21] === task done: SOL/L1/007_hyena_fft_size_padding_rfft pass@1=0.00 final_geomean=None
[09-18 16:45:21] === continue task 15: SOL/L1/018_fused_rope_with_qk_norm_and_kv_cache_update (13 workloads) ===
[09-18 16:45:21]   refcache exists: /data1/workspace/weihongren/baseline/drtriton/kbstyle_campaign_v2_20260918/refcache/sol/018_fused_rope_with_qk_norm_and_kv_cache_update/reference_cache.json
[09-18 16:48:00]   turn 2: 8 samples, usage={}
[09-18 16:48:07]   turn 2: 0/8 samples fully correct (all turns continue for speedup exploration)
[09-18 16:51:17]   turn 3: 8 samples, usage={}
[09-18 16:51:28] GPU 3 acquired after 10s wait
[09-18 16:51:35]   turn 3: 0/8 samples fully correct (all turns continue for speedup exploration)
[09-18 16:51:35] === task done: SOL/L1/018_fused_rope_with_qk_norm_and_kv_cache_update pass@1=0.00 final_geomean=None
[09-18 16:51:35] === continue task 16: SOL/L1/020_vision_patch_merger_spatial_shuffle_mlp (15 workloads) ===
[09-18 16:51:35]   refcache exists: /data1/workspace/weihongren/baseline/drtriton/kbstyle_campaign_v2_20260918/refcache/sol/020_vision_patch_merger_spatial_shuffle_mlp/reference_cache.json
[09-18 16:54:17]   turn 2: 8 samples, usage={}
[09-18 16:54:23]   turn 2: 0/8 samples fully correct (all turns continue for speedup exploration)
[09-18 16:57:33]   turn 3: 8 samples, usage={}
[09-18 16:57:39]   turn 3: 0/8 samples fully correct (all turns continue for speedup exploration)
[09-18 16:57:39] === task done: SOL/L1/020_vision_patch_merger_spatial_shuffle_mlp pass@1=0.00 final_geomean=None
[09-18 16:57:39] === continue task 17: SOL/L1/053_gaussian_topk_sparse_activation (12 workloads) ===
[09-18 16:57:39]   refcache exists: /data1/workspace/weihongren/baseline/drtriton/kbstyle_campaign_v2_20260918/refcache/sol/053_gaussian_topk_sparse_activation/reference_cache.json
[09-18 16:58:15]   turn 2: 2/8 samples fully correct (all turns continue for speedup exploration)
[09-18 17:01:25]   turn 2: 8 samples, usage={}
[09-18 17:01:25]   turn 2: 0/8 samples fully correct (all turns continue for speedup exploration)
[09-18 17:01:49]   turn 3: 0/8 samples fully correct (all turns continue for speedup exploration)
[09-18 17:01:49] === task done: SOL/L1/005_conv_gated_projection_with_causal_conv pass@1=0.00 final_geomean=None
[09-18 17:01:49] === continue task 18: SOL/L1/058_moe_expert_token_radix_sort_with_prefix_sum (16 workloads) ===
[09-18 17:01:49]   refcache exists: /data1/workspace/weihongren/baseline/drtriton/kbstyle_campaign_v2_20260918/refcache/sol/058_moe_expert_token_radix_sort_with_prefix_sum/reference_cache.json
[09-18 17:02:36]   turn 3: 8 samples, usage={}
[09-18 17:02:48] GPU 2 acquired after 10s wait
[09-18 17:05:51]   turn 3: 8 samples, usage={}
[09-18 17:06:03] GPU 2 acquired after 10s wait
[09-18 17:06:18]   turn 3: 1/8 samples fully correct (all turns continue for speedup exploration)
[09-18 17:06:18]   final official eval (best reward=0.710 sample=1 turn=2)
[09-18 17:06:31]   turn 2: 8 samples, usage={}
[09-18 17:06:37]   turn 2: 0/8 samples fully correct (all turns continue for speedup exploration)
[09-18 17:08:35] === task done: SOL/L1/053_gaussian_topk_sparse_activation pass@1=0.12 final_geomean=0.10239991575274808
[09-18 17:08:35] === continue task 19: SOL/L1/070_mamba2_fused_intra_chunk_diagonal_computation (14 workloads) ===
[09-18 17:08:35]   refcache exists: /data1/workspace/weihongren/baseline/drtriton/kbstyle_campaign_v2_20260918/refcache/sol/070_mamba2_fused_intra_chunk_diagonal_computation/reference_cache.json
[09-18 17:09:55]   turn 3: 8 samples, usage={}
[09-18 17:10:07] GPU 2 acquired after 10s wait
[09-18 17:10:40]   turn 3: 1/8 samples fully correct (all turns continue for speedup exploration)
[09-18 17:10:40]   final official eval (best reward=0.705 sample=4 turn=2)
[09-18 17:11:49]   turn 2: 8 samples, usage={}
[09-18 17:12:00] GPU 4 acquired after 10s wait
[09-18 17:12:08]   turn 2: 0/8 samples fully correct (all turns continue for speedup exploration)
[09-18 17:15:18]   turn 3: 8 samples, usage={}
[09-18 17:15:27]   turn 3: 0/8 samples fully correct (all turns continue for speedup exploration)
[09-18 17:15:27] === task done: SOL/L1/070_mamba2_fused_intra_chunk_diagonal_computation pass@1=0.00 final_geomean=None
[09-18 17:15:27] === continue task 20: SOL/L1/092_gqa_attention_with_qk_norm (16 workloads) ===
[09-18 17:15:27]   refcache exists: /data1/workspace/weihongren/baseline/drtriton/kbstyle_campaign_v2_20260918/refcache/sol/092_gqa_attention_with_qk_norm/reference_cache.json
[09-18 17:15:44] === task done: SOL/L1/058_moe_expert_token_radix_sort_with_prefix_sum pass@1=0.12 final_geomean=0.0050476567215649165
[09-18 17:15:44] === continue task 21: SOL/L2/012_moe_expert_batched_execution_with_capacity_factor (16 workloads) ===
[09-18 17:15:44]   refcache exists: /data1/workspace/weihongren/baseline/drtriton/kbstyle_campaign_v2_20260918/refcache/sol/012_moe_expert_batched_execution_with_capacity_factor/reference_cache.json
[09-18 17:19:11]   turn 2: 8 samples, usage={}
[09-18 17:19:11]   turn 2: 0/8 samples fully correct (all turns continue for speedup exploration)
[09-18 17:19:38]   turn 2: 8 samples, usage={}
[09-18 17:19:38]   turn 2: 0/8 samples fully correct (all turns continue for speedup exploration)
[09-18 17:22:44]   turn 3: 2/8 samples fully correct (all turns continue for speedup exploration)
[09-18 17:22:44]   final official eval (best reward=0.868 sample=5 turn=2)
[09-18 17:23:06] === task done: SOL/L1/008_expert_output_weighted_index_add_accumulation pass@1=0.38 final_geomean=1.7067539473242745
[09-18 17:23:06] === continue task 22: SOL/L2/015_audio_sinusoidal_position_embedding_with_conv_projection (16 workloads) ===
[09-18 17:23:06]   refcache exists: /data1/workspace/weihongren/baseline/drtriton/kbstyle_campaign_v2_20260918/refcache/sol/015_audio_sinusoidal_position_embedding_with_conv_projection/reference_cache.json
[09-18 17:23:52]   turn 3: 8 samples, usage={}
[09-18 17:23:58]   turn 3: 0/8 samples fully correct (all turns continue for speedup exploration)
[09-18 17:23:58] === task done: SOL/L1/092_gqa_attention_with_qk_norm pass@1=0.00 final_geomean=None
[09-18 17:23:58] === continue task 23: SOL/L2/030_flux_concatenated_sequence_processing_with_split (16 workloads) ===
[09-18 17:23:58]   refcache exists: /data1/workspace/weihongren/baseline/drtriton/kbstyle_campaign_v2_20260918/refcache/sol/030_flux_concatenated_sequence_processing_with_split/reference_cache.json
[09-18 17:24:21]   turn 3: 8 samples, usage={}
[09-18 17:24:21]   turn 3: 0/8 samples fully correct (all turns continue for speedup exploration)
[09-18 17:24:21] === task done: SOL/L2/012_moe_expert_batched_execution_with_capacity_factor pass@1=0.00 final_geomean=None
[09-18 17:24:21] === continue task 24: SOL/L2/036_convnextv2_layer_with_nhwc_persistence_backward (14 workloads) ===
[09-18 17:24:21]   refcache exists: /data1/workspace/weihongren/baseline/drtriton/kbstyle_campaign_v2_20260918/refcache/sol/036_convnextv2_layer_with_nhwc_persistence_backward/reference_cache.json
[09-18 17:27:53]   turn 2: 8 samples, usage={}
[09-18 17:28:01]   turn 2: 0/8 samples fully correct (all turns continue for speedup exploration)
[09-18 17:28:19]   turn 2: 8 samples, usage={}
[09-18 17:28:29]   turn 2: 0/8 samples fully correct (all turns continue for speedup exploration)
[09-18 17:32:23]   turn 2: 8 samples, usage={}
[09-18 17:32:31]   turn 2: 0/8 samples fully correct (all turns continue for speedup exploration)
[09-18 17:32:55]   turn 3: 8 samples, usage={}
[09-18 17:33:01]   turn 3: 0/8 samples fully correct (all turns continue for speedup exploration)
[09-18 17:33:01] === task done: SOL/L2/015_audio_sinusoidal_position_embedding_with_conv_projection pass@1=0.00 final_geomean=None
[09-18 17:33:01] === continue task 25: SOL/L2/040_altup_predict_correction_cycle_backward (16 workloads) ===
[09-18 17:33:01]   refcache exists: /data1/workspace/weihongren/baseline/drtriton/kbstyle_campaign_v2_20260918/refcache/sol/040_altup_predict_correction_cycle_backward/reference_cache.json
[09-18 17:37:20]   turn 3: 8 samples, usage={}
[09-18 17:37:27]   turn 3: 0/8 samples fully correct (all turns continue for speedup exploration)
[09-18 17:37:27] === task done: SOL/L2/030_flux_concatenated_sequence_processing_with_split pass@1=0.00 final_geomean=None
[09-18 17:37:27] === continue task 26: SOL/L2/043_mamba_chunk_scan_with_segsum (16 workloads) ===
[09-18 17:37:27]   refcache exists: /data1/workspace/weihongren/baseline/drtriton/kbstyle_campaign_v2_20260918/refcache/sol/043_mamba_chunk_scan_with_segsum/reference_cache.json
[09-18 17:37:51]   turn 3: 8 samples, usage={}
[09-18 17:37:58]   turn 3: 0/8 samples fully correct (all turns continue for speedup exploration)
[09-18 17:37:58] === task done: SOL/L2/036_convnextv2_layer_with_nhwc_persistence_backward pass@1=0.00 final_geomean=None
[09-18 17:37:58] === continue task 27: SOL/L2/049_group_limited_topk_routing (16 workloads) ===
[09-18 17:37:58]   refcache exists: /data1/workspace/weihongren/baseline/drtriton/kbstyle_campaign_v2_20260918/refcache/sol/049_group_limited_topk_routing/reference_cache.json
[09-18 17:41:26]   turn 2: 8 samples, usage={}
[09-18 17:41:26]   turn 2: 0/8 samples fully correct (all turns continue for speedup exploration)
[09-18 17:41:53]   turn 2: 8 samples, usage={}
[09-18 17:41:58]   turn 2: 0/8 samples fully correct (all turns continue for speedup exploration)
[09-18 17:45:56]   turn 2: 8 samples, usage={}
[09-18 17:46:01]   turn 2: 0/8 samples fully correct (all turns continue for speedup exploration)
[09-18 17:46:29]   turn 3: 8 samples, usage={}
[09-18 17:46:35]   turn 3: 0/8 samples fully correct (all turns continue for speedup exploration)
[09-18 17:46:35] === task done: SOL/L2/040_altup_predict_correction_cycle_backward pass@1=0.00 final_geomean=None
[09-18 17:46:35] === continue task 28: SOL/L2/051_seqlen-finetuned-reconstructed_hyena_complete_forward_block (16 workloads) ===
[09-18 17:46:35]   refcache exists: /data1/workspace/weihongren/baseline/drtriton/kbstyle_campaign_v2_20260918/refcache/sol/051_seqlen-finetuned-reconstructed_hyena_complete_forward_block/reference_cache.json
[09-18 17:50:53]   turn 3: 8 samples, usage={}
[09-18 17:50:57]   turn 3: 0/8 samples fully correct (all turns continue for speedup exploration)
[09-18 17:50:57] === task done: SOL/L2/043_mamba_chunk_scan_with_segsum pass@1=0.00 final_geomean=None
[09-18 17:50:57] === continue task 29: SOL/L2/057_residual_coupling_flow_block (16 workloads) ===
[09-18 17:50:57]   refcache exists: /data1/workspace/weihongren/baseline/drtriton/kbstyle_campaign_v2_20260918/refcache/sol/057_residual_coupling_flow_block/reference_cache.json
[09-18 17:51:23]   turn 3: 8 samples, usage={}
[09-18 17:51:30]   turn 3: 0/8 samples fully correct (all turns continue for speedup exploration)
[09-18 17:51:30] === task done: SOL/L2/049_group_limited_topk_routing pass@1=0.00 final_geomean=None
[09-18 17:51:30] === continue task 30: SOL/L2/080_moe_complete_layer_with_shared_expert_backward (16 workloads) ===
[09-18 17:51:30]   refcache exists: /data1/workspace/weihongren/baseline/drtriton/kbstyle_campaign_v2_20260918/refcache/sol/080_moe_complete_layer_with_shared_expert_backward/reference_cache.json
[09-18 17:54:58]   turn 2: 8 samples, usage={}
[09-18 17:55:04]   turn 2: 0/8 samples fully correct (all turns continue for speedup exploration)
[09-18 17:55:25]   turn 2: 8 samples, usage={}
[09-18 17:55:30]   turn 2: 0/8 samples fully correct (all turns continue for speedup exploration)
[09-18 17:59:26]   turn 2: 8 samples, usage={}
[09-18 17:59:31]   turn 2: 0/8 samples fully correct (all turns continue for speedup exploration)
[09-18 17:59:59]   turn 3: 8 samples, usage={}
[09-18 18:00:03]   turn 3: 0/8 samples fully correct (all turns continue for speedup exploration)
[09-18 18:00:03] === task done: SOL/L2/051_seqlen-finetuned-reconstructed_hyena_complete_forward_block pass@1=0.00 final_geomean=None
[09-18 18:04:16]   turn 3: 8 samples, usage={}
[09-18 18:04:26]   turn 3: 0/8 samples fully correct (all turns continue for speedup exploration)
[09-18 18:04:26] === task done: SOL/L2/057_residual_coupling_flow_block pass@1=0.00 final_geomean=None
[09-18 18:04:37]   turn 3: 8 samples, usage={}
[09-18 18:04:45]   turn 3: 0/8 samples fully correct (all turns continue for speedup exploration)
[09-18 18:04:45] === task done: SOL/L2/080_moe_complete_layer_with_shared_expert_backward pass@1=0.00 final_geomean=None
[09-18 18:04:45] campaign complete. results: /data1/workspace/weihongren/baseline/drtriton/kbstyle_campaign_v2_20260918/results.jsonl
