Definition: /data1/workspace/ziming/dataset/SOL-ExecBench/data/benchmark/L1/005_conv_gated_projection_with_causal_conv/definition.json
Workload  : /data1/workspace/ziming/dataset/SOL-ExecBench/data/benchmark/L1/005_conv_gated_projection_with_causal_conv/workload.jsonl
Solution  : /data1/workspace/weihongren/baseline/drtriton/kbstyle_campaign_v2_20260918/tasks/SOL/L1/005_conv_gated_projection_with_causal_conv/refprecompute/solution.json
Output    : /data1/workspace/weihongren/baseline/drtriton/kbstyle_campaign_v2_20260918/tasks/SOL/L1/005_conv_gated_projection_with_causal_conv/refprecompute/evaluation.json

==============================================================================
Problem : 005_conv_gated_projection_with_causal_conv
Passed  : 16/16
Status  : OK
[1] 6033fd0f-a2c3-5f50-89e8-ac4aa0274a0e: reference=1.903563 ms, candidate=2.319734 ms, speedup=0.8206x
[2] 36e77f89-885f-5954-a347-343a1c5b896d: reference=0.939468 ms, candidate=0.939375 ms, speedup=1.0001x
[3] 121c8e28-4742-5bfd-946f-d60b0b24de3e: reference=1.034652 ms, candidate=1.034733 ms, speedup=0.9999x
[4] 1408082c-440a-55b2-91c6-6009a7adacbf: reference=1.017963 ms, candidate=1.018509 ms, speedup=0.9995x
[5] bb262a64-b4a4-5ef1-b5c5-ad69550e822c: reference=0.548870 ms, candidate=0.548501 ms, speedup=1.0007x
[6] 66fd2ad8-d067-5554-9b98-f398f27a6ff5: reference=0.161420 ms, candidate=0.162140 ms, speedup=0.9956x
[7] 58e3ac47-d122-5f30-bfb2-1bc2608bf230: reference=1.876683 ms, candidate=1.898251 ms, speedup=0.9886x
[8] 0a859b3a-d71a-5598-bff8-593e4c7020a3: reference=1.009276 ms, candidate=1.013504 ms, speedup=0.9958x
[9] 3ac091d6-0457-5f48-83d0-c0d786e35551: reference=0.539447 ms, candidate=0.538934 ms, speedup=1.0010x
[10] dcc98535-84bd-59c0-8809-bdc3e54137fd: reference=0.161102 ms, candidate=0.162253 ms, speedup=0.9929x
[11] d9432839-c38b-58d3-95ae-e3a9e8c36fb4: reference=1.812126 ms, candidate=1.812284 ms, speedup=0.9999x
[12] 01719394-09fb-5ec2-a70f-282a9c8120e8: reference=1.905518 ms, candidate=1.905487 ms, speedup=1.0000x
[13] b0a9e3f0-2835-5ab1-8de9-8dbe153a7868: reference=0.284602 ms, candidate=0.284747 ms, speedup=0.9995x
[14] b662596d-ccb4-5df5-803a-f3688a9db2f6: reference=0.555573 ms, candidate=0.555495 ms, speedup=1.0001x
[15] 1979d4cb-bf58-5329-ba26-956b954af9dd: reference=0.540581 ms, candidate=0.540631 ms, speedup=0.9999x
[16] 8b678b13-80e9-5e65-8f33-251542987fbd: reference=0.288779 ms, candidate=0.288810 ms, speedup=0.9999x
Geomean : 0.9861x
Average : 0.9871x
==============================================================================
Performance: /data1/workspace/weihongren/baseline/drtriton/kbstyle_campaign_v2_20260918/tasks/SOL/L1/005_conv_gated_projection_with_causal_conv/refprecompute/evaluation.json
