==============================================================================
Definition : dsa_sparse_attention_h16_ckv512_kpe64_topk2048_ps64  (op_type=dsa_paged)
Solution   : /data1/workspace/weihongren/kda-control/formal-kda-20260916--flashinfer--dsa_sparse_attention_h16_ckv512_kpe64_topk2048_ps64/candidates/c002/solution.py
Device     : cuda:0  (NVIDIA A800-SXM4-80GB)
Workloads  : 5   trials=1 warmup=3 iters=100
Selected   : [12, 13, 1, 8, 16]
Tolerance  : atol=0.01 rtol=0.01 matched_ratio=0.99
==============================================================================
[1/5] 02d6ae9c axes={'num_tokens': 8, 'num_pages': 8462}: PASSED  ref=4.4040ms sol=0.1283ms  speedup=34.33x  abs=1.56e-02 rel=5.39e+00
[2/5] ddfa9e34 axes={'num_tokens': 6, 'num_pages': 8462}: PASSED  ref=3.6332ms sol=0.1283ms  speedup=28.33x  abs=1.56e-02 rel=2.89e+01
[3/5] 9d4a5f21 axes={'num_tokens': 2, 'num_pages': 8462}: PASSED  ref=2.3087ms sol=0.1283ms  speedup=17.99x  abs=1.56e-02 rel=2.21e+01
[4/5] f77df5ce axes={'num_tokens': 2, 'num_pages': 8462}: PASSED  ref=2.2849ms sol=0.1276ms  speedup=17.91x  abs=1.56e-02 rel=1.18e+00
[5/5] 564007ac axes={'num_tokens': 8, 'num_pages': 8462}: PASSED  ref=4.3450ms sol=0.1276ms  speedup=34.05x  abs=1.56e-02 rel=2.02e+01
==============================================================================
Passed: 5/5    valid_run=True
GEOMEAN speedup (optimization target): 25.45x
  arithmetic mean (fib/AKO4X metric):  26.52x
  min=17.91x  max=34.33x
RESULT: VALID — geomean speedup = 25.45x
==============================================================================
Wrote /data1/workspace/weihongren/kda-runs/formal-kda-20260916--flashinfer--dsa_sparse_attention_h16_ckv512_kpe64_topk2048_ps64/runs/candidates/c002/feedback.json
