==============================================================================
Definition : dsa_sparse_attention_h16_ckv512_kpe64_topk2048_ps64  (op_type=dsa_paged)
Solution   : /data1/workspace/weihongren/kda-control/formal-kda-20260916--flashinfer--dsa_sparse_attention_h16_ckv512_kpe64_topk2048_ps64/candidates/c002/solution.py
Device     : cuda:0  (NVIDIA A800-SXM4-80GB)
Workloads  : 23   trials=1 warmup=3 iters=100
Tolerance  : atol=0.01 rtol=0.01 matched_ratio=0.99
==============================================================================
[1/23] 0c23b10c axes={'num_tokens': 1, 'num_pages': 8462}: PASSED  ref=2.1597ms sol=0.1281ms  speedup=16.86x  abs=7.81e-03 rel=3.45e+00
[2/23] 9d4a5f21 axes={'num_tokens': 2, 'num_pages': 8462}: PASSED  ref=2.2881ms sol=0.1271ms  speedup=18.00x  abs=7.81e-03 rel=2.17e+00
[3/23] b7668cfd axes={'num_tokens': 2, 'num_pages': 8462}: PASSED  ref=2.2790ms sol=0.1279ms  speedup=17.82x  abs=7.81e-03 rel=7.43e+00
[4/23] 0a63b87b axes={'num_tokens': 2, 'num_pages': 8462}: PASSED  ref=2.2888ms sol=0.1269ms  speedup=18.04x  abs=1.56e-02 rel=1.06e+00
[5/23] 05f6de65 axes={'num_tokens': 2, 'num_pages': 8462}: PASSED  ref=2.2899ms sol=0.1286ms  speedup=17.81x  abs=7.81e-03 rel=4.25e+00
[6/23] fc85411e axes={'num_tokens': 2, 'num_pages': 8462}: PASSED  ref=2.3067ms sol=0.1275ms  speedup=18.09x  abs=1.56e-02 rel=1.24e+01
[7/23] e6b849f2 axes={'num_tokens': 2, 'num_pages': 8462}: PASSED  ref=2.2758ms sol=0.1273ms  speedup=17.88x  abs=1.56e-02 rel=2.01e+01
[8/23] 9f3f891b axes={'num_tokens': 2, 'num_pages': 8462}: PASSED  ref=2.2877ms sol=0.1286ms  speedup=17.79x  abs=1.56e-02 rel=1.94e+00
[9/23] f77df5ce axes={'num_tokens': 2, 'num_pages': 8462}: PASSED  ref=2.2790ms sol=0.1270ms  speedup=17.95x  abs=7.81e-03 rel=2.42e+00
[10/23] 385742b2 axes={'num_tokens': 8, 'num_pages': 8462}: PASSED  ref=4.2735ms sol=0.1281ms  speedup=33.36x  abs=1.56e-02 rel=1.24e+01
[11/23] 4c46a94b axes={'num_tokens': 8, 'num_pages': 8462}: PASSED  ref=4.2839ms sol=0.1280ms  speedup=33.48x  abs=1.56e-02 rel=1.55e+03
[12/23] 38389961 axes={'num_tokens': 7, 'num_pages': 8462}: PASSED  ref=3.9478ms sol=0.1280ms  speedup=30.85x  abs=1.56e-02 rel=1.40e+01
[13/23] 02d6ae9c axes={'num_tokens': 8, 'num_pages': 8462}: PASSED  ref=4.2741ms sol=0.1285ms  speedup=33.27x  abs=1.56e-02 rel=9.71e+00
[14/23] ddfa9e34 axes={'num_tokens': 6, 'num_pages': 8462}: PASSED  ref=3.6075ms sol=0.1278ms  speedup=28.23x  abs=1.56e-02 rel=1.89e+01
[15/23] 78b2e11c axes={'num_tokens': 8, 'num_pages': 8462}: PASSED  ref=4.2991ms sol=0.1279ms  speedup=33.61x  abs=1.56e-02 rel=3.38e+01
[16/23] 68d6817d axes={'num_tokens': 6, 'num_pages': 8462}: PASSED  ref=3.5987ms sol=0.1271ms  speedup=28.32x  abs=1.56e-02 rel=2.15e+01
[17/23] 564007ac axes={'num_tokens': 8, 'num_pages': 8462}: PASSED  ref=4.3044ms sol=0.1279ms  speedup=33.65x  abs=1.56e-02 rel=1.81e+01
[18/23] ae4219a9 axes={'num_tokens': 7, 'num_pages': 8462}: PASSED  ref=3.9452ms sol=0.1279ms  speedup=30.85x  abs=1.56e-02 rel=1.25e+01
[19/23] 232ed014 axes={'num_tokens': 8, 'num_pages': 8462}: PASSED  ref=4.2600ms sol=0.1276ms  speedup=33.40x  abs=1.56e-02 rel=3.19e+01
[20/23] 7a389715 axes={'num_tokens': 8, 'num_pages': 8462}: PASSED  ref=4.2481ms sol=0.1267ms  speedup=33.53x  abs=1.56e-02 rel=7.32e+01
[21/23] 5096e459 axes={'num_tokens': 8, 'num_pages': 8462}: PASSED  ref=4.2708ms sol=0.1268ms  speedup=33.68x  abs=1.56e-02 rel=1.18e+01
[22/23] d57eb9e1 axes={'num_tokens': 6, 'num_pages': 8462}: PASSED  ref=3.6158ms sol=0.1262ms  speedup=28.66x  abs=7.81e-03 rel=1.79e+02
[23/23] 2207f0fd axes={'num_tokens': 7, 'num_pages': 8462}: PASSED  ref=3.9787ms sol=0.1283ms  speedup=31.00x  abs=7.81e-03 rel=1.14e+01
==============================================================================
Passed: 23/23    valid_run=True
GEOMEAN speedup (optimization target): 25.33x
  arithmetic mean (fib/AKO4X metric):  26.35x
  min=16.86x  max=33.68x
RESULT: VALID — geomean speedup = 25.33x
==============================================================================
Wrote /data1/workspace/weihongren/kda-runs/formal-kda-20260916--flashinfer--dsa_sparse_attention_h16_ckv512_kpe64_topk2048_ps64/runs/candidates/c002/final.json
