==============================================================================
Definition : dsa_sparse_attention_h16_ckv512_kpe64_topk2048_ps64  (op_type=dsa_paged)
Solution   : /home/ziming/kda-ops/kda-control/formal-kda-h100-20260920--flashinfer--dsa_sparse_attention_h16_ckv512_kpe64_topk2048_ps64/candidates/c001/solution.py
Device     : cuda:0  (NVIDIA H100 80GB HBM3)
Workloads  : 23   trials=1 warmup=2 iters=10
Selected   : [0, 1, 2, 3, 4, 5, 6, 7, 8, 9, 10, 11, 12, 13, 14, 15, 16, 17, 18, 19, 20, 21, 22]
Tolerance  : atol=0.01 rtol=0.01 matched_ratio=0.99
==============================================================================
[1/23] 0c23b10c axes={'num_tokens': 1, 'num_pages': 8462}: RUNTIME_ERROR  CompilationError: at 34:26:

    # ---- load this token's query (bf16), reused across all KV tiles ----------
    qn = tl.load(
        q_nope_ptr + t * stride_qn_t
        + h_range[:, None] * stride_qn_h + d_range[None, :] * stride_qn_d
    )  # [H, D]
    qp = tl.load(
        q_pe_ptr + t * stride_qp_t
        + h_range[:, None] * stride_qp_h + dpe_range[None, :] * stride_qp_d
    )  # [H, DPE]

    qk_scale = sm_scale * LOG2E  # fold sm_scale and log2(e) so we can use exp2
                          ^
NameError("Cannot access global variable LOG2E from within @jit'ed function. Triton kernels can only access global variables that are instanstiated as constexpr (`x = triton.language.constexpr(42)`). Note that this is different from annotating a variable as constexpr (`x: triton.language.constexpr = 42`), which is not supported.  Alternatively, set the envvar TRITON_ALLOW_NON_CONSTEXPR_GLOBALS=1, but we do not promise to support this forever.")
[2/23] 9d4a5f21 axes={'num_tokens': 2, 'num_pages': 8462}: RUNTIME_ERROR  CompilationError: at 34:26:

    # ---- load this token's query (bf16), reused across all KV tiles ----------
    qn = tl.load(
        q_nope_ptr + t * stride_qn_t
        + h_range[:, None] * stride_qn_h + d_range[None, :] * stride_qn_d
    )  # [H, D]
    qp = tl.load(
        q_pe_ptr + t * stride_qp_t
        + h_range[:, None] * stride_qp_h + dpe_range[None, :] * stride_qp_d
    )  # [H, DPE]

    qk_scale = sm_scale * LOG2E  # fold sm_scale and log2(e) so we can use exp2
                          ^
NameError("Cannot access global variable LOG2E from within @jit'ed function. Triton kernels can only access global variables that are instanstiated as constexpr (`x = triton.language.constexpr(42)`). Note that this is different from annotating a variable as constexpr (`x: triton.language.constexpr = 42`), which is not supported.  Alternatively, set the envvar TRITON_ALLOW_NON_CONSTEXPR_GLOBALS=1, but we do not promise to support this forever.")
[3/23] b7668cfd axes={'num_tokens': 2, 'num_pages': 8462}: RUNTIME_ERROR  CompilationError: at 34:26:

    # ---- load this token's query (bf16), reused across all KV tiles ----------
    qn = tl.load(
        q_nope_ptr + t * stride_qn_t
        + h_range[:, None] * stride_qn_h + d_range[None, :] * stride_qn_d
    )  # [H, D]
    qp = tl.load(
        q_pe_ptr + t * stride_qp_t
        + h_range[:, None] * stride_qp_h + dpe_range[None, :] * stride_qp_d
    )  # [H, DPE]

    qk_scale = sm_scale * LOG2E  # fold sm_scale and log2(e) so we can use exp2
                          ^
NameError("Cannot access global variable LOG2E from within @jit'ed function. Triton kernels can only access global variables that are instanstiated as constexpr (`x = triton.language.constexpr(42)`). Note that this is different from annotating a variable as constexpr (`x: triton.language.constexpr = 42`), which is not supported.  Alternatively, set the envvar TRITON_ALLOW_NON_CONSTEXPR_GLOBALS=1, but we do not promise to support this forever.")
[4/23] 0a63b87b axes={'num_tokens': 2, 'num_pages': 8462}: RUNTIME_ERROR  CompilationError: at 34:26:

    # ---- load this token's query (bf16), reused across all KV tiles ----------
    qn = tl.load(
        q_nope_ptr + t * stride_qn_t
        + h_range[:, None] * stride_qn_h + d_range[None, :] * stride_qn_d
    )  # [H, D]
    qp = tl.load(
        q_pe_ptr + t * stride_qp_t
        + h_range[:, None] * stride_qp_h + dpe_range[None, :] * stride_qp_d
    )  # [H, DPE]

    qk_scale = sm_scale * LOG2E  # fold sm_scale and log2(e) so we can use exp2
                          ^
NameError("Cannot access global variable LOG2E from within @jit'ed function. Triton kernels can only access global variables that are instanstiated as constexpr (`x = triton.language.constexpr(42)`). Note that this is different from annotating a variable as constexpr (`x: triton.language.constexpr = 42`), which is not supported.  Alternatively, set the envvar TRITON_ALLOW_NON_CONSTEXPR_GLOBALS=1, but we do not promise to support this forever.")
[5/23] 05f6de65 axes={'num_tokens': 2, 'num_pages': 8462}: RUNTIME_ERROR  CompilationError: at 34:26:

    # ---- load this token's query (bf16), reused across all KV tiles ----------
    qn = tl.load(
        q_nope_ptr + t * stride_qn_t
        + h_range[:, None] * stride_qn_h + d_range[None, :] * stride_qn_d
    )  # [H, D]
    qp = tl.load(
        q_pe_ptr + t * stride_qp_t
        + h_range[:, None] * stride_qp_h + dpe_range[None, :] * stride_qp_d
    )  # [H, DPE]

    qk_scale = sm_scale * LOG2E  # fold sm_scale and log2(e) so we can use exp2
                          ^
NameError("Cannot access global variable LOG2E from within @jit'ed function. Triton kernels can only access global variables that are instanstiated as constexpr (`x = triton.language.constexpr(42)`). Note that this is different from annotating a variable as constexpr (`x: triton.language.constexpr = 42`), which is not supported.  Alternatively, set the envvar TRITON_ALLOW_NON_CONSTEXPR_GLOBALS=1, but we do not promise to support this forever.")
[6/23] fc85411e axes={'num_tokens': 2, 'num_pages': 8462}: RUNTIME_ERROR  CompilationError: at 34:26:

    # ---- load this token's query (bf16), reused across all KV tiles ----------
    qn = tl.load(
        q_nope_ptr + t * stride_qn_t
        + h_range[:, None] * stride_qn_h + d_range[None, :] * stride_qn_d
    )  # [H, D]
    qp = tl.load(
        q_pe_ptr + t * stride_qp_t
        + h_range[:, None] * stride_qp_h + dpe_range[None, :] * stride_qp_d
    )  # [H, DPE]

    qk_scale = sm_scale * LOG2E  # fold sm_scale and log2(e) so we can use exp2
                          ^
NameError("Cannot access global variable LOG2E from within @jit'ed function. Triton kernels can only access global variables that are instanstiated as constexpr (`x = triton.language.constexpr(42)`). Note that this is different from annotating a variable as constexpr (`x: triton.language.constexpr = 42`), which is not supported.  Alternatively, set the envvar TRITON_ALLOW_NON_CONSTEXPR_GLOBALS=1, but we do not promise to support this forever.")
[7/23] e6b849f2 axes={'num_tokens': 2, 'num_pages': 8462}: RUNTIME_ERROR  CompilationError: at 34:26:

    # ---- load this token's query (bf16), reused across all KV tiles ----------
    qn = tl.load(
        q_nope_ptr + t * stride_qn_t
        + h_range[:, None] * stride_qn_h + d_range[None, :] * stride_qn_d
    )  # [H, D]
    qp = tl.load(
        q_pe_ptr + t * stride_qp_t
        + h_range[:, None] * stride_qp_h + dpe_range[None, :] * stride_qp_d
    )  # [H, DPE]

    qk_scale = sm_scale * LOG2E  # fold sm_scale and log2(e) so we can use exp2
                          ^
NameError("Cannot access global variable LOG2E from within @jit'ed function. Triton kernels can only access global variables that are instanstiated as constexpr (`x = triton.language.constexpr(42)`). Note that this is different from annotating a variable as constexpr (`x: triton.language.constexpr = 42`), which is not supported.  Alternatively, set the envvar TRITON_ALLOW_NON_CONSTEXPR_GLOBALS=1, but we do not promise to support this forever.")
[8/23] 9f3f891b axes={'num_tokens': 2, 'num_pages': 8462}: RUNTIME_ERROR  CompilationError: at 34:26:

    # ---- load this token's query (bf16), reused across all KV tiles ----------
    qn = tl.load(
        q_nope_ptr + t * stride_qn_t
        + h_range[:, None] * stride_qn_h + d_range[None, :] * stride_qn_d
    )  # [H, D]
    qp = tl.load(
        q_pe_ptr + t * stride_qp_t
        + h_range[:, None] * stride_qp_h + dpe_range[None, :] * stride_qp_d
    )  # [H, DPE]

    qk_scale = sm_scale * LOG2E  # fold sm_scale and log2(e) so we can use exp2
                          ^
NameError("Cannot access global variable LOG2E from within @jit'ed function. Triton kernels can only access global variables that are instanstiated as constexpr (`x = triton.language.constexpr(42)`). Note that this is different from annotating a variable as constexpr (`x: triton.language.constexpr = 42`), which is not supported.  Alternatively, set the envvar TRITON_ALLOW_NON_CONSTEXPR_GLOBALS=1, but we do not promise to support this forever.")
[9/23] f77df5ce axes={'num_tokens': 2, 'num_pages': 8462}: RUNTIME_ERROR  CompilationError: at 34:26:

    # ---- load this token's query (bf16), reused across all KV tiles ----------
    qn = tl.load(
        q_nope_ptr + t * stride_qn_t
        + h_range[:, None] * stride_qn_h + d_range[None, :] * stride_qn_d
    )  # [H, D]
    qp = tl.load(
        q_pe_ptr + t * stride_qp_t
        + h_range[:, None] * stride_qp_h + dpe_range[None, :] * stride_qp_d
    )  # [H, DPE]

    qk_scale = sm_scale * LOG2E  # fold sm_scale and log2(e) so we can use exp2
                          ^
NameError("Cannot access global variable LOG2E from within @jit'ed function. Triton kernels can only access global variables that are instanstiated as constexpr (`x = triton.language.constexpr(42)`). Note that this is different from annotating a variable as constexpr (`x: triton.language.constexpr = 42`), which is not supported.  Alternatively, set the envvar TRITON_ALLOW_NON_CONSTEXPR_GLOBALS=1, but we do not promise to support this forever.")
[10/23] 385742b2 axes={'num_tokens': 8, 'num_pages': 8462}: RUNTIME_ERROR  CompilationError: at 34:26:

    # ---- load this token's query (bf16), reused across all KV tiles ----------
    qn = tl.load(
        q_nope_ptr + t * stride_qn_t
        + h_range[:, None] * stride_qn_h + d_range[None, :] * stride_qn_d
    )  # [H, D]
    qp = tl.load(
        q_pe_ptr + t * stride_qp_t
        + h_range[:, None] * stride_qp_h + dpe_range[None, :] * stride_qp_d
    )  # [H, DPE]

    qk_scale = sm_scale * LOG2E  # fold sm_scale and log2(e) so we can use exp2
                          ^
NameError("Cannot access global variable LOG2E from within @jit'ed function. Triton kernels can only access global variables that are instanstiated as constexpr (`x = triton.language.constexpr(42)`). Note that this is different from annotating a variable as constexpr (`x: triton.language.constexpr = 42`), which is not supported.  Alternatively, set the envvar TRITON_ALLOW_NON_CONSTEXPR_GLOBALS=1, but we do not promise to support this forever.")
[11/23] 4c46a94b axes={'num_tokens': 8, 'num_pages': 8462}: RUNTIME_ERROR  CompilationError: at 34:26:

    # ---- load this token's query (bf16), reused across all KV tiles ----------
    qn = tl.load(
        q_nope_ptr + t * stride_qn_t
        + h_range[:, None] * stride_qn_h + d_range[None, :] * stride_qn_d
    )  # [H, D]
    qp = tl.load(
        q_pe_ptr + t * stride_qp_t
        + h_range[:, None] * stride_qp_h + dpe_range[None, :] * stride_qp_d
    )  # [H, DPE]

    qk_scale = sm_scale * LOG2E  # fold sm_scale and log2(e) so we can use exp2
                          ^
NameError("Cannot access global variable LOG2E from within @jit'ed function. Triton kernels can only access global variables that are instanstiated as constexpr (`x = triton.language.constexpr(42)`). Note that this is different from annotating a variable as constexpr (`x: triton.language.constexpr = 42`), which is not supported.  Alternatively, set the envvar TRITON_ALLOW_NON_CONSTEXPR_GLOBALS=1, but we do not promise to support this forever.")
[12/23] 38389961 axes={'num_tokens': 7, 'num_pages': 8462}: RUNTIME_ERROR  CompilationError: at 34:26:

    # ---- load this token's query (bf16), reused across all KV tiles ----------
    qn = tl.load(
        q_nope_ptr + t * stride_qn_t
        + h_range[:, None] * stride_qn_h + d_range[None, :] * stride_qn_d
    )  # [H, D]
    qp = tl.load(
        q_pe_ptr + t * stride_qp_t
        + h_range[:, None] * stride_qp_h + dpe_range[None, :] * stride_qp_d
    )  # [H, DPE]

    qk_scale = sm_scale * LOG2E  # fold sm_scale and log2(e) so we can use exp2
                          ^
NameError("Cannot access global variable LOG2E from within @jit'ed function. Triton kernels can only access global variables that are instanstiated as constexpr (`x = triton.language.constexpr(42)`). Note that this is different from annotating a variable as constexpr (`x: triton.language.constexpr = 42`), which is not supported.  Alternatively, set the envvar TRITON_ALLOW_NON_CONSTEXPR_GLOBALS=1, but we do not promise to support this forever.")
[13/23] 02d6ae9c axes={'num_tokens': 8, 'num_pages': 8462}: RUNTIME_ERROR  CompilationError: at 34:26:

    # ---- load this token's query (bf16), reused across all KV tiles ----------
    qn = tl.load(
        q_nope_ptr + t * stride_qn_t
        + h_range[:, None] * stride_qn_h + d_range[None, :] * stride_qn_d
    )  # [H, D]
    qp = tl.load(
        q_pe_ptr + t * stride_qp_t
        + h_range[:, None] * stride_qp_h + dpe_range[None, :] * stride_qp_d
    )  # [H, DPE]

    qk_scale = sm_scale * LOG2E  # fold sm_scale and log2(e) so we can use exp2
                          ^
NameError("Cannot access global variable LOG2E from within @jit'ed function. Triton kernels can only access global variables that are instanstiated as constexpr (`x = triton.language.constexpr(42)`). Note that this is different from annotating a variable as constexpr (`x: triton.language.constexpr = 42`), which is not supported.  Alternatively, set the envvar TRITON_ALLOW_NON_CONSTEXPR_GLOBALS=1, but we do not promise to support this forever.")
[14/23] ddfa9e34 axes={'num_tokens': 6, 'num_pages': 8462}: RUNTIME_ERROR  CompilationError: at 34:26:

    # ---- load this token's query (bf16), reused across all KV tiles ----------
    qn = tl.load(
        q_nope_ptr + t * stride_qn_t
        + h_range[:, None] * stride_qn_h + d_range[None, :] * stride_qn_d
    )  # [H, D]
    qp = tl.load(
        q_pe_ptr + t * stride_qp_t
        + h_range[:, None] * stride_qp_h + dpe_range[None, :] * stride_qp_d
    )  # [H, DPE]

    qk_scale = sm_scale * LOG2E  # fold sm_scale and log2(e) so we can use exp2
                          ^
NameError("Cannot access global variable LOG2E from within @jit'ed function. Triton kernels can only access global variables that are instanstiated as constexpr (`x = triton.language.constexpr(42)`). Note that this is different from annotating a variable as constexpr (`x: triton.language.constexpr = 42`), which is not supported.  Alternatively, set the envvar TRITON_ALLOW_NON_CONSTEXPR_GLOBALS=1, but we do not promise to support this forever.")
[15/23] 78b2e11c axes={'num_tokens': 8, 'num_pages': 8462}: RUNTIME_ERROR  CompilationError: at 34:26:

    # ---- load this token's query (bf16), reused across all KV tiles ----------
    qn = tl.load(
        q_nope_ptr + t * stride_qn_t
        + h_range[:, None] * stride_qn_h + d_range[None, :] * stride_qn_d
    )  # [H, D]
    qp = tl.load(
        q_pe_ptr + t * stride_qp_t
        + h_range[:, None] * stride_qp_h + dpe_range[None, :] * stride_qp_d
    )  # [H, DPE]

    qk_scale = sm_scale * LOG2E  # fold sm_scale and log2(e) so we can use exp2
                          ^
NameError("Cannot access global variable LOG2E from within @jit'ed function. Triton kernels can only access global variables that are instanstiated as constexpr (`x = triton.language.constexpr(42)`). Note that this is different from annotating a variable as constexpr (`x: triton.language.constexpr = 42`), which is not supported.  Alternatively, set the envvar TRITON_ALLOW_NON_CONSTEXPR_GLOBALS=1, but we do not promise to support this forever.")
[16/23] 68d6817d axes={'num_tokens': 6, 'num_pages': 8462}: RUNTIME_ERROR  CompilationError: at 34:26:

    # ---- load this token's query (bf16), reused across all KV tiles ----------
    qn = tl.load(
        q_nope_ptr + t * stride_qn_t
        + h_range[:, None] * stride_qn_h + d_range[None, :] * stride_qn_d
    )  # [H, D]
    qp = tl.load(
        q_pe_ptr + t * stride_qp_t
        + h_range[:, None] * stride_qp_h + dpe_range[None, :] * stride_qp_d
    )  # [H, DPE]

    qk_scale = sm_scale * LOG2E  # fold sm_scale and log2(e) so we can use exp2
                          ^
NameError("Cannot access global variable LOG2E from within @jit'ed function. Triton kernels can only access global variables that are instanstiated as constexpr (`x = triton.language.constexpr(42)`). Note that this is different from annotating a variable as constexpr (`x: triton.language.constexpr = 42`), which is not supported.  Alternatively, set the envvar TRITON_ALLOW_NON_CONSTEXPR_GLOBALS=1, but we do not promise to support this forever.")
[17/23] 564007ac axes={'num_tokens': 8, 'num_pages': 8462}: RUNTIME_ERROR  CompilationError: at 34:26:

    # ---- load this token's query (bf16), reused across all KV tiles ----------
    qn = tl.load(
        q_nope_ptr + t * stride_qn_t
        + h_range[:, None] * stride_qn_h + d_range[None, :] * stride_qn_d
    )  # [H, D]
    qp = tl.load(
        q_pe_ptr + t * stride_qp_t
        + h_range[:, None] * stride_qp_h + dpe_range[None, :] * stride_qp_d
    )  # [H, DPE]

    qk_scale = sm_scale * LOG2E  # fold sm_scale and log2(e) so we can use exp2
                          ^
NameError("Cannot access global variable LOG2E from within @jit'ed function. Triton kernels can only access global variables that are instanstiated as constexpr (`x = triton.language.constexpr(42)`). Note that this is different from annotating a variable as constexpr (`x: triton.language.constexpr = 42`), which is not supported.  Alternatively, set the envvar TRITON_ALLOW_NON_CONSTEXPR_GLOBALS=1, but we do not promise to support this forever.")
[18/23] ae4219a9 axes={'num_tokens': 7, 'num_pages': 8462}: RUNTIME_ERROR  CompilationError: at 34:26:

    # ---- load this token's query (bf16), reused across all KV tiles ----------
    qn = tl.load(
        q_nope_ptr + t * stride_qn_t
        + h_range[:, None] * stride_qn_h + d_range[None, :] * stride_qn_d
    )  # [H, D]
    qp = tl.load(
        q_pe_ptr + t * stride_qp_t
        + h_range[:, None] * stride_qp_h + dpe_range[None, :] * stride_qp_d
    )  # [H, DPE]

    qk_scale = sm_scale * LOG2E  # fold sm_scale and log2(e) so we can use exp2
                          ^
NameError("Cannot access global variable LOG2E from within @jit'ed function. Triton kernels can only access global variables that are instanstiated as constexpr (`x = triton.language.constexpr(42)`). Note that this is different from annotating a variable as constexpr (`x: triton.language.constexpr = 42`), which is not supported.  Alternatively, set the envvar TRITON_ALLOW_NON_CONSTEXPR_GLOBALS=1, but we do not promise to support this forever.")
[19/23] 232ed014 axes={'num_tokens': 8, 'num_pages': 8462}: RUNTIME_ERROR  CompilationError: at 34:26:

    # ---- load this token's query (bf16), reused across all KV tiles ----------
    qn = tl.load(
        q_nope_ptr + t * stride_qn_t
        + h_range[:, None] * stride_qn_h + d_range[None, :] * stride_qn_d
    )  # [H, D]
    qp = tl.load(
        q_pe_ptr + t * stride_qp_t
        + h_range[:, None] * stride_qp_h + dpe_range[None, :] * stride_qp_d
    )  # [H, DPE]

    qk_scale = sm_scale * LOG2E  # fold sm_scale and log2(e) so we can use exp2
                          ^
NameError("Cannot access global variable LOG2E from within @jit'ed function. Triton kernels can only access global variables that are instanstiated as constexpr (`x = triton.language.constexpr(42)`). Note that this is different from annotating a variable as constexpr (`x: triton.language.constexpr = 42`), which is not supported.  Alternatively, set the envvar TRITON_ALLOW_NON_CONSTEXPR_GLOBALS=1, but we do not promise to support this forever.")
[20/23] 7a389715 axes={'num_tokens': 8, 'num_pages': 8462}: RUNTIME_ERROR  CompilationError: at 34:26:

    # ---- load this token's query (bf16), reused across all KV tiles ----------
    qn = tl.load(
        q_nope_ptr + t * stride_qn_t
        + h_range[:, None] * stride_qn_h + d_range[None, :] * stride_qn_d
    )  # [H, D]
    qp = tl.load(
        q_pe_ptr + t * stride_qp_t
        + h_range[:, None] * stride_qp_h + dpe_range[None, :] * stride_qp_d
    )  # [H, DPE]

    qk_scale = sm_scale * LOG2E  # fold sm_scale and log2(e) so we can use exp2
                          ^
NameError("Cannot access global variable LOG2E from within @jit'ed function. Triton kernels can only access global variables that are instanstiated as constexpr (`x = triton.language.constexpr(42)`). Note that this is different from annotating a variable as constexpr (`x: triton.language.constexpr = 42`), which is not supported.  Alternatively, set the envvar TRITON_ALLOW_NON_CONSTEXPR_GLOBALS=1, but we do not promise to support this forever.")
[21/23] 5096e459 axes={'num_tokens': 8, 'num_pages': 8462}: RUNTIME_ERROR  CompilationError: at 34:26:

    # ---- load this token's query (bf16), reused across all KV tiles ----------
    qn = tl.load(
        q_nope_ptr + t * stride_qn_t
        + h_range[:, None] * stride_qn_h + d_range[None, :] * stride_qn_d
    )  # [H, D]
    qp = tl.load(
        q_pe_ptr + t * stride_qp_t
        + h_range[:, None] * stride_qp_h + dpe_range[None, :] * stride_qp_d
    )  # [H, DPE]

    qk_scale = sm_scale * LOG2E  # fold sm_scale and log2(e) so we can use exp2
                          ^
NameError("Cannot access global variable LOG2E from within @jit'ed function. Triton kernels can only access global variables that are instanstiated as constexpr (`x = triton.language.constexpr(42)`). Note that this is different from annotating a variable as constexpr (`x: triton.language.constexpr = 42`), which is not supported.  Alternatively, set the envvar TRITON_ALLOW_NON_CONSTEXPR_GLOBALS=1, but we do not promise to support this forever.")
[22/23] d57eb9e1 axes={'num_tokens': 6, 'num_pages': 8462}: RUNTIME_ERROR  CompilationError: at 34:26:

    # ---- load this token's query (bf16), reused across all KV tiles ----------
    qn = tl.load(
        q_nope_ptr + t * stride_qn_t
        + h_range[:, None] * stride_qn_h + d_range[None, :] * stride_qn_d
    )  # [H, D]
    qp = tl.load(
        q_pe_ptr + t * stride_qp_t
        + h_range[:, None] * stride_qp_h + dpe_range[None, :] * stride_qp_d
    )  # [H, DPE]

    qk_scale = sm_scale * LOG2E  # fold sm_scale and log2(e) so we can use exp2
                          ^
NameError("Cannot access global variable LOG2E from within @jit'ed function. Triton kernels can only access global variables that are instanstiated as constexpr (`x = triton.language.constexpr(42)`). Note that this is different from annotating a variable as constexpr (`x: triton.language.constexpr = 42`), which is not supported.  Alternatively, set the envvar TRITON_ALLOW_NON_CONSTEXPR_GLOBALS=1, but we do not promise to support this forever.")
[23/23] 2207f0fd axes={'num_tokens': 7, 'num_pages': 8462}: RUNTIME_ERROR  CompilationError: at 34:26:

    # ---- load this token's query (bf16), reused across all KV tiles ----------
    qn = tl.load(
        q_nope_ptr + t * stride_qn_t
        + h_range[:, None] * stride_qn_h + d_range[None, :] * stride_qn_d
    )  # [H, D]
    qp = tl.load(
        q_pe_ptr + t * stride_qp_t
        + h_range[:, None] * stride_qp_h + dpe_range[None, :] * stride_qp_d
    )  # [H, DPE]

    qk_scale = sm_scale * LOG2E  # fold sm_scale and log2(e) so we can use exp2
                          ^
NameError("Cannot access global variable LOG2E from within @jit'ed function. Triton kernels can only access global variables that are instanstiated as constexpr (`x = triton.language.constexpr(42)`). Note that this is different from annotating a variable as constexpr (`x: triton.language.constexpr = 42`), which is not supported.  Alternatively, set the envvar TRITON_ALLOW_NON_CONSTEXPR_GLOBALS=1, but we do not promise to support this forever.")
==============================================================================
Passed: 0/23    valid_run=False
RESULT: INVALID — not all workloads passed correctness (geomean above is over the PASSED subset only).
==============================================================================
Wrote /home/ziming/kda-ops/kda-runs/formal-kda-h100-20260920--flashinfer--dsa_sparse_attention_h16_ckv512_kpe64_topk2048_ps64/runs/candidates/c001/feedback.json
