Definition: /home/ziming/dataset/SOL-ExecBench/data/benchmark/L1/053_gaussian_topk_sparse_activation/definition.json
Workload  : /home/ziming/dataset/SOL-ExecBench/data/benchmark/L1/053_gaussian_topk_sparse_activation/workload.jsonl
Solution  : /home/ziming/whr/run/baseline/drtriton/kbstyle_stts_4tasks_7samples_20260922/tasks/SOL/L1/053_gaussian_topk_sparse_activation/final/solution.json
Output    : /home/ziming/whr/run/baseline/drtriton/kbstyle_stts_4tasks_7samples_20260922/tasks/SOL/L1/053_gaussian_topk_sparse_activation/final/evaluation.json

==============================================================================
Problem : 053_gaussian_topk_sparse_activation
Passed  : 12/12
Status  : OK
[1] 151250c8-7c37-56d8-9d87-6edc9f5fd531: reference=12.495799 ms, candidate=0.066064 ms, speedup=189.1454x
[2] fcbd00bf-2089-549a-a407-28d509581b4c: reference=13.855754 ms, candidate=1.036067 ms, speedup=13.3734x
[3] a1ce3f4a-abf4-504f-90be-1ede0f8bd65c: reference=1.273827 ms, candidate=0.475281 ms, speedup=2.6802x
[4] fe647339-085d-5bad-8192-50efbb5d4bef: reference=0.585234 ms, candidate=0.153888 ms, speedup=3.8030x
[5] eb88804d-33eb-5840-93b8-235b7f88961a: reference=13.806810 ms, candidate=0.383761 ms, speedup=35.9777x
[6] 084f1e52-f652-5592-ab34-f6156306545e: reference=12.695223 ms, candidate=0.176081 ms, speedup=72.0988x
[7] 75640ea8-8bb2-546f-b44d-c8d51baee3e4: reference=2.923369 ms, candidate=1.451284 ms, speedup=2.0143x
[8] 75e273d1-070a-5864-a5e2-11f455340620: reference=0.805218 ms, candidate=0.174048 ms, speedup=4.6264x
[9] 21ae223a-fefc-5b3f-ae0d-772742797229: reference=0.647074 ms, candidate=0.117904 ms, speedup=5.4881x
[10] 82eb0e10-41eb-50bf-a08f-7a9e3a4d0dfd: reference=25.870256 ms, candidate=13.630890 ms, speedup=1.8979x
[11] cfc707ec-c733-5cf1-b2f3-af867b078307: reference=13.151864 ms, candidate=0.020976 ms, speedup=626.9958x
[12] 30b3bded-7830-54c5-a242-75faeae6e052: reference=0.631378 ms, candidate=0.117088 ms, speedup=5.3923x
Geomean : 12.9355x
Average : 80.2911x
==============================================================================
Performance: /home/ziming/whr/run/baseline/drtriton/kbstyle_stts_4tasks_7samples_20260922/tasks/SOL/L1/053_gaussian_topk_sparse_activation/final/evaluation.json
