Definition: /data1/workspace/ziming/dataset/SOL-ExecBench/data/benchmark/L1/058_moe_expert_token_radix_sort_with_prefix_sum/definition.json
Workload  : /data1/workspace/ziming/dataset/SOL-ExecBench/data/benchmark/L1/058_moe_expert_token_radix_sort_with_prefix_sum/workload.jsonl
Solution  : /data1/workspace/weihongren/baseline/drtriton/kbstyle_campaign_v2_20260918/tasks/SOL/L1/058_moe_expert_token_radix_sort_with_prefix_sum/final/solution.json
Output    : /data1/workspace/weihongren/baseline/drtriton/kbstyle_campaign_v2_20260918/tasks/SOL/L1/058_moe_expert_token_radix_sort_with_prefix_sum/final/evaluation.json

==============================================================================
Problem : 058_moe_expert_token_radix_sort_with_prefix_sum
Passed  : 16/16
Status  : OK
[1] e259b448-b73a-5efa-81c4-f0c9e1531e3e: reference=0.297465 ms, candidate=44.726501 ms, speedup=0.0067x
[2] e8a84cca-bde1-5f80-b1f6-bda8c33da6a2: reference=0.323129 ms, candidate=47.913855 ms, speedup=0.0067x
[3] 582fdc96-9b88-5ba1-ab85-265013ca7f13: reference=0.296170 ms, candidate=50.943374 ms, speedup=0.0058x
[4] ce1a545f-d879-59e3-9478-e723c6755e4c: reference=0.306170 ms, candidate=54.570944 ms, speedup=0.0056x
[5] f761ce94-7784-5c3c-b4de-613546df93a0: reference=0.296505 ms, candidate=60.489025 ms, speedup=0.0049x
[6] 3baabec0-5dde-5077-b821-ef95b66f609a: reference=0.294970 ms, candidate=61.469454 ms, speedup=0.0048x
[7] c84061fe-df99-510c-a426-d19d813dcae9: reference=0.297354 ms, candidate=62.825822 ms, speedup=0.0047x
[8] 14ccf030-1525-5a46-9d8b-6ea0cc28904a: reference=0.297130 ms, candidate=65.533108 ms, speedup=0.0045x
[9] 4998bf90-ff9b-5904-82a2-afb99757ea96: reference=0.295754 ms, candidate=62.360464 ms, speedup=0.0047x
[10] 8fe645cb-f5dc-55ee-ac66-8c096a5a89ea: reference=0.303098 ms, candidate=61.284457 ms, speedup=0.0049x
[11] 368e546c-d434-51f2-9e24-11b3ca1e5a6d: reference=0.295498 ms, candidate=64.330322 ms, speedup=0.0046x
[12] bccc000a-30dc-5e58-8ad8-c96e8f10adbf: reference=0.294841 ms, candidate=61.790021 ms, speedup=0.0048x
[13] 13149551-9e61-5b11-85c2-c4c8cd6fc57b: reference=0.295274 ms, candidate=65.006208 ms, speedup=0.0045x
[14] af507a31-f4c8-5439-93ed-232378c99029: reference=0.305594 ms, candidate=62.416293 ms, speedup=0.0049x
[15] b1aeedac-77c9-5276-b49e-ae5f61291738: reference=0.305065 ms, candidate=65.357814 ms, speedup=0.0047x
[16] 2eb27620-de55-5418-a65c-c5a0cebfc1c0: reference=0.297913 ms, candidate=66.109734 ms, speedup=0.0045x
Geomean : 0.0050x
Average : 0.0051x
==============================================================================
Performance: /data1/workspace/weihongren/baseline/drtriton/kbstyle_campaign_v2_20260918/tasks/SOL/L1/058_moe_expert_token_radix_sort_with_prefix_sum/final/evaluation.json
