Definition: /data1/workspace/ziming/dataset/SOL-ExecBench/data/benchmark/L2/080_moe_complete_layer_with_shared_expert_backward/definition.json
Workload  : /data1/workspace/ziming/dataset/SOL-ExecBench/data/benchmark/L2/080_moe_complete_layer_with_shared_expert_backward/workload.jsonl
Solution  : /data1/workspace/weihongren/kda-control/formal-kda-20260916--sol_execbench--L2-080_moe_complete_layer_with_shared_expert_backward/candidates/c001/solution.py
Output    : /data1/workspace/weihongren/kda-runs/formal-kda-20260916--sol_execbench--L2-080_moe_complete_layer_with_shared_expert_backward/runs/candidates/c001/final.json

==============================================================================
Problem : 080_moe_complete_layer_with_shared_expert_backward
Passed  : 16/16
Status  : OK
[1] 8686a737-9875-569c-a926-68c9787c7c67: reference=1.285031 ms, candidate=0.368713 ms, speedup=3.4852x
[2] 37876d64-d41a-5f9a-b8be-a72c06e41d56: reference=15.523076 ms, candidate=3.227089 ms, speedup=4.8102x
[3] 1714936a-08bb-588a-940d-3cca67992d3a: reference=20.563466 ms, candidate=4.595047 ms, speedup=4.4751x
[4] 3dd8cb46-950f-5824-a802-82fca6b80801: reference=9.572429 ms, candidate=1.885916 ms, speedup=5.0757x
[5] 43f3b0f2-344c-5778-ad7a-79c347ce2166: reference=1.603811 ms, candidate=0.429704 ms, speedup=3.7324x
[6] c6d4e299-e01d-5415-b2fa-7857b45c9810: reference=0.975278 ms, candidate=0.285258 ms, speedup=3.4189x
[7] bdc774f5-1c4f-5f57-ba9b-1049c6966e28: reference=0.952047 ms, candidate=0.293034 ms, speedup=3.2489x
[8] 731f2dfe-3a9a-5152-9ace-b1a13dc2b24b: reference=7.947934 ms, candidate=1.548227 ms, speedup=5.1336x
[9] fb4d927e-51ea-548e-9b75-d04da44f801f: reference=10.455249 ms, candidate=2.081705 ms, speedup=5.0224x
[10] 83abaaa3-7034-5d18-9fb7-101b00d3d39a: reference=4.972404 ms, candidate=1.022045 ms, speedup=4.8651x
[11] cf3c81bb-9449-5a90-bc1d-e675d482956a: reference=8.020174 ms, candidate=1.569268 ms, speedup=5.1108x
[12] 465961d2-2572-5a61-a611-abbcb849fda9: reference=5.449981 ms, candidate=1.103932 ms, speedup=4.9369x
[13] 53b1fc00-0392-5132-9121-a8dcca9d1b51: reference=2.839964 ms, candidate=0.578693 ms, speedup=4.9075x
[14] 66560932-3b13-548b-a73f-c13f6f4299d0: reference=4.238595 ms, candidate=0.861393 ms, speedup=4.9206x
[15] 7829aa30-fd01-59f2-b79a-967785862664: reference=3.634638 ms, candidate=0.823793 ms, speedup=4.4121x
[16] 229c89b2-ade9-5bee-a787-ad8617fbb601: reference=1.337112 ms, candidate=0.322058 ms, speedup=4.1518x
Geomean : 4.4313x
Average : 4.4817x
==============================================================================
Performance: /data1/workspace/weihongren/kda-runs/formal-kda-20260916--sol_execbench--L2-080_moe_complete_layer_with_shared_expert_backward/runs/candidates/c001/final.json
