Definition: /home/ziming/dataset/SOL-ExecBench/data/benchmark/L1/018_fused_rope_with_qk_norm_and_kv_cache_update/definition.json
Workload  : /home/ziming/kda-ops/kda-control/formal-kda-h100-20260920--sol_execbench--L1-018_fused_rope_with_qk_norm_and_kv_cache_update/feedback_workloads.jsonl
Solution  : /home/ziming/kda-ops/kda-control/formal-kda-h100-20260920--sol_execbench--L1-018_fused_rope_with_qk_norm_and_kv_cache_update/candidates/c002/solution.py
Output    : /home/ziming/kda-ops/kda-runs/formal-kda-h100-20260920--sol_execbench--L1-018_fused_rope_with_qk_norm_and_kv_cache_update/runs/candidates/c002/feedback.json

==============================================================================
Problem : 018_fused_rope_with_qk_norm_and_kv_cache_update
Passed  : 13/13
Status  : OK
[1] 2ff5eaf3-5138-5135-b35a-ea14e9014cd2: reference=0.106544 ms, candidate=0.008256 ms, speedup=12.9051x
[2] 3c3b2b9b-5b67-582b-b183-a34a3199ddd2: reference=0.190225 ms, candidate=0.019824 ms, speedup=9.5957x
[3] 8f5402ae-9b88-5eed-afe5-cba4c51a72cb: reference=0.110720 ms, candidate=0.009552 ms, speedup=11.5913x
[4] 520daee2-844e-528d-ba34-10eafa62b0a4: reference=0.150193 ms, candidate=0.014400 ms, speedup=10.4301x
[5] 052e17c9-2fdd-5b2d-a3bc-376d9ffac3e4: reference=0.522994 ms, candidate=0.051376 ms, speedup=10.1797x
[6] d1dbaf22-9513-5482-99bc-ac28bd971a79: reference=0.192353 ms, candidate=0.022160 ms, speedup=8.6802x
[7] 6a214883-9138-51d9-aa5a-8d3c81f8ad89: reference=0.513346 ms, candidate=0.048433 ms, speedup=10.5991x
[8] 8603b54e-8690-5562-bbfe-24037a153750: reference=1.725494 ms, candidate=0.157024 ms, speedup=10.9887x
[9] 39eb0040-eb8e-5cb0-b4f6-130a35f589d9: reference=0.924114 ms, candidate=0.091200 ms, speedup=10.1328x
[10] f71286e4-c31d-5da8-a0b1-150e7ad5ea32: reference=0.204401 ms, candidate=0.022000 ms, speedup=9.2910x
[11] 3c5b9152-7a47-5bb5-9b79-8515dea00500: reference=0.558338 ms, candidate=0.050352 ms, speedup=11.0887x
[12] d90ee047-589a-5943-968d-3c0f966d1957: reference=1.027988 ms, candidate=0.083200 ms, speedup=12.3556x
[13] 13f5b933-268b-5baa-bf48-452cd48dd0e5: reference=0.309585 ms, candidate=0.031408 ms, speedup=9.8569x
Geomean : 10.5308x
Average : 10.5919x
==============================================================================
Performance: /home/ziming/kda-ops/kda-runs/formal-kda-h100-20260920--sol_execbench--L1-018_fused_rope_with_qk_norm_and_kv_cache_update/runs/candidates/c002/feedback.json
