==============================================================================
Definition : gemm_n4096_k4096  (op_type=gemm)
Solution   : /home/ziming/kda-ops/kda-control/formal-kda-h100-20260920--flashinfer--gemm_n4096_k4096/candidates/c008/solution.py
Device     : cuda:0  (NVIDIA H100 80GB HBM3)
Workloads  : 43   trials=1 warmup=2 iters=10
Selected   : [0, 1, 2, 3, 4, 5, 6, 7, 8, 9, 10, 11, 12, 13, 14, 15, 16, 17, 18, 19, 20, 21, 22, 23, 24, 25, 26, 27, 28, 29, 30, 31, 32, 33, 34, 35, 36, 37, 38, 39, 40, 41, 42]
Tolerance  : atol=0.01 rtol=0.01 matched_ratio=0.99
==============================================================================
[1/43] 280860e6 axes={'M': 256}: PASSED  ref=0.0385ms sol=0.0764ms  speedup=0.50x  abs=0.00e+00 rel=0.00e+00
[2/43] 2e90109a axes={'M': 248}: PASSED  ref=0.0358ms sol=0.0708ms  speedup=0.51x  abs=0.00e+00 rel=0.00e+00
[3/43] e7c939ae axes={'M': 240}: PASSED  ref=0.0353ms sol=0.0711ms  speedup=0.50x  abs=0.00e+00 rel=0.00e+00
[4/43] 3ab6479f axes={'M': 232}: PASSED  ref=0.0347ms sol=0.0688ms  speedup=0.50x  abs=0.00e+00 rel=0.00e+00
[5/43] 29581017 axes={'M': 224}: PASSED  ref=0.0330ms sol=0.0700ms  speedup=0.47x  abs=0.00e+00 rel=0.00e+00
[6/43] e97cc8b3 axes={'M': 216}: PASSED  ref=0.0343ms sol=0.0688ms  speedup=0.50x  abs=0.00e+00 rel=0.00e+00
[7/43] c69f1da6 axes={'M': 208}: PASSED  ref=0.0327ms sol=0.0684ms  speedup=0.48x  abs=0.00e+00 rel=0.00e+00
[8/43] 38a98eb2 axes={'M': 200}: PASSED  ref=0.0343ms sol=0.0692ms  speedup=0.50x  abs=0.00e+00 rel=0.00e+00
[9/43] 62f7844c axes={'M': 192}: PASSED  ref=0.0318ms sol=0.0678ms  speedup=0.47x  abs=0.00e+00 rel=0.00e+00
[10/43] 1342c570 axes={'M': 184}: PASSED  ref=0.0332ms sol=0.0679ms  speedup=0.49x  abs=0.00e+00 rel=0.00e+00
[11/43] beb5da20 axes={'M': 176}: PASSED  ref=0.0317ms sol=0.0672ms  speedup=0.47x  abs=0.00e+00 rel=0.00e+00
[12/43] c8c9178e axes={'M': 168}: PASSED  ref=0.0327ms sol=0.0666ms  speedup=0.49x  abs=0.00e+00 rel=0.00e+00
[13/43] c103a7db axes={'M': 160}: PASSED  ref=0.0307ms sol=0.0673ms  speedup=0.46x  abs=0.00e+00 rel=0.00e+00
[14/43] ed0bbc00 axes={'M': 152}: PASSED  ref=0.0316ms sol=0.0678ms  speedup=0.47x  abs=0.00e+00 rel=0.00e+00
[15/43] 83deae78 axes={'M': 144}: PASSED  ref=0.0309ms sol=0.0665ms  speedup=0.47x  abs=0.00e+00 rel=0.00e+00
[16/43] 76fde2b6 axes={'M': 136}: PASSED  ref=0.0313ms sol=0.0666ms  speedup=0.47x  abs=0.00e+00 rel=0.00e+00
[17/43] 29ebd771 axes={'M': 128}: PASSED  ref=0.0295ms sol=0.0553ms  speedup=0.53x  abs=0.00e+00 rel=0.00e+00
[18/43] 73dd121d axes={'M': 120}: PASSED  ref=0.0298ms sol=0.0542ms  speedup=0.55x  abs=0.00e+00 rel=0.00e+00
[19/43] 27fa4c34 axes={'M': 112}: PASSED  ref=0.0296ms sol=0.0543ms  speedup=0.55x  abs=0.00e+00 rel=0.00e+00
[20/43] faac134d axes={'M': 104}: PASSED  ref=0.0291ms sol=0.0541ms  speedup=0.54x  abs=0.00e+00 rel=0.00e+00
[21/43] 1948bb55 axes={'M': 96}: PASSED  ref=0.0288ms sol=0.0544ms  speedup=0.53x  abs=0.00e+00 rel=0.00e+00
[22/43] 3a7e6db4 axes={'M': 88}: PASSED  ref=0.0297ms sol=0.0545ms  speedup=0.54x  abs=0.00e+00 rel=0.00e+00
[23/43] dcb04a7e axes={'M': 80}: PASSED  ref=0.0286ms sol=0.0537ms  speedup=0.53x  abs=0.00e+00 rel=0.00e+00
[24/43] ef996a93 axes={'M': 72}: PASSED  ref=0.0299ms sol=0.0540ms  speedup=0.55x  abs=0.00e+00 rel=0.00e+00
[25/43] 67d4c8f3 axes={'M': 64}: PASSED  ref=0.0286ms sol=0.0504ms  speedup=0.57x  abs=0.00e+00 rel=0.00e+00
[26/43] 54d34708 axes={'M': 56}: PASSED  ref=0.0291ms sol=0.0514ms  speedup=0.57x  abs=0.00e+00 rel=0.00e+00
[27/43] 59ca23f5 axes={'M': 48}: PASSED  ref=0.0286ms sol=0.0506ms  speedup=0.56x  abs=0.00e+00 rel=0.00e+00
[28/43] 54062a8b axes={'M': 40}: PASSED  ref=0.0287ms sol=0.0500ms  speedup=0.58x  abs=0.00e+00 rel=0.00e+00
[29/43] 5230e6ed axes={'M': 32}: PASSED  ref=0.0286ms sol=0.0501ms  speedup=0.57x  abs=0.00e+00 rel=0.00e+00
[30/43] 73212638 axes={'M': 24}: PASSED  ref=0.0289ms sol=0.0504ms  speedup=0.57x  abs=0.00e+00 rel=0.00e+00
[31/43] 404d21b1 axes={'M': 16}: PASSED  ref=0.0320ms sol=0.0511ms  speedup=0.63x  abs=1.25e-01 rel=8.59e-02
[32/43] 4cdab8cd axes={'M': 8}: PASSED  ref=0.0285ms sol=0.0521ms  speedup=0.55x  abs=0.00e+00 rel=0.00e+00
[33/43] f439da26 axes={'M': 4}: PASSED  ref=0.0306ms sol=0.0530ms  speedup=0.58x  abs=1.25e-01 rel=2.33e-02
[34/43] 6c2f4ba8 axes={'M': 2}: PASSED  ref=0.0305ms sol=0.0580ms  speedup=0.52x  abs=6.25e-02 rel=1.57e-02
[35/43] e39649a6 axes={'M': 1}: PASSED  ref=0.0314ms sol=0.0746ms  speedup=0.42x  abs=1.25e-01 rel=7.00e-03
[36/43] 094ef833 axes={'M': 7}: PASSED  ref=0.0307ms sol=0.0522ms  speedup=0.59x  abs=1.25e-01 rel=9.91e-02
[37/43] 4c6bdefd axes={'M': 35}: PASSED  ref=0.0289ms sol=0.0510ms  speedup=0.57x  abs=0.00e+00 rel=0.00e+00
[38/43] da2a2234 axes={'M': 972}: PASSED  ref=0.0706ms sol=0.0895ms  speedup=0.79x  abs=0.00e+00 rel=0.00e+00
[39/43] 897b6544 axes={'M': 70}: PASSED  ref=0.0287ms sol=0.0535ms  speedup=0.54x  abs=0.00e+00 rel=0.00e+00
[40/43] 8a8311fa axes={'M': 2053}: PASSED  ref=0.1701ms sol=0.2450ms  speedup=0.69x  abs=0.00e+00 rel=0.00e+00
[41/43] b626104c axes={'M': 8192}: PASSED  ref=0.6610ms sol=0.7095ms  speedup=0.93x  abs=0.00e+00 rel=0.00e+00
[42/43] 547e0ce5 axes={'M': 2379}: PASSED  ref=0.1942ms sol=0.2578ms  speedup=0.75x  abs=0.00e+00 rel=0.00e+00
[43/43] 339de815 axes={'M': 15}: PASSED  ref=0.0320ms sol=0.0520ms  speedup=0.62x  abs=1.25e-01 rel=1.22e-01
==============================================================================
Passed: 43/43    valid_run=True
GEOMEAN speedup (optimization target): 0.54x
  arithmetic mean (fib/AKO4X metric):  0.55x
  min=0.42x  max=0.93x
RESULT: VALID — geomean speedup = 0.54x
==============================================================================
Wrote /home/ziming/kda-ops/kda-runs/formal-kda-h100-20260920--flashinfer--gemm_n4096_k4096/runs/candidates/c008/feedback.json
