==============================================================================
Definition : gdn_decode_qk4_v8_d128_k_last  (op_type=gdn)
Solution   : /home/ziming/kda-ops/kda-control/formal-kda-h100-20260920--flashinfer--gdn_decode_qk4_v8_d128_k_last/candidates/c002/solution.py
Device     : cuda:0  (NVIDIA H100 80GB HBM3)
Workloads  : 54   trials=1 warmup=2 iters=10
Selected   : [0, 1, 2, 3, 4, 5, 6, 7, 8, 9, 10, 11, 12, 13, 14, 15, 16, 17, 18, 19, 20, 21, 22, 23, 24, 25, 26, 27, 28, 29, 30, 31, 32, 33, 34, 35, 36, 37, 38, 39, 40, 41, 42, 43, 44, 45, 46, 47, 48, 49, 50, 51, 52, 53]
Tolerance  : atol=0.01 rtol=0.01 matched_ratio=0.99
==============================================================================
[1/54] 901e5104 axes={'batch_size': 1}: PASSED  ref=1.3819ms sol=0.0504ms  speedup=27.41x  abs=5.96e-08 rel=3.43e-03
[2/54] a5714b69 axes={'batch_size': 1}: PASSED  ref=1.3551ms sol=0.0451ms  speedup=30.01x  abs=2.38e-07 rel=1.03e-02
[3/54] 3daa0974 axes={'batch_size': 1}: PASSED  ref=1.3582ms sol=0.0453ms  speedup=29.96x  abs=2.98e-08 rel=5.42e-03
[4/54] 22d5cef5 axes={'batch_size': 1}: PASSED  ref=1.3633ms sol=0.0476ms  speedup=28.63x  abs=1.19e-07 rel=6.76e-03
[5/54] aed4bdd4 axes={'batch_size': 1}: PASSED  ref=1.3716ms sol=0.0465ms  speedup=29.51x  abs=2.24e-08 rel=5.28e-03
[6/54] 49a125e5 axes={'batch_size': 1}: PASSED  ref=1.3572ms sol=0.0450ms  speedup=30.17x  abs=2.38e-07 rel=2.59e-03
[7/54] 798635cf axes={'batch_size': 1}: PASSED  ref=1.3621ms sol=0.0436ms  speedup=31.23x  abs=1.19e-07 rel=2.88e-03
[8/54] 5716e24a axes={'batch_size': 1}: PASSED  ref=1.3642ms sol=0.0452ms  speedup=30.16x  abs=2.38e-07 rel=1.38e-03
[9/54] 4c7df22f axes={'batch_size': 1}: PASSED  ref=1.3590ms sol=0.0444ms  speedup=30.63x  abs=2.98e-07 rel=2.31e-02
[10/54] d0e91dea axes={'batch_size': 1}: PASSED  ref=1.3614ms sol=0.0448ms  speedup=30.36x  abs=5.96e-08 rel=3.58e-03
[11/54] ec9d2340 axes={'batch_size': 4}: PASSED  ref=4.8349ms sol=0.0448ms  speedup=108.00x  abs=2.38e-07 rel=5.41e-03
[12/54] 9f238670 axes={'batch_size': 4}: PASSED  ref=4.8209ms sol=0.0440ms  speedup=109.65x  abs=3.73e-08 rel=1.19e-02
[13/54] 6d929bff axes={'batch_size': 4}: PASSED  ref=4.8242ms sol=0.0448ms  speedup=107.76x  abs=2.38e-07 rel=1.56e-02
[14/54] 494844dc axes={'batch_size': 4}: PASSED  ref=4.8099ms sol=0.0450ms  speedup=107.00x  abs=7.45e-08 rel=4.39e-03
[15/54] 26f760ab axes={'batch_size': 4}: PASSED  ref=4.9638ms sol=0.0441ms  speedup=112.58x  abs=1.79e-07 rel=2.44e-02
[16/54] deecf42e axes={'batch_size': 4}: PASSED  ref=4.8148ms sol=0.0441ms  speedup=109.13x  abs=2.09e-07 rel=1.86e-02
[17/54] 9a92acbc axes={'batch_size': 4}: PASSED  ref=4.8042ms sol=0.0448ms  speedup=107.14x  abs=8.94e-08 rel=5.98e-03
[18/54] fa90b213 axes={'batch_size': 4}: PASSED  ref=4.8490ms sol=0.0455ms  speedup=106.51x  abs=1.43e-06 rel=3.15e-02
[19/54] 2640f1e3 axes={'batch_size': 8}: PASSED  ref=9.7206ms sol=0.0450ms  speedup=216.24x  abs=1.19e-07 rel=1.52e-02
[20/54] 7464a1d6 axes={'batch_size': 8}: PASSED  ref=9.4466ms sol=0.0465ms  speedup=203.24x  abs=9.54e-07 rel=1.27e-02
[21/54] 25d1f606 axes={'batch_size': 8}: PASSED  ref=9.4388ms sol=0.0452ms  speedup=208.88x  abs=5.96e-08 rel=9.10e-03
[22/54] fe2e6584 axes={'batch_size': 8}: PASSED  ref=9.4631ms sol=0.0442ms  speedup=213.86x  abs=2.20e-07 rel=1.51e-02
[23/54] ca62112d axes={'batch_size': 8}: PASSED  ref=9.4261ms sol=0.0444ms  speedup=212.30x  abs=8.94e-08 rel=1.36e-02
[24/54] 61dfd334 axes={'batch_size': 8}: PASSED  ref=9.5978ms sol=0.0441ms  speedup=217.42x  abs=3.81e-06 rel=1.16e-02
[25/54] abec5d32 axes={'batch_size': 8}: PASSED  ref=9.4310ms sol=0.0445ms  speedup=212.13x  abs=2.09e-07 rel=1.60e-02
[26/54] 76eec66d axes={'batch_size': 16}: PASSED  ref=18.7475ms sol=0.0449ms  speedup=417.96x  abs=2.38e-07 rel=3.43e-02
[27/54] f0507025 axes={'batch_size': 16}: PASSED  ref=18.6656ms sol=0.0451ms  speedup=414.13x  abs=6.10e-05 rel=4.46e-02
[28/54] d1508f6d axes={'batch_size': 16}: PASSED  ref=18.6647ms sol=0.0452ms  speedup=413.17x  abs=2.38e-07 rel=6.20e-03
[29/54] 63d4cb66 axes={'batch_size': 16}: PASSED  ref=18.8102ms sol=0.0460ms  speedup=408.55x  abs=1.79e-07 rel=1.56e-02
[30/54] ef6bb01d axes={'batch_size': 16}: PASSED  ref=18.7858ms sol=0.0436ms  speedup=430.46x  abs=1.04e-07 rel=1.25e-02
[31/54] d0acf04a axes={'batch_size': 16}: PASSED  ref=18.6524ms sol=0.0447ms  speedup=416.91x  abs=7.63e-06 rel=2.11e-02
[32/54] ac83f1e4 axes={'batch_size': 16}: PASSED  ref=18.6364ms sol=0.0447ms  speedup=416.50x  abs=8.94e-08 rel=1.06e-02
[33/54] a8c8beff axes={'batch_size': 32}: PASSED  ref=37.2277ms sol=0.0455ms  speedup=818.87x  abs=4.77e-07 rel=3.44e-02
[34/54] 40940a4c axes={'batch_size': 32}: PASSED  ref=37.3226ms sol=0.0458ms  speedup=815.05x  abs=5.96e-07 rel=8.49e-02
[35/54] 0915952b axes={'batch_size': 32}: PASSED  ref=37.3437ms sol=0.0456ms  speedup=818.54x  abs=9.54e-07 rel=2.49e-02
[36/54] d38dde79 axes={'batch_size': 32}: PASSED  ref=35.1508ms sol=0.0412ms  speedup=852.98x  abs=1.19e-06 rel=1.02e-01
[37/54] 388f79b1 axes={'batch_size': 32}: PASSED  ref=33.0752ms sol=0.0406ms  speedup=814.95x  abs=1.79e-07 rel=1.12e-02
[38/54] 80288532 axes={'batch_size': 32}: PASSED  ref=33.1419ms sol=0.0401ms  speedup=826.23x  abs=2.68e-07 rel=3.27e-02
[39/54] 773a4157 axes={'batch_size': 32}: PASSED  ref=33.2360ms sol=0.0413ms  speedup=804.89x  abs=4.77e-07 rel=2.05e-02
[40/54] 53385c7f axes={'batch_size': 48}: PASSED  ref=51.1607ms sol=0.0499ms  speedup=1025.51x  abs=1.91e-06 rel=3.72e-02
[41/54] 45e7697a axes={'batch_size': 48}: PASSED  ref=57.6497ms sol=0.0493ms  speedup=1169.38x  abs=4.77e-07 rel=1.65e-02
[42/54] 34403e5b axes={'batch_size': 48}: PASSED  ref=56.3359ms sol=0.0508ms  speedup=1108.83x  abs=4.77e-07 rel=1.34e-02
[43/54] b91cc4aa axes={'batch_size': 48}: PASSED  ref=55.6917ms sol=0.0502ms  speedup=1110.42x  abs=9.54e-07 rel=1.61e-01
[44/54] 4c38f0e4 axes={'batch_size': 48}: PASSED  ref=55.7960ms sol=0.0500ms  speedup=1116.92x  abs=3.05e-05 rel=6.31e-02
[45/54] be91d78c axes={'batch_size': 48}: PASSED  ref=56.0328ms sol=0.0499ms  speedup=1123.03x  abs=3.81e-06 rel=2.35e-01
[46/54] 3803367a axes={'batch_size': 48}: PASSED  ref=55.9932ms sol=0.0497ms  speedup=1127.15x  abs=1.19e-07 rel=1.37e-02
[47/54] eaf0a285 axes={'batch_size': 64}: PASSED  ref=71.0389ms sol=0.0525ms  speedup=1354.30x  abs=4.77e-07 rel=2.89e-02
[48/54] f4fd2171 axes={'batch_size': 64}: PASSED  ref=66.4660ms sol=0.0526ms  speedup=1264.42x  abs=1.91e-06 rel=1.64e-02
[49/54] b1931bc6 axes={'batch_size': 64}: PASSED  ref=65.7845ms sol=0.0526ms  speedup=1250.24x  abs=9.54e-07 rel=7.65e-02
[50/54] 8d0c5789 axes={'batch_size': 64}: PASSED  ref=66.0158ms sol=0.0538ms  speedup=1227.90x  abs=1.19e-07 rel=2.59e-02
[51/54] 9eef9bc7 axes={'batch_size': 64}: PASSED  ref=66.4287ms sol=0.0531ms  speedup=1252.05x  abs=3.81e-06 rel=6.07e-02
[52/54] 58571e49 axes={'batch_size': 64}: PASSED  ref=66.2100ms sol=0.0529ms  speedup=1252.53x  abs=3.58e-07 rel=1.14e-01
[53/54] ef2cf980 axes={'batch_size': 64}: PASSED  ref=66.1421ms sol=0.0524ms  speedup=1262.87x  abs=3.81e-06 rel=4.52e-02
[54/54] 42963acb axes={'batch_size': 64}: PASSED  ref=66.1391ms sol=0.0522ms  speedup=1266.14x  abs=3.05e-05 rel=6.63e-01
==============================================================================
Passed: 54/54    valid_run=True
GEOMEAN speedup (optimization target): 280.48x
  arithmetic mean (fib/AKO4X metric):  541.31x
  min=27.41x  max=1354.30x
RESULT: VALID — geomean speedup = 280.48x
==============================================================================
Wrote /home/ziming/kda-ops/kda-runs/formal-kda-h100-20260920--flashinfer--gdn_decode_qk4_v8_d128_k_last/runs/candidates/c002/feedback.json
