
[STAGE] init SolutionDB

[STAGE] initialize world model
WM status: nodes=4 attached_solutions=0 active_leaf_id=materialized_dense_projection depth=1
  last_trace: status=not_benchmarked speedup=- latency=-
  active_path: root:<root> | materialized_dense_projection:execution_family->materialized_dense_projection
  nodes_preview: root:<root> | materialized_dense_projection:execution_family→materialized_dense_projection | token_block_fused_projection_routing:execution_family→token_block_fused_projection_routing | partitioned_projection_final_routing:execution_family→partitioned_projection_final_routing
[STAGE] world model init latency: 79.92s

[STAGE] world model: select next action (cycle start @ round 1)
WM status: nodes=4 attached_solutions=0 active_leaf_id=materialized_dense_projection depth=1
  last_trace: status=not_benchmarked speedup=- latency=-
  active_path: root:<root> | materialized_dense_projection:execution_family->materialized_dense_projection
  nodes_preview: root:<root> | materialized_dense_projection:execution_family→materialized_dense_projection | token_block_fused_projection_routing:execution_family→token_block_fused_projection_routing | partitioned_projection_final_routing:execution_family→partitioned_projection_final_routing
World Model: Open Action Nodes (candidates) frontier=3 total_open=3
1. rating=8.0/10 score=0.84 diff=3/5 conf=0.82 vs_base~0.82x | node_id=materialized_dense_projection parent_id=root | Build the materialized dense-projection baseline — Implement a dense BF16-to-FP32 projection that materializes Mx256 logits, followed by one routing kernel that performs sigmoid, bias adjustment, both top-k stages, normalization, and output stores.
2. rating=7.0/10 score=0.72 diff=4/5 conf=0.63 vs_base~0.74x | node_id=token_block_fused_projection_routing parent_id=root | Prototype token-block fused projection and routing — Implement a fused token-block kernel that computes all 256 logits for a small token block and immediately performs group selection, expert selection, and normalization without writing logits.
3. rating=6.0/10 score=0.66 diff=4/5 conf=0.55 vs_base~0.68x | node_id=partitioned_projection_final_routing parent_id=root | Prototype partitioned projection for tiny token batches — Implement a tiny-token path that partitions the K reduction across independent projection producers, stores FP32 partial logits, and uses a final kernel to combine partials and execute routing.
World Model: Chosen Next Action (from decision tree node)
- node_id: materialized_dense_projection
- base_node_id: root
- title: Build the materialized dense-projection baseline
- difficulty_1_to_5: 3
- description: Implement a dense BF16-to-FP32 projection that materializes Mx256 logits, followed by one routing kernel that performs sigmoid, bias adjustment, both top-k stages, normalization, and output stores.
- expected_vs_baseline_factor: 0.82x
- rationale: This preserves a regular tensor-core projection, isolates top-k correctness, and provides the strongest initial baseline for medium and large token counts.

=== Optimization Round 1/100 ===
[CYCLE] action_node=1 action_node_id=materialized_dense_projection attempt=1 parent_is_root=yes base_code=no

[STAGE] codegen: attempt 1 (round 1) no_improve_streak=0/5 no_improve_over_base=0/5

[STAGE] create Solution object from current code (round 1)

[STAGE] evaluate solution (round 1)
[sol-task] 049_group_limited_topk_routing: 0/5 feedback workloads passed (INCORRECT_NUMERICAL, wall 14.8s)

=== Optimization Round 2/100 ===
[CYCLE] action_node=1 action_node_id=materialized_dense_projection attempt=2 parent_is_root=yes base_code=no

[STAGE] codegen: attempt 2 (round 2) no_improve_streak=1/5 no_improve_over_base=0/5

[STAGE] create Solution object from current code (round 2)

[STAGE] evaluate solution (round 2)
[sol-task] 049_group_limited_topk_routing: 0/5 feedback workloads passed (INCORRECT_NUMERICAL, wall 10.3s)

=== Optimization Round 3/100 ===
[CYCLE] action_node=1 action_node_id=materialized_dense_projection attempt=3 parent_is_root=yes base_code=no

[STAGE] codegen: attempt 3 (round 3) no_improve_streak=2/5 no_improve_over_base=0/5

[STAGE] create Solution object from current code (round 3)

[STAGE] evaluate solution (round 3)
[sol-task] 049_group_limited_topk_routing: 0/5 feedback workloads passed (INCORRECT_NUMERICAL, wall 10.6s)

=== Optimization Round 4/100 ===
[CYCLE] action_node=1 action_node_id=materialized_dense_projection attempt=4 parent_is_root=yes base_code=no

[STAGE] codegen: attempt 4 (round 4) no_improve_streak=3/5 no_improve_over_base=0/5

[STAGE] create Solution object from current code (round 4)

[STAGE] evaluate solution (round 4)
[sol-task] 049_group_limited_topk_routing: 5/5 feedback workloads passed (passed, wall 18.7s)

=== Optimization Round 5/100 ===
[CYCLE] action_node=1 action_node_id=materialized_dense_projection attempt=5 parent_is_root=yes base_code=no

[STAGE] codegen: attempt 5 (round 5) no_improve_streak=0/5 no_improve_over_base=0/5

[STAGE] create Solution object from current code (round 5)

[STAGE] evaluate solution (round 5)
[sol-task] 049_group_limited_topk_routing: 5/5 feedback workloads passed (passed, wall 13.5s)

[STAGE] cycle end: attach+refine best PASSED (round 5, score=7.156)
WM status: nodes=4 attached_solutions=1 active_leaf_id=materialized_dense_projection depth=1
  last_trace: status=not_benchmarked speedup=- latency=-
  active_path: root:<root> | materialized_dense_projection:execution_family->materialized_dense_projection
  nodes_preview: root:<root> | materialized_dense_projection:execution_family→materialized_dense_projection | token_block_fused_projection_routing:execution_family→token_block_fused_projection_routing | partitioned_projection_final_routing:execution_family→partitioned_projection_final_routing
[WM] apply_edit_ops: ops=2 updates=1 inserts=1 split_children=0 deletes=0 new_nodes_added=1/3 skipped_cap=0 skipped_missing_parent=0 skipped_parent_solution_id_mismatch=0 skipped_update_missing_node=0 skipped_insert_invalid_node=0 skipped_split_invalid_children=0 skipped_delete_not_allowed=0
WM status: nodes=5 attached_solutions=1 active_leaf_id=compact_logits_resident_score_routing depth=2
  last_trace: status=passed speedup=7.16x latency=0.1147ms
  active_path: root:<root> | materialized_dense_projection:execution_family->materialized_dense_projection | compact_logits_resident_score_routing:intermediate_and_routing_refinement->bf16_logits_and_resident_score_selection
  nodes_preview: root:<root> | materialized_dense_projection:execution_family→materialized_dense_projection | token_block_fused_projection_routing:execution_family→token_block_fused_projection_routing | partitioned_projection_final_routing:execution_family→partitioned_projection_final_routing | compact_logits_resident_score_routing:intermed ... g_refinement→bf16_logits_and_ ... re_selection

[STAGE] world model: select next action (cycle start @ round 6)
WM status: nodes=5 attached_solutions=1 active_leaf_id=compact_logits_resident_score_routing depth=2
  last_trace: status=passed speedup=7.16x latency=0.1147ms
  active_path: root:<root> | materialized_dense_projection:execution_family->materialized_dense_projection | compact_logits_resident_score_routing:intermediate_and_routing_refinement->bf16_logits_and_resident_score_selection
  nodes_preview: root:<root> | materialized_dense_projection:execution_family→materialized_dense_projection | token_block_fused_projection_routing:execution_family→token_block_fused_projection_routing | partitioned_projection_final_routing:execution_family→partitioned_projection_final_routing | compact_logits_resident_score_routing:intermed ... g_refinement→bf16_logits_and_ ... re_selection
World Model: Open Action Nodes (candidates) frontier=3 total_open=3
1. rating=8.5/10 score=0.84 diff=2/5 conf=0.72 vs_base~7.65x | node_id=compact_logits_resident_score_routing parent_id=materialized_dense_projection | Compact logits and eliminate selected-score reloads
2. rating=7.0/10 score=0.72 diff=4/5 conf=0.63 vs_base~0.74x | node_id=token_block_fused_projection_routing parent_id=root | Prototype token-block fused projection and routing — Implement a fused token-block kernel that computes all 256 logits for a small token block and immediately performs group selection, expert selection, and normalization without writing logits.
3. rating=6.0/10 score=0.66 diff=4/5 conf=0.55 vs_base~0.68x | node_id=partitioned_projection_final_routing parent_id=root | Prototype partitioned projection for tiny token batches — Implement a tiny-token path that partitions the K reduction across independent projection producers, stores FP32 partial logits, and uses a final kernel to combine partials and execute routing.
World Model: Chosen Next Action (from decision tree node)
- node_id: compact_logits_resident_score_routing
- base_node_id: materialized_dense_projection
- title: Compact logits and eliminate selected-score reloads
- difficulty_1_to_5: 2
- expected_vs_baseline_factor: 7.65x

=== Optimization Round 6/100 ===
[CYCLE] action_node=2 action_node_id=compact_logits_resident_score_routing attempt=1 parent_is_root=no base_code=yes

[STAGE] codegen: attempt 1 (round 6) no_improve_streak=0/5 no_improve_over_base=0/5

[STAGE] create Solution object from current code (round 6)

[STAGE] evaluate solution (round 6)
[sol-task] 049_group_limited_topk_routing: 5/5 feedback workloads passed (passed, wall 12.9s)

=== Optimization Round 7/100 ===
[CYCLE] action_node=2 action_node_id=compact_logits_resident_score_routing attempt=2 parent_is_root=no base_code=yes

[STAGE] codegen: attempt 2 (round 7) no_improve_streak=0/5 no_improve_over_base=0/5

[STAGE] create Solution object from current code (round 7)

[STAGE] evaluate solution (round 7)
[sol-task] 049_group_limited_topk_routing: 5/5 feedback workloads passed (passed, wall 15.9s)

=== Optimization Round 8/100 ===
[CYCLE] action_node=2 action_node_id=compact_logits_resident_score_routing attempt=3 parent_is_root=no base_code=yes

[STAGE] codegen: attempt 3 (round 8) no_improve_streak=1/5 no_improve_over_base=0/5

[STAGE] create Solution object from current code (round 8)

[STAGE] evaluate solution (round 8)
[sol-task] 049_group_limited_topk_routing: 5/5 feedback workloads passed (passed, wall 14.0s)

=== Optimization Round 9/100 ===
[CYCLE] action_node=2 action_node_id=compact_logits_resident_score_routing attempt=4 parent_is_root=no base_code=yes

[STAGE] codegen: attempt 4 (round 9) no_improve_streak=0/5 no_improve_over_base=0/5

[STAGE] create Solution object from current code (round 9)

[STAGE] evaluate solution (round 9)
[sol-task] 049_group_limited_topk_routing: 5/5 feedback workloads passed (passed, wall 19.5s)

=== Optimization Round 10/100 ===
[CYCLE] action_node=2 action_node_id=compact_logits_resident_score_routing attempt=5 parent_is_root=no base_code=yes

[STAGE] codegen: attempt 5 (round 10) no_improve_streak=0/5 no_improve_over_base=0/5

[STAGE] create Solution object from current code (round 10)

[STAGE] evaluate solution (round 10)
[sol-task] 049_group_limited_topk_routing: 0/5 feedback workloads passed (RUNTIME_ERROR, wall 15.6s)

[STAGE] cycle end: attach+refine best PASSED (round 9, score=6.942)
WM status: nodes=5 attached_solutions=2 active_leaf_id=compact_logits_resident_score_routing depth=2
  last_trace: status=passed speedup=7.16x latency=0.1147ms
  active_path: root:<root> | materialized_dense_projection:execution_family->materialized_dense_projection | compact_logits_resident_score_routing:intermediate_and_routing_refinement->bf16_logits_and_resident_score_selection
  nodes_preview: root:<root> | materialized_dense_projection:execution_family→materialized_dense_projection | token_block_fused_projection_routing:execution_family→token_block_fused_projection_routing | partitioned_projection_final_routing:execution_family→partitioned_projection_final_routing | compact_logits_resident_score_routing:intermed ... g_refinement→bf16_logits_and_ ... re_selection
[WM] apply_edit_ops: ops=3 updates=2 inserts=1 split_children=0 deletes=0 new_nodes_added=1/3 skipped_cap=0 skipped_missing_parent=0 skipped_parent_solution_id_mismatch=0 skipped_update_missing_node=0 skipped_insert_invalid_node=0 skipped_split_invalid_children=0 skipped_delete_not_allowed=0
WM status: nodes=6 attached_solutions=2 active_leaf_id=token_count_specialized_compact_path depth=3
  last_trace: status=passed speedup=6.94x latency=0.1180ms
  active_path: root:<root> | materialized_dense_projection:execution_family->materialized_dense_projection | compact_logits_resident_score_routing:intermediate_and_routing_refinement->bf16_logits_and_resident_score_selection | token_count_specialized_compact_path:runtime_regime_specialization->token_count_specialized_dispatch
  nodes_preview: root:<root> | materialized_dense_projection:execution_family→materialized_dense_projection | token_block_fused_projection_routing:execution_family→token_block_fused_projection_routing | partitioned_projection_final_routing:execution_family→partitioned_projection_final_routing | compact_logits_resident_score_routing:intermed ... g_refinement→bf16_logits_and_ ... re_selection | token_count_specialized_compact_path:runtime_ ... ecialization→token_count_specialized_dispatch

[STAGE] world model: select next action (cycle start @ round 11)
WM status: nodes=6 attached_solutions=2 active_leaf_id=token_count_specialized_compact_path depth=3
  last_trace: status=passed speedup=6.94x latency=0.1180ms
  active_path: root:<root> | materialized_dense_projection:execution_family->materialized_dense_projection | compact_logits_resident_score_routing:intermediate_and_routing_refinement->bf16_logits_and_resident_score_selection | token_count_specialized_compact_path:runtime_regime_specialization->token_count_specialized_dispatch
  nodes_preview: root:<root> | materialized_dense_projection:execution_family→materialized_dense_projection | token_block_fused_projection_routing:execution_family→token_block_fused_projection_routing | partitioned_projection_final_routing:execution_family→partitioned_projection_final_routing | compact_logits_resident_score_routing:intermed ... g_refinement→bf16_logits_and_ ... re_selection | token_count_specialized_compact_path:runtime_ ... ecialization→token_count_specialized_dispatch
World Model: Open Action Nodes (candidates) frontier=3 total_open=3
1. rating=7.9/10 score=0.76 diff=3/5 conf=0.63 vs_base~7.25x | node_id=token_count_specialized_compact_path parent_id=compact_logits_resident_score_routing | Specialize the compact path by token-count regime
2. rating=7.0/10 score=0.72 diff=4/5 conf=0.63 vs_base~0.74x | node_id=token_block_fused_projection_routing parent_id=root | Prototype token-block fused projection and routing — Implement a fused token-block kernel that computes all 256 logits for a small token block and immediately performs group selection, expert selection, and normalization without writing logits.
3. rating=6.0/10 score=0.66 diff=4/5 conf=0.55 vs_base~0.68x | node_id=partitioned_projection_final_routing parent_id=root | Prototype partitioned projection for tiny token batches — Implement a tiny-token path that partitions the K reduction across independent projection producers, stores FP32 partial logits, and uses a final kernel to combine partials and execute routing.
World Model: Chosen Next Action (from decision tree node)
- node_id: token_count_specialized_compact_path
- base_node_id: compact_logits_resident_score_routing
- title: Specialize the compact path by token-count regime
- difficulty_1_to_5: 3
- expected_vs_baseline_factor: 7.25x

=== Optimization Round 11/100 ===
[CYCLE] action_node=3 action_node_id=token_count_specialized_compact_path attempt=1 parent_is_root=no base_code=yes

[STAGE] codegen: attempt 1 (round 11) no_improve_streak=0/5 no_improve_over_base=0/5

[STAGE] create Solution object from current code (round 11)

[STAGE] evaluate solution (round 11)
[sol-task] 049_group_limited_topk_routing: 5/5 feedback workloads passed (passed, wall 21.7s)

=== Optimization Round 12/100 ===
[CYCLE] action_node=3 action_node_id=token_count_specialized_compact_path attempt=2 parent_is_root=no base_code=yes

[STAGE] codegen: attempt 2 (round 12) no_improve_streak=0/5 no_improve_over_base=0/5

[STAGE] create Solution object from current code (round 12)

[STAGE] evaluate solution (round 12)
[sol-task] 049_group_limited_topk_routing: 5/5 feedback workloads passed (passed, wall 19.6s)

=== Optimization Round 13/100 ===
[CYCLE] action_node=3 action_node_id=token_count_specialized_compact_path attempt=3 parent_is_root=no base_code=yes

[STAGE] codegen: attempt 3 (round 13) no_improve_streak=0/5 no_improve_over_base=0/5

[STAGE] create Solution object from current code (round 13)

[STAGE] evaluate solution (round 13)
[sol-task] 049_group_limited_topk_routing: 5/5 feedback workloads passed (passed, wall 30.2s)

=== Optimization Round 14/100 ===
[CYCLE] action_node=3 action_node_id=token_count_specialized_compact_path attempt=4 parent_is_root=no base_code=yes

[STAGE] codegen: attempt 4 (round 14) no_improve_streak=1/5 no_improve_over_base=0/5

[STAGE] create Solution object from current code (round 14)

[STAGE] evaluate solution (round 14)
[sol-task] 049_group_limited_topk_routing: 5/5 feedback workloads passed (passed, wall 22.0s)

=== Optimization Round 15/100 ===
[CYCLE] action_node=3 action_node_id=token_count_specialized_compact_path attempt=5 parent_is_root=no base_code=yes

[STAGE] codegen: attempt 5 (round 15) no_improve_streak=2/5 no_improve_over_base=0/5

[STAGE] create Solution object from current code (round 15)

[STAGE] evaluate solution (round 15)
[sol-task] 049_group_limited_topk_routing: 5/5 feedback workloads passed (passed, wall 21.5s)

[STAGE] cycle end: attach+refine best PASSED (round 15, score=7.532)
WM status: nodes=6 attached_solutions=3 active_leaf_id=token_count_specialized_compact_path depth=3
  last_trace: status=passed speedup=6.94x latency=0.1180ms
  active_path: root:<root> | materialized_dense_projection:execution_family->materialized_dense_projection | compact_logits_resident_score_routing:intermediate_and_routing_refinement->bf16_logits_and_resident_score_selection | token_count_specialized_compact_path:runtime_regime_specialization->token_count_specialized_dispatch
  nodes_preview: root:<root> | materialized_dense_projection:execution_family→materialized_dense_projection | token_block_fused_projection_routing:execution_family→token_block_fused_projection_routing | partitioned_projection_final_routing:execution_family→partitioned_projection_final_routing | compact_logits_resident_score_routing:intermed ... g_refinement→bf16_logits_and_ ... re_selection | token_count_specialized_compact_path:runtime_ ... ecialization→token_count_specialized_dispatch
