==============================================================================
Definition : gdn_decode_qk4_v8_d128_k_last  (op_type=gdn)
Solution   : /home/ziming/kda-ops/kda-control/formal-kda-h100-20260920--flashinfer--gdn_decode_qk4_v8_d128_k_last/candidates/c001/solution.py
Device     : cuda:0  (NVIDIA H100 80GB HBM3)
Workloads  : 54   trials=1 warmup=2 iters=10
Selected   : [0, 1, 2, 3, 4, 5, 6, 7, 8, 9, 10, 11, 12, 13, 14, 15, 16, 17, 18, 19, 20, 21, 22, 23, 24, 25, 26, 27, 28, 29, 30, 31, 32, 33, 34, 35, 36, 37, 38, 39, 40, 41, 42, 43, 44, 45, 46, 47, 48, 49, 50, 51, 52, 53]
Tolerance  : atol=0.01 rtol=0.01 matched_ratio=0.99
==============================================================================
[1/54] 901e5104 axes={'batch_size': 1}: PASSED  ref=1.3952ms sol=0.0697ms  speedup=20.01x  abs=5.96e-08 rel=3.43e-03
[2/54] a5714b69 axes={'batch_size': 1}: PASSED  ref=1.3661ms sol=0.0626ms  speedup=21.82x  abs=2.38e-07 rel=1.03e-02
[3/54] 3daa0974 axes={'batch_size': 1}: PASSED  ref=1.3665ms sol=0.0623ms  speedup=21.93x  abs=2.98e-08 rel=5.42e-03
[4/54] 22d5cef5 axes={'batch_size': 1}: PASSED  ref=1.3588ms sol=0.0635ms  speedup=21.40x  abs=1.19e-07 rel=6.76e-03
[5/54] aed4bdd4 axes={'batch_size': 1}: PASSED  ref=1.3648ms sol=0.0632ms  speedup=21.58x  abs=2.24e-08 rel=5.28e-03
[6/54] 49a125e5 axes={'batch_size': 1}: PASSED  ref=1.3672ms sol=0.0612ms  speedup=22.33x  abs=2.38e-07 rel=2.59e-03
[7/54] 798635cf axes={'batch_size': 1}: PASSED  ref=1.3700ms sol=0.0629ms  speedup=21.80x  abs=1.19e-07 rel=2.88e-03
[8/54] 5716e24a axes={'batch_size': 1}: PASSED  ref=1.3641ms sol=0.0619ms  speedup=22.02x  abs=2.38e-07 rel=1.38e-03
[9/54] 4c7df22f axes={'batch_size': 1}: PASSED  ref=1.3662ms sol=0.0621ms  speedup=21.99x  abs=2.98e-07 rel=2.31e-02
[10/54] d0e91dea axes={'batch_size': 1}: PASSED  ref=1.3680ms sol=0.0626ms  speedup=21.86x  abs=5.96e-08 rel=3.58e-03
[11/54] ec9d2340 axes={'batch_size': 4}: PASSED  ref=4.8591ms sol=0.0623ms  speedup=77.97x  abs=2.38e-07 rel=5.41e-03
[12/54] 9f238670 axes={'batch_size': 4}: PASSED  ref=4.8407ms sol=0.0625ms  speedup=77.50x  abs=3.73e-08 rel=1.19e-02
[13/54] 6d929bff axes={'batch_size': 4}: PASSED  ref=4.9511ms sol=0.0646ms  speedup=76.59x  abs=2.38e-07 rel=1.56e-02
[14/54] 494844dc axes={'batch_size': 4}: PASSED  ref=4.8177ms sol=0.0654ms  speedup=73.62x  abs=7.45e-08 rel=4.39e-03
[15/54] 26f760ab axes={'batch_size': 4}: PASSED  ref=4.8487ms sol=0.0623ms  speedup=77.84x  abs=1.79e-07 rel=2.44e-02
[16/54] deecf42e axes={'batch_size': 4}: PASSED  ref=4.8384ms sol=0.0614ms  speedup=78.82x  abs=2.09e-07 rel=1.86e-02
[17/54] 9a92acbc axes={'batch_size': 4}: PASSED  ref=4.8475ms sol=0.0630ms  speedup=76.91x  abs=8.94e-08 rel=5.98e-03
[18/54] fa90b213 axes={'batch_size': 4}: PASSED  ref=5.1128ms sol=0.0621ms  speedup=82.31x  abs=1.43e-06 rel=3.15e-02
[19/54] 2640f1e3 axes={'batch_size': 8}: PASSED  ref=9.5900ms sol=0.0710ms  speedup=135.06x  abs=1.19e-07 rel=1.52e-02
[20/54] 7464a1d6 axes={'batch_size': 8}: PASSED  ref=9.4795ms sol=0.0641ms  speedup=147.78x  abs=9.54e-07 rel=1.27e-02
[21/54] 25d1f606 axes={'batch_size': 8}: PASSED  ref=9.5218ms sol=0.0634ms  speedup=150.12x  abs=5.96e-08 rel=9.10e-03
[22/54] fe2e6584 axes={'batch_size': 8}: PASSED  ref=9.4862ms sol=0.0625ms  speedup=151.66x  abs=2.20e-07 rel=1.51e-02
[23/54] ca62112d axes={'batch_size': 8}: PASSED  ref=9.4575ms sol=0.0618ms  speedup=152.98x  abs=8.94e-08 rel=1.36e-02
[24/54] 61dfd334 axes={'batch_size': 8}: PASSED  ref=9.6397ms sol=0.0627ms  speedup=153.67x  abs=3.81e-06 rel=1.16e-02
[25/54] abec5d32 axes={'batch_size': 8}: PASSED  ref=9.4519ms sol=0.0633ms  speedup=149.21x  abs=2.09e-07 rel=1.60e-02
[26/54] 76eec66d axes={'batch_size': 16}: PASSED  ref=18.9373ms sol=0.0629ms  speedup=300.86x  abs=2.38e-07 rel=3.43e-02
[27/54] f0507025 axes={'batch_size': 16}: PASSED  ref=18.7304ms sol=0.0627ms  speedup=298.73x  abs=6.10e-05 rel=4.46e-02
[28/54] d1508f6d axes={'batch_size': 16}: PASSED  ref=18.7062ms sol=0.0634ms  speedup=295.06x  abs=2.38e-07 rel=6.20e-03
[29/54] 63d4cb66 axes={'batch_size': 16}: PASSED  ref=18.9054ms sol=0.0630ms  speedup=300.15x  abs=1.79e-07 rel=1.56e-02
[30/54] ef6bb01d axes={'batch_size': 16}: PASSED  ref=18.8223ms sol=0.0627ms  speedup=300.15x  abs=1.04e-07 rel=1.25e-02
[31/54] d0acf04a axes={'batch_size': 16}: PASSED  ref=18.7247ms sol=0.0643ms  speedup=291.38x  abs=7.63e-06 rel=2.11e-02
[32/54] ac83f1e4 axes={'batch_size': 16}: PASSED  ref=18.7524ms sol=0.0640ms  speedup=293.14x  abs=8.94e-08 rel=1.06e-02
[33/54] a8c8beff axes={'batch_size': 32}: PASSED  ref=37.5688ms sol=0.0636ms  speedup=590.62x  abs=4.77e-07 rel=3.44e-02
[34/54] 40940a4c axes={'batch_size': 32}: PASSED  ref=35.5944ms sol=0.0568ms  speedup=626.52x  abs=5.96e-07 rel=8.49e-02
[35/54] 0915952b axes={'batch_size': 32}: PASSED  ref=33.4264ms sol=0.0570ms  speedup=586.58x  abs=9.54e-07 rel=2.49e-02
[36/54] d38dde79 axes={'batch_size': 32}: PASSED  ref=33.1911ms sol=0.0560ms  speedup=592.33x  abs=1.19e-06 rel=1.02e-01
[37/54] 388f79b1 axes={'batch_size': 32}: PASSED  ref=33.4593ms sol=0.0559ms  speedup=598.17x  abs=1.79e-07 rel=1.12e-02
[38/54] 80288532 axes={'batch_size': 32}: PASSED  ref=33.2132ms sol=0.0553ms  speedup=601.10x  abs=2.68e-07 rel=3.27e-02
[39/54] 773a4157 axes={'batch_size': 32}: PASSED  ref=33.4428ms sol=0.0564ms  speedup=593.19x  abs=4.77e-07 rel=2.05e-02
[40/54] 53385c7f axes={'batch_size': 48}: PASSED  ref=49.7145ms sol=0.0584ms  speedup=850.90x  abs=1.91e-06 rel=3.72e-02
[41/54] 45e7697a axes={'batch_size': 48}: PASSED  ref=51.4591ms sol=0.0591ms  speedup=871.13x  abs=4.77e-07 rel=1.65e-02
[42/54] 34403e5b axes={'batch_size': 48}: PASSED  ref=52.0214ms sol=0.0595ms  speedup=874.30x  abs=4.77e-07 rel=1.34e-02
[43/54] b91cc4aa axes={'batch_size': 48}: PASSED  ref=51.3666ms sol=0.0582ms  speedup=882.03x  abs=9.54e-07 rel=1.61e-01
[44/54] 4c38f0e4 axes={'batch_size': 48}: PASSED  ref=50.2313ms sol=0.0630ms  speedup=797.91x  abs=3.05e-05 rel=6.31e-02
[45/54] be91d78c axes={'batch_size': 48}: PASSED  ref=49.9926ms sol=0.0584ms  speedup=856.27x  abs=3.81e-06 rel=2.35e-01
[46/54] 3803367a axes={'batch_size': 48}: PASSED  ref=52.2320ms sol=0.0595ms  speedup=878.36x  abs=1.19e-07 rel=1.37e-02
[47/54] eaf0a285 axes={'batch_size': 64}: PASSED  ref=66.2801ms sol=0.0647ms  speedup=1024.71x  abs=4.77e-07 rel=2.89e-02
[48/54] f4fd2171 axes={'batch_size': 64}: PASSED  ref=67.0056ms sol=0.0659ms  speedup=1016.32x  abs=1.91e-06 rel=1.64e-02
[49/54] b1931bc6 axes={'batch_size': 64}: PASSED  ref=66.5330ms sol=0.0640ms  speedup=1039.06x  abs=9.54e-07 rel=7.65e-02
[50/54] 8d0c5789 axes={'batch_size': 64}: PASSED  ref=66.4209ms sol=0.0650ms  speedup=1021.33x  abs=1.19e-07 rel=2.59e-02
[51/54] 9eef9bc7 axes={'batch_size': 64}: PASSED  ref=66.2276ms sol=0.0639ms  speedup=1035.89x  abs=3.81e-06 rel=6.07e-02
[52/54] 58571e49 axes={'batch_size': 64}: PASSED  ref=66.1049ms sol=0.0645ms  speedup=1025.40x  abs=3.58e-07 rel=1.14e-01
[53/54] ef2cf980 axes={'batch_size': 64}: PASSED  ref=66.6439ms sol=0.0635ms  speedup=1049.60x  abs=3.81e-06 rel=4.52e-02
[54/54] 42963acb axes={'batch_size': 64}: PASSED  ref=66.5945ms sol=0.0638ms  speedup=1043.20x  abs=3.05e-05 rel=6.63e-01
==============================================================================
Passed: 54/54    valid_run=True
GEOMEAN speedup (optimization target): 207.10x
  arithmetic mean (fib/AKO4X metric):  415.06x
  min=20.01x  max=1049.60x
RESULT: VALID — geomean speedup = 207.10x
==============================================================================
Wrote /home/ziming/kda-ops/kda-runs/formal-kda-h100-20260920--flashinfer--gdn_decode_qk4_v8_d128_k_last/runs/candidates/c001/feedback.json
