[09-22 18:45:05] STTS start: 4 tasks, iters=10 turns/seg=5 keep=4 patience=0 servers=http://127.0.0.1:8001/v1
[09-22 18:45:05] GPU pool [2, 3] | free now: [2, 3] | our max parallel: 2
[09-22 18:45:05] === STTS task 2: SOL/L1/053_gaussian_topk_sparse_activation (12 wl) ===
[09-22 18:45:05]   refcache exists: /home/ziming/whr/run/baseline/drtriton/kbstyle_campaign_v2_20260922/refcache/sol/053_gaussian_topk_sparse_activation/reference_cache.json
[09-22 18:45:05] === STTS task 1: flashinfer/mla_paged_decode_h16_ckv512_kpe64_ps1 (47 wl) ===
[09-22 18:45:05]   refcache exists: /home/ziming/whr/run/baseline/drtriton/kbstyle_campaign_v2_20260922/refcache/fib/mla_paged_decode_h16_ckv512_kpe64_ps1
[09-22 18:45:05] === STTS task 3: SOL/L1/058_moe_expert_token_radix_sort_with_prefix_sum (16 wl) ===
[09-22 18:45:05]   refcache exists: /home/ziming/whr/run/baseline/drtriton/kbstyle_campaign_v2_20260922/refcache/sol/058_moe_expert_token_radix_sort_with_prefix_sum/reference_cache.json
[09-22 18:45:05] === STTS task 4: SOL/L2/030_flux_concatenated_sequence_processing_with_split (16 wl) ===
[09-22 18:45:05]   refcache exists: /home/ziming/whr/run/baseline/drtriton/kbstyle_campaign_v2_20260922/refcache/sol/030_flux_concatenated_sequence_processing_with_split/reference_cache.json
[09-22 18:46:22]   GPU 2: foreign pids [1122837] landed mid-eval; aborting, will wait for the GPU to empty and re-run this evaluation
[09-22 18:46:28]   seg1 turn+1: 1/7 valid
[09-22 18:46:47]   seg1 turn+1: 1/7 valid
[09-22 18:47:55]   seg1 turn+1: 0/7 valid
[09-22 18:48:18]   seg1 turn+1: 0/7 valid
[09-22 18:48:19]   seg1 turn+2: 0/7 valid
[09-22 18:48:23]   seg1 turn+2: 0/7 valid
[09-22 18:49:48]   seg1 turn+2: 0/7 valid
[09-22 18:50:26]   seg1 turn+3: 1/7 valid
[09-22 18:50:50]   seg1 turn+2: 0/7 valid
[09-22 18:51:00]   seg1 turn+3: 0/7 valid
[09-22 18:51:20]   seg1 turn+3: 1/7 valid
[09-22 18:51:39]   seg1 turn+4: 0/7 valid
[09-22 18:52:23]   seg1 turn+4: 0/7 valid
[09-22 18:52:59]   seg1 turn+3: 0/7 valid
[09-22 18:53:11]   seg1 turn+5: 0/7 valid
[09-22 18:53:11]   iter 1/10: +5 turns, done 0/7
[09-22 18:54:35]   seg1 turn+4: 1/7 valid
[09-22 18:54:40]   seg2 turn+1: 2/7 valid
[09-22 18:54:43]   seg1 turn+5: 0/7 valid
[09-22 18:54:43]   iter 1/10: +5 turns, done 0/7
[09-22 18:55:09]   seg1 turn+4: 0/7 valid
[09-22 18:55:56]   seg2 turn+2: 0/7 valid
[09-22 18:56:27]   seg1 turn+5: 0/7 valid
[09-22 18:56:27]   iter 1/10: +5 turns, done 0/7
[09-22 18:57:48]   seg2 turn+3: 2/7 valid
[09-22 18:57:52]   seg2 turn+1: 0/7 valid
[09-22 18:58:16]   seg1 turn+5: 0/7 valid
[09-22 18:58:16]   iter 1/10: +5 turns, done 0/7
[09-22 18:58:43]   seg2 turn+1: 0/7 valid
[09-22 18:59:09]   GPU 3: foreign pids [1308554] landed mid-eval; aborting, will wait for the GPU to empty and re-run this evaluation
[09-22 18:59:16]   seg2 turn+4: 3/7 valid
[09-22 18:59:42]   seg2 turn+2: 0/7 valid
[09-22 19:00:48]   seg2 turn+2: 0/7 valid
[09-22 19:00:59]   GPU 3: foreign pids [1338180] landed mid-eval; aborting, will wait for the GPU to empty and re-run this evaluation
[09-22 19:01:05]   seg2 turn+3: 0/7 valid
[09-22 19:01:29]   seg2 turn+1: 0/7 valid
[09-22 19:01:31]   seg2 turn+5: 2/7 valid
[09-22 19:01:31]   iter 2/10: +5 turns, done 0/7
[09-22 19:02:21]   seg2 turn+3: 1/7 valid
[09-22 19:02:25]   seg2 turn+4: 0/7 valid
[09-22 19:03:21]   seg3 turn+1: 4/7 valid
[09-22 19:04:08]   seg2 turn+2: 0/7 valid
[09-22 19:04:31]   seg2 turn+4: 0/7 valid
[09-22 19:04:56]   seg2 turn+5: 0/7 valid
[09-22 19:04:56]   iter 2/10: +5 turns, done 0/7
[09-22 19:05:05]   seg3 turn+2: 3/7 valid
[09-22 19:05:56]   seg2 turn+3: 0/7 valid
[09-22 19:06:34]   seg2 turn+5: 0/7 valid
[09-22 19:06:34]   iter 2/10: +5 turns, done 0/7
[09-22 19:07:03]   seg3 turn+1: 0/7 valid
[09-22 19:07:07]   seg3 turn+3: 2/7 valid
[09-22 19:07:41]   seg2 turn+4: 0/7 valid
[09-22 19:08:40]   seg3 turn+1: 0/7 valid
[09-22 19:09:04]   seg3 turn+4: 2/7 valid
[09-22 19:10:12]   seg3 turn+2: 0/7 valid
[09-22 19:10:17]   seg2 turn+5: 0/7 valid
[09-22 19:10:17]   iter 2/10: +5 turns, done 0/7
[09-22 19:10:22]   seg3 turn+2: 0/7 valid
[09-22 19:10:57]   seg3 turn+5: 1/7 valid
[09-22 19:10:57]   iter 3/10: +5 turns, done 0/7
[09-22 19:12:23]   seg3 turn+1: 0/7 valid
[09-22 19:12:37]   seg3 turn+3: 0/7 valid
[09-22 19:12:42]   seg3 turn+3: 0/7 valid
[09-22 19:13:01]   seg4 turn+1: 2/7 valid
[09-22 19:14:48]   seg3 turn+2: 0/7 valid
[09-22 19:15:02]   seg3 turn+4: 0/7 valid
[09-22 19:15:15]   seg4 turn+2: 1/7 valid
[09-22 19:15:28]   seg3 turn+4: 0/7 valid
[09-22 19:16:31]   seg3 turn+5: 0/7 valid
[09-22 19:16:31]   iter 3/10: +5 turns, done 0/7
[09-22 19:17:12]   seg3 turn+3: 0/7 valid
[09-22 19:17:22]   seg4 turn+3: 0/7 valid
[09-22 19:17:39]   seg3 turn+5: 0/7 valid
[09-22 19:17:39]   iter 3/10: +5 turns, done 0/7
[09-22 19:18:10]   seg4 turn+1: 0/7 valid
[09-22 19:18:55]   seg4 turn+4: 1/7 valid
[09-22 19:19:55]   seg4 turn+1: 0/7 valid
[09-22 19:19:57]   seg3 turn+4: 0/7 valid
[09-22 19:20:24]   seg4 turn+5: 2/7 valid
[09-22 19:20:24]   iter 4/10: +5 turns, done 0/7
[09-22 19:20:55]   seg4 turn+2: 0/7 valid
[09-22 19:21:48]   seg4 turn+2: 1/7 valid
[09-22 19:21:57]   seg5 turn+1: 0/7 valid
[09-22 19:23:06]   seg4 turn+3: 1/7 valid
[09-22 19:23:41]   seg5 turn+2: 2/7 valid
[09-22 19:23:56]   seg4 turn+3: 0/7 valid
[09-22 19:24:29]   seg4 turn+4: 0/7 valid
[09-22 19:25:25]   seg5 turn+3: 1/7 valid
[09-22 19:25:38]   seg4 turn+4: 0/7 valid
[09-22 19:26:02]   seg4 turn+5: 0/7 valid
[09-22 19:26:02]   iter 4/10: +5 turns, done 0/7
[09-22 19:26:51]   seg5 turn+4: 0/7 valid
[09-22 19:27:11]   seg4 turn+5: 0/7 valid
[09-22 19:27:11]   iter 4/10: +5 turns, done 0/7
[09-22 19:27:44]   seg5 turn+1: 0/7 valid
[09-22 19:28:29]   seg5 turn+5: 0/7 valid
[09-22 19:28:29]   iter 5/10: +5 turns, done 0/7
[09-22 19:28:39]   seg5 turn+1: 0/7 valid
[09-22 19:30:06]   seg5 turn+2: 0/7 valid
[09-22 19:30:11]   seg5 turn+2: 0/7 valid
[09-22 19:31:43] STTS start: 4 tasks, iters=10 turns/seg=5 keep=4 patience=0 servers=http://127.0.0.1:8001/v1
[09-22 19:31:43] GPU pool [2] | free now: [2] | our max parallel: 1
[09-22 19:31:43] === STTS task 1: flashinfer/mla_paged_decode_h16_ckv512_kpe64_ps1 (47 wl) ===
[09-22 19:31:43]   refcache exists: /home/ziming/whr/run/baseline/drtriton/kbstyle_campaign_v2_20260922/refcache/fib/mla_paged_decode_h16_ckv512_kpe64_ps1
[09-22 19:31:43] === STTS task 2: SOL/L1/053_gaussian_topk_sparse_activation (12 wl) ===
[09-22 19:31:43] === STTS task 4: SOL/L2/030_flux_concatenated_sequence_processing_with_split (16 wl) ===
[09-22 19:31:43]   refcache exists: /home/ziming/whr/run/baseline/drtriton/kbstyle_campaign_v2_20260922/refcache/sol/053_gaussian_topk_sparse_activation/reference_cache.json
[09-22 19:31:43]   refcache exists: /home/ziming/whr/run/baseline/drtriton/kbstyle_campaign_v2_20260922/refcache/sol/030_flux_concatenated_sequence_processing_with_split/reference_cache.json
[09-22 19:31:43] === STTS task 3: SOL/L1/058_moe_expert_token_radix_sort_with_prefix_sum (16 wl) ===
[09-22 19:31:43]   refcache exists: /home/ziming/whr/run/baseline/drtriton/kbstyle_campaign_v2_20260922/refcache/sol/058_moe_expert_token_radix_sort_with_prefix_sum/reference_cache.json
[09-22 19:33:31]   seg5 turn+1: 0/7 valid
[09-22 19:33:36]   GPU 2: foreign pids [1889380] landed mid-eval; aborting, will wait for the GPU to empty and re-run this evaluation
[09-22 19:33:47]   seg3 turn+1: 0/7 valid
[09-22 19:33:47]   iter 3/10: +1 turns, done 0/7
[09-22 19:34:26]   seg5 turn+1: 1/7 valid
[09-22 19:34:37]   seg5 turn+1: 2/7 valid
[09-22 19:34:56]   seg5 turn+2: 0/7 valid
[09-22 19:36:02]   seg4 turn+1: 0/7 valid
[09-22 19:36:23]   seg5 turn+2: 0/7 valid
[09-22 19:36:26]   seg5 turn+3: 0/7 valid
[09-22 19:36:26]   iter 5/10: +3 turns, done 0/7
[09-22 19:36:37]   seg5 turn+2: 2/7 valid
[09-22 19:38:24] STTS start: 4 tasks, iters=10 turns/seg=5 keep=4 patience=0 servers=http://127.0.0.1:8001/v1
[09-22 19:38:24] GPU pool [2, 4] | free now: [] | our max parallel: 2
[09-22 19:38:24] === STTS task 2: SOL/L1/053_gaussian_topk_sparse_activation (12 wl) ===
[09-22 19:38:24]   refcache exists: /home/ziming/whr/run/baseline/drtriton/kbstyle_campaign_v2_20260922/refcache/sol/053_gaussian_topk_sparse_activation/reference_cache.json
[09-22 19:38:24] === STTS task 1: flashinfer/mla_paged_decode_h16_ckv512_kpe64_ps1 (47 wl) ===
[09-22 19:38:24]   refcache exists: /home/ziming/whr/run/baseline/drtriton/kbstyle_campaign_v2_20260922/refcache/fib/mla_paged_decode_h16_ckv512_kpe64_ps1
[09-22 19:38:24] === STTS task 3: SOL/L1/058_moe_expert_token_radix_sort_with_prefix_sum (16 wl) ===
[09-22 19:38:24]   refcache exists: /home/ziming/whr/run/baseline/drtriton/kbstyle_campaign_v2_20260922/refcache/sol/058_moe_expert_token_radix_sort_with_prefix_sum/reference_cache.json
[09-22 19:38:24] === STTS task 4: SOL/L2/030_flux_concatenated_sequence_processing_with_split (16 wl) ===
[09-22 19:38:24]   refcache exists: /home/ziming/whr/run/baseline/drtriton/kbstyle_campaign_v2_20260922/refcache/sol/030_flux_concatenated_sequence_processing_with_split/reference_cache.json
[09-22 19:41:54] GPU pool: all busy, waiting (externally free: [], ours: [])
[09-22 19:41:54] GPU pool: all busy, waiting (externally free: [], ours: [])
[09-22 19:43:37] GPU 4 acquired after 103s wait
[09-22 19:43:42]   seg5 turn+1: 0/7 valid
[09-22 19:43:58] GPU pool: all busy, waiting (externally free: [4], ours: [4])
[09-22 19:44:07]   seg4 turn+1: 0/7 valid
[09-22 19:44:22]   seg5 turn+1: 1/7 valid
[09-22 19:46:01] GPU pool: all busy, waiting (externally free: [], ours: [4])
[09-22 19:47:29]   seg5 turn+2: 0/7 valid
[09-22 19:47:38]   seg5 turn+2: 0/7 valid
[09-22 19:47:43]   seg4 turn+2: 0/7 valid
[09-22 19:47:53] GPU 4 acquired after 112s wait
[09-22 19:47:58]   seg5 turn+1: 0/7 valid
[09-22 19:50:45] GPU pool: all busy, waiting (externally free: [], ours: [4])
[09-22 19:51:07]   seg5 turn+3: 1/7 valid
[09-22 19:51:07]   iter 5/10: +3 turns, done 0/7
[09-22 19:51:26]   seg4 turn+3: 0/7 valid
[09-22 19:51:46]   seg5 turn+2: 0/7 valid
[09-22 19:52:14]   seg6 turn+1: 0/7 valid
[09-22 19:52:16] GPU 4 acquired after 91s wait
[09-22 19:52:24]   seg5 turn+3: 0/7 valid
[09-22 19:53:11]   GPU 4: foreign pids [2184905] landed mid-eval; aborting, will wait for the GPU to empty and re-run this evaluation
[09-22 19:53:26]   seg5 turn+3: 0/7 valid
[09-22 19:53:26]   iter 5/10: +3 turns, done 0/7
[09-22 19:53:54]   seg6 turn+2: 0/7 valid
[09-22 19:54:09]   seg5 turn+4: 0/7 valid
[09-22 19:54:21]   GPU 4: foreign pids [2201864] landed mid-eval; aborting, will wait for the GPU to empty and re-run this evaluation
[09-22 19:54:35]   seg6 turn+1: 0/7 valid
[09-22 19:54:43] GPU 4 acquired after 123s wait
[09-22 19:54:46]   seg4 turn+4: 0/7 valid
[09-22 19:54:46]   iter 4/10: +4 turns, done 0/7
[09-22 19:55:34]   seg5 turn+5: 0/7 valid
[09-22 19:55:34]   iter 5/10: +5 turns, done 0/7
[09-22 19:55:48]   GPU 4: foreign pids [2224657] landed mid-eval; aborting, will wait for the GPU to empty and re-run this evaluation
[09-22 19:56:05]   seg6 turn+2: 0/7 valid
[09-22 19:56:20]   seg5 turn+1: 0/7 valid
[09-22 19:56:27] GPU 4 acquired after 92s wait
[09-22 19:56:31]   seg6 turn+3: 0/7 valid
[09-22 19:58:24]   GPU 4: foreign pids [2258871] landed mid-eval; aborting, will wait for the GPU to empty and re-run this evaluation
[09-22 19:58:50]   seg5 turn+2: 0/7 valid
[09-22 19:58:59]   seg6 turn+1: 0/7 valid
[09-22 19:59:04] GPU pool: all busy, waiting (externally free: [], ours: [4])
[09-22 19:59:23]   seg6 turn+4: 2/7 valid
[09-22 19:59:25] GPU 4 acquired after 20s wait
[09-22 19:59:29]   seg6 turn+3: 1/7 valid
[09-22 20:00:31]   seg5 turn+3: 0/7 valid
[09-22 20:00:43]   GPU 4: foreign pids [2292206] landed mid-eval; aborting, will wait for the GPU to empty and re-run this evaluation
[09-22 20:01:23]   seg6 turn+5: 1/7 valid
[09-22 20:01:23]   iter 6/10: +5 turns, done 0/7
[09-22 20:02:03]   seg6 turn+4: 1/7 valid
[09-22 20:02:20] GPU pool: all busy, waiting (externally free: [], ours: [4])
[09-22 20:02:25]   seg5 turn+4: 0/7 valid
[09-22 20:02:34]   seg7 turn+1: 1/7 valid
[09-22 20:02:40] GPU 4 acquired after 20s wait
[09-22 20:02:48]   seg6 turn+2: 0/7 valid
[09-22 20:05:21] GPU pool: all busy, waiting (externally free: [], ours: [4])
[09-22 20:05:51]   seg6 turn+3: 1/7 valid
[09-22 20:06:00]   seg7 turn+2: 0/7 valid
[09-22 20:06:04]   seg5 turn+5: 0/7 valid
[09-22 20:06:04]   iter 5/10: +5 turns, done 0/7
[09-22 20:06:12] GPU 4 acquired after 51s wait
[09-22 20:06:18]   seg6 turn+5: 1/7 valid
[09-22 20:06:18]   iter 6/10: +5 turns, done 0/7
[09-22 20:07:31]   GPU 4: foreign pids [2396878] landed mid-eval; aborting, will wait for the GPU to empty and re-run this evaluation
[09-22 20:08:14]   GPU 4: foreign pids [2408594] landed mid-eval; aborting, will wait for the GPU to empty and re-run this evaluation
[09-22 20:08:18]   seg6 turn+4: 0/7 valid
[09-22 20:08:27]   seg6 turn+1: 0/7 valid
[09-22 20:08:30] GPU 4 acquired after 73s wait
[09-22 20:08:34]   seg7 turn+3: 1/7 valid
[09-22 20:09:25]   seg6 turn+5: 0/7 valid
[09-22 20:09:25]   iter 6/10: +5 turns, done 0/7
[09-22 20:09:26] GPU 4 acquired after 41s wait
[09-22 20:09:31]   seg7 turn+1: 0/7 valid
[09-22 20:10:30]   seg6 turn+2: 0/7 valid
[09-22 20:10:33] GPU 4 acquired after 31s wait
[09-22 20:10:38]   seg7 turn+4: 1/7 valid
[09-22 20:11:11]   seg7 turn+1: 1/7 valid
[09-22 20:11:27] GPU 4 acquired after 51s wait
[09-22 20:11:36]   seg7 turn+2: 0/7 valid
[09-22 20:12:10]   GPU 4: foreign pids [2468065] landed mid-eval; aborting, will wait for the GPU to empty and re-run this evaluation
[09-22 20:12:51] GPU 4 acquired after 41s wait
[09-22 20:12:54]   GPU 4: foreign pids [2479099] landed mid-eval; aborting, will wait for the GPU to empty and re-run this evaluation
[09-22 20:13:40] GPU 4 acquired after 104s wait
[09-22 20:13:44]   GPU 4: foreign pids [2490022] landed mid-eval; aborting, will wait for the GPU to empty and re-run this evaluation
[09-22 20:13:54] GPU 4 acquired after 10s wait
[09-22 20:14:06] GPU 2 acquired after 72s wait
[09-22 20:14:23]   seg7 turn+5: 0/7 valid
[09-22 20:14:23]   iter 7/10: +5 turns, done 0/7
[09-22 20:14:30]   seg6 turn+3: 0/7 valid
[09-22 20:14:41]   GPU 4: foreign pids [2506877] landed mid-eval; aborting, will wait for the GPU to empty and re-run this evaluation
[09-22 20:14:46]   GPU 4: foreign pids [2508069] landed mid-eval; aborting, will wait for the GPU to empty and re-run this evaluation
[09-22 20:14:51]   seg7 turn+3: 0/7 valid
[09-22 20:14:58]   seg7 turn+2: 1/7 valid
[09-22 20:15:41]   GPU 2: foreign pids [2522689] landed mid-eval; aborting, will wait for the GPU to empty and re-run this evaluation
[09-22 20:15:46]   GPU 2: foreign pids [2524309] landed mid-eval; aborting, will wait for the GPU to empty and re-run this evaluation
[09-22 20:15:54]   GPU 4: foreign pids [2525154] landed mid-eval; aborting, will wait for the GPU to empty and re-run this evaluation
[09-22 20:16:08]   seg8 turn+1: 2/7 valid
[09-22 20:16:11]   seg6 turn+4: 0/7 valid
[09-22 20:16:17]   GPU 4: foreign pids [2532722] landed mid-eval; aborting, will wait for the GPU to empty and re-run this evaluation
[09-22 20:16:30]   seg7 turn+3: 1/7 valid
[09-22 20:16:39]   GPU 2: foreign pids [2539057] landed mid-eval; aborting, will wait for the GPU to empty and re-run this evaluation
[09-22 20:17:07]   seg7 turn+4: 1/7 valid
[09-22 20:17:39]   seg6 turn+5: 0/7 valid
[09-22 20:17:39]   iter 6/10: +5 turns, done 0/7
[09-22 20:17:41]   seg8 turn+2: 1/7 valid
[09-22 20:18:04]   seg7 turn+4: 0/7 valid
[09-22 20:18:34]   GPU 2: foreign pids [2566087] landed mid-eval; aborting, will wait for the GPU to empty and re-run this evaluation
[09-22 20:18:44]   seg7 turn+5: 0/7 valid
[09-22 20:18:44]   iter 7/10: +5 turns, done 0/7
[09-22 20:19:20]   seg7 turn+1: 0/7 valid
[09-22 20:19:25]   GPU 2: foreign pids [2576626] landed mid-eval; aborting, will wait for the GPU to empty and re-run this evaluation
[09-22 20:19:29]   seg8 turn+3: 1/7 valid
[09-22 20:20:25]   seg7 turn+5: 0/7 valid
[09-22 20:20:25]   iter 7/10: +5 turns, done 0/7
[09-22 20:20:34]   seg8 turn+1: 0/7 valid
[09-22 20:21:17]   seg7 turn+2: 0/7 valid
[09-22 20:21:24]   seg8 turn+4: 1/7 valid
[09-22 20:22:09]   seg8 turn+1: 1/7 valid
[09-22 20:22:50]   seg8 turn+2: 0/7 valid
[09-22 20:23:15] STTS start: 4 tasks, iters=10 turns/seg=5 keep=4 patience=0 servers=http://127.0.0.1:8001/v1
[09-22 20:23:16] GPU pool [2, 3, 4] | free now: [2, 3, 4] | our max parallel: 3
[09-22 20:23:16] === STTS task 1: flashinfer/mla_paged_decode_h16_ckv512_kpe64_ps1 (47 wl) ===
[09-22 20:23:16]   refcache exists: /home/ziming/whr/run/baseline/drtriton/kbstyle_campaign_v2_20260922/refcache/fib/mla_paged_decode_h16_ckv512_kpe64_ps1
[09-22 20:23:16] === STTS task 2: SOL/L1/053_gaussian_topk_sparse_activation (12 wl) ===
[09-22 20:23:16]   refcache exists: /home/ziming/whr/run/baseline/drtriton/kbstyle_campaign_v2_20260922/refcache/sol/053_gaussian_topk_sparse_activation/reference_cache.json
[09-22 20:23:16] === STTS task 3: SOL/L1/058_moe_expert_token_radix_sort_with_prefix_sum (16 wl) ===
[09-22 20:23:16]   refcache exists: /home/ziming/whr/run/baseline/drtriton/kbstyle_campaign_v2_20260922/refcache/sol/058_moe_expert_token_radix_sort_with_prefix_sum/reference_cache.json
[09-22 20:23:16] === STTS task 4: SOL/L2/030_flux_concatenated_sequence_processing_with_split (16 wl) ===
[09-22 20:23:16]   refcache exists: /home/ziming/whr/run/baseline/drtriton/kbstyle_campaign_v2_20260922/refcache/sol/030_flux_concatenated_sequence_processing_with_split/reference_cache.json
[09-22 20:24:25]   GPU 2: foreign pids [2633569] landed mid-eval; aborting, will wait for the GPU to empty and re-run this evaluation
[09-22 20:24:38]   seg8 turn+1: 0/7 valid
[09-22 20:24:42]   seg8 turn+1: 2/7 valid
[09-22 20:24:42]   iter 8/10: +1 turns, done 0/7
[09-22 20:25:17]   GPU 3: foreign pids [2644056] landed mid-eval; aborting, will wait for the GPU to empty and re-run this evaluation
[09-22 20:25:42]   GPU 2: foreign pids [2648394] landed mid-eval; aborting, will wait for the GPU to empty and re-run this evaluation
[09-22 20:25:44]   seg7 turn+1: 0/7 valid
[09-22 20:26:08]   seg8 turn+1: 0/7 valid
[09-22 20:26:37]   seg9 turn+1: 3/7 valid
[09-22 20:27:01]   seg7 turn+2: 0/7 valid
[09-22 20:27:19]   GPU 3: foreign pids [2677498] landed mid-eval; aborting, will wait for the GPU to empty and re-run this evaluation
[09-22 20:28:02]   GPU 3: foreign pids [2687403] landed mid-eval; aborting, will wait for the GPU to empty and re-run this evaluation
[09-22 20:28:09]   GPU 3: foreign pids [2688753] landed mid-eval; aborting, will wait for the GPU to empty and re-run this evaluation
[09-22 20:28:21]   GPU 4: foreign pids [2692047] landed mid-eval; aborting, will wait for the GPU to empty and re-run this evaluation
[09-22 20:28:30]   seg7 turn+3: 0/7 valid
[09-22 20:28:30]   iter 7/10: +3 turns, done 0/7
[09-22 20:28:33]   seg9 turn+2: 1/7 valid
[09-22 20:28:46]   seg8 turn+2: 0/7 valid
[09-22 20:29:24]   seg8 turn+2: 1/7 valid
[09-22 20:29:45]   GPU 2: foreign pids [2711067] landed mid-eval; aborting, will wait for the GPU to empty and re-run this evaluation
[09-22 20:29:54]   seg9 turn+3: 0/7 valid
[09-22 20:30:41]   GPU 3: foreign pids [2720114] landed mid-eval; aborting, will wait for the GPU to empty and re-run this evaluation
[09-22 20:30:48]   seg8 turn+3: 0/7 valid
[09-22 20:30:48]   iter 8/10: +3 turns, done 0/7
[09-22 20:30:56]   seg8 turn+3: 1/7 valid
[09-22 20:31:10]   seg8 turn+1: 0/7 valid
[09-22 20:32:21]   seg9 turn+1: 0/7 valid
[09-22 20:33:14]   seg8 turn+4: 1/7 valid
[09-22 20:33:14]   iter 8/10: +4 turns, done 0/7
[09-22 20:33:22]   GPU 4: foreign pids [2752296] landed mid-eval; aborting, will wait for the GPU to empty and re-run this evaluation
[09-22 20:33:27]   seg8 turn+2: 0/7 valid
[09-22 20:33:47]   GPU 4: foreign pids [2756330] landed mid-eval; aborting, will wait for the GPU to empty and re-run this evaluation
[09-22 20:34:02]   GPU 4: foreign pids [2762358] landed mid-eval; aborting, will wait for the GPU to empty and re-run this evaluation
[09-22 20:34:09]   seg9 turn+2: 1/7 valid
[09-22 20:34:14]   seg9 turn+1: 0/7 valid
[09-22 20:35:10]   GPU 4: foreign pids [2775721] landed mid-eval; aborting, will wait for the GPU to empty and re-run this evaluation
[09-22 20:35:37]   seg9 turn+2: 0/7 valid
[09-22 20:35:40]   seg8 turn+3: 0/7 valid
[09-22 20:35:49]   seg9 turn+3: 0/7 valid
[09-22 20:36:51]   seg8 turn+4: 0/7 valid
[09-22 20:36:54]   seg9 turn+3: 0/7 valid
[09-22 20:37:30]   GPU 4: foreign pids [2805661] landed mid-eval; aborting, will wait for the GPU to empty and re-run this evaluation
[09-22 20:37:38]   GPU 2: foreign pids [2808130] landed mid-eval; aborting, will wait for the GPU to empty and re-run this evaluation
[09-22 20:37:47]   seg9 turn+4: 0/7 valid
[09-22 20:38:18]   seg8 turn+5: 0/7 valid
[09-22 20:38:18]   iter 8/10: +5 turns, done 0/7
[09-22 20:39:00]   GPU 2: foreign pids [2825746] landed mid-eval; aborting, will wait for the GPU to empty and re-run this evaluation
[09-22 20:39:09]   seg9 turn+5: 0/7 valid
[09-22 20:39:09]   iter 9/10: +5 turns, done 0/7
[09-22 20:39:22]   seg9 turn+4: 0/7 valid
[09-22 20:40:22]   seg10 turn+1: 0/7 valid
[09-22 20:40:33]   seg9 turn+1: 0/7 valid
[09-22 20:41:10]   seg9 turn+5: 0/7 valid
[09-22 20:41:10]   iter 9/10: +5 turns, done 0/7
[09-22 20:42:02]   GPU 2: foreign pids [2863328] landed mid-eval; aborting, will wait for the GPU to empty and re-run this evaluation
[09-22 20:42:56]   seg10 turn+2: 1/7 valid
[09-22 20:43:17]   seg10 turn+1: 0/7 valid
[09-22 20:44:32]   GPU 2: foreign pids [2904608] landed mid-eval; aborting, will wait for the GPU to empty and re-run this evaluation
[09-22 20:44:37]   seg10 turn+3: 1/7 valid
[09-22 20:45:01]   seg10 turn+2: 0/7 valid
[09-22 20:45:57]   seg10 turn+3: 0/7 valid
[09-22 20:46:20]   seg10 turn+4: 0/7 valid
[09-22 20:46:50]   GPU 2: foreign pids [2938377] landed mid-eval; aborting, will wait for the GPU to empty and re-run this evaluation
[09-22 20:46:59]   seg10 turn+4: 0/7 valid
[09-22 20:47:32]   seg10 turn+5: 0/7 valid
[09-22 20:47:32]   iter 10/10: +5 turns, done 0/7
[09-22 20:47:42]   seg10 turn+5: 0/7 valid
[09-22 20:47:42]   iter 10/10: +5 turns, done 0/7
[09-22 20:49:08] === STTS done: SOL/L2/030_flux_concatenated_sequence_processing_with_split pass@1=0.43 final=0.13918588138974872
[09-22 20:49:50] === STTS done: SOL/L1/058_moe_expert_token_radix_sort_with_prefix_sum pass@1=0.57 final=6.748113492677049
[09-22 20:50:36]   seg9 turn+2: 0/7 valid
[09-22 20:51:10]   seg9 turn+4: 0/7 valid
[09-22 20:51:50]   seg9 turn+3: 0/7 valid
[09-22 20:52:24]   seg9 turn+5: 1/7 valid
[09-22 20:52:25]   iter 9/10: +5 turns, done 0/7
[09-22 20:53:32]   seg9 turn+4: 0/7 valid
[09-22 20:53:49]   seg10 turn+1: 2/7 valid
[09-22 20:55:07]   seg10 turn+2: 2/7 valid
[09-22 20:55:55]   seg9 turn+5: 0/7 valid
[09-22 20:55:56]   iter 9/10: +5 turns, done 0/7
[09-22 20:55:57]   seg10 turn+3: 1/7 valid
[09-22 20:57:04]   seg10 turn+4: 0/7 valid
[09-22 20:57:40]   seg10 turn+1: 0/7 valid
[09-22 20:58:07]   GPU 4: foreign pids [3092280] landed mid-eval; aborting, will wait for the GPU to empty and re-run this evaluation
[09-22 20:58:16]   seg10 turn+5: 1/7 valid
[09-22 20:58:16]   iter 10/10: +5 turns, done 0/7
[09-22 20:59:17] === STTS done: SOL/L1/053_gaussian_topk_sparse_activation pass@1=0.86 final=12.935510504266453
[09-22 20:59:19]   seg10 turn+2: 0/7 valid
[09-22 21:00:19]   seg10 turn+3: 0/7 valid
[09-22 21:01:38]   seg10 turn+4: 0/7 valid
[09-22 21:03:06]   seg10 turn+5: 0/7 valid
[09-22 21:03:07]   iter 10/10: +5 turns, done 0/7
[09-22 21:03:07] === STTS done: flashinfer/mla_paged_decode_h16_ckv512_kpe64_ps1 pass@1=0.00 final=None
[09-22 21:03:07] STTS complete -> /home/ziming/whr/run/baseline/drtriton/kbstyle_stts_4tasks_7samples_20260922/results.jsonl
