Definition: /data1/workspace/ziming/dataset/SOL-ExecBench/data/benchmark/L2/051_seqlen-finetuned-reconstructed_hyena_complete_forward_block/definition.json
Workload  : /data1/workspace/ziming/dataset/SOL-ExecBench/data/benchmark/L2/051_seqlen-finetuned-reconstructed_hyena_complete_forward_block/workload.jsonl
Solution  : /data1/workspace/weihongren/baseline/drtriton/kbstyle_campaign_v2_20260918/tasks/SOL/L2/051_seqlen-finetuned-reconstructed_hyena_complete_forward_block/refprecompute/solution.json
Output    : /data1/workspace/weihongren/baseline/drtriton/kbstyle_campaign_v2_20260918/tasks/SOL/L2/051_seqlen-finetuned-reconstructed_hyena_complete_forward_block/refprecompute/evaluation.json

==============================================================================
Problem : 051_seqlen-finetuned-reconstructed_hyena_complete_forward_block
Passed  : 16/16
Status  : OK
[1] ecdc9dd6-141d-55b6-b702-ed60c6728e2f: reference=1.474324 ms, candidate=1.482836 ms, speedup=0.9943x
[2] 63675743-a638-56b7-90d0-f89c8a382b8e: reference=2.166936 ms, candidate=2.163127 ms, speedup=1.0018x
[3] 94f6ab59-8b9e-5fc7-ba70-f3fd22d24aa1: reference=2.093819 ms, candidate=2.110793 ms, speedup=0.9920x
[4] 1fd7d946-fc29-52ca-a9bb-e53fcb05711e: reference=1.430821 ms, candidate=1.443429 ms, speedup=0.9913x
[5] adef8bcc-b1ca-5b10-a1f4-2382af66c9bc: reference=1.596817 ms, candidate=1.603922 ms, speedup=0.9956x
[6] 5be35a05-ef6b-5de4-a124-79516fb62a06: reference=1.740113 ms, candidate=1.750817 ms, speedup=0.9939x
[7] 0161a607-ff88-5394-bee0-e8eec05c6cfa: reference=2.283429 ms, candidate=2.275412 ms, speedup=1.0035x
[8] c90af882-47c2-5d56-a824-db7d66b0dfc4: reference=2.092586 ms, candidate=2.110232 ms, speedup=0.9916x
[9] 992b7906-6bb3-5c7b-9c67-f4d28f9162b6: reference=1.570178 ms, candidate=1.571730 ms, speedup=0.9990x
[10] 31ac0e7a-4a2e-548d-b0dc-0941cccd6bdd: reference=1.434405 ms, candidate=1.435285 ms, speedup=0.9994x
[11] a2e86d38-cc5f-534d-994d-fc2e4c822bf3: reference=1.780525 ms, candidate=1.792383 ms, speedup=0.9934x
[12] cd2d3831-d9e7-5056-85a0-5e1fb6dbff24: reference=1.465812 ms, candidate=1.477940 ms, speedup=0.9918x
[13] da9b3557-a4a0-51b7-a421-d69d8e1d0311: reference=1.750224 ms, candidate=1.752911 ms, speedup=0.9985x
[14] 466c11e7-af28-5d60-8ce2-36286c502b42: reference=1.443684 ms, candidate=1.452805 ms, speedup=0.9937x
[15] 8e19d56e-7558-51f2-a2df-17c385bf6ca5: reference=1.468771 ms, candidate=1.476741 ms, speedup=0.9946x
[16] 8124c0c0-b136-56c6-b532-086c873447af: reference=1.461077 ms, candidate=1.478180 ms, speedup=0.9884x
Geomean : 0.9952x
Average : 0.9952x
==============================================================================
Performance: /data1/workspace/weihongren/baseline/drtriton/kbstyle_campaign_v2_20260918/tasks/SOL/L2/051_seqlen-finetuned-reconstructed_hyena_complete_forward_block/refprecompute/evaluation.json
