==============================================================================
Definition : gdn_decode_qk4_v8_d128_k_last  (op_type=gdn)
Solution   : /home/ziming/kda-ops/kda-control/formal-kda-h100-20260920--flashinfer--gdn_decode_qk4_v8_d128_k_last/candidates/c004/solution.py
Device     : cuda:0  (NVIDIA H100 80GB HBM3)
Workloads  : 54   trials=1 warmup=2 iters=10
Selected   : [0, 1, 2, 3, 4, 5, 6, 7, 8, 9, 10, 11, 12, 13, 14, 15, 16, 17, 18, 19, 20, 21, 22, 23, 24, 25, 26, 27, 28, 29, 30, 31, 32, 33, 34, 35, 36, 37, 38, 39, 40, 41, 42, 43, 44, 45, 46, 47, 48, 49, 50, 51, 52, 53]
Tolerance  : atol=0.01 rtol=0.01 matched_ratio=0.99
==============================================================================
[1/54] 901e5104 axes={'batch_size': 1}: PASSED  ref=1.4608ms sol=0.0509ms  speedup=28.73x  abs=5.96e-08 rel=3.43e-03
[2/54] a5714b69 axes={'batch_size': 1}: PASSED  ref=1.4232ms sol=0.0448ms  speedup=31.74x  abs=2.38e-07 rel=1.03e-02
[3/54] 3daa0974 axes={'batch_size': 1}: PASSED  ref=1.4252ms sol=0.0464ms  speedup=30.70x  abs=2.98e-08 rel=5.42e-03
[4/54] 22d5cef5 axes={'batch_size': 1}: PASSED  ref=1.4233ms sol=0.0450ms  speedup=31.60x  abs=1.19e-07 rel=6.76e-03
[5/54] aed4bdd4 axes={'batch_size': 1}: PASSED  ref=1.4275ms sol=0.0462ms  speedup=30.87x  abs=2.24e-08 rel=5.28e-03
[6/54] 49a125e5 axes={'batch_size': 1}: PASSED  ref=1.4329ms sol=0.0450ms  speedup=31.85x  abs=2.38e-07 rel=2.59e-03
[7/54] 798635cf axes={'batch_size': 1}: PASSED  ref=1.4366ms sol=0.0447ms  speedup=32.11x  abs=1.19e-07 rel=2.88e-03
[8/54] 5716e24a axes={'batch_size': 1}: PASSED  ref=1.4283ms sol=0.0461ms  speedup=31.02x  abs=2.38e-07 rel=1.38e-03
[9/54] 4c7df22f axes={'batch_size': 1}: PASSED  ref=1.4301ms sol=0.0452ms  speedup=31.64x  abs=2.98e-07 rel=2.31e-02
[10/54] d0e91dea axes={'batch_size': 1}: PASSED  ref=1.4263ms sol=0.0452ms  speedup=31.58x  abs=5.96e-08 rel=3.58e-03
[11/54] ec9d2340 axes={'batch_size': 4}: PASSED  ref=4.8725ms sol=0.0444ms  speedup=109.64x  abs=2.38e-07 rel=5.41e-03
[12/54] 9f238670 axes={'batch_size': 4}: PASSED  ref=4.8806ms sol=0.0449ms  speedup=108.61x  abs=3.73e-08 rel=1.19e-02
[13/54] 6d929bff axes={'batch_size': 4}: PASSED  ref=5.6887ms sol=0.0450ms  speedup=126.48x  abs=2.38e-07 rel=1.56e-02
[14/54] 494844dc axes={'batch_size': 4}: PASSED  ref=4.8633ms sol=0.0446ms  speedup=109.05x  abs=7.45e-08 rel=4.39e-03
[15/54] 26f760ab axes={'batch_size': 4}: PASSED  ref=4.8714ms sol=0.0437ms  speedup=111.50x  abs=1.79e-07 rel=2.44e-02
[16/54] deecf42e axes={'batch_size': 4}: PASSED  ref=4.8913ms sol=0.0451ms  speedup=108.42x  abs=2.09e-07 rel=1.86e-02
[17/54] 9a92acbc axes={'batch_size': 4}: PASSED  ref=4.8701ms sol=0.0448ms  speedup=108.75x  abs=8.94e-08 rel=5.98e-03
[18/54] fa90b213 axes={'batch_size': 4}: PASSED  ref=5.2119ms sol=0.0445ms  speedup=117.17x  abs=1.43e-06 rel=3.15e-02
[19/54] 2640f1e3 axes={'batch_size': 8}: PASSED  ref=9.5182ms sol=0.0446ms  speedup=213.19x  abs=1.19e-07 rel=1.52e-02
[20/54] 7464a1d6 axes={'batch_size': 8}: PASSED  ref=9.5144ms sol=0.0450ms  speedup=211.51x  abs=9.54e-07 rel=1.27e-02
[21/54] 25d1f606 axes={'batch_size': 8}: PASSED  ref=9.5342ms sol=0.0455ms  speedup=209.39x  abs=5.96e-08 rel=9.10e-03
[22/54] fe2e6584 axes={'batch_size': 8}: PASSED  ref=9.5588ms sol=0.0440ms  speedup=217.34x  abs=2.20e-07 rel=1.51e-02
[23/54] ca62112d axes={'batch_size': 8}: PASSED  ref=9.5437ms sol=0.0446ms  speedup=214.08x  abs=8.94e-08 rel=1.36e-02
[24/54] 61dfd334 axes={'batch_size': 8}: PASSED  ref=9.5167ms sol=0.0442ms  speedup=215.07x  abs=3.81e-06 rel=1.16e-02
[25/54] abec5d32 axes={'batch_size': 8}: PASSED  ref=9.5289ms sol=0.0459ms  speedup=207.47x  abs=2.09e-07 rel=1.60e-02
[26/54] 76eec66d axes={'batch_size': 16}: PASSED  ref=18.8336ms sol=0.0451ms  speedup=417.71x  abs=2.38e-07 rel=3.43e-02
[27/54] f0507025 axes={'batch_size': 16}: PASSED  ref=19.1840ms sol=0.0447ms  speedup=429.38x  abs=6.10e-05 rel=4.46e-02
[28/54] d1508f6d axes={'batch_size': 16}: PASSED  ref=19.5596ms sol=0.0451ms  speedup=433.90x  abs=2.38e-07 rel=6.20e-03
[29/54] 63d4cb66 axes={'batch_size': 16}: PASSED  ref=19.5122ms sol=0.0461ms  speedup=422.83x  abs=1.79e-07 rel=1.56e-02
[30/54] ef6bb01d axes={'batch_size': 16}: PASSED  ref=19.7808ms sol=0.0455ms  speedup=434.83x  abs=1.04e-07 rel=1.25e-02
[31/54] d0acf04a axes={'batch_size': 16}: PASSED  ref=19.5257ms sol=0.0460ms  speedup=424.26x  abs=7.63e-06 rel=2.11e-02
[32/54] ac83f1e4 axes={'batch_size': 16}: PASSED  ref=19.4644ms sol=0.0451ms  speedup=431.88x  abs=8.94e-08 rel=1.06e-02
[33/54] a8c8beff axes={'batch_size': 32}: PASSED  ref=38.6833ms sol=0.0468ms  speedup=826.91x  abs=4.77e-07 rel=3.44e-02
[34/54] 40940a4c axes={'batch_size': 32}: PASSED  ref=38.8255ms sol=0.0467ms  speedup=830.68x  abs=5.96e-07 rel=8.49e-02
[35/54] 0915952b axes={'batch_size': 32}: PASSED  ref=38.8386ms sol=0.0475ms  speedup=817.81x  abs=9.54e-07 rel=2.49e-02
[36/54] d38dde79 axes={'batch_size': 32}: PASSED  ref=38.7160ms sol=0.0469ms  speedup=824.78x  abs=1.19e-06 rel=1.02e-01
[37/54] 388f79b1 axes={'batch_size': 32}: PASSED  ref=38.7581ms sol=0.0463ms  speedup=836.23x  abs=1.79e-07 rel=1.12e-02
[38/54] 80288532 axes={'batch_size': 32}: PASSED  ref=38.7421ms sol=0.0463ms  speedup=836.11x  abs=2.68e-07 rel=3.27e-02
[39/54] 773a4157 axes={'batch_size': 32}: PASSED  ref=38.8479ms sol=0.0473ms  speedup=821.60x  abs=4.77e-07 rel=2.05e-02
[40/54] 53385c7f axes={'batch_size': 48}: PASSED  ref=58.0794ms sol=0.0512ms  speedup=1135.00x  abs=1.91e-06 rel=3.72e-02
[41/54] 45e7697a axes={'batch_size': 48}: PASSED  ref=57.7525ms sol=0.0497ms  speedup=1161.14x  abs=4.77e-07 rel=1.65e-02
[42/54] 34403e5b axes={'batch_size': 48}: PASSED  ref=58.1382ms sol=0.0506ms  speedup=1148.65x  abs=4.77e-07 rel=1.34e-02
[43/54] b91cc4aa axes={'batch_size': 48}: PASSED  ref=58.1033ms sol=0.0505ms  speedup=1150.21x  abs=9.54e-07 rel=1.61e-01
[44/54] 4c38f0e4 axes={'batch_size': 48}: PASSED  ref=58.2273ms sol=0.0509ms  speedup=1144.84x  abs=3.05e-05 rel=6.31e-02
[45/54] be91d78c axes={'batch_size': 48}: PASSED  ref=60.4932ms sol=0.0515ms  speedup=1175.26x  abs=3.81e-06 rel=2.35e-01
[46/54] 3803367a axes={'batch_size': 48}: PASSED  ref=60.5367ms sol=0.0517ms  speedup=1170.14x  abs=1.19e-07 rel=1.37e-02
[47/54] eaf0a285 axes={'batch_size': 64}: PASSED  ref=73.6594ms sol=0.0538ms  speedup=1368.36x  abs=4.77e-07 rel=2.89e-02
[48/54] f4fd2171 axes={'batch_size': 64}: PASSED  ref=72.3632ms sol=0.0536ms  speedup=1349.66x  abs=1.91e-06 rel=1.64e-02
[49/54] b1931bc6 axes={'batch_size': 64}: PASSED  ref=70.4333ms sol=0.0539ms  speedup=1305.87x  abs=9.54e-07 rel=7.65e-02
[50/54] 8d0c5789 axes={'batch_size': 64}: PASSED  ref=71.1554ms sol=0.0556ms  speedup=1279.92x  abs=1.19e-07 rel=2.59e-02
[51/54] 9eef9bc7 axes={'batch_size': 64}: PASSED  ref=70.8829ms sol=0.0542ms  speedup=1307.07x  abs=3.81e-06 rel=6.07e-02
[52/54] 58571e49 axes={'batch_size': 64}: PASSED  ref=70.7616ms sol=0.0537ms  speedup=1318.37x  abs=3.58e-07 rel=1.14e-01
[53/54] ef2cf980 axes={'batch_size': 64}: PASSED  ref=71.0714ms sol=0.0562ms  speedup=1264.51x  abs=3.81e-06 rel=4.52e-02
[54/54] 42963acb axes={'batch_size': 64}: PASSED  ref=71.2120ms sol=0.0560ms  speedup=1271.28x  abs=3.05e-05 rel=6.63e-01
==============================================================================
Passed: 54/54    valid_run=True
GEOMEAN speedup (optimization target): 288.48x
  arithmetic mean (fib/AKO4X metric):  556.27x
  min=28.73x  max=1368.36x
RESULT: VALID — geomean speedup = 288.48x
==============================================================================
Wrote /home/ziming/kda-ops/kda-runs/formal-kda-h100-20260920--flashinfer--gdn_decode_qk4_v8_d128_k_last/runs/candidates/c004/feedback.json
