Definition: /data1/workspace/ziming/dataset/SOL-ExecBench/data/benchmark/L2/036_convnextv2_layer_with_nhwc_persistence_backward/definition.json
Workload  : /data1/workspace/ziming/dataset/SOL-ExecBench/data/benchmark/L2/036_convnextv2_layer_with_nhwc_persistence_backward/workload.jsonl
Solution  : /data1/workspace/weihongren/baseline/drtriton/kbstyle_campaign_v2_20260918/tasks/SOL/L2/036_convnextv2_layer_with_nhwc_persistence_backward/refprecompute/solution.json
Output    : /data1/workspace/weihongren/baseline/drtriton/kbstyle_campaign_v2_20260918/tasks/SOL/L2/036_convnextv2_layer_with_nhwc_persistence_backward/refprecompute/evaluation.json

==============================================================================
Problem : 036_convnextv2_layer_with_nhwc_persistence_backward
Passed  : 14/14
Status  : OK
[1] 817ddfe6-0f8a-558d-a405-27cb6f3eb168: reference=19.082363 ms, candidate=19.137355 ms, speedup=0.9971x
[2] 7726e320-eeba-5e86-bd1e-1f5b90231796: reference=20.138057 ms, candidate=20.062860 ms, speedup=1.0037x
[3] c5707a6a-8d4c-5861-bb47-f1edd0bd407e: reference=19.025903 ms, candidate=19.033805 ms, speedup=0.9996x
[4] 85782393-c9e2-5d5d-bdb4-ca746a000ae5: reference=18.921853 ms, candidate=18.931409 ms, speedup=0.9995x
[5] 5395f6da-c39a-56d5-86a6-463d32bac2ed: reference=20.125480 ms, candidate=20.118728 ms, speedup=1.0003x
[6] bc15c0f6-ea0b-57c4-a80b-6569d44f59e0: reference=20.103531 ms, candidate=20.111289 ms, speedup=0.9996x
[7] 0fcdcad9-36c6-5c18-9d6e-f81d9ab2b533: reference=18.983488 ms, candidate=19.040465 ms, speedup=0.9970x
[8] f4091f8b-0b2e-573d-951b-117bd07f4180: reference=20.100921 ms, candidate=20.044220 ms, speedup=1.0028x
[9] 35415c2e-0ab4-531f-aa0b-1ea698b21480: reference=18.943504 ms, candidate=18.941612 ms, speedup=1.0001x
[10] 60bf05bf-20ab-5381-951a-5910ed9495ff: reference=20.130088 ms, candidate=19.956078 ms, speedup=1.0087x
[11] bb05cd0a-672c-5040-bf8c-85245fc745ea: reference=19.163561 ms, candidate=19.167787 ms, speedup=0.9998x
[12] 8dae0e7a-348a-5022-b2d0-fc77d7f5c497: reference=28.807030 ms, candidate=28.817398 ms, speedup=0.9996x
[13] 812896b7-a906-510b-86ef-d87f0fdf7844: reference=20.091483 ms, candidate=20.511105 ms, speedup=0.9795x
[14] ad073c89-aa53-52ee-a52f-02c598f9bc43: reference=19.094188 ms, candidate=19.175404 ms, speedup=0.9958x
Geomean : 0.9988x
Average : 0.9988x
==============================================================================
Performance: /data1/workspace/weihongren/baseline/drtriton/kbstyle_campaign_v2_20260918/tasks/SOL/L2/036_convnextv2_layer_with_nhwc_persistence_backward/refprecompute/evaluation.json
