Definition: /home/ziming/dataset/SOL-ExecBench/data/benchmark/L1/058_moe_expert_token_radix_sort_with_prefix_sum/definition.json
Workload  : /home/ziming/dataset/SOL-ExecBench/data/benchmark/L1/058_moe_expert_token_radix_sort_with_prefix_sum/workload.jsonl
Solution  : /home/ziming/whr/run/baseline/drtriton/kbstyle_stts_4tasks_7samples_20260922/tasks/SOL/L1/058_moe_expert_token_radix_sort_with_prefix_sum/final/solution.json
Output    : /home/ziming/whr/run/baseline/drtriton/kbstyle_stts_4tasks_7samples_20260922/tasks/SOL/L1/058_moe_expert_token_radix_sort_with_prefix_sum/final/evaluation.json

==============================================================================
Problem : 058_moe_expert_token_radix_sort_with_prefix_sum
Passed  : 16/16
Status  : OK
[1] e259b448-b73a-5efa-81c4-f0c9e1531e3e: reference=5.002545 ms, candidate=0.141216 ms, speedup=35.4248x
[2] e8a84cca-bde1-5f80-b1f6-bda8c33da6a2: reference=5.364482 ms, candidate=0.187136 ms, speedup=28.6661x
[3] 582fdc96-9b88-5ba1-ab85-265013ca7f13: reference=0.219633 ms, candidate=0.091536 ms, speedup=2.3994x
[4] ce1a545f-d879-59e3-9478-e723c6755e4c: reference=5.036145 ms, candidate=0.113121 ms, speedup=44.5202x
[5] f761ce94-7784-5c3c-b4de-613546df93a0: reference=5.290898 ms, candidate=0.132528 ms, speedup=39.9227x
[6] 3baabec0-5dde-5077-b821-ef95b66f609a: reference=0.194784 ms, candidate=0.128016 ms, speedup=1.5216x
[7] c84061fe-df99-510c-a426-d19d813dcae9: reference=0.192288 ms, candidate=0.129457 ms, speedup=1.4854x
[8] 14ccf030-1525-5a46-9d8b-6ea0cc28904a: reference=0.217872 ms, candidate=0.142064 ms, speedup=1.5336x
[9] 4998bf90-ff9b-5904-82a2-afb99757ea96: reference=0.229585 ms, candidate=0.142896 ms, speedup=1.6067x
[10] 8fe645cb-f5dc-55ee-ac66-8c096a5a89ea: reference=5.360195 ms, candidate=0.145537 ms, speedup=36.8306x
[11] 368e546c-d434-51f2-9e24-11b3ca1e5a6d: reference=5.017137 ms, candidate=0.092064 ms, speedup=54.4962x
[12] bccc000a-30dc-5e58-8ad8-c96e8f10adbf: reference=5.039425 ms, candidate=0.102528 ms, speedup=49.1515x
[13] 13149551-9e61-5b11-85c2-c4c8cd6fc57b: reference=0.205617 ms, candidate=0.098977 ms, speedup=2.0774x
[14] af507a31-f4c8-5439-93ed-232378c99029: reference=0.226928 ms, candidate=0.143649 ms, speedup=1.5797x
[15] b1aeedac-77c9-5276-b49e-ae5f61291738: reference=0.227504 ms, candidate=0.144736 ms, speedup=1.5719x
[16] 2eb27620-de55-5418-a65c-c5a0cebfc1c0: reference=0.221105 ms, candidate=0.146768 ms, speedup=1.5065x
Geomean : 6.7481x
Average : 19.0184x
==============================================================================
Performance: /home/ziming/whr/run/baseline/drtriton/kbstyle_stts_4tasks_7samples_20260922/tasks/SOL/L1/058_moe_expert_token_radix_sort_with_prefix_sum/final/evaluation.json
