==============================================================================
Definition : gqa_ragged_prefill_causal_h32_kv8_d128  (op_type=gqa_ragged)
Solution   : /home/ziming/kda-ops/kda-control/formal-kda-h100-20260920--flashinfer--gqa_ragged_prefill_causal_h32_kv8_d128/candidates/c006/solution.py
Device     : cuda:0  (NVIDIA H100 80GB HBM3)
Workloads  : 21   trials=1 warmup=2 iters=10
Selected   : [0, 1, 2, 3, 4, 5, 6, 7, 8, 9, 10, 11, 12, 13, 14, 15, 16, 17, 18, 19, 20]
Tolerance  : atol=0.01 rtol=0.01 matched_ratio=0.99
==============================================================================
[1/21] f7a038e9 axes={'len_indptr': 2, 'total_q': 7, 'total_kv': 7}: PASSED  ref=0.4712ms sol=0.0562ms  speedup=8.39x  abs=1.56e-02 rel=2.06e+01
[2/21] f4c23a33 axes={'len_indptr': 2, 'total_q': 1, 'total_kv': 1}: PASSED  ref=0.3949ms sol=0.0499ms  speedup=7.91x  abs=4.77e-07 rel=7.74e-07
[3/21] bad384fa axes={'len_indptr': 2, 'total_q': 35, 'total_kv': 35}: PASSED  ref=0.5118ms sol=0.0619ms  speedup=8.27x  abs=1.56e-02 rel=5.07e+01
[4/21] 2068cdff axes={'len_indptr': 3, 'total_q': 81, 'total_kv': 81}: PASSED  ref=0.7830ms sol=0.0503ms  speedup=15.57x  abs=1.56e-02 rel=1.43e+02
[5/21] 6f3e1bfe axes={'len_indptr': 26, 'total_q': 13557, 'total_kv': 13557}: PASSED  ref=34.6250ms sol=1.2146ms  speedup=28.51x  abs=1.56e-02 rel=2.00e+04
[6/21] adefedc4 axes={'len_indptr': 37, 'total_q': 12845, 'total_kv': 12845}: PASSED  ref=37.9159ms sol=1.3392ms  speedup=28.31x  abs=1.56e-02 rel=2.02e+04
[7/21] fab48473 axes={'len_indptr': 2, 'total_q': 7, 'total_kv': 7}: PASSED  ref=0.4904ms sol=0.0657ms  speedup=7.47x  abs=1.56e-02 rel=6.49e+00
[8/21] 3a919718 axes={'len_indptr': 2, 'total_q': 1, 'total_kv': 1}: PASSED  ref=0.4962ms sol=0.0583ms  speedup=8.51x  abs=4.77e-07 rel=5.86e-07
[9/21] 32f5e961 axes={'len_indptr': 2, 'total_q': 35, 'total_kv': 35}: PASSED  ref=0.4442ms sol=0.0499ms  speedup=8.89x  abs=1.56e-02 rel=1.25e+02
[10/21] daa2d149 axes={'len_indptr': 2, 'total_q': 35, 'total_kv': 35}: PASSED  ref=0.4378ms sol=0.0526ms  speedup=8.32x  abs=1.56e-02 rel=3.59e+01
[11/21] ef683298 axes={'len_indptr': 2, 'total_q': 18, 'total_kv': 18}: PASSED  ref=0.4271ms sol=0.0496ms  speedup=8.61x  abs=1.56e-02 rel=1.90e+01
[12/21] 568a6016 axes={'len_indptr': 2, 'total_q': 18, 'total_kv': 18}: PASSED  ref=0.4339ms sol=0.0501ms  speedup=8.66x  abs=1.56e-02 rel=3.34e+01
[13/21] b8f94163 axes={'len_indptr': 2, 'total_q': 7, 'total_kv': 7}: PASSED  ref=0.4260ms sol=0.0514ms  speedup=8.29x  abs=1.56e-02 rel=3.11e+01
[14/21] bdc49f9e axes={'len_indptr': 2, 'total_q': 1, 'total_kv': 1}: PASSED  ref=0.3863ms sol=0.0498ms  speedup=7.76x  abs=2.38e-07 rel=1.36e-06
[15/21] da9042ea axes={'len_indptr': 2, 'total_q': 35, 'total_kv': 35}: PASSED  ref=0.4326ms sol=0.0490ms  speedup=8.82x  abs=1.56e-02 rel=4.87e+02
[16/21] 58701318 axes={'len_indptr': 2, 'total_q': 35, 'total_kv': 35}: PASSED  ref=0.4326ms sol=0.0522ms  speedup=8.28x  abs=1.56e-02 rel=1.37e+02
[17/21] 2328b031 axes={'len_indptr': 16, 'total_q': 982, 'total_kv': 982}: PASSED  ref=4.6878ms sol=0.1239ms  speedup=37.85x  abs=1.56e-02 rel=1.67e+03
[18/21] 012bb8e4 axes={'len_indptr': 2, 'total_q': 71, 'total_kv': 71}: PASSED  ref=0.5263ms sol=0.0519ms  speedup=10.14x  abs=7.81e-03 rel=2.68e+02
[19/21] 370287f0 axes={'len_indptr': 2, 'total_q': 71, 'total_kv': 71}: PASSED  ref=0.4729ms sol=0.0513ms  speedup=9.22x  abs=1.56e-02 rel=7.39e+01
[20/21] 7a08a0f6 axes={'len_indptr': 11, 'total_q': 12571, 'total_kv': 12571}: PASSED  ref=31.4706ms sol=1.2461ms  speedup=25.26x  abs=1.56e-02 rel=8.64e+03
[21/21] dc8c1d18 axes={'len_indptr': 6, 'total_q': 92, 'total_kv': 92}: PASSED  ref=1.6915ms sol=0.0544ms  speedup=31.12x  abs=1.56e-02 rel=2.70e+02
==============================================================================
Passed: 21/21    valid_run=True
GEOMEAN speedup (optimization target): 11.79x
  arithmetic mean (fib/AKO4X metric):  14.01x
  min=7.47x  max=37.85x
RESULT: VALID — geomean speedup = 11.79x
==============================================================================
Wrote /home/ziming/kda-ops/kda-runs/formal-kda-h100-20260920--flashinfer--gqa_ragged_prefill_causal_h32_kv8_d128/runs/candidates/c006/feedback.json
