Definition: /data1/workspace/ziming/dataset/SOL-ExecBench/data/benchmark/L1/058_moe_expert_token_radix_sort_with_prefix_sum/definition.json
Workload  : /data1/workspace/ziming/dataset/SOL-ExecBench/data/benchmark/L1/058_moe_expert_token_radix_sort_with_prefix_sum/workload.jsonl
Solution  : /data1/workspace/weihongren/kda-control/formal-kda-20260916--sol_execbench--L1-058_moe_expert_token_radix_sort_with_prefix_sum/candidates/c003/solution.py
Output    : /data1/workspace/weihongren/kda-runs/formal-kda-20260916--sol_execbench--L1-058_moe_expert_token_radix_sort_with_prefix_sum/runs/candidates/c003/final.json

==============================================================================
Problem : 058_moe_expert_token_radix_sort_with_prefix_sum
Passed  : 16/16
Status  : OK
[1] e259b448-b73a-5efa-81c4-f0c9e1531e3e: reference=0.310665 ms, candidate=0.087566 ms, speedup=3.5478x
[2] e8a84cca-bde1-5f80-b1f6-bda8c33da6a2: reference=0.325097 ms, candidate=0.172637 ms, speedup=1.8831x
[3] 582fdc96-9b88-5ba1-ab85-265013ca7f13: reference=0.306362 ms, candidate=0.087774 ms, speedup=3.4904x
[4] ce1a545f-d879-59e3-9478-e723c6755e4c: reference=0.324010 ms, candidate=0.118013 ms, speedup=2.7455x
[5] f761ce94-7784-5c3c-b4de-613546df93a0: reference=0.328202 ms, candidate=0.089550 ms, speedup=3.6650x
[6] 3baabec0-5dde-5077-b821-ef95b66f609a: reference=0.314186 ms, candidate=0.088734 ms, speedup=3.5407x
[7] c84061fe-df99-510c-a426-d19d813dcae9: reference=0.314826 ms, candidate=0.090478 ms, speedup=3.4796x
[8] 14ccf030-1525-5a46-9d8b-6ea0cc28904a: reference=0.318393 ms, candidate=0.090063 ms, speedup=3.5353x
[9] 4998bf90-ff9b-5904-82a2-afb99757ea96: reference=0.321721 ms, candidate=0.090686 ms, speedup=3.5476x
[10] 8fe645cb-f5dc-55ee-ac66-8c096a5a89ea: reference=0.321194 ms, candidate=0.118206 ms, speedup=2.7173x
[11] 368e546c-d434-51f2-9e24-11b3ca1e5a6d: reference=0.316058 ms, candidate=0.090478 ms, speedup=3.4932x
[12] bccc000a-30dc-5e58-8ad8-c96e8f10adbf: reference=0.314410 ms, candidate=0.089918 ms, speedup=3.4966x
[13] 13149551-9e61-5b11-85c2-c4c8cd6fc57b: reference=0.314169 ms, candidate=0.092254 ms, speedup=3.4055x
[14] af507a31-f4c8-5439-93ed-232378c99029: reference=0.314538 ms, candidate=0.116973 ms, speedup=2.6890x
[15] b1aeedac-77c9-5276-b49e-ae5f61291738: reference=0.320458 ms, candidate=0.117101 ms, speedup=2.7366x
[16] 2eb27620-de55-5418-a65c-c5a0cebfc1c0: reference=0.313658 ms, candidate=0.092574 ms, speedup=3.3882x
Geomean : 3.1665x
Average : 3.2101x
==============================================================================
Performance: /data1/workspace/weihongren/kda-runs/formal-kda-20260916--sol_execbench--L1-058_moe_expert_token_radix_sort_with_prefix_sum/runs/candidates/c003/final.json
