[campaign] gpus=1 2 4 5 6 tasks=20 rounds=2 seed=0 wm=1 tag=phase2_20260914 force=0
[campaign] LAUNCH dsa_sparse_attention_h16_ckv512_kpe64_topk2048_ps64 on gpu1 -> /data1/workspace/weihongren/baseline/ksearch/experiments/phase2_20260914/dsa_sparse_attention_h16_ckv512_kpe64_topk2048_ps64/run_seed0
[campaign] LAUNCH gdn_decode_qk4_v8_d128_k_last on gpu2 -> /data1/workspace/weihongren/baseline/ksearch/experiments/phase2_20260914/gdn_decode_qk4_v8_d128_k_last/run_seed0
[campaign] LAUNCH gdn_prefill_qk4_v8_d128_k_last on gpu4 -> /data1/workspace/weihongren/baseline/ksearch/experiments/phase2_20260914/gdn_prefill_qk4_v8_d128_k_last/run_seed0
[campaign] LAUNCH gemm_n4096_k4096 on gpu5 -> /data1/workspace/weihongren/baseline/ksearch/experiments/phase2_20260914/gemm_n4096_k4096/run_seed0
[campaign] LAUNCH gqa_paged_decode_h32_kv8_d128_ps1 on gpu6 -> /data1/workspace/weihongren/baseline/ksearch/experiments/phase2_20260914/gqa_paged_decode_h32_kv8_d128_ps1/run_seed0
[campaign] OK    gemm_n4096_k4096 rc=0 wall=236s
[campaign] LAUNCH gqa_paged_prefill_causal_h32_kv8_d128_ps1 on gpu5 -> /data1/workspace/weihongren/baseline/ksearch/experiments/phase2_20260914/gqa_paged_prefill_causal_h32_kv8_d128_ps1/run_seed0
[campaign] OK    dsa_sparse_attention_h16_ckv512_kpe64_topk2048_ps64 rc=0 wall=316s
[campaign] LAUNCH gqa_ragged_prefill_causal_h32_kv8_d128 on gpu1 -> /data1/workspace/weihongren/baseline/ksearch/experiments/phase2_20260914/gqa_ragged_prefill_causal_h32_kv8_d128/run_seed0
[campaign] OK    gdn_decode_qk4_v8_d128_k_last rc=0 wall=396s
[campaign] LAUNCH mla_paged_decode_h16_ckv512_kpe64_ps1 on gpu2 -> /data1/workspace/weihongren/baseline/ksearch/experiments/phase2_20260914/mla_paged_decode_h16_ckv512_kpe64_ps1/run_seed0
[campaign] OK    gqa_ragged_prefill_causal_h32_kv8_d128 rc=0 wall=315s
[campaign] LAUNCH mla_paged_prefill_causal_h16_ckv512_kpe64_ps1 on gpu1 -> /data1/workspace/weihongren/baseline/ksearch/experiments/phase2_20260914/mla_paged_prefill_causal_h16_ckv512_kpe64_ps1/run_seed0
[campaign] OK    mla_paged_decode_h16_ckv512_kpe64_ps1 rc=0 wall=312s
[campaign] LAUNCH rmsnorm_h4096 on gpu2 -> /data1/workspace/weihongren/baseline/ksearch/experiments/phase2_20260914/rmsnorm_h4096/run_seed0
[campaign] OK    rmsnorm_h4096 rc=0 wall=221s
[campaign] LAUNCH L1/002_vae_conv3x3_groupnorm_silu_residual_fused on gpu2 -> /data1/workspace/weihongren/baseline/ksearch-sol-execbench/experiments/phase2_20260914/002_vae_conv3x3_groupnorm_silu_residual_fused/run_seed0
[campaign] OK    gqa_paged_decode_h32_kv8_d128_ps1 rc=0 wall=991s
[campaign] LAUNCH L1/005_conv_gated_projection_with_causal_conv on gpu6 -> /data1/workspace/weihongren/baseline/ksearch-sol-execbench/experiments/phase2_20260914/005_conv_gated_projection_with_causal_conv/run_seed0
[campaign] OK    L1/002_vae_conv3x3_groupnorm_silu_residual_fused rc=0 wall=300s
[campaign] LAUNCH L1/007_hyena_fft_size_padding_rfft on gpu2 -> /data1/workspace/weihongren/baseline/ksearch-sol-execbench/experiments/phase2_20260914/007_hyena_fft_size_padding_rfft/run_seed0
[campaign] OK    L1/005_conv_gated_projection_with_causal_conv rc=0 wall=264s
[campaign] LAUNCH L1/008_expert_output_weighted_index_add_accumulation on gpu6 -> /data1/workspace/weihongren/baseline/ksearch-sol-execbench/experiments/phase2_20260914/008_expert_output_weighted_index_add_accumulation/run_seed0
[campaign] OK    L1/008_expert_output_weighted_index_add_accumulation rc=0 wall=160s
[campaign] LAUNCH L1/018_fused_rope_with_qk_norm_and_kv_cache_update on gpu6 -> /data1/workspace/weihongren/baseline/ksearch-sol-execbench/experiments/phase2_20260914/018_fused_rope_with_qk_norm_and_kv_cache_update/run_seed0
[campaign] OK    L1/007_hyena_fft_size_padding_rfft rc=0 wall=191s
[campaign] LAUNCH L1/020_vision_patch_merger_spatial_shuffle_mlp on gpu2 -> /data1/workspace/weihongren/baseline/ksearch-sol-execbench/experiments/phase2_20260914/020_vision_patch_merger_spatial_shuffle_mlp/run_seed0
[campaign] OK    gqa_paged_prefill_causal_h32_kv8_d128_ps1 rc=0 wall=1302s
[campaign] LAUNCH L1/053_gaussian_topk_sparse_activation on gpu5 -> /data1/workspace/weihongren/baseline/ksearch-sol-execbench/experiments/phase2_20260914/053_gaussian_topk_sparse_activation/run_seed0
[campaign] OK    L1/020_vision_patch_merger_spatial_shuffle_mlp rc=0 wall=250s
[campaign] LAUNCH L1/058_moe_expert_token_radix_sort_with_prefix_sum on gpu2 -> /data1/workspace/weihongren/baseline/ksearch-sol-execbench/experiments/phase2_20260914/058_moe_expert_token_radix_sort_with_prefix_sum/run_seed0
[campaign] OK    L1/018_fused_rope_with_qk_norm_and_kv_cache_update rc=0 wall=328s
[campaign] LAUNCH L1/070_mamba2_fused_intra_chunk_diagonal_computation on gpu6 -> /data1/workspace/weihongren/baseline/ksearch-sol-execbench/experiments/phase2_20260914/070_mamba2_fused_intra_chunk_diagonal_computation/run_seed0
[campaign] OK    L1/053_gaussian_topk_sparse_activation rc=0 wall=246s
[campaign] LAUNCH L1/094_time_decay_exponential_stabilization on gpu5 -> /data1/workspace/weihongren/baseline/ksearch-sol-execbench/experiments/phase2_20260914/094_time_decay_exponential_stabilization/run_seed0
[campaign] OK    L1/058_moe_expert_token_radix_sort_with_prefix_sum rc=0 wall=233s
[campaign] OK    L1/070_mamba2_fused_intra_chunk_diagonal_computation rc=0 wall=210s
[campaign] OK    L1/094_time_decay_exponential_stabilization rc=0 wall=1349s
[campaign] OK    mla_paged_prefill_causal_h16_ckv512_kpe64_ps1 rc=0 wall=2849s
[campaign] OK    gdn_prefill_qk4_v8_d128_k_last rc=0 wall=3815s
================ campaign summary ================
[campaign] OK    gemm_n4096_k4096 rc=0 wall=236s
[campaign] OK    dsa_sparse_attention_h16_ckv512_kpe64_topk2048_ps64 rc=0 wall=316s
[campaign] OK    gdn_decode_qk4_v8_d128_k_last rc=0 wall=396s
[campaign] OK    gqa_ragged_prefill_causal_h32_kv8_d128 rc=0 wall=315s
[campaign] OK    mla_paged_decode_h16_ckv512_kpe64_ps1 rc=0 wall=312s
[campaign] OK    rmsnorm_h4096 rc=0 wall=221s
[campaign] OK    gqa_paged_decode_h32_kv8_d128_ps1 rc=0 wall=991s
[campaign] OK    L1/002_vae_conv3x3_groupnorm_silu_residual_fused rc=0 wall=300s
[campaign] OK    L1/005_conv_gated_projection_with_causal_conv rc=0 wall=264s
[campaign] OK    L1/008_expert_output_weighted_index_add_accumulation rc=0 wall=160s
[campaign] OK    L1/007_hyena_fft_size_padding_rfft rc=0 wall=191s
[campaign] OK    gqa_paged_prefill_causal_h32_kv8_d128_ps1 rc=0 wall=1302s
[campaign] OK    L1/020_vision_patch_merger_spatial_shuffle_mlp rc=0 wall=250s
[campaign] OK    L1/018_fused_rope_with_qk_norm_and_kv_cache_update rc=0 wall=328s
[campaign] OK    L1/053_gaussian_topk_sparse_activation rc=0 wall=246s
[campaign] OK    L1/058_moe_expert_token_radix_sort_with_prefix_sum rc=0 wall=233s
[campaign] OK    L1/070_mamba2_fused_intra_chunk_diagonal_computation rc=0 wall=210s
[campaign] OK    L1/094_time_decay_exponential_stabilization rc=0 wall=1349s
[campaign] OK    mla_paged_prefill_causal_h16_ckv512_kpe64_ps1 rc=0 wall=2849s
[campaign] OK    gdn_prefill_qk4_v8_d128_k_last rc=0 wall=3815s
ok=20 fail=0 skipped=0
