[campaign] gpu_pool=6 5 4 2 1 0 tasks=20 rounds=100 seed=0 wm=1 tag=formal_20260914 force=0
[campaign] wm_env: MAX_ACTION_NODES=20 MAX_ATTEMPTS_PER_NODE=5 STAGNATION=5
[campaign] LAUNCH gdn_decode_qk4_v8_d128_k_last on gpu6 -> /data1/workspace/weihongren/baseline/ksearch/experiments/formal_20260914/gdn_decode_qk4_v8_d128_k_last/run_seed0
[campaign] LAUNCH L1/018_fused_rope_with_qk_norm_and_kv_cache_update on gpu5 -> /data1/workspace/weihongren/baseline/ksearch-sol-execbench/experiments/formal_20260914/018_fused_rope_with_qk_norm_and_kv_cache_update/run_seed0
[campaign] LAUNCH dsa_sparse_attention_h16_ckv512_kpe64_topk2048_ps64 on gpu4 -> /data1/workspace/weihongren/baseline/ksearch/experiments/formal_20260914/dsa_sparse_attention_h16_ckv512_kpe64_topk2048_ps64/run_seed0
[campaign] LAUNCH gqa_ragged_prefill_causal_h32_kv8_d128 on gpu2 -> /data1/workspace/weihongren/baseline/ksearch/experiments/formal_20260914/gqa_ragged_prefill_causal_h32_kv8_d128/run_seed0
[campaign] LAUNCH mla_paged_decode_h16_ckv512_kpe64_ps1 on gpu1 -> /data1/workspace/weihongren/baseline/ksearch/experiments/formal_20260914/mla_paged_decode_h16_ckv512_kpe64_ps1/run_seed0
[campaign] LAUNCH L1/002_vae_conv3x3_groupnorm_silu_residual_fused on gpu0 -> /data1/workspace/weihongren/baseline/ksearch-sol-execbench/experiments/formal_20260914/002_vae_conv3x3_groupnorm_silu_residual_fused/run_seed0
[campaign] OK    L1/018_fused_rope_with_qk_norm_and_kv_cache_update rc=0 wall=6212s
[campaign] LAUNCH L1/005_conv_gated_projection_with_causal_conv on gpu5 -> /data1/workspace/weihongren/baseline/ksearch-sol-execbench/experiments/formal_20260914/005_conv_gated_projection_with_causal_conv/run_seed0
[campaign] OK    gdn_decode_qk4_v8_d128_k_last rc=0 wall=6504s
[campaign] LAUNCH L1/020_vision_patch_merger_spatial_shuffle_mlp on gpu6 -> /data1/workspace/weihongren/baseline/ksearch-sol-execbench/experiments/formal_20260914/020_vision_patch_merger_spatial_shuffle_mlp/run_seed0
[campaign] OK    dsa_sparse_attention_h16_ckv512_kpe64_topk2048_ps64 rc=0 wall=6978s
[campaign] LAUNCH L1/053_gaussian_topk_sparse_activation on gpu4 -> /data1/workspace/weihongren/baseline/ksearch-sol-execbench/experiments/formal_20260914/053_gaussian_topk_sparse_activation/run_seed0
[campaign] OK    gqa_ragged_prefill_causal_h32_kv8_d128 rc=0 wall=7239s
[campaign] LAUNCH gemm_n4096_k4096 on gpu2 -> /data1/workspace/weihongren/baseline/ksearch/experiments/formal_20260914/gemm_n4096_k4096/run_seed0
[campaign] OK    mla_paged_decode_h16_ckv512_kpe64_ps1 rc=0 wall=8762s
[campaign] LAUNCH L1/058_moe_expert_token_radix_sort_with_prefix_sum on gpu1 -> /data1/workspace/weihongren/baseline/ksearch-sol-execbench/experiments/formal_20260914/058_moe_expert_token_radix_sort_with_prefix_sum/run_seed0
[campaign] OK    L1/002_vae_conv3x3_groupnorm_silu_residual_fused rc=0 wall=9636s
[campaign] OK    L1/005_conv_gated_projection_with_causal_conv rc=0 wall=5649s
[campaign] RESCAN gpu0 加入池子
[campaign] LAUNCH rmsnorm_h4096 on gpu5 -> /data1/workspace/weihongren/baseline/ksearch/experiments/formal_20260914/rmsnorm_h4096/run_seed0
[campaign] LAUNCH L1/070_mamba2_fused_intra_chunk_diagonal_computation on gpu0 -> /data1/workspace/weihongren/baseline/ksearch-sol-execbench/experiments/formal_20260914/070_mamba2_fused_intra_chunk_diagonal_computation/run_seed0
[campaign] OK    L1/053_gaussian_topk_sparse_activation rc=0 wall=5261s
[campaign] LAUNCH L1/007_hyena_fft_size_padding_rfft on gpu4 -> /data1/workspace/weihongren/baseline/ksearch-sol-execbench/experiments/formal_20260914/007_hyena_fft_size_padding_rfft/run_seed0
[campaign] OK    L1/020_vision_patch_merger_spatial_shuffle_mlp rc=0 wall=7438s
[campaign] LAUNCH L1/008_expert_output_weighted_index_add_accumulation on gpu6 -> /data1/workspace/weihongren/baseline/ksearch-sol-execbench/experiments/formal_20260914/008_expert_output_weighted_index_add_accumulation/run_seed0
[campaign] OK    L1/058_moe_expert_token_radix_sort_with_prefix_sum rc=0 wall=6045s
[campaign] LAUNCH gqa_paged_decode_h32_kv8_d128_ps1 on gpu1 -> /data1/workspace/weihongren/baseline/ksearch/experiments/formal_20260914/gqa_paged_decode_h32_kv8_d128_ps1/run_seed0
[campaign] OK    gemm_n4096_k4096 rc=0 wall=7726s
[campaign] LAUNCH L1/094_time_decay_exponential_stabilization on gpu2 -> /data1/workspace/weihongren/baseline/ksearch-sol-execbench/experiments/formal_20260914/094_time_decay_exponential_stabilization/run_seed0
[campaign] OK    L1/007_hyena_fft_size_padding_rfft rc=0 wall=5154s
[campaign] LAUNCH gqa_paged_prefill_causal_h32_kv8_d128_ps1 on gpu4 -> /data1/workspace/weihongren/baseline/ksearch/experiments/formal_20260914/gqa_paged_prefill_causal_h32_kv8_d128_ps1/run_seed0
[campaign] OK    rmsnorm_h4096 rc=0 wall=6306s
[campaign] LAUNCH mla_paged_prefill_causal_h16_ckv512_kpe64_ps1 on gpu5 -> /data1/workspace/weihongren/baseline/ksearch/experiments/formal_20260914/mla_paged_prefill_causal_h16_ckv512_kpe64_ps1/run_seed0
[campaign] OK    L1/070_mamba2_fused_intra_chunk_diagonal_computation rc=0 wall=6309s
[campaign] LAUNCH gdn_prefill_qk4_v8_d128_k_last on gpu0 -> /data1/workspace/weihongren/baseline/ksearch/experiments/formal_20260914/gdn_prefill_qk4_v8_d128_k_last/run_seed0
[campaign] OK    L1/008_expert_output_weighted_index_add_accumulation rc=0 wall=4776s
[campaign] OK    gqa_paged_decode_h32_kv8_d128_ps1 rc=0 wall=11199s
[campaign] OK    mla_paged_prefill_causal_h16_ckv512_kpe64_ps1 rc=0 wall=9589s
[campaign] OK    gdn_prefill_qk4_v8_d128_k_last rc=0 wall=11922s
[campaign] FAIL  L1/094_time_decay_exponential_stabilization rc=137 wall=29970s (log: /data1/workspace/weihongren/baseline/ksearch-sol-execbench/experiments/formal_20260914/094_time_decay_exponential_stabilization/run_seed0/campaign_stdout.log)
[campaign] FAIL  gqa_paged_prefill_causal_h32_kv8_d128_ps1 rc=137 wall=27539s (log: /data1/workspace/weihongren/baseline/ksearch/experiments/formal_20260914/gqa_paged_prefill_causal_h32_kv8_d128_ps1/run_seed0/campaign_stdout.log)
================ campaign summary ================
[campaign] OK    L1/018_fused_rope_with_qk_norm_and_kv_cache_update rc=0 wall=6212s
[campaign] OK    gdn_decode_qk4_v8_d128_k_last rc=0 wall=6504s
[campaign] OK    dsa_sparse_attention_h16_ckv512_kpe64_topk2048_ps64 rc=0 wall=6978s
[campaign] OK    gqa_ragged_prefill_causal_h32_kv8_d128 rc=0 wall=7239s
[campaign] OK    mla_paged_decode_h16_ckv512_kpe64_ps1 rc=0 wall=8762s
[campaign] OK    L1/002_vae_conv3x3_groupnorm_silu_residual_fused rc=0 wall=9636s
[campaign] OK    L1/005_conv_gated_projection_with_causal_conv rc=0 wall=5649s
[campaign] OK    L1/053_gaussian_topk_sparse_activation rc=0 wall=5261s
[campaign] OK    L1/020_vision_patch_merger_spatial_shuffle_mlp rc=0 wall=7438s
[campaign] OK    L1/058_moe_expert_token_radix_sort_with_prefix_sum rc=0 wall=6045s
[campaign] OK    gemm_n4096_k4096 rc=0 wall=7726s
[campaign] OK    L1/007_hyena_fft_size_padding_rfft rc=0 wall=5154s
[campaign] OK    rmsnorm_h4096 rc=0 wall=6306s
[campaign] OK    L1/070_mamba2_fused_intra_chunk_diagonal_computation rc=0 wall=6309s
[campaign] OK    L1/008_expert_output_weighted_index_add_accumulation rc=0 wall=4776s
[campaign] OK    gqa_paged_decode_h32_kv8_d128_ps1 rc=0 wall=11199s
[campaign] OK    mla_paged_prefill_causal_h16_ckv512_kpe64_ps1 rc=0 wall=9589s
[campaign] OK    gdn_prefill_qk4_v8_d128_k_last rc=0 wall=11922s
[campaign] FAIL  L1/094_time_decay_exponential_stabilization rc=137 wall=29970s (log: /data1/workspace/weihongren/baseline/ksearch-sol-execbench/experiments/formal_20260914/094_time_decay_exponential_stabilization/run_seed0/campaign_stdout.log)
[campaign] FAIL  gqa_paged_prefill_causal_h32_kv8_d128_ps1 rc=137 wall=27539s (log: /data1/workspace/weihongren/baseline/ksearch/experiments/formal_20260914/gqa_paged_prefill_causal_h32_kv8_d128_ps1/run_seed0/campaign_stdout.log)
ok=18 fail=2
