==============================================================================
Definition : gdn_prefill_qk4_v8_d128_k_last  (op_type=gdn)
Solution   : /data1/workspace/weihongren/kda-control/formal-kda-20260916--flashinfer--gdn_prefill_qk4_v8_d128_k_last/candidates/c002/solution.py
Device     : cuda:0  (NVIDIA A800-SXM4-80GB)
Workloads  : 5   trials=1 warmup=3 iters=100
Selected   : [49, 97, 53, 5, 33]
Tolerance  : atol=0.01 rtol=0.01 matched_ratio=0.99
==============================================================================
[1/5] 15856e8c axes={'total_seq_len': 3028, 'num_seqs': 5, 'len_cu_seqlens': 6}: PASSED  ref=901.9389ms sol=4.8952ms  speedup=184.25x  abs=7.63e-06 rel=3.51e-02
[2/5] 1efaf2a9 axes={'total_seq_len': 42, 'num_seqs': 2, 'len_cu_seqlens': 3}: PASSED  ref=12.9381ms sol=0.0982ms  speedup=131.76x  abs=4.47e-08 rel=1.56e-02
[3/5] d3dc3577 axes={'total_seq_len': 35, 'num_seqs': 1, 'len_cu_seqlens': 2}: PASSED  ref=10.8268ms sol=0.1215ms  speedup=89.12x  abs=7.15e-07 rel=3.25e-02
[4/5] 5d3fc66a axes={'total_seq_len': 8192, 'num_seqs': 34, 'len_cu_seqlens': 35}: PASSED  ref=2434.1408ms sol=6.5126ms  speedup=373.76x  abs=6.46e-05 rel=5.24e+00
[5/5] 1d0cc342 axes={'total_seq_len': 294, 'num_seqs': 3, 'len_cu_seqlens': 4}: PASSED  ref=88.8704ms sol=0.4410ms  speedup=201.54x  abs=3.81e-06 rel=1.63e-01
==============================================================================
Passed: 5/5    valid_run=True
GEOMEAN speedup (optimization target): 174.75x
  arithmetic mean (fib/AKO4X metric):  196.09x
  min=89.12x  max=373.76x
RESULT: VALID — geomean speedup = 174.75x
==============================================================================
Wrote /data1/workspace/weihongren/kda-runs/formal-kda-20260916--flashinfer--gdn_prefill_qk4_v8_d128_k_last/runs/candidates/c002/feedback.json
