Definition: /home/ziming/dataset/SOL-ExecBench/data/benchmark/L1/008_expert_output_weighted_index_add_accumulation/definition.json
Workload  : /home/ziming/dataset/SOL-ExecBench/data/benchmark/L1/008_expert_output_weighted_index_add_accumulation/workload.jsonl
Solution  : /home/ziming/whr/run/baseline/drtriton/kbstyle_stts_full8_20260922/tasks/SOL/L1/008_expert_output_weighted_index_add_accumulation/final/solution.json
Output    : /home/ziming/whr/run/baseline/drtriton/kbstyle_stts_full8_20260922/tasks/SOL/L1/008_expert_output_weighted_index_add_accumulation/final/evaluation.json

==============================================================================
Problem : 008_expert_output_weighted_index_add_accumulation
Passed  : 16/16
Status  : OK
[1] 2c1d8396-ecc3-56cb-b46a-173371d7b576: reference=0.415408 ms, candidate=0.102080 ms, speedup=4.0694x
[2] 5a674481-0cef-5eea-a7c0-783ae5b36832: reference=0.439456 ms, candidate=0.107488 ms, speedup=4.0884x
[3] 28f8046d-9d5e-5315-9806-0885362d2f2b: reference=0.055519 ms, candidate=0.040928 ms, speedup=1.3565x
[4] c4a319ff-ce46-53b4-a081-1030fe1d24a1: reference=1.741329 ms, candidate=0.402752 ms, speedup=4.3236x
[5] 8b677344-0499-5ef8-93d8-b0b048bfaa4b: reference=0.416336 ms, candidate=0.101920 ms, speedup=4.0849x
[6] 01dfd338-611c-5ee8-949b-36007ea5c82b: reference=0.108400 ms, candidate=0.054639 ms, speedup=1.9839x
[7] b61ee9a7-7ecf-5d80-b62a-1e41323c458e: reference=0.851200 ms, candidate=0.197728 ms, speedup=4.3049x
[8] 0f250bfd-926c-5d08-8f57-d1fbf19ba0cb: reference=0.210176 ms, candidate=0.068336 ms, speedup=3.0756x
[9] edc192ac-04f2-523a-9e50-d60d90463fc6: reference=0.210688 ms, candidate=0.068480 ms, speedup=3.0766x
[10] 0bda2a65-30fb-51ee-a53d-4506adc7bf9c: reference=0.030689 ms, candidate=0.039008 ms, speedup=0.7867x
[11] a57cc129-7819-5f2f-aadf-304c838928a3: reference=0.210224 ms, candidate=0.068896 ms, speedup=3.0513x
[12] 611e32dd-b1ce-58c7-937d-00df068c919c: reference=0.778880 ms, candidate=0.182368 ms, speedup=4.2709x
[13] ada14c03-e046-5716-adaf-06898bc15ce3: reference=0.109216 ms, candidate=0.053376 ms, speedup=2.0462x
[14] 172afa25-73e6-5d1c-8a58-14096767dca7: reference=0.055871 ms, candidate=0.043840 ms, speedup=1.2744x
[15] b1b7efca-512f-5811-9e74-62be87966858: reference=1.744577 ms, candidate=0.402944 ms, speedup=4.3296x
[16] 8c5c94b5-9fee-535f-843e-b04ee1988521: reference=1.748209 ms, candidate=0.403632 ms, speedup=4.3312x
Geomean : 2.8217x
Average : 3.1534x
==============================================================================
Performance: /home/ziming/whr/run/baseline/drtriton/kbstyle_stts_full8_20260922/tasks/SOL/L1/008_expert_output_weighted_index_add_accumulation/final/evaluation.json
