
[STAGE] init SolutionDB

[STAGE] initialize world model
WM status: nodes=4 attached_solutions=0 active_leaf_id=root depth=0
  last_trace: status=unmeasured_initial_world_model speedup=- latency=-
  active_path: root:<root>
  nodes_preview: root:<root> | projection_core_first:first_prototype_target→projection_core_first | grn_reduction_first:first_prototype_target→grn_reduction_first | depthwise_tail_first:first_prototype_target→depthwise_tail_first
[STAGE] world model init latency: 102.73s

[STAGE] world model: select next action (cycle start @ round 1)
WM status: nodes=4 attached_solutions=0 active_leaf_id=root depth=0
  last_trace: status=unmeasured_initial_world_model speedup=- latency=-
  active_path: root:<root>
  nodes_preview: root:<root> | projection_core_first:first_prototype_target→projection_core_first | grn_reduction_first:first_prototype_target→grn_reduction_first | depthwise_tail_first:first_prototype_target→depthwise_tail_first
World Model: Open Action Nodes (candidates) frontier=3 total_open=3
1. rating=8.2/10 score=0.82 diff=3/5 conf=0.82 vs_base~0.72x | node_id=projection_core_first parent_id=root | Prototype the second-projection backward core — Implement and validate the pwconv2 backward stage: drop-path scaling/permutation semantics, grad_x_grn, grad_pwconv2_weight, and grad_pwconv2_bias, using FP32 outputs and stride-aware loads.
2. rating=7.4/10 score=0.74 diff=3/5 conf=0.73 vs_base~0.78x | node_id=grn_reduction_first parent_id=root | Prototype the GRN and GELU backward chain — Implement the exact reference GRN backward from grad_x_grn through grad_x_expanded, including spatial reductions, saved-feature usage, the nonstandard gf_mean broadcast rule, and tanh-GELU derivative.
3. rating=6.7/10 score=0.67 diff=2/5 conf=0.78 vs_base~0.84x | node_id=depthwise_tail_first parent_id=root | Prototype depthwise input gradient and residual tail — Implement the depthwise-convolution input-gradient tail with padding semantics and fused residual addition; validate it independently before adding depthwise weight and bias reductions.
World Model: Chosen Next Action (from decision tree node)
- node_id: projection_core_first
- base_node_id: root
- title: Prototype the second-projection backward core
- difficulty_1_to_5: 3
- description: Implement and validate the pwconv2 backward stage: drop-path scaling/permutation semantics, grad_x_grn, grad_pwconv2_weight, and grad_pwconv2_bias, using FP32 outputs and stride-aware loads.
- expected_vs_baseline_factor: 0.72x
- rationale: The 128-by-512 projection is likely the largest compute component for moderate and large M, and this prototype establishes the reusable GEMM/reduction conventions needed by pwconv1.

=== Optimization Round 1/100 ===
[CYCLE] action_node=1 action_node_id=projection_core_first attempt=1 parent_is_root=yes base_code=no

[STAGE] codegen: attempt 1 (round 1) no_improve_streak=0/5 no_improve_over_base=0/5

[STAGE] create Solution object from current code (round 1)

[STAGE] evaluate solution (round 1)
[sol-task] 036_convnextv2_layer_with_nhwc_persistence_backward: 0/5 feedback workloads passed (RUNTIME_ERROR, wall 7.6s)

=== Optimization Round 2/100 ===
[CYCLE] action_node=1 action_node_id=projection_core_first attempt=2 parent_is_root=yes base_code=no

[STAGE] codegen: attempt 2 (round 2) no_improve_streak=1/5 no_improve_over_base=0/5

[STAGE] create Solution object from current code (round 2)

[STAGE] evaluate solution (round 2)
[sol-task] 036_convnextv2_layer_with_nhwc_persistence_backward: 4/5 feedback workloads passed (INCORRECT_NUMERICAL, wall 383.1s)

=== Optimization Round 3/100 ===
[CYCLE] action_node=1 action_node_id=projection_core_first attempt=3 parent_is_root=yes base_code=no

[STAGE] codegen: attempt 3 (round 3) no_improve_streak=2/5 no_improve_over_base=0/5

[STAGE] create Solution object from current code (round 3)

[STAGE] evaluate solution (round 3)
[sol-task] 036_convnextv2_layer_with_nhwc_persistence_backward: 5/5 feedback workloads passed (passed, wall 481.6s)

=== Optimization Round 4/100 ===
[CYCLE] action_node=1 action_node_id=projection_core_first attempt=4 parent_is_root=yes base_code=no

[STAGE] codegen: attempt 4 (round 4) no_improve_streak=0/5 no_improve_over_base=0/5
