Definition: /home/ziming/dataset/SOL-ExecBench/data/benchmark/L1/070_mamba2_fused_intra_chunk_diagonal_computation/definition.json
Workload  : /home/ziming/dataset/SOL-ExecBench/data/benchmark/L1/070_mamba2_fused_intra_chunk_diagonal_computation/workload.jsonl
Solution  : /home/ziming/kda-ops/kda-control/formal-kda-h100-20260920--sol_execbench--L1-070_mamba2_fused_intra_chunk_diagonal_computation/candidates/c001/solution.py
Output    : /home/ziming/kda-ops/kda-runs/formal-kda-h100-20260920--sol_execbench--L1-070_mamba2_fused_intra_chunk_diagonal_computation/runs/candidates/c001/final.json

==============================================================================
Problem : 070_mamba2_fused_intra_chunk_diagonal_computation
Passed  : 14/14
Status  : OK
[1] 46445623-3380-543e-a18a-36207b92819c: reference=21.683093 ms, candidate=0.044033 ms, speedup=492.4282x
[2] b7d2ce3a-fd20-5012-bd43-bca76173490b: reference=6.024322 ms, candidate=0.013536 ms, speedup=445.0592x
[3] cfca350b-79db-50c4-8a09-73b02c46744a: reference=3.086457 ms, candidate=0.009312 ms, speedup=331.4495x
[4] 34c7ec75-e345-5cff-853e-59d46317337a: reference=12.160773 ms, candidate=0.026785 ms, speedup=454.0143x
[5] cccd1cb3-f45b-5a7f-8b6c-39c7910b9641: reference=3.079001 ms, candidate=0.009248 ms, speedup=332.9369x
[6] 336c7221-6c95-543c-bc5a-44a18cdf6948: reference=1.622910 ms, candidate=0.008256 ms, speedup=196.5733x
[7] 019db6f8-2167-5460-9502-e7c08af0576e: reference=2.375284 ms, candidate=0.008640 ms, speedup=274.9171x
[8] 213a8256-b0e7-583d-a3a6-cf005f4ed76e: reference=12.297478 ms, candidate=0.027328 ms, speedup=449.9955x
[9] d947725d-6f52-5ed4-9753-d06340034d38: reference=3.069529 ms, candidate=0.009344 ms, speedup=328.5027x
[10] b16ebbcb-17ad-546b-824d-e6f00c913c38: reference=51.621730 ms, candidate=0.091265 ms, speedup=565.6246x
[11] 405de7ad-bd6b-5213-8c17-8c2d6e75662a: reference=25.033057 ms, candidate=0.047968 ms, speedup=521.8699x
[12] 77a66754-bd40-5d81-960d-1c8dfa15e1d2: reference=25.343524 ms, candidate=0.047584 ms, speedup=532.6060x
[13] 6c45c19e-4614-5b04-af27-c7e79069cdf3: reference=12.427352 ms, candidate=0.027104 ms, speedup=458.5062x
[14] 314bcaf9-78fc-5099-924d-c3ee5b6e8801: reference=6.074818 ms, candidate=0.013920 ms, speedup=436.4093x
Geomean : 400.7889x
Average : 415.7781x
==============================================================================
Performance: /home/ziming/kda-ops/kda-runs/formal-kda-h100-20260920--sol_execbench--L1-070_mamba2_fused_intra_chunk_diagonal_computation/runs/candidates/c001/final.json
