Definition: /home/ziming/dataset/SOL-ExecBench/data/benchmark/L1/053_gaussian_topk_sparse_activation/definition.json
Workload  : /home/ziming/kda-ops/kda-control/formal-kda-h100-20260920--sol_execbench--L1-053_gaussian_topk_sparse_activation/feedback_workloads.jsonl
Solution  : /home/ziming/kda-ops/kda-control/formal-kda-h100-20260920--sol_execbench--L1-053_gaussian_topk_sparse_activation/candidates/c002/solution.py
Output    : /home/ziming/kda-ops/kda-runs/formal-kda-h100-20260920--sol_execbench--L1-053_gaussian_topk_sparse_activation/runs/candidates/c002/feedback.json

==============================================================================
Problem : 053_gaussian_topk_sparse_activation
Passed  : 12/12
Status  : OK
[1] 151250c8-7c37-56d8-9d87-6edc9f5fd531: reference=0.622594 ms, candidate=0.016256 ms, speedup=38.2993x
[2] fcbd00bf-2089-549a-a407-28d509581b4c: reference=1.971637 ms, candidate=0.202512 ms, speedup=9.7359x
[3] a1ce3f4a-abf4-504f-90be-1ede0f8bd65c: reference=1.277634 ms, candidate=0.103728 ms, speedup=12.3172x
[4] fe647339-085d-5bad-8192-50efbb5d4bef: reference=0.596337 ms, candidate=0.010415 ms, speedup=57.2547x
[5] eb88804d-33eb-5840-93b8-235b7f88961a: reference=1.053107 ms, candidate=0.053152 ms, speedup=19.8129x
[6] 084f1e52-f652-5592-ab34-f6156306545e: reference=0.813200 ms, candidate=0.039984 ms, speedup=20.3381x
[7] 75640ea8-8bb2-546f-b44d-c8d51baee3e4: reference=2.674377 ms, candidate=0.294225 ms, speedup=9.0896x
[8] 75e273d1-070a-5864-a5e2-11f455340620: reference=0.750001 ms, candidate=0.037968 ms, speedup=19.7535x
[9] 21ae223a-fefc-5b3f-ae0d-772742797229: reference=0.590463 ms, candidate=0.012384 ms, speedup=47.6795x
[10] 82eb0e10-41eb-50bf-a08f-7a9e3a4d0dfd: reference=8.377036 ms, candidate=1.037620 ms, speedup=8.0733x
[11] cfc707ec-c733-5cf1-b2f3-af867b078307: reference=0.529280 ms, candidate=0.005136 ms, speedup=103.0629x
[12] 30b3bded-7830-54c5-a242-75faeae6e052: reference=0.591603 ms, candidate=0.018384 ms, speedup=32.1803x
Geomean : 23.1980x
Average : 31.4664x
==============================================================================
Performance: /home/ziming/kda-ops/kda-runs/formal-kda-h100-20260920--sol_execbench--L1-053_gaussian_topk_sparse_activation/runs/candidates/c002/feedback.json
