==============================================================================
Definition : gdn_decode_qk4_v8_d128_k_last  (op_type=gdn)
Solution   : /home/ziming/kda-ops/kda-control/formal-kda-h100-20260920--flashinfer--gdn_decode_qk4_v8_d128_k_last/candidates/c004/solution.py
Device     : cuda:0  (NVIDIA H100 80GB HBM3)
Workloads  : 54   trials=1 warmup=3 iters=100
Tolerance  : atol=0.01 rtol=0.01 matched_ratio=0.99
==============================================================================
[1/54] 901e5104 axes={'batch_size': 1}: PASSED  ref=1.2187ms sol=0.0386ms  speedup=31.55x  abs=5.96e-08 rel=3.43e-03
[2/54] a5714b69 axes={'batch_size': 1}: PASSED  ref=1.2118ms sol=0.0375ms  speedup=32.32x  abs=2.38e-07 rel=1.03e-02
[3/54] 3daa0974 axes={'batch_size': 1}: PASSED  ref=1.2106ms sol=0.0378ms  speedup=32.04x  abs=2.98e-08 rel=5.42e-03
[4/54] 22d5cef5 axes={'batch_size': 1}: PASSED  ref=1.2063ms sol=0.0377ms  speedup=32.00x  abs=1.19e-07 rel=6.76e-03
[5/54] aed4bdd4 axes={'batch_size': 1}: PASSED  ref=1.2128ms sol=0.0376ms  speedup=32.25x  abs=2.24e-08 rel=5.28e-03
[6/54] 49a125e5 axes={'batch_size': 1}: PASSED  ref=1.2376ms sol=0.0373ms  speedup=33.15x  abs=2.38e-07 rel=2.59e-03
[7/54] 798635cf axes={'batch_size': 1}: PASSED  ref=1.2098ms sol=0.0386ms  speedup=31.34x  abs=1.19e-07 rel=2.88e-03
[8/54] 5716e24a axes={'batch_size': 1}: PASSED  ref=1.2166ms sol=0.0375ms  speedup=32.48x  abs=2.38e-07 rel=1.38e-03
[9/54] 4c7df22f axes={'batch_size': 1}: PASSED  ref=1.2352ms sol=0.0388ms  speedup=31.82x  abs=2.98e-07 rel=2.31e-02
[10/54] d0e91dea axes={'batch_size': 1}: PASSED  ref=1.2345ms sol=0.0380ms  speedup=32.47x  abs=5.96e-08 rel=3.58e-03
[11/54] ec9d2340 axes={'batch_size': 4}: PASSED  ref=4.3915ms sol=0.0379ms  speedup=115.74x  abs=2.38e-07 rel=5.41e-03
[12/54] 9f238670 axes={'batch_size': 4}: PASSED  ref=4.3555ms sol=0.0373ms  speedup=116.68x  abs=3.73e-08 rel=1.19e-02
[13/54] 6d929bff axes={'batch_size': 4}: PASSED  ref=4.3627ms sol=0.0380ms  speedup=114.92x  abs=2.38e-07 rel=1.56e-02
[14/54] 494844dc axes={'batch_size': 4}: PASSED  ref=4.3188ms sol=0.0374ms  speedup=115.38x  abs=7.45e-08 rel=4.39e-03
[15/54] 26f760ab axes={'batch_size': 4}: PASSED  ref=4.3126ms sol=0.0376ms  speedup=114.82x  abs=1.79e-07 rel=2.44e-02
[16/54] deecf42e axes={'batch_size': 4}: PASSED  ref=4.3310ms sol=0.0372ms  speedup=116.30x  abs=2.09e-07 rel=1.86e-02
[17/54] 9a92acbc axes={'batch_size': 4}: PASSED  ref=4.4244ms sol=0.0382ms  speedup=115.84x  abs=8.94e-08 rel=5.98e-03
[18/54] fa90b213 axes={'batch_size': 4}: PASSED  ref=4.3404ms sol=0.0376ms  speedup=115.39x  abs=1.43e-06 rel=3.15e-02
[19/54] 2640f1e3 axes={'batch_size': 8}: PASSED  ref=8.4884ms sol=0.0379ms  speedup=224.11x  abs=1.19e-07 rel=1.52e-02
[20/54] 7464a1d6 axes={'batch_size': 8}: PASSED  ref=8.4541ms sol=0.0448ms  speedup=188.52x  abs=9.54e-07 rel=1.27e-02
[21/54] 25d1f606 axes={'batch_size': 8}: PASSED  ref=8.5879ms sol=0.0389ms  speedup=220.54x  abs=5.96e-08 rel=9.10e-03
[22/54] fe2e6584 axes={'batch_size': 8}: PASSED  ref=8.8512ms sol=0.0388ms  speedup=228.14x  abs=2.20e-07 rel=1.51e-02
[23/54] ca62112d axes={'batch_size': 8}: PASSED  ref=8.8833ms sol=0.0388ms  speedup=229.17x  abs=8.94e-08 rel=1.36e-02
[24/54] 61dfd334 axes={'batch_size': 8}: PASSED  ref=9.1931ms sol=0.0408ms  speedup=225.48x  abs=3.81e-06 rel=1.16e-02
[25/54] abec5d32 axes={'batch_size': 8}: PASSED  ref=9.3736ms sol=0.0414ms  speedup=226.53x  abs=2.09e-07 rel=1.60e-02
[26/54] 76eec66d axes={'batch_size': 16}: PASSED  ref=18.3220ms sol=0.0412ms  speedup=444.71x  abs=2.38e-07 rel=3.43e-02
[27/54] f0507025 axes={'batch_size': 16}: PASSED  ref=18.4541ms sol=0.0411ms  speedup=449.39x  abs=6.10e-05 rel=4.46e-02
[28/54] d1508f6d axes={'batch_size': 16}: PASSED  ref=18.2962ms sol=0.0415ms  speedup=440.89x  abs=2.38e-07 rel=6.20e-03
[29/54] 63d4cb66 axes={'batch_size': 16}: PASSED  ref=18.4276ms sol=0.0410ms  speedup=449.06x  abs=1.79e-07 rel=1.56e-02
[30/54] ef6bb01d axes={'batch_size': 16}: PASSED  ref=18.4420ms sol=0.0404ms  speedup=456.75x  abs=1.04e-07 rel=1.25e-02
[31/54] d0acf04a axes={'batch_size': 16}: PASSED  ref=18.8690ms sol=0.0417ms  speedup=452.66x  abs=7.63e-06 rel=2.11e-02
[32/54] ac83f1e4 axes={'batch_size': 16}: PASSED  ref=20.7878ms sol=0.0675ms  speedup=307.88x  abs=8.94e-08 rel=1.06e-02
[33/54] a8c8beff axes={'batch_size': 32}: PASSED  ref=40.0544ms sol=0.0400ms  speedup=1001.88x  abs=4.77e-07 rel=3.44e-02
[34/54] 40940a4c axes={'batch_size': 32}: PASSED  ref=36.8043ms sol=0.0400ms  speedup=919.33x  abs=5.96e-07 rel=8.49e-02
[35/54] 0915952b axes={'batch_size': 32}: PASSED  ref=36.4680ms sol=0.0420ms  speedup=868.76x  abs=9.54e-07 rel=2.49e-02
[36/54] d38dde79 axes={'batch_size': 32}: PASSED  ref=38.0339ms sol=0.0400ms  speedup=950.49x  abs=1.19e-06 rel=1.02e-01
[37/54] 388f79b1 axes={'batch_size': 32}: PASSED  ref=36.6554ms sol=0.0410ms  speedup=894.64x  abs=1.79e-07 rel=1.12e-02
[38/54] 80288532 axes={'batch_size': 32}: PASSED  ref=36.4690ms sol=0.0481ms  speedup=757.98x  abs=2.68e-07 rel=3.27e-02
[39/54] 773a4157 axes={'batch_size': 32}: PASSED  ref=35.4013ms sol=0.0416ms  speedup=851.16x  abs=4.77e-07 rel=2.05e-02
[40/54] 53385c7f axes={'batch_size': 48}: PASSED  ref=59.2154ms sol=0.0738ms  speedup=802.28x  abs=1.91e-06 rel=3.72e-02
[41/54] 45e7697a axes={'batch_size': 48}: PASSED  ref=55.8236ms sol=0.0450ms  speedup=1241.89x  abs=4.77e-07 rel=1.65e-02
[42/54] 34403e5b axes={'batch_size': 48}: PASSED  ref=56.6280ms sol=0.0706ms  speedup=801.89x  abs=4.77e-07 rel=1.34e-02
[43/54] b91cc4aa axes={'batch_size': 48}: PASSED  ref=54.5032ms sol=0.0445ms  speedup=1225.61x  abs=9.54e-07 rel=1.61e-01
[44/54] 4c38f0e4 axes={'batch_size': 48}: PASSED  ref=55.0419ms sol=0.0464ms  speedup=1185.93x  abs=3.05e-05 rel=6.31e-02
[45/54] be91d78c axes={'batch_size': 48}: PASSED  ref=53.7795ms sol=0.0496ms  speedup=1083.64x  abs=3.81e-06 rel=2.35e-01
[46/54] 3803367a axes={'batch_size': 48}: PASSED  ref=55.8299ms sol=0.0453ms  speedup=1231.28x  abs=1.19e-07 rel=1.37e-02
[47/54] eaf0a285 axes={'batch_size': 64}: PASSED  ref=73.0152ms sol=0.0516ms  speedup=1414.01x  abs=4.77e-07 rel=2.89e-02
[48/54] f4fd2171 axes={'batch_size': 64}: PASSED  ref=69.3538ms sol=0.0515ms  speedup=1346.22x  abs=1.91e-06 rel=1.64e-02
[49/54] b1931bc6 axes={'batch_size': 64}: PASSED  ref=68.6432ms sol=0.0509ms  speedup=1347.82x  abs=9.54e-07 rel=7.65e-02
[50/54] 8d0c5789 axes={'batch_size': 64}: PASSED  ref=68.7508ms sol=0.0513ms  speedup=1341.00x  abs=1.19e-07 rel=2.59e-02
[51/54] 9eef9bc7 axes={'batch_size': 64}: PASSED  ref=68.8241ms sol=0.0528ms  speedup=1302.36x  abs=3.81e-06 rel=6.07e-02
[52/54] 58571e49 axes={'batch_size': 64}: PASSED  ref=68.8130ms sol=0.0516ms  speedup=1333.14x  abs=3.58e-07 rel=1.14e-01
[53/54] ef2cf980 axes={'batch_size': 64}: PASSED  ref=69.4858ms sol=0.0513ms  speedup=1354.44x  abs=3.81e-06 rel=4.52e-02
[54/54] 42963acb axes={'batch_size': 64}: PASSED  ref=70.2018ms sol=0.0525ms  speedup=1337.69x  abs=3.05e-05 rel=6.63e-01
==============================================================================
Passed: 54/54    valid_run=True
GEOMEAN speedup (optimization target): 293.35x
  arithmetic mean (fib/AKO4X metric):  562.66x
  min=31.34x  max=1414.01x
RESULT: VALID — geomean speedup = 293.35x
==============================================================================
Wrote /home/ziming/kda-ops/kda-runs/formal-kda-h100-20260920--flashinfer--gdn_decode_qk4_v8_d128_k_last/runs/candidates/c004/final.json
